Archive member included because of file (symbol)

Libs/librtxc.CBUG.a(rtxcinit.CBUG.o)
                              Objs/main.CBUG.o (rtxcinit)
Libs/librtxc.CBUG.a(rtxcapi.CBUG.o)
                              Objs/main.CBUG.o (KS_defslice)
Libs/librtxc.CBUG.a(rtxc.CBUG.o)
                              Objs/tasks.CBUG.o (rtctick)
Libs/librtxc.CBUG.a(lock.CBUG.o)
                              Objs/main.CBUG.o (_enable)
Libs/libdrv.CBUG.a(cpart.CBUG.o)
                              Libs/librtxc.CBUG.a(rtxc.CBUG.o) (pkkheader)
Libs/libdrv.CBUG.a(cqueue.CBUG.o)
                              Libs/librtxc.CBUG.a(rtxc.CBUG.o) (qkkheader)
Libs/libdrv.CBUG.a(cres.CBUG.o)
                              Libs/librtxc.CBUG.a(rtxc.CBUG.o) (nres)
Libs/libdrv.CBUG.a(csema.CBUG.o)
                              Libs/librtxc.CBUG.a(rtxc.CBUG.o) (nsemas)
Libs/libdrv.CBUG.a(extapi.CBUG.o)
                              Objs/tasks.CBUG.o (EKS_GetSetup)
Libs/libdrv.CBUG.a(cvtdate.CBUG.o)
                              Libs/libdrv.CBUG.a(extapi.CBUG.o) (systime2date)
Libs/libdrv.CBUG.a(rtxcbug.CBUG.o)
                              Objs/main.CBUG.o (rtxcbug)
Libs/libdrv.CBUG.a(cbugutil.CBUG.o)
                              Libs/libdrv.CBUG.a(rtxcbug.CBUG.o) (inputs)
Libs/libdrv.CBUG.a(stdio_vsprintf.CBUG.o)
                              Libs/libdrv.CBUG.a(extapi.CBUG.o) (vsnprintf)
Libs/libdrv.CBUG.a(stdio_printf.CBUG.o)
                              Objs/tasks.CBUG.o (printf)
Libs/libdrv.CBUG.a(stdio_puts.CBUG.o)
                              Objs/tasks.CBUG.o (puts)
Libs/libdrv.CBUG.a(drv_clk.CBUG.o)
                              Objs/main.CBUG.o (LowLevelInit)
Libs/libdrv.CBUG.a(drv_uart.CBUG.o)
                              Libs/libdrv.CBUG.a(rtxcbug.CBUG.o) (com0err)
Libs/libdrv.CBUG.a(drv_can.CBUG.o)
                              Objs/main.CBUG.o (canstart)
Libs/libdrv.CBUG.a(drv_spi.CBUG.o)
                              Objs/main.CBUG.o (spistart)
Libs/libdrv.CBUG.a(drv_twi.CBUG.o)
                              Objs/main.CBUG.o (twistart)
Libs/libdrv.CBUG.a(drv_usb.CBUG.o)
                              Libs/libdrv.CBUG.a(rtxcbug.CBUG.o) (usberr)
Libs/libdrv.CBUG.a(drv_adc.CBUG.o)
                              Objs/main.CBUG.o (adcstart)
Libs/libdrv.CBUG.a(drv_dio.CBUG.o)
                              Objs/main.CBUG.o (diostart)
Libs/libdrv.CBUG.a(stdio_strtol.CBUG.o)
                              Objs/tasks.CBUG.o (simple_strtol)
/opt/gcc32-arm-3.4.5/lib/gcc/arm-elf/3.4.5/thumb/libgcc.a(_udivsi3.o)
                              Libs/RTXCutil.CBUG.o (__udivsi3)
/opt/gcc32-arm-3.4.5/lib/gcc/arm-elf/3.4.5/thumb/libgcc.a(_divsi3.o)
                              Libs/RTXCutil.CBUG.o (__divsi3)
/opt/gcc32-arm-3.4.5/lib/gcc/arm-elf/3.4.5/thumb/libgcc.a(_umodsi3.o)
                              Libs/libdrv.CBUG.a(drv_uart.CBUG.o) (__umodsi3)
/opt/gcc32-arm-3.4.5/lib/gcc/arm-elf/3.4.5/thumb/libgcc.a(_dvmd_tls.o)
                              /opt/gcc32-arm-3.4.5/lib/gcc/arm-elf/3.4.5/thumb/libgcc.a(_udivsi3.o) (__div0)
/opt/gcc32-arm-3.4.5/lib/gcc/arm-elf/3.4.5/thumb/libgcc.a(_call_via_rX.o)
                              Libs/librtxc.CBUG.a(rtxc.CBUG.o) (_call_via_r3)
/opt/gcc32-arm-3.4.5/lib/gcc/arm-elf/3.4.5/thumb/libgcc.a(_muldi3.o)
                              Libs/libdrv.CBUG.a(drv_clk.CBUG.o) (__muldi3)
/opt/gcc32-arm-3.4.5/lib/gcc/arm-elf/3.4.5/thumb/libgcc.a(_divdi3.o)
                              Libs/libdrv.CBUG.a(drv_clk.CBUG.o) (__divdi3)
/opt/gcc32-arm-3.4.5/lib/gcc/arm-elf/3.4.5/thumb/libgcc.a(_udivdi3.o)
                              Libs/libdrv.CBUG.a(stdio_vsprintf.CBUG.o) (__udivdi3)
/opt/gcc32-arm-3.4.5/lib/gcc/arm-elf/3.4.5/thumb/libgcc.a(_umoddi3.o)
                              Libs/libdrv.CBUG.a(stdio_vsprintf.CBUG.o) (__umoddi3)
/opt/gcc32-arm-3.4.5/lib/gcc/arm-elf/3.4.5/thumb/libgcc.a(_clz.o)
                              /opt/gcc32-arm-3.4.5/lib/gcc/arm-elf/3.4.5/thumb/libgcc.a(_divdi3.o) (__clz_tab)
/opt/gcc32-arm-3.4.5/lib/gcc/arm-elf/3.4.5/../../../../arm-elf/lib/thumb/libc.a(ctype_.o)
                              Objs/tasks.CBUG.o (__ctype_ptr)
/opt/gcc32-arm-3.4.5/lib/gcc/arm-elf/3.4.5/../../../../arm-elf/lib/thumb/libc.a(memcmp.o)
                              Libs/libdrv.CBUG.a(extapi.CBUG.o) (memcmp)
/opt/gcc32-arm-3.4.5/lib/gcc/arm-elf/3.4.5/../../../../arm-elf/lib/thumb/libc.a(memcpy.o)
                              Objs/tasks.CBUG.o (memcpy)
/opt/gcc32-arm-3.4.5/lib/gcc/arm-elf/3.4.5/../../../../arm-elf/lib/thumb/libc.a(strlen.o)
                              Libs/libdrv.CBUG.a(extapi.CBUG.o) (strlen)
/opt/gcc32-arm-3.4.5/lib/gcc/arm-elf/3.4.5/../../../../arm-elf/lib/thumb/libc.a(strnlen.o)
                              Libs/libdrv.CBUG.a(stdio_vsprintf.CBUG.o) (strnlen)

Allocating common symbols
Common symbol       size              file

rtctick             0x4               Libs/librtxc.CBUG.a(rtxc.CBUG.o)
isrcnt              0x1               Libs/librtxc.CBUG.a(rtxc.CBUG.o)
[...]
Memory Configuration

Name             Origin             Length             Attributes
CODE             0x00000000         0x00040000         xr
DATA             0x00200000         0x00008000         rw
STACK            0x00208000         0x00000000         rw
*default*        0x00000000         0xffffffff

Linker script and memory map

LOAD Libs/RTXCstartup.CBUG.o
LOAD Libs/RTXCutil.CBUG.o
LOAD Libs/RTXCsys32.CBUG.o
LOAD Objs/main.CBUG.o
LOAD Objs/tasks.CBUG.o
LOAD Libs/librtxc.CBUG.a
LOAD Libs/libdrv.CBUG.a
LOAD /opt/gcc32-arm-3.4.5/lib/gcc/arm-elf/3.4.5/../../../../arm-elf/lib/thumb/libm.a
LOAD /opt/gcc32-arm-3.4.5/lib/gcc/arm-elf/3.4.5/thumb/libgcc.a
LOAD /opt/gcc32-arm-3.4.5/lib/gcc/arm-elf/3.4.5/../../../../arm-elf/lib/thumb/libc.a
LOAD /opt/gcc32-arm-3.4.5/lib/gcc/arm-elf/3.4.5/thumb/libgcc.a

.text           0x00000000     0x9a60
 *RTXCstartup*.o(.text)
 *(.text)
 .text          0x00000000      0x2f4 Libs/RTXCstartup.CBUG.o
                0x0000010c                IRQ_Handler_Entry
                0x00000048                Global_KERNEL_TOP
                0x00000234                AT91F_Default_FIQ_handler
                0x00000000                _startup
                0x00000238                AT91F_Default_IRQ_handler
                0x00000278                CodeUpgrade
                0x00000058                Global_STACK_FILLER
                0x0000004c                Global_IRQ_STACK_SIZE
                0x00000054                Global_SYSKERNEL_STACK_SIZE
                0x00000044                Global_RAM_TOP
                0x0000023c                AT91F_Spurious_handler
                0x000001b0                SWI_Handler_Entry
                0x00000108                exit
                0x00000050                Global_SVC_STACK_SIZE
 .text          0x000002f4      0x384 Libs/RTXCutil.CBUG.o
                0x0000051c                ProgramCopy
                0x000002f4                AT91F_CLOCKinit
                0x00000674                ProgramCopyEnd
 .text          0x00000678      0x1b4 Libs/RTXCsys32.CBUG.o
                0x00000678                AT91F_WATCHDOGinit
                0x00000718                AT91F_DataAbort
 .text          0x0000082c       0xe0 Objs/main.CBUG.o
                0x000008e0                putchar
                0x000008f4                getchar
                0x0000082c                maintask
 .text          0x0000090c      0xd74 Objs/tasks.CBUG.o
                0x00001350                tk0extender
                0x0000090c                GetHexValue
                0x00000a18                ParseBuffer
                0x00000948                HandleSrecord
                0x000009c4                HandleCanRead
 .text          0x00001680       0x1c Libs/librtxc.CBUG.a(rtxcinit.CBUG.o)
                0x00001680                rtxcinit
 .text          0x0000169c      0x76c Libs/librtxc.CBUG.a(rtxcapi.CBUG.o)
                0x00001b04                KS_lockw
                0x00001d94                KS_restart_timer
                0x000018ac                KS_stop_timer
                0x00001de4                KS_inqslice
                0x00001774                KS_dequeue
                0x00001914                KS_unblock
                0x00001ad4                KS_enqueuew
                0x00001d08                KS_lockt
                0x00001a60                KS_defres
                0x00001c88                KS_enqueuet
                0x00001a3c                KS_inqres
                0x00001878                KS_resume
                0x00001ba8                KS_inqtimer
                0x00001db0                KS_signalm
                0x00001dc0                KS_waitt
                0x000016b8                KS_version
                0x00001728                KS_defslice
                0x00001d84                KS_pendm
                0x0000199c                KS_user
                0x000016d0                KS_alloc
                0x000019b0                KS_wait
                0x00001cec                KS_inqsema
                0x000019e4                KS_allocw
                0x00001b78                KS_purgequeue
                0x00001a80                KS_defqsema
                0x000018fc                KS_terminate
                0x00001cfc                KS_inqtask
                0x000019d0                KS_yield
                0x00001aa0                KS_dequeuew
                0x00001798                KS_enqueue
                0x00001cb4                KS_inqpriority
                0x000017d4                KS_free
                0x00001860                KS_pend
                0x00001890                KS_signal
                0x00001758                KS_delay
                0x00001ac0                KS_elapse
                0x000017bc                KS_execute
                0x000018e4                KS_suspend
                0x00001930                KS_unlock
                0x000017ec                KS_lock
                0x00001af4                KS_inqmap
                0x00001cd8                KS_inqqueue
                0x00001b90                KS_waitm
                0x00001c5c                KS_dequeuet
                0x00001c34                KS_defqueue
                0x000018c4                KS_start_timer
                0x000016c0                KS_nop
                0x0000169c                KS_block
                0x0000170c                KS_defpriority
                0x00001bbc                KS_alloct
 .text          0x00001e08     0x174c Libs/librtxc.CBUG.a(rtxc.CBUG.o)
                0x00001fd8                partinit
                0x000020b4                clockinit
                0x00002030                queueinit
                0x00001fac                resinit
                0x00002124                KS_ISRtick
                0x000020f4                KS_ISRsignal
                0x000022bc                postem
                0x00001ef4                taskinit
                0x000020b8                KS_ISRalloc
                0x00002070                semainit
                0x00002618                rtxc
                0x000025b4                KS_ISRexit
 .text          0x00003554       0x40 Libs/librtxc.CBUG.a(lock.CBUG.o)
                0x0000357c                _pushccr
                0x00003588                _popccr
                0x00003568                _disable
                0x00003554                _enable
 .text          0x00003594     0x13a0 Libs/libdrv.CBUG.a(extapi.CBUG.o)
                0x00003e3c                EKS_RamCheckSum
                0x00003674                EKS_PktBufCat
                0x00003fa8                EKS_AgreeShutdown
                0x00003e08                EKS_RamRead
                0x00004440                EKS_PktBufAdd
                0x00004914                EKS_init
                0x00003cd0                EKS_PktBufFromTime
                0x00003b28                EKS_FlashFree
                0x00003cdc                EKS_PktBufComprexTime
                0x00003614                EKS_PktBufLength
                0x00003d34                EKS_AskShutdown
                0x00004510                EKS_ParWrite
                0x000048e8                EKS_ParClear
                0x00003d28                EKS_EnqShutdown
                0x000039cc                EKS_LCK_FlashRead
                0x00003a20                EKS_LCK_FlashErase
                0x000038b4                EKS_Pkt2BufComp
                0x000047b0                EKS_ParReadLong
                0x00003da0                EKS_RamWrite
                0x00003b8c                EKS_FlashCheckSum
                0x00004800                EKS_PktBufCheckStore
                0x00003754                EKS_PktBufPullup
                0x000047dc                EKS_ParReadShort
                0x000044dc                EKS_PktBufAddString
                0x00004684                EKS_ParWriteShort
                0x00003a3c                EKS_FlashClear
                0x000039ec                EKS_LCK_FlashWrite
                0x000036bc                EKS_PktBufDuplicate
                0x00004248                EKS_PktBufRetrive
                0x00003b20                EKS_FlashTotal
                0x00004224                panic
                0x00003ce8                EKS_PktBufAccTime
                0x00003a64                EKS_PktBufCheck
                0x00003d80                EKS_RamFill
                0x00003594                EKS_GetSetup
                0x000046c8                EKS_ParRead
                0x00004894                EKS_NewSetup
                0x000035bc                EKS_ParSize
                0x00003eb0                pdebugt
                0x00003854                EKS_PktBufComp
                0x00004040                EKS_PktBufStore
                0x00003644                EKS_PktBufRelease
                0x0000463c                EKS_ParWriteLong
                0x00003cf4                EKS_GetHHMM
                0x00003bac                EKS_PktBufMyTime
                0x000035c4                CheckPointer
                0x000037f0                EKS_PktBufCopy
 .text          0x00004934      0x248 Libs/libdrv.CBUG.a(cvtdate.CBUG.o)
                0x00004a8c                RTC_WriteTime_t
                0x00004934                date2systime
                0x00004b70                RTC_ReadStatus
                0x00004b44                RTC_WriteAlarm_t
                0x000049b4                systime2date
                0x00004b28                RTC_ReadTime_t
 .text          0x00004b7c     0x162c Libs/libdrv.CBUG.a(rtxcbug.CBUG.o)
                0x00004cbc                UsedStackEval
                0x00005124                rtxcbug
                0x00004cf0                cbugstack
 .text          0x000061a8      0x14c Libs/libdrv.CBUG.a(cbugutil.CBUG.o)
                0x000062b0                xsemaname
                0x000062c0                xpartname
                0x0000623c                showtime
                0x000062d4                xqueuename
                0x000062e4                xresname
                0x0000629c                xtaskname
                0x000061a8                inputs
 .text          0x000062f4      0x6a4 Libs/libdrv.CBUG.a(stdio_vsprintf.CBUG.o)
                0x00006958                vsprintf
                0x00006930                snprintf
                0x000062f4                vsnprintf
                0x00006310                skip_atoi
                0x00006578                local_vsnprintf
                0x0000696c                sprintf
                0x0000691c                vsnprintf_repeater
 .text          0x00006998       0x3c Libs/libdrv.CBUG.a(stdio_printf.CBUG.o)
                0x00006998                printf
 .text          0x000069d4       0x20 Libs/libdrv.CBUG.a(stdio_puts.CBUG.o)
                0x000069d4                puts
 .text          0x000069f4      0x3f0 Libs/libdrv.CBUG.a(drv_clk.CBUG.o)
                0x00006b34                AT91F_AIC_Configure
                0x000069f4                clkc
                0x00006d3c                random
                0x00006dd4                KS_deftime
                0x00006d74                Set_LedBlinker
                0x00006dc8                KS_inqtime
                0x00006c30                tickwait
                0x00006d54                clkstop
                0x00006b24                slowclkc
                0x00006b6c                LowLevelInit
                0x00006bb0                clkstart
                0x00006c94                tickmeasure
 .text          0x00006de4      0x968 Libs/libdrv.CBUG.a(drv_uart.CBUG.o)
                0x000071ec                uartstart
                0x000070ec                com3drvpit
                0x000071c0                uartDMAstartTx
                0x00006de4                uartDMAstartRx
                0x00006e1c                com0drv
                0x00006f0c                com1drv
                0x000073e0                uartdrv
                0x000076e0                uartstop
                0x00006ffc                com2drv
 .text          0x0000774c      0x4a0 Libs/libdrv.CBUG.a(drv_can.CBUG.o)
                0x00007764                can0drv
                0x00007bc4                canstop
                0x00007790                can1drv
                0x0000774c                canaddress
                0x00007ab8                CAN_read
                0x00007bb4                CAN_status
                0x000077bc                canstart
                0x00007b70                CAN_write
                0x00007840                CAN_speed
                0x00007a18                CAN_configure
 .text          0x00007bec      0x238 Libs/libdrv.CBUG.a(drv_spi.CBUG.o)
                0x00007c18                spistart
                0x00007bec                spidrv
                0x00007df8                spistop
                0x00007d1c                SPI_rtx2
 .text          0x00007e24      0x214 Libs/libdrv.CBUG.a(drv_twi.CBUG.o)
                0x00007f38                TWI_send
                0x00007fa4                TWI_receive
                0x00007e24                twidrv
                0x0000801c                twistop
                0x00007ec8                twistart
 .text          0x00008038      0x610 Libs/libdrv.CBUG.a(drv_usb.CBUG.o)
                0x0000817c                USB_RxSetup
                0x000084a0                USB_Transmit
                0x00008124                USB_SendZlp
                0x00008500                usbtask
                0x00008088                USB_SendNextData
                0x00008038                usbdrv
                0x00008438                USB_Receive
                0x000080d8                USB_RxData
                0x00008150                USB_SendStall
                0x000080e8                USB_SendData
 .text          0x00008648      0x210 Libs/libdrv.CBUG.a(drv_adc.CBUG.o)
                0x000087cc                adcstop
                0x00008694                adcstart
                0x00008808                ADC_read
                0x00008648                tc0drv
 .text          0x00008858      0x278 Libs/libdrv.CBUG.a(drv_dio.CBUG.o)
                0x000088d8                diostop
                0x00008858                diostart
                0x00008a20                dio_mask
                0x00008ab0                dio_counter
                0x000088f4                dio_read
                0x0000898c                dio_write
 .text          0x00008ad0       0xac Libs/libdrv.CBUG.a(stdio_strtol.CBUG.o)
                0x00008b64                simple_strtol
                0x00008ad0                simple_strtoul
 .text          0x00008b7c       0x7c /opt/gcc32-arm-3.4.5/lib/gcc/arm-elf/3.4.5/thumb/libgcc.a(_udivsi3.o)
                0x00008b7c                __udivsi3
 .text          0x00008bf8       0x94 /opt/gcc32-arm-3.4.5/lib/gcc/arm-elf/3.4.5/thumb/libgcc.a(_divsi3.o)
                0x00008bf8                __divsi3
 .text          0x00008c8c       0xc8 /opt/gcc32-arm-3.4.5/lib/gcc/arm-elf/3.4.5/thumb/libgcc.a(_umodsi3.o)
                0x00008c8c                __umodsi3
 .text          0x00008d54        0x4 /opt/gcc32-arm-3.4.5/lib/gcc/arm-elf/3.4.5/thumb/libgcc.a(_dvmd_tls.o)
                0x00008d54                __div0
 .text          0x00008d58       0x3c /opt/gcc32-arm-3.4.5/lib/gcc/arm-elf/3.4.5/thumb/libgcc.a(_call_via_rX.o)
                0x00008d60                _call_via_r2
                0x00008d70                _call_via_r6
                0x00008d6c                _call_via_r5
                0x00008d64                _call_via_r3
                0x00008d84                _call_via_fp
                0x00008d78                _call_via_r8
                0x00008d74                _call_via_r7
                0x00008d58                _call_via_r0
                0x00008d80                _call_via_sl
                0x00008d8c                _call_via_sp
                0x00008d7c                _call_via_r9
                0x00008d68                _call_via_r4
                0x00008d5c                _call_via_r1
                0x00008d88                _call_via_ip
                0x00008d90                _call_via_lr
 .text          0x00008d94       0x74 /opt/gcc32-arm-3.4.5/lib/gcc/arm-elf/3.4.5/thumb/libgcc.a(_muldi3.o)
                0x00008d94                __muldi3
 .text          0x00008e08      0x434 /opt/gcc32-arm-3.4.5/lib/gcc/arm-elf/3.4.5/thumb/libgcc.a(_divdi3.o)
                0x00008e08                __divdi3
 .text          0x0000923c      0x3e8 /opt/gcc32-arm-3.4.5/lib/gcc/arm-elf/3.4.5/thumb/libgcc.a(_udivdi3.o)
                0x0000923c                __udivdi3
 .text          0x00009624      0x3b8 /opt/gcc32-arm-3.4.5/lib/gcc/arm-elf/3.4.5/thumb/libgcc.a(_umoddi3.o)
                0x00009624                __umoddi3
 .text          0x000099dc       0x20 /opt/gcc32-arm-3.4.5/lib/gcc/arm-elf/3.4.5/../../../../arm-elf/lib/thumb/libc.a(memcmp.o)
                0x000099dc                memcmp
 .text          0x000099fc       0x18 /opt/gcc32-arm-3.4.5/lib/gcc/arm-elf/3.4.5/../../../../arm-elf/lib/thumb/libc.a(memcpy.o)
                0x000099fc                memcpy
 .text          0x00009a14       0x14 /opt/gcc32-arm-3.4.5/lib/gcc/arm-elf/3.4.5/../../../../arm-elf/lib/thumb/libc.a(strlen.o)
                0x00009a14                strlen
 .text          0x00009a28       0x20 /opt/gcc32-arm-3.4.5/lib/gcc/arm-elf/3.4.5/../../../../arm-elf/lib/thumb/libc.a(strnlen.o)
                0x00009a28                strnlen
 *(.glue_7t)
 .glue_7t       0x00009a48       0x18 /opt/gcc32-arm-3.4.5/lib/gcc/arm-elf/3.4.5/../../../../arm-elf/lib/thumb/libc.a(strnlen.o)
                0x00009a48                __SPI_FlashRead_from_thumb
                0x00009a5c                __SPI_FlashErase_change_to_arm
                0x00009a4c                __SPI_FlashRead_change_to_arm
                0x00009a50                __SPI_FlashWrite_from_thumb
                0x00009a54                __SPI_FlashWrite_change_to_arm
                0x00009a58                __SPI_FlashErase_from_thumb
 *(.glue_7)
                0x00009a60                . = ALIGN (0x4)

.rodata         0x00009a60     0x1e45
 *(.rodata*)
 .rodata.str1.4
                0x00009a60       0x3e Libs/RTXCsys32.CBUG.o
                                 0x44 (size before relaxing)
 *fill*         0x00009a9e        0x2 00
 .rodata        0x00009aa0       0x88 Objs/main.CBUG.o
                0x00009ad0                rtxkktcb
                0x00009aa0                taskkname
                0x00009b20                ntasks
 .rodata.str1.4
                0x00009b28      0x6eb Objs/tasks.CBUG.o
                                0x6ec (size before relaxing)
 *fill*         0x0000a213        0x1 00
 .rodata        0x0000a214      0x154 Objs/tasks.CBUG.o
 .rodata.str1.4
                0x0000a368       0x1d Libs/librtxc.CBUG.a(rtxcapi.CBUG.o)
                                 0x20 (size before relaxing)
 *fill*         0x0000a385        0x3 00
 .rodata        0x0000a388       0xdc Libs/librtxc.CBUG.a(rtxc.CBUG.o)
 .rodata        0x0000a464       0x30 Libs/libdrv.CBUG.a(cpart.CBUG.o)
                0x0000a464                partkname
                0x0000a478                pkkheader
                0x0000a490                nparts
 .rodata        0x0000a494      0x154 Libs/libdrv.CBUG.a(cqueue.CBUG.o)
                0x0000a524                qkkheader
                0x0000a5e4                nqueues
                0x0000a494                queuekname
 .rodata        0x0000a5e8       0x40 Libs/libdrv.CBUG.a(cres.CBUG.o)
                0x0000a627                nres
                0x0000a5e8                reskname
 .rodata        0x0000a628      0x158 Libs/libdrv.CBUG.a(csema.CBUG.o)
                0x0000a77c                nsemas
                0x0000a778                siglistsize
                0x0000a628                semakname
 .rodata.str1.4
                0x0000a780      0x129 Libs/libdrv.CBUG.a(extapi.CBUG.o)
                                0x154 (size before relaxing)
 *fill*         0x0000a8a9        0x3 00
 .rodata        0x0000a8ac       0x40 Libs/libdrv.CBUG.a(extapi.CBUG.o)
 .rodata.str1.4
                0x0000a8ec      0x826 Libs/libdrv.CBUG.a(rtxcbug.CBUG.o)
                                0x834 (size before relaxing)
 *fill*         0x0000b112        0x2 00
 .rodata        0x0000b114      0x248 Libs/libdrv.CBUG.a(rtxcbug.CBUG.o)
 .rodata.str1.4
                0x0000b35c        0x8 Libs/libdrv.CBUG.a(cbugutil.CBUG.o)
 .rodata        0x0000b364      0x1e4 Libs/libdrv.CBUG.a(stdio_vsprintf.CBUG.o)
 .rodata.str1.4
                0x0000b548        0x7 Libs/libdrv.CBUG.a(stdio_vsprintf.CBUG.o)
                                  0x8 (size before relaxing)
 *fill*         0x0000b54f        0x1 00
 .rodata        0x0000b550       0x38 Libs/libdrv.CBUG.a(drv_uart.CBUG.o)
 .rodata.str1.4
                0x0000b588       0x4e Libs/libdrv.CBUG.a(drv_can.CBUG.o)
                                 0x50 (size before relaxing)
 *fill*         0x0000b5d6        0x2 00
 .rodata.str1.4
                0x0000b5d8       0x42 Libs/libdrv.CBUG.a(drv_spi.CBUG.o)
                                 0x44 (size before relaxing)
 .rodata        0x0000b61a       0x61 Libs/libdrv.CBUG.a(drv_usb.CBUG.o)
                0x0000b61a                line_pars
                0x0000b621                cfgDescriptor
                0x0000b664                devDescriptor
 *fill*         0x0000b67b        0x1 00
 .rodata.str1.4
                0x0000b67c       0x28 Libs/libdrv.CBUG.a(drv_dio.CBUG.o)
 .rodata        0x0000b6a4      0x100 /opt/gcc32-arm-3.4.5/lib/gcc/arm-elf/3.4.5/thumb/libgcc.a(_clz.o)
                0x0000b6a4                __clz_tab
 .rodata        0x0000b7a4      0x101 /opt/gcc32-arm-3.4.5/lib/gcc/arm-elf/3.4.5/../../../../arm-elf/lib/thumb/libc.a(ctype_.o)
                0x0000b7a4                _ctype_
                0x0000b8a8                . = ALIGN (0x4)
                0x0000b8a8                _etext = .
                0x0000b8a8                PROVIDE (etext, .)

.data           0x00200000        0x8 load address 0x0000b8a8
                0x00200000                _data = .
 *(.data)
 .data          0x00200000        0x4 Libs/libdrv.CBUG.a(drv_adc.CBUG.o)
                0x00200000                ADcoeff
 .data          0x00200004        0x4 /opt/gcc32-arm-3.4.5/lib/gcc/arm-elf/3.4.5/../../../../arm-elf/lib/thumb/libc.a(ctype_.o)
                0x00200004                __ctype_ptr
                0x00200008                . = ALIGN (0x4)
                0x00200008                _edata = .
                0x00200008                PROVIDE (edata, .)

.bss            0x00200008     0x3190
                0x00200008                __bss_start = .
                0x00200008                __bss_start__ = .
 *(.bss)
 .bss           0x00200008       0x9c Objs/tasks.CBUG.o
 .bss           0x002000a4     0x1800 Libs/libdrv.CBUG.a(cpart.CBUG.o)
 .bss           0x002018a4      0x810 Libs/libdrv.CBUG.a(cqueue.CBUG.o)
 .bss           0x002020b4       0x2c Libs/libdrv.CBUG.a(extapi.CBUG.o)
                0x002020b4                trans_addr
 .bss           0x002020e0       0x3c Libs/libdrv.CBUG.a(rtxcbug.CBUG.o)
 .bss           0x0020211c        0xc Libs/libdrv.CBUG.a(drv_clk.CBUG.o)
 .bss           0x00202128       0x40 Libs/libdrv.CBUG.a(drv_uart.CBUG.o)
 .bss           0x00202168        0x4 Libs/libdrv.CBUG.a(drv_spi.CBUG.o)
 .bss           0x0020216c        0x2 Libs/libdrv.CBUG.a(drv_twi.CBUG.o)
                0x0020216c                twi0err
 .bss           0x0020216e        0x4 Libs/libdrv.CBUG.a(drv_dio.CBUG.o)
                0x00202170                tw1in_change
                0x0020216e                tw2in_change
 *(COMMON)
 *fill*         0x00202172        0x2 00
 COMMON         0x00202174       0x3c Libs/RTXCsys32.CBUG.o
                0x00202174                regcopy
 COMMON         0x002021b0       0xb4 Objs/main.CBUG.o
                0x002021b0                rtxtcb
 COMMON         0x00202264      0x288 Objs/tasks.CBUG.o
                0x00202264                CanMsg
                0x00202364                CanLenMsg
                0x002023e4                CanCurrTimer
                0x00202464                CanTimer
                0x002024e4                GlobCurrTimer
                0x002024e8                GlobTimer
 COMMON         0x002024ec       0x2c Libs/librtxc.CBUG.a(rtxc.CBUG.o)
                0x002024ec                rtctick
                0x002024f0                isrcnt
                0x002024f4                semaget
                0x002024f8                t_expired
                0x002024fc                clkqptr
                0x00202500                semaput
                0x00202504                scheduler
                0x00202505                isrmax
                0x00202508                kernellastrunstack
                0x0020250c                sliceup
                0x00202510                hipritsk
                0x00202514                nsrttcb
 COMMON         0x00202518       0x40 Libs/libdrv.CBUG.a(cpart.CBUG.o)
                0x00202518                pheader
 COMMON         0x00202558      0x280 Libs/libdrv.CBUG.a(cqueue.CBUG.o)
                0x00202558                qheader
 COMMON         0x002027d8       0xe0 Libs/libdrv.CBUG.a(cres.CBUG.o)
                0x002027d8                rheader
 COMMON         0x002028b8       0x45 Libs/libdrv.CBUG.a(csema.CBUG.o)
                0x002028b8                siglist
                0x002028d8                semat
 *fill*         0x002028fd        0x1 00
 COMMON         0x002028fe      0x100 Libs/libdrv.CBUG.a(extapi.CBUG.o)
                0x002028fe                extapibuf
 COMMON         0x002029fe        0x1 Libs/libdrv.CBUG.a(rtxcbug.CBUG.o)
                0x002029fe                cbugflag
 *fill*         0x002029ff        0x1 00
 COMMON         0x00202a00       0x1c Libs/libdrv.CBUG.a(drv_clk.CBUG.o)
                0x00202a00                led_counter
                0x00202a04                led_bitnum
                0x00202a08                led_prescaler
                0x00202a0c                led_mask
                0x00202a14                led_curmask
 COMMON         0x00202a1c       0x98 Libs/libdrv.CBUG.a(drv_uart.CBUG.o)
                0x00202a1c                rxbuffidx
                0x00202a20                nptr
                0x00202a24                com0err
                0x00202a26                rxbuff
                0x00202aa6                iptr
                0x00202aaa                com2err
                0x00202aac                com3err
                0x00202aae                cptr
                0x00202ab2                com1err
 COMMON         0x00202ab4        0xa Libs/libdrv.CBUG.a(drv_can.CBUG.o)
                0x00202ab4                int_pend
                0x00202ab8                CanStatus
                0x00202aba                int_mask
 COMMON         0x00202abe        0x2 Libs/libdrv.CBUG.a(drv_spi.CBUG.o)
                0x00202abe                spi0start
                0x00202abf                spi0err
 COMMON         0x00202ac0        0x8 Libs/libdrv.CBUG.a(drv_twi.CBUG.o)
                0x00202ac0                twibuflen
                0x00202ac4                twibufptr
 COMMON         0x00202ac8       0x12 Libs/libdrv.CBUG.a(drv_usb.CBUG.o)
                0x00202ac8                currConfiguration
                0x00202ac9                currConnection
                0x00202acc                currDataLen
                0x00202ad0                currRcvBank
                0x00202ad4                currDataPtr
                0x00202ad8                usberr
 COMMON         0x00202ada       0x12 Libs/libdrv.CBUG.a(drv_adc.CBUG.o)
                0x00202ada                muxnum
                0x00202adc                adcmuxval
                0x00202aec                . = ALIGN (0x4)
                0x00202aec                __bss_end = .
                0x00202aec                __bss_end__ = .
                0x00202aec                __noinit_start = .
 *(.noinit)
 .noinit        0x00202aec        0x4 Libs/RTXCutil.CBUG.o
                0x00202aec                current_clock
 .noinit        0x00202af0      0x6a8 Objs/main.CBUG.o
                0x00203198                __noinit_end = .

.int_data       0x00208000        0x0
 *(.internal_ram_top)
                0x00208000                ram_end = ADDR (.int_data)
OUTPUT(Objs/main.CBUG.elf elf32-littlearm)

.reset          0x00000000        0x0

.debug_line     0x00000000     0x3697
 .debug_line    0x00000000      0x10e Libs/RTXCstartup.CBUG.o
 .debug_line    0x0000010e      0x11b Libs/RTXCutil.CBUG.o
 .debug_line    0x00000229       0xf6 Libs/RTXCsys32.CBUG.o
 .debug_line    0x0000031f       0xc8 Objs/main.CBUG.o
 .debug_line    0x000003e7      0x331 Objs/tasks.CBUG.o
 .debug_line    0x00000718       0x47 Libs/librtxc.CBUG.a(rtxcinit.CBUG.o)
 .debug_line    0x0000075f      0x2b1 Libs/librtxc.CBUG.a(rtxcapi.CBUG.o)
 .debug_line    0x00000a10      0x68f Libs/librtxc.CBUG.a(rtxc.CBUG.o)
 .debug_line    0x0000109f       0x56 Libs/librtxc.CBUG.a(lock.CBUG.o)
 .debug_line    0x000010f5       0x54 Libs/libdrv.CBUG.a(cpart.CBUG.o)
 .debug_line    0x00001149       0x55 Libs/libdrv.CBUG.a(cqueue.CBUG.o)
 .debug_line    0x0000119e       0x53 Libs/libdrv.CBUG.a(cres.CBUG.o)
 .debug_line    0x000011f1       0x46 Libs/libdrv.CBUG.a(csema.CBUG.o)
 .debug_line    0x00001237      0x4fd Libs/libdrv.CBUG.a(extapi.CBUG.o)
 .debug_line    0x00001734       0xcd Libs/libdrv.CBUG.a(cvtdate.CBUG.o)
 .debug_line    0x00001801      0x4a7 Libs/libdrv.CBUG.a(rtxcbug.CBUG.o)
 .debug_line    0x00001ca8       0xe8 Libs/libdrv.CBUG.a(cbugutil.CBUG.o)
 .debug_line    0x00001d90      0x284 Libs/libdrv.CBUG.a(stdio_vsprintf.CBUG.o)
 .debug_line    0x00002014       0x8d Libs/libdrv.CBUG.a(stdio_printf.CBUG.o)
 .debug_line    0x000020a1       0x47 Libs/libdrv.CBUG.a(stdio_puts.CBUG.o)
 .debug_line    0x000020e8      0x142 Libs/libdrv.CBUG.a(drv_clk.CBUG.o)
 .debug_line    0x0000222a      0x2b9 Libs/libdrv.CBUG.a(drv_uart.CBUG.o)
 .debug_line    0x000024e3      0x1b3 Libs/libdrv.CBUG.a(drv_can.CBUG.o)
 .debug_line    0x00002696       0xf8 Libs/libdrv.CBUG.a(drv_spi.CBUG.o)
 .debug_line    0x0000278e      0x100 Libs/libdrv.CBUG.a(drv_twi.CBUG.o)
 .debug_line    0x0000288e      0x1d3 Libs/libdrv.CBUG.a(drv_usb.CBUG.o)
 .debug_line    0x00002a61       0xf2 Libs/libdrv.CBUG.a(drv_adc.CBUG.o)
 .debug_line    0x00002b53       0xf6 Libs/libdrv.CBUG.a(drv_dio.CBUG.o)
 .debug_line    0x00002c49       0xbc Libs/libdrv.CBUG.a(stdio_strtol.CBUG.o)
 .debug_line    0x00002d05       0x69 /opt/gcc32-arm-3.4.5/lib/gcc/arm-elf/3.4.5/thumb/libgcc.a(_udivsi3.o)
 .debug_line    0x00002d6e       0x76 /opt/gcc32-arm-3.4.5/lib/gcc/arm-elf/3.4.5/thumb/libgcc.a(_divsi3.o)
 .debug_line    0x00002de4       0x68 /opt/gcc32-arm-3.4.5/lib/gcc/arm-elf/3.4.5/thumb/libgcc.a(_umodsi3.o)
 .debug_line    0x00002e4c       0x5a /opt/gcc32-arm-3.4.5/lib/gcc/arm-elf/3.4.5/thumb/libgcc.a(_dvmd_tls.o)
 .debug_line    0x00002ea6       0x68 /opt/gcc32-arm-3.4.5/lib/gcc/arm-elf/3.4.5/thumb/libgcc.a(_call_via_rX.o)
 .debug_line    0x00002f0e       0x61 /opt/gcc32-arm-3.4.5/lib/gcc/arm-elf/3.4.5/thumb/libgcc.a(_muldi3.o)
 .debug_line    0x00002f6f      0x122 /opt/gcc32-arm-3.4.5/lib/gcc/arm-elf/3.4.5/thumb/libgcc.a(_divdi3.o)
 .debug_line    0x00003091      0x111 /opt/gcc32-arm-3.4.5/lib/gcc/arm-elf/3.4.5/thumb/libgcc.a(_udivdi3.o)
 .debug_line    0x000031a2      0x109 /opt/gcc32-arm-3.4.5/lib/gcc/arm-elf/3.4.5/thumb/libgcc.a(_umoddi3.o)
 .debug_line    0x000032ab       0x48 /opt/gcc32-arm-3.4.5/lib/gcc/arm-elf/3.4.5/thumb/libgcc.a(_clz.o)
 .debug_line    0x000032f3       0x77 /opt/gcc32-arm-3.4.5/lib/gcc/arm-elf/3.4.5/../../../../arm-elf/lib/thumb/libc.a(ctype_.o)
 .debug_line    0x0000336a       0xd0 /opt/gcc32-arm-3.4.5/lib/gcc/arm-elf/3.4.5/../../../../arm-elf/lib/thumb/libc.a(memcmp.o)
 .debug_line    0x0000343a       0xcb /opt/gcc32-arm-3.4.5/lib/gcc/arm-elf/3.4.5/../../../../arm-elf/lib/thumb/libc.a(memcpy.o)
 .debug_line    0x00003505       0xc9 /opt/gcc32-arm-3.4.5/lib/gcc/arm-elf/3.4.5/../../../../arm-elf/lib/thumb/libc.a(strlen.o)
 .debug_line    0x000035ce       0xc9 /opt/gcc32-arm-3.4.5/lib/gcc/arm-elf/3.4.5/../../../../arm-elf/lib/thumb/libc.a(strnlen.o)

.debug_info     0x00000000     0xc33d
 .debug_info    0x00000000       0x88 Libs/RTXCstartup.CBUG.o
 .debug_info    0x00000088      0x31f Libs/RTXCutil.CBUG.o
 .debug_info    0x000003a7      0x49d Libs/RTXCsys32.CBUG.o
 .debug_info    0x00000844      0x532 Objs/main.CBUG.o
 .debug_info    0x00000d76      0x5d4 Objs/tasks.CBUG.o
 .debug_info    0x0000134a       0x39 Libs/librtxc.CBUG.a(rtxcinit.CBUG.o)
 .debug_info    0x00001383     0x1918 Libs/librtxc.CBUG.a(rtxcapi.CBUG.o)
 .debug_info    0x00002c9b     0x10fb Libs/librtxc.CBUG.a(rtxc.CBUG.o)
 .debug_info    0x00003d96       0x72 Libs/librtxc.CBUG.a(lock.CBUG.o)
 .debug_info    0x00003e08      0x4ac Libs/libdrv.CBUG.a(cpart.CBUG.o)
 .debug_info    0x000042b4      0x668 Libs/libdrv.CBUG.a(cqueue.CBUG.o)
 .debug_info    0x0000491c      0x41e Libs/libdrv.CBUG.a(cres.CBUG.o)
 .debug_info    0x00004d3a      0x11f Libs/libdrv.CBUG.a(csema.CBUG.o)
 .debug_info    0x00004e59     0x1262 Libs/libdrv.CBUG.a(extapi.CBUG.o)
 .debug_info    0x000060bb      0x213 Libs/libdrv.CBUG.a(cvtdate.CBUG.o)
 .debug_info    0x000062ce     0x1258 Libs/libdrv.CBUG.a(rtxcbug.CBUG.o)
 .debug_info    0x00007526      0x3f6 Libs/libdrv.CBUG.a(cbugutil.CBUG.o)
 .debug_info    0x0000791c      0x4f8 Libs/libdrv.CBUG.a(stdio_vsprintf.CBUG.o)
 .debug_info    0x00007e14       0xf1 Libs/libdrv.CBUG.a(stdio_printf.CBUG.o)
 .debug_info    0x00007f05       0x66 Libs/libdrv.CBUG.a(stdio_puts.CBUG.o)
 .debug_info    0x00007f6b      0x50c Libs/libdrv.CBUG.a(drv_clk.CBUG.o)
 .debug_info    0x00008477      0x7d5 Libs/libdrv.CBUG.a(drv_uart.CBUG.o)
 .debug_info    0x00008c4c      0x7b9 Libs/libdrv.CBUG.a(drv_can.CBUG.o)
 .debug_info    0x00009405      0x46b Libs/libdrv.CBUG.a(drv_spi.CBUG.o)
 .debug_info    0x00009870      0x29d Libs/libdrv.CBUG.a(drv_twi.CBUG.o)
 .debug_info    0x00009b0d      0x4e2 Libs/libdrv.CBUG.a(drv_usb.CBUG.o)
 .debug_info    0x00009fef      0x267 Libs/libdrv.CBUG.a(drv_adc.CBUG.o)
 .debug_info    0x0000a256      0x1ec Libs/libdrv.CBUG.a(drv_dio.CBUG.o)
 .debug_info    0x0000a442      0x151 Libs/libdrv.CBUG.a(stdio_strtol.CBUG.o)
 .debug_info    0x0000a593       0x93 /opt/gcc32-arm-3.4.5/lib/gcc/arm-elf/3.4.5/thumb/libgcc.a(_udivsi3.o)
 .debug_info    0x0000a626       0x93 /opt/gcc32-arm-3.4.5/lib/gcc/arm-elf/3.4.5/thumb/libgcc.a(_divsi3.o)
 .debug_info    0x0000a6b9       0x93 /opt/gcc32-arm-3.4.5/lib/gcc/arm-elf/3.4.5/thumb/libgcc.a(_umodsi3.o)
 .debug_info    0x0000a74c       0x93 /opt/gcc32-arm-3.4.5/lib/gcc/arm-elf/3.4.5/thumb/libgcc.a(_dvmd_tls.o)
 .debug_info    0x0000a7df       0x93 /opt/gcc32-arm-3.4.5/lib/gcc/arm-elf/3.4.5/thumb/libgcc.a(_call_via_rX.o)
 .debug_info    0x0000a872      0x1eb /opt/gcc32-arm-3.4.5/lib/gcc/arm-elf/3.4.5/thumb/libgcc.a(_muldi3.o)
 .debug_info    0x0000aa5d      0x6fb /opt/gcc32-arm-3.4.5/lib/gcc/arm-elf/3.4.5/thumb/libgcc.a(_divdi3.o)
 .debug_info    0x0000b158      0x6ae /opt/gcc32-arm-3.4.5/lib/gcc/arm-elf/3.4.5/thumb/libgcc.a(_udivdi3.o)
 .debug_info    0x0000b806      0x6eb /opt/gcc32-arm-3.4.5/lib/gcc/arm-elf/3.4.5/thumb/libgcc.a(_umoddi3.o)
 .debug_info    0x0000bef1       0xc0 /opt/gcc32-arm-3.4.5/lib/gcc/arm-elf/3.4.5/thumb/libgcc.a(_clz.o)
 .debug_info    0x0000bfb1       0x75 /opt/gcc32-arm-3.4.5/lib/gcc/arm-elf/3.4.5/../../../../arm-elf/lib/thumb/libc.a(ctype_.o)
 .debug_info    0x0000c026       0xde /opt/gcc32-arm-3.4.5/lib/gcc/arm-elf/3.4.5/../../../../arm-elf/lib/thumb/libc.a(memcmp.o)
 .debug_info    0x0000c104       0xc0 /opt/gcc32-arm-3.4.5/lib/gcc/arm-elf/3.4.5/../../../../arm-elf/lib/thumb/libc.a(memcpy.o)
 .debug_info    0x0000c1c4       0xb7 /opt/gcc32-arm-3.4.5/lib/gcc/arm-elf/3.4.5/../../../../arm-elf/lib/thumb/libc.a(strlen.o)
 .debug_info    0x0000c27b       0xc2 /opt/gcc32-arm-3.4.5/lib/gcc/arm-elf/3.4.5/../../../../arm-elf/lib/thumb/libc.a(strnlen.o)

.debug_abbrev   0x00000000     0x2b2c
 .debug_abbrev  0x00000000       0x14 Libs/RTXCstartup.CBUG.o
 .debug_abbrev  0x00000014      0x106 Libs/RTXCutil.CBUG.o
 .debug_abbrev  0x0000011a      0x196 Libs/RTXCsys32.CBUG.o
 .debug_abbrev  0x000002b0      0x15a Objs/main.CBUG.o
 .debug_abbrev  0x0000040a      0x1a7 Objs/tasks.CBUG.o
 .debug_abbrev  0x000005b1       0x29 Libs/librtxc.CBUG.a(rtxcinit.CBUG.o)
 .debug_abbrev  0x000005da      0x22e Libs/librtxc.CBUG.a(rtxcapi.CBUG.o)
 .debug_abbrev  0x00000808      0x21f Libs/librtxc.CBUG.a(rtxc.CBUG.o)
 .debug_abbrev  0x00000a27       0x14 Libs/librtxc.CBUG.a(lock.CBUG.o)
 .debug_abbrev  0x00000a3b       0xef Libs/libdrv.CBUG.a(cpart.CBUG.o)
 .debug_abbrev  0x00000b2a       0xef Libs/libdrv.CBUG.a(cqueue.CBUG.o)
 .debug_abbrev  0x00000c19       0xd7 Libs/libdrv.CBUG.a(cres.CBUG.o)
 .debug_abbrev  0x00000cf0       0x61 Libs/libdrv.CBUG.a(csema.CBUG.o)
 .debug_abbrev  0x00000d51      0x1fb Libs/libdrv.CBUG.a(extapi.CBUG.o)
 .debug_abbrev  0x00000f4c      0x136 Libs/libdrv.CBUG.a(cvtdate.CBUG.o)
 .debug_abbrev  0x00001082      0x237 Libs/libdrv.CBUG.a(rtxcbug.CBUG.o)
 .debug_abbrev  0x000012b9      0x129 Libs/libdrv.CBUG.a(cbugutil.CBUG.o)
 .debug_abbrev  0x000013e2      0x18e Libs/libdrv.CBUG.a(stdio_vsprintf.CBUG.o)
 .debug_abbrev  0x00001570       0xb6 Libs/libdrv.CBUG.a(stdio_printf.CBUG.o)
 .debug_abbrev  0x00001626       0x62 Libs/libdrv.CBUG.a(stdio_puts.CBUG.o)
 .debug_abbrev  0x00001688      0x1d0 Libs/libdrv.CBUG.a(drv_clk.CBUG.o)
 .debug_abbrev  0x00001858      0x1c2 Libs/libdrv.CBUG.a(drv_uart.CBUG.o)
 .debug_abbrev  0x00001a1a      0x1d2 Libs/libdrv.CBUG.a(drv_can.CBUG.o)
 .debug_abbrev  0x00001bec      0x17e Libs/libdrv.CBUG.a(drv_spi.CBUG.o)
 .debug_abbrev  0x00001d6a      0x106 Libs/libdrv.CBUG.a(drv_twi.CBUG.o)
 .debug_abbrev  0x00001e70      0x172 Libs/libdrv.CBUG.a(drv_usb.CBUG.o)
 .debug_abbrev  0x00001fe2      0x147 Libs/libdrv.CBUG.a(drv_adc.CBUG.o)
 .debug_abbrev  0x00002129      0x107 Libs/libdrv.CBUG.a(drv_dio.CBUG.o)
 .debug_abbrev  0x00002230       0xa7 Libs/libdrv.CBUG.a(stdio_strtol.CBUG.o)
 .debug_abbrev  0x000022d7       0x14 /opt/gcc32-arm-3.4.5/lib/gcc/arm-elf/3.4.5/thumb/libgcc.a(_udivsi3.o)
 .debug_abbrev  0x000022eb       0x14 /opt/gcc32-arm-3.4.5/lib/gcc/arm-elf/3.4.5/thumb/libgcc.a(_divsi3.o)
 .debug_abbrev  0x000022ff       0x14 /opt/gcc32-arm-3.4.5/lib/gcc/arm-elf/3.4.5/thumb/libgcc.a(_umodsi3.o)
 .debug_abbrev  0x00002313       0x14 /opt/gcc32-arm-3.4.5/lib/gcc/arm-elf/3.4.5/thumb/libgcc.a(_dvmd_tls.o)
 .debug_abbrev  0x00002327       0x14 /opt/gcc32-arm-3.4.5/lib/gcc/arm-elf/3.4.5/thumb/libgcc.a(_call_via_rX.o)
 .debug_abbrev  0x0000233b       0xec /opt/gcc32-arm-3.4.5/lib/gcc/arm-elf/3.4.5/thumb/libgcc.a(_muldi3.o)
 .debug_abbrev  0x00002427      0x174 /opt/gcc32-arm-3.4.5/lib/gcc/arm-elf/3.4.5/thumb/libgcc.a(_divdi3.o)
 .debug_abbrev  0x0000259b      0x165 /opt/gcc32-arm-3.4.5/lib/gcc/arm-elf/3.4.5/thumb/libgcc.a(_udivdi3.o)
 .debug_abbrev  0x00002700      0x17f /opt/gcc32-arm-3.4.5/lib/gcc/arm-elf/3.4.5/thumb/libgcc.a(_umoddi3.o)
 .debug_abbrev  0x0000287f       0x61 /opt/gcc32-arm-3.4.5/lib/gcc/arm-elf/3.4.5/thumb/libgcc.a(_clz.o)
 .debug_abbrev  0x000028e0       0x50 /opt/gcc32-arm-3.4.5/lib/gcc/arm-elf/3.4.5/../../../../arm-elf/lib/thumb/libc.a(ctype_.o)
 .debug_abbrev  0x00002930       0x7a /opt/gcc32-arm-3.4.5/lib/gcc/arm-elf/3.4.5/../../../../arm-elf/lib/thumb/libc.a(memcmp.o)
 .debug_abbrev  0x000029aa       0x8e /opt/gcc32-arm-3.4.5/lib/gcc/arm-elf/3.4.5/../../../../arm-elf/lib/thumb/libc.a(memcpy.o)
 .debug_abbrev  0x00002a38       0x7a /opt/gcc32-arm-3.4.5/lib/gcc/arm-elf/3.4.5/../../../../arm-elf/lib/thumb/libc.a(strlen.o)
 .debug_abbrev  0x00002ab2       0x7a /opt/gcc32-arm-3.4.5/lib/gcc/arm-elf/3.4.5/../../../../arm-elf/lib/thumb/libc.a(strnlen.o)

.debug_aranges  0x00000000      0x4c0
 .debug_aranges
                0x00000000       0x20 Libs/RTXCstartup.CBUG.o
 .debug_aranges
                0x00000020       0x20 Libs/RTXCutil.CBUG.o
 .debug_aranges
                0x00000040       0x20 Libs/RTXCsys32.CBUG.o
 .debug_aranges
                0x00000060       0x20 Objs/main.CBUG.o
 .debug_aranges
                0x00000080       0x20 Objs/tasks.CBUG.o
 .debug_aranges
                0x000000a0       0x20 Libs/librtxc.CBUG.a(rtxcinit.CBUG.o)
 .debug_aranges
                0x000000c0       0x20 Libs/librtxc.CBUG.a(rtxcapi.CBUG.o)
 .debug_aranges
                0x000000e0       0x20 Libs/librtxc.CBUG.a(rtxc.CBUG.o)
 .debug_aranges
                0x00000100       0x20 Libs/librtxc.CBUG.a(lock.CBUG.o)
 .debug_aranges
                0x00000120       0x20 Libs/libdrv.CBUG.a(extapi.CBUG.o)
 .debug_aranges
                0x00000140       0x20 Libs/libdrv.CBUG.a(cvtdate.CBUG.o)
 .debug_aranges
                0x00000160       0x20 Libs/libdrv.CBUG.a(rtxcbug.CBUG.o)
 .debug_aranges
                0x00000180       0x20 Libs/libdrv.CBUG.a(cbugutil.CBUG.o)
 .debug_aranges
                0x000001a0       0x20 Libs/libdrv.CBUG.a(stdio_vsprintf.CBUG.o)
 .debug_aranges
                0x000001c0       0x20 Libs/libdrv.CBUG.a(stdio_printf.CBUG.o)
 .debug_aranges
                0x000001e0       0x20 Libs/libdrv.CBUG.a(stdio_puts.CBUG.o)
 .debug_aranges
                0x00000200       0x20 Libs/libdrv.CBUG.a(drv_clk.CBUG.o)
 .debug_aranges
                0x00000220       0x20 Libs/libdrv.CBUG.a(drv_uart.CBUG.o)
 .debug_aranges
                0x00000240       0x20 Libs/libdrv.CBUG.a(drv_can.CBUG.o)
 .debug_aranges
                0x00000260       0x20 Libs/libdrv.CBUG.a(drv_spi.CBUG.o)
 .debug_aranges
                0x00000280       0x20 Libs/libdrv.CBUG.a(drv_twi.CBUG.o)
 .debug_aranges
                0x000002a0       0x20 Libs/libdrv.CBUG.a(drv_usb.CBUG.o)
 .debug_aranges
                0x000002c0       0x20 Libs/libdrv.CBUG.a(drv_adc.CBUG.o)
 .debug_aranges
                0x000002e0       0x20 Libs/libdrv.CBUG.a(drv_dio.CBUG.o)
 .debug_aranges
                0x00000300       0x20 Libs/libdrv.CBUG.a(stdio_strtol.CBUG.o)
 .debug_aranges
                0x00000320       0x20 /opt/gcc32-arm-3.4.5/lib/gcc/arm-elf/3.4.5/thumb/libgcc.a(_udivsi3.o)
 .debug_aranges
                0x00000340       0x20 /opt/gcc32-arm-3.4.5/lib/gcc/arm-elf/3.4.5/thumb/libgcc.a(_divsi3.o)
 .debug_aranges
                0x00000360       0x20 /opt/gcc32-arm-3.4.5/lib/gcc/arm-elf/3.4.5/thumb/libgcc.a(_umodsi3.o)
 .debug_aranges
                0x00000380       0x20 /opt/gcc32-arm-3.4.5/lib/gcc/arm-elf/3.4.5/thumb/libgcc.a(_dvmd_tls.o)
 .debug_aranges
                0x000003a0       0x20 /opt/gcc32-arm-3.4.5/lib/gcc/arm-elf/3.4.5/thumb/libgcc.a(_call_via_rX.o)
 .debug_aranges
                0x000003c0       0x20 /opt/gcc32-arm-3.4.5/lib/gcc/arm-elf/3.4.5/thumb/libgcc.a(_muldi3.o)
 .debug_aranges
                0x000003e0       0x20 /opt/gcc32-arm-3.4.5/lib/gcc/arm-elf/3.4.5/thumb/libgcc.a(_divdi3.o)
 .debug_aranges
                0x00000400       0x20 /opt/gcc32-arm-3.4.5/lib/gcc/arm-elf/3.4.5/thumb/libgcc.a(_udivdi3.o)
 .debug_aranges
                0x00000420       0x20 /opt/gcc32-arm-3.4.5/lib/gcc/arm-elf/3.4.5/thumb/libgcc.a(_umoddi3.o)
 .debug_aranges
                0x00000440       0x20 /opt/gcc32-arm-3.4.5/lib/gcc/arm-elf/3.4.5/../../../../arm-elf/lib/thumb/libc.a(memcmp.o)
 .debug_aranges
                0x00000460       0x20 /opt/gcc32-arm-3.4.5/lib/gcc/arm-elf/3.4.5/../../../../arm-elf/lib/thumb/libc.a(memcpy.o)
 .debug_aranges
                0x00000480       0x20 /opt/gcc32-arm-3.4.5/lib/gcc/arm-elf/3.4.5/../../../../arm-elf/lib/thumb/libc.a(strlen.o)
 .debug_aranges
                0x000004a0       0x20 /opt/gcc32-arm-3.4.5/lib/gcc/arm-elf/3.4.5/../../../../arm-elf/lib/thumb/libc.a(strnlen.o)

.debug_frame    0x00000000     0x1ae4
 .debug_frame   0x00000000       0x68 Libs/RTXCutil.CBUG.o
 .debug_frame   0x00000068       0x6c Libs/RTXCsys32.CBUG.o
 .debug_frame   0x000000d4       0x60 Objs/main.CBUG.o
 .debug_frame   0x00000134       0xd0 Objs/tasks.CBUG.o
 .debug_frame   0x00000204       0x28 Libs/librtxc.CBUG.a(rtxcinit.CBUG.o)
 .debug_frame   0x0000022c      0x464 Libs/librtxc.CBUG.a(rtxcapi.CBUG.o)
 .debug_frame   0x00000690      0x234 Libs/librtxc.CBUG.a(rtxc.CBUG.o)
 .debug_frame   0x000008c4      0x5a0 Libs/libdrv.CBUG.a(extapi.CBUG.o)
 .debug_frame   0x00000e64       0xa4 Libs/libdrv.CBUG.a(cvtdate.CBUG.o)
 .debug_frame   0x00000f08       0xf0 Libs/libdrv.CBUG.a(rtxcbug.CBUG.o)
 .debug_frame   0x00000ff8       0xa8 Libs/libdrv.CBUG.a(cbugutil.CBUG.o)
 .debug_frame   0x000010a0      0x108 Libs/libdrv.CBUG.a(stdio_vsprintf.CBUG.o)
 .debug_frame   0x000011a8       0x30 Libs/libdrv.CBUG.a(stdio_printf.CBUG.o)
 .debug_frame   0x000011d8       0x28 Libs/libdrv.CBUG.a(stdio_puts.CBUG.o)
 .debug_frame   0x00001200      0x154 Libs/libdrv.CBUG.a(drv_clk.CBUG.o)
 .debug_frame   0x00001354      0x134 Libs/libdrv.CBUG.a(drv_uart.CBUG.o)
 .debug_frame   0x00001488      0x124 Libs/libdrv.CBUG.a(drv_can.CBUG.o)
 .debug_frame   0x000015ac       0x8c Libs/libdrv.CBUG.a(drv_spi.CBUG.o)
 .debug_frame   0x00001638       0x88 Libs/libdrv.CBUG.a(drv_twi.CBUG.o)
 .debug_frame   0x000016c0      0x128 Libs/libdrv.CBUG.a(drv_usb.CBUG.o)
 .debug_frame   0x000017e8       0x80 Libs/libdrv.CBUG.a(drv_adc.CBUG.o)
 .debug_frame   0x00001868       0xac Libs/libdrv.CBUG.a(drv_dio.CBUG.o)
 .debug_frame   0x00001914       0x4c Libs/libdrv.CBUG.a(stdio_strtol.CBUG.o)
 .debug_frame   0x00001960       0x30 /opt/gcc32-arm-3.4.5/lib/gcc/arm-elf/3.4.5/thumb/libgcc.a(_muldi3.o)
 .debug_frame   0x00001990       0x3c /opt/gcc32-arm-3.4.5/lib/gcc/arm-elf/3.4.5/thumb/libgcc.a(_divdi3.o)
 .debug_frame   0x000019cc       0x3c /opt/gcc32-arm-3.4.5/lib/gcc/arm-elf/3.4.5/thumb/libgcc.a(_udivdi3.o)
 .debug_frame   0x00001a08       0x3c /opt/gcc32-arm-3.4.5/lib/gcc/arm-elf/3.4.5/thumb/libgcc.a(_umoddi3.o)
 .debug_frame   0x00001a44       0x28 /opt/gcc32-arm-3.4.5/lib/gcc/arm-elf/3.4.5/../../../../arm-elf/lib/thumb/libc.a(memcmp.o)
 .debug_frame   0x00001a6c       0x28 /opt/gcc32-arm-3.4.5/lib/gcc/arm-elf/3.4.5/../../../../arm-elf/lib/thumb/libc.a(memcpy.o)
 .debug_frame   0x00001a94       0x28 /opt/gcc32-arm-3.4.5/lib/gcc/arm-elf/3.4.5/../../../../arm-elf/lib/thumb/libc.a(strlen.o)
 .debug_frame   0x00001abc       0x28 /opt/gcc32-arm-3.4.5/lib/gcc/arm-elf/3.4.5/../../../../arm-elf/lib/thumb/libc.a(strnlen.o)

.debug_pubnames
                0x00000000     0x1446
 .debug_pubnames
                0x00000000       0x5b Libs/RTXCutil.CBUG.o
 .debug_pubnames
                0x0000005b       0x49 Libs/RTXCsys32.CBUG.o
 .debug_pubnames
                0x000000a4       0x68 Objs/main.CBUG.o
 .debug_pubnames
                0x0000010c       0xbd Objs/tasks.CBUG.o
 .debug_pubnames
                0x000001c9       0x1f Libs/librtxc.CBUG.a(rtxcinit.CBUG.o)
 .debug_pubnames
                0x000001e8      0x2f6 Libs/librtxc.CBUG.a(rtxcapi.CBUG.o)
 .debug_pubnames
                0x000004de      0x152 Libs/librtxc.CBUG.a(rtxc.CBUG.o)
 .debug_pubnames
                0x00000630       0x45 Libs/libdrv.CBUG.a(cpart.CBUG.o)
 .debug_pubnames
                0x00000675       0x47 Libs/libdrv.CBUG.a(cqueue.CBUG.o)
 .debug_pubnames
                0x000006bc       0x34 Libs/libdrv.CBUG.a(cres.CBUG.o)
 .debug_pubnames
                0x000006f0       0x51 Libs/libdrv.CBUG.a(csema.CBUG.o)
 .debug_pubnames
                0x00000741      0x3c1 Libs/libdrv.CBUG.a(extapi.CBUG.o)
 .debug_pubnames
                0x00000b02       0x83 Libs/libdrv.CBUG.a(cvtdate.CBUG.o)
 .debug_pubnames
                0x00000b85       0x4b Libs/libdrv.CBUG.a(rtxcbug.CBUG.o)
 .debug_pubnames
                0x00000bd0       0x70 Libs/libdrv.CBUG.a(cbugutil.CBUG.o)
 .debug_pubnames
                0x00000c40       0x7f Libs/libdrv.CBUG.a(stdio_vsprintf.CBUG.o)
 .debug_pubnames
                0x00000cbf       0x1d Libs/libdrv.CBUG.a(stdio_printf.CBUG.o)
 .debug_pubnames
                0x00000cdc       0x1b Libs/libdrv.CBUG.a(stdio_puts.CBUG.o)
 .debug_pubnames
                0x00000cf7      0x111 Libs/libdrv.CBUG.a(drv_clk.CBUG.o)
 .debug_pubnames
                0x00000e08       0xf6 Libs/libdrv.CBUG.a(drv_uart.CBUG.o)
 .debug_pubnames
                0x00000efe       0xc4 Libs/libdrv.CBUG.a(drv_can.CBUG.o)
 .debug_pubnames
                0x00000fc2       0x5d Libs/libdrv.CBUG.a(drv_spi.CBUG.o)
 .debug_pubnames
                0x0000101f       0x7b Libs/libdrv.CBUG.a(drv_twi.CBUG.o)
 .debug_pubnames
                0x0000109a      0x147 Libs/libdrv.CBUG.a(drv_usb.CBUG.o)
 .debug_pubnames
                0x000011e1       0x68 Libs/libdrv.CBUG.a(drv_adc.CBUG.o)
 .debug_pubnames
                0x00001249       0x85 Libs/libdrv.CBUG.a(drv_dio.CBUG.o)
 .debug_pubnames
                0x000012ce       0x37 Libs/libdrv.CBUG.a(stdio_strtol.CBUG.o)
 .debug_pubnames
                0x00001305       0x1f /opt/gcc32-arm-3.4.5/lib/gcc/arm-elf/3.4.5/thumb/libgcc.a(_muldi3.o)
 .debug_pubnames
                0x00001324       0x1f /opt/gcc32-arm-3.4.5/lib/gcc/arm-elf/3.4.5/thumb/libgcc.a(_divdi3.o)
 .debug_pubnames
                0x00001343       0x20 /opt/gcc32-arm-3.4.5/lib/gcc/arm-elf/3.4.5/thumb/libgcc.a(_udivdi3.o)
 .debug_pubnames
                0x00001363       0x20 /opt/gcc32-arm-3.4.5/lib/gcc/arm-elf/3.4.5/thumb/libgcc.a(_umoddi3.o)
 .debug_pubnames
                0x00001383       0x20 /opt/gcc32-arm-3.4.5/lib/gcc/arm-elf/3.4.5/thumb/libgcc.a(_clz.o)
 .debug_pubnames
                0x000013a3       0x2e /opt/gcc32-arm-3.4.5/lib/gcc/arm-elf/3.4.5/../../../../arm-elf/lib/thumb/libc.a(ctype_.o)
 .debug_pubnames
                0x000013d1       0x1d /opt/gcc32-arm-3.4.5/lib/gcc/arm-elf/3.4.5/../../../../arm-elf/lib/thumb/libc.a(memcmp.o)
 .debug_pubnames
                0x000013ee       0x1d /opt/gcc32-arm-3.4.5/lib/gcc/arm-elf/3.4.5/../../../../arm-elf/lib/thumb/libc.a(memcpy.o)
 .debug_pubnames
                0x0000140b       0x1d /opt/gcc32-arm-3.4.5/lib/gcc/arm-elf/3.4.5/../../../../arm-elf/lib/thumb/libc.a(strlen.o)
 .debug_pubnames
                0x00001428       0x1e /opt/gcc32-arm-3.4.5/lib/gcc/arm-elf/3.4.5/../../../../arm-elf/lib/thumb/libc.a(strnlen.o)

.debug_str      0x00000000     0x2387
 .debug_str     0x00000000      0x1d6 Libs/RTXCutil.CBUG.o
                                0x20f (size before relaxing)
 .debug_str     0x000001d6      0x18d Libs/RTXCsys32.CBUG.o
                                0x255 (size before relaxing)
 .debug_str     0x00000363      0x1a6 Objs/main.CBUG.o
                                0x279 (size before relaxing)
 .debug_str     0x00000509      0x161 Objs/tasks.CBUG.o
                                0x2e7 (size before relaxing)
 .debug_str     0x0000066a       0x1e Libs/librtxc.CBUG.a(rtxcinit.CBUG.o)
                                 0x65 (size before relaxing)
 .debug_str     0x00000688      0x6a0 Libs/librtxc.CBUG.a(rtxcapi.CBUG.o)
                                0x8aa (size before relaxing)
 .debug_str     0x00000d28      0x250 Libs/librtxc.CBUG.a(rtxc.CBUG.o)
                                0x7f0 (size before relaxing)
 .debug_str     0x00000f78       0x22 Libs/libdrv.CBUG.a(cpart.CBUG.o)
                                0x20d (size before relaxing)
 .debug_str     0x00000f9a       0xa8 Libs/libdrv.CBUG.a(cqueue.CBUG.o)
                                0x2d6 (size before relaxing)
 .debug_str     0x00001042       0x1a Libs/libdrv.CBUG.a(cres.CBUG.o)
                                0x233 (size before relaxing)
 .debug_str     0x0000105c       0x28 Libs/libdrv.CBUG.a(csema.CBUG.o)
                                 0xdf (size before relaxing)
 .debug_str     0x00001084      0x478 Libs/libdrv.CBUG.a(extapi.CBUG.o)
                                0x6b8 (size before relaxing)
 .debug_str     0x000014fc       0x6d Libs/libdrv.CBUG.a(cvtdate.CBUG.o)
                                0x18a (size before relaxing)
 .debug_str     0x00001569      0x169 Libs/libdrv.CBUG.a(rtxcbug.CBUG.o)
                                0x612 (size before relaxing)
 .debug_str     0x000016d2       0x5e Libs/libdrv.CBUG.a(cbugutil.CBUG.o)
                                0x21f (size before relaxing)
 .debug_str     0x00001730       0xc7 Libs/libdrv.CBUG.a(stdio_vsprintf.CBUG.o)
                                0x1fc (size before relaxing)
 .debug_str     0x000017f7       0x20 Libs/libdrv.CBUG.a(stdio_printf.CBUG.o)
                                0x107 (size before relaxing)
 .debug_str     0x00001817       0x17 Libs/libdrv.CBUG.a(stdio_puts.CBUG.o)
                                 0x68 (size before relaxing)
 .debug_str     0x0000182e      0x14c Libs/libdrv.CBUG.a(drv_clk.CBUG.o)
                                0x289 (size before relaxing)
 .debug_str     0x0000197a       0xf3 Libs/libdrv.CBUG.a(drv_uart.CBUG.o)
                                0x314 (size before relaxing)
 .debug_str     0x00001a6d      0x250 Libs/libdrv.CBUG.a(drv_can.CBUG.o)
                                0x36d (size before relaxing)
 .debug_str     0x00001cbd       0x81 Libs/libdrv.CBUG.a(drv_spi.CBUG.o)
                                0x21c (size before relaxing)
 .debug_str     0x00001d3e       0x6a Libs/libdrv.CBUG.a(drv_twi.CBUG.o)
                                0x14c (size before relaxing)
 .debug_str     0x00001da8      0x198 Libs/libdrv.CBUG.a(drv_usb.CBUG.o)
                                0x294 (size before relaxing)
 .debug_str     0x00001f40       0x68 Libs/libdrv.CBUG.a(drv_adc.CBUG.o)
                                0x14a (size before relaxing)
 .debug_str     0x00001fa8       0x86 Libs/libdrv.CBUG.a(drv_dio.CBUG.o)
                                0x136 (size before relaxing)
 .debug_str     0x0000202e       0x3b Libs/libdrv.CBUG.a(stdio_strtol.CBUG.o)
                                0x129 (size before relaxing)
 .debug_str     0x00002069       0xb2 /opt/gcc32-arm-3.4.5/lib/gcc/arm-elf/3.4.5/thumb/libgcc.a(_muldi3.o)
                                0x15b (size before relaxing)
 .debug_str     0x0000211b       0x5d /opt/gcc32-arm-3.4.5/lib/gcc/arm-elf/3.4.5/thumb/libgcc.a(_divdi3.o)
                                0x1af (size before relaxing)
 .debug_str     0x00002178        0xa /opt/gcc32-arm-3.4.5/lib/gcc/arm-elf/3.4.5/thumb/libgcc.a(_udivdi3.o)
                                0x1a6 (size before relaxing)
 .debug_str     0x00002182        0xa /opt/gcc32-arm-3.4.5/lib/gcc/arm-elf/3.4.5/thumb/libgcc.a(_umoddi3.o)
                                0x1a6 (size before relaxing)
 .debug_str     0x0000218c        0x0 /opt/gcc32-arm-3.4.5/lib/gcc/arm-elf/3.4.5/thumb/libgcc.a(_clz.o)
                                0x110 (size before relaxing)
 .debug_str     0x0000218c       0x62 /opt/gcc32-arm-3.4.5/lib/gcc/arm-elf/3.4.5/../../../../arm-elf/lib/thumb/libc.a(ctype_.o)
                                 0x91 (size before relaxing)
 .debug_str     0x000021ee       0x62 /opt/gcc32-arm-3.4.5/lib/gcc/arm-elf/3.4.5/../../../../arm-elf/lib/thumb/libc.a(memcmp.o)
                                 0xf2 (size before relaxing)
 .debug_str     0x00002250       0x71 /opt/gcc32-arm-3.4.5/lib/gcc/arm-elf/3.4.5/../../../../arm-elf/lib/thumb/libc.a(memcpy.o)
                                 0xa9 (size before relaxing)
 .debug_str     0x000022c1       0x62 /opt/gcc32-arm-3.4.5/lib/gcc/arm-elf/3.4.5/../../../../arm-elf/lib/thumb/libc.a(strlen.o)
                                 0xf8 (size before relaxing)
 .debug_str     0x00002323       0x64 /opt/gcc32-arm-3.4.5/lib/gcc/arm-elf/3.4.5/../../../../arm-elf/lib/thumb/libc.a(strnlen.o)
                                 0xfa (size before relaxing)

.comment        0x00000000      0x29a
 .comment       0x00000000       0x12 Libs/RTXCutil.CBUG.o
 .comment       0x00000012       0x12 Libs/RTXCsys32.CBUG.o
 .comment       0x00000024       0x12 Objs/main.CBUG.o
 .comment       0x00000036       0x12 Objs/tasks.CBUG.o
 .comment       0x00000048       0x12 Libs/librtxc.CBUG.a(rtxcinit.CBUG.o)
 .comment       0x0000005a       0x12 Libs/librtxc.CBUG.a(rtxcapi.CBUG.o)
 .comment       0x0000006c       0x12 Libs/librtxc.CBUG.a(rtxc.CBUG.o)
 .comment       0x0000007e       0x12 Libs/libdrv.CBUG.a(cpart.CBUG.o)
 .comment       0x00000090       0x12 Libs/libdrv.CBUG.a(cqueue.CBUG.o)
 .comment       0x000000a2       0x12 Libs/libdrv.CBUG.a(cres.CBUG.o)
 .comment       0x000000b4       0x12 Libs/libdrv.CBUG.a(csema.CBUG.o)
 .comment       0x000000c6       0x12 Libs/libdrv.CBUG.a(extapi.CBUG.o)
 .comment       0x000000d8       0x12 Libs/libdrv.CBUG.a(cvtdate.CBUG.o)
 .comment       0x000000ea       0x12 Libs/libdrv.CBUG.a(rtxcbug.CBUG.o)
 .comment       0x000000fc       0x12 Libs/libdrv.CBUG.a(cbugutil.CBUG.o)
 .comment       0x0000010e       0x12 Libs/libdrv.CBUG.a(stdio_vsprintf.CBUG.o)
 .comment       0x00000120       0x12 Libs/libdrv.CBUG.a(stdio_printf.CBUG.o)
 .comment       0x00000132       0x12 Libs/libdrv.CBUG.a(stdio_puts.CBUG.o)
 .comment       0x00000144       0x12 Libs/libdrv.CBUG.a(drv_clk.CBUG.o)
 .comment       0x00000156       0x12 Libs/libdrv.CBUG.a(drv_uart.CBUG.o)
 .comment       0x00000168       0x12 Libs/libdrv.CBUG.a(drv_can.CBUG.o)
 .comment       0x0000017a       0x12 Libs/libdrv.CBUG.a(drv_spi.CBUG.o)
 .comment       0x0000018c       0x12 Libs/libdrv.CBUG.a(drv_twi.CBUG.o)
 .comment       0x0000019e       0x12 Libs/libdrv.CBUG.a(drv_usb.CBUG.o)
 .comment       0x000001b0       0x12 Libs/libdrv.CBUG.a(drv_adc.CBUG.o)
 .comment       0x000001c2       0x12 Libs/libdrv.CBUG.a(drv_dio.CBUG.o)
 .comment       0x000001d4       0x12 Libs/libdrv.CBUG.a(stdio_strtol.CBUG.o)
 .comment       0x000001e6       0x12 /opt/gcc32-arm-3.4.5/lib/gcc/arm-elf/3.4.5/thumb/libgcc.a(_muldi3.o)
 .comment       0x000001f8       0x12 /opt/gcc32-arm-3.4.5/lib/gcc/arm-elf/3.4.5/thumb/libgcc.a(_divdi3.o)
 .comment       0x0000020a       0x12 /opt/gcc32-arm-3.4.5/lib/gcc/arm-elf/3.4.5/thumb/libgcc.a(_udivdi3.o)
 .comment       0x0000021c       0x12 /opt/gcc32-arm-3.4.5/lib/gcc/arm-elf/3.4.5/thumb/libgcc.a(_umoddi3.o)
 .comment       0x0000022e       0x12 /opt/gcc32-arm-3.4.5/lib/gcc/arm-elf/3.4.5/thumb/libgcc.a(_clz.o)
 .comment       0x00000240       0x12 /opt/gcc32-arm-3.4.5/lib/gcc/arm-elf/3.4.5/../../../../arm-elf/lib/thumb/libc.a(ctype_.o)
 .comment       0x00000252       0x12 /opt/gcc32-arm-3.4.5/lib/gcc/arm-elf/3.4.5/../../../../arm-elf/lib/thumb/libc.a(memcmp.o)
 .comment       0x00000264       0x12 /opt/gcc32-arm-3.4.5/lib/gcc/arm-elf/3.4.5/../../../../arm-elf/lib/thumb/libc.a(memcpy.o)
 .comment       0x00000276       0x12 /opt/gcc32-arm-3.4.5/lib/gcc/arm-elf/3.4.5/../../../../arm-elf/lib/thumb/libc.a(strlen.o)
 .comment       0x00000288       0x12 /opt/gcc32-arm-3.4.5/lib/gcc/arm-elf/3.4.5/../../../../arm-elf/lib/thumb/libc.a(strnlen.o)

.debug_ranges   0x00000000      0x5b0
 .debug_ranges  0x00000000       0x18 Libs/RTXCsys32.CBUG.o
 .debug_ranges  0x00000018       0x18 Objs/main.CBUG.o
 .debug_ranges  0x00000030      0x138 Libs/libdrv.CBUG.a(rtxcbug.CBUG.o)
 .debug_ranges  0x00000168       0x20 Libs/libdrv.CBUG.a(stdio_vsprintf.CBUG.o)
 .debug_ranges  0x00000188       0x20 Libs/libdrv.CBUG.a(drv_clk.CBUG.o)
 .debug_ranges  0x000001a8       0x18 Libs/libdrv.CBUG.a(drv_dio.CBUG.o)
 .debug_ranges  0x000001c0       0x40 /opt/gcc32-arm-3.4.5/lib/gcc/arm-elf/3.4.5/thumb/libgcc.a(_muldi3.o)
 .debug_ranges  0x00000200      0x138 /opt/gcc32-arm-3.4.5/lib/gcc/arm-elf/3.4.5/thumb/libgcc.a(_divdi3.o)
 .debug_ranges  0x00000338      0x138 /opt/gcc32-arm-3.4.5/lib/gcc/arm-elf/3.4.5/thumb/libgcc.a(_udivdi3.o)
 .debug_ranges  0x00000470      0x140 /opt/gcc32-arm-3.4.5/lib/gcc/arm-elf/3.4.5/thumb/libgcc.a(_umoddi3.o)

Cross Reference Table

Symbol                                            File
ADC_read                                          Libs/libdrv.CBUG.a(drv_adc.CBUG.o)
                                                  Libs/libdrv.CBUG.a(rtxcbug.CBUG.o)
                                                  Objs/tasks.CBUG.o
ADcoeff                                           Libs/libdrv.CBUG.a(drv_adc.CBUG.o)
AT91F_AIC_Configure                               Libs/libdrv.CBUG.a(drv_clk.CBUG.o)
                                                  Libs/libdrv.CBUG.a(drv_adc.CBUG.o)
                                                  Libs/libdrv.CBUG.a(drv_usb.CBUG.o)
                                                  Libs/libdrv.CBUG.a(drv_twi.CBUG.o)
                                                  Libs/libdrv.CBUG.a(drv_spi.CBUG.o)
                                                  Libs/libdrv.CBUG.a(drv_can.CBUG.o)
                                                  Libs/libdrv.CBUG.a(drv_uart.CBUG.o)
AT91F_CLOCKinit                                   Libs/RTXCutil.CBUG.o
                                                  Objs/main.CBUG.o
                                                  Libs/RTXCstartup.CBUG.o
AT91F_DataAbort                                   Libs/RTXCsys32.CBUG.o
                                                  Libs/RTXCstartup.CBUG.o
AT91F_Default_FIQ_handler                         Libs/RTXCstartup.CBUG.o
                                                  Libs/libdrv.CBUG.a(drv_clk.CBUG.o)
AT91F_Default_IRQ_handler                         Libs/RTXCstartup.CBUG.o
                                                  Libs/libdrv.CBUG.a(drv_clk.CBUG.o)
AT91F_Spurious_handler                            Libs/RTXCstartup.CBUG.o
                                                  Libs/libdrv.CBUG.a(drv_clk.CBUG.o)
AT91F_WATCHDOGinit                                Libs/RTXCsys32.CBUG.o
                                                  Libs/RTXCstartup.CBUG.o
CAN_configure                                     Libs/libdrv.CBUG.a(drv_can.CBUG.o)
                                                  Objs/tasks.CBUG.o
CAN_read                                          Libs/libdrv.CBUG.a(drv_can.CBUG.o)
                                                  Objs/tasks.CBUG.o
CAN_speed                                         Libs/libdrv.CBUG.a(drv_can.CBUG.o)
                                                  Objs/tasks.CBUG.o
CAN_status                                        Libs/libdrv.CBUG.a(drv_can.CBUG.o)
                                                  Objs/tasks.CBUG.o
CAN_write                                         Libs/libdrv.CBUG.a(drv_can.CBUG.o)
                                                  Objs/tasks.CBUG.o
CanCurrTimer                                      Objs/tasks.CBUG.o
CanLenMsg                                         Objs/tasks.CBUG.o
CanMsg                                            Objs/tasks.CBUG.o
CanStatus                                         Libs/libdrv.CBUG.a(drv_can.CBUG.o)
                                                  Objs/tasks.CBUG.o
CanTimer                                          Objs/tasks.CBUG.o
CheckPointer                                      Libs/libdrv.CBUG.a(extapi.CBUG.o)
CodeUpgrade                                       Libs/RTXCstartup.CBUG.o
                                                  Libs/libdrv.CBUG.a(extapi.CBUG.o)
EKS_AgreeShutdown                                 Libs/libdrv.CBUG.a(extapi.CBUG.o)
                                                  Objs/tasks.CBUG.o
EKS_AskShutdown                                   Libs/libdrv.CBUG.a(extapi.CBUG.o)
                                                  Libs/libdrv.CBUG.a(rtxcbug.CBUG.o)
EKS_EnqShutdown                                   Libs/libdrv.CBUG.a(extapi.CBUG.o)
EKS_FlashCheckSum                                 Libs/libdrv.CBUG.a(extapi.CBUG.o)
EKS_FlashClear                                    Libs/libdrv.CBUG.a(extapi.CBUG.o)
                                                  Libs/libdrv.CBUG.a(rtxcbug.CBUG.o)
EKS_FlashFree                                     Libs/libdrv.CBUG.a(extapi.CBUG.o)
                                                  Libs/libdrv.CBUG.a(rtxcbug.CBUG.o)
EKS_FlashTotal                                    Libs/libdrv.CBUG.a(extapi.CBUG.o)
                                                  Libs/libdrv.CBUG.a(rtxcbug.CBUG.o)
EKS_GetHHMM                                       Libs/libdrv.CBUG.a(extapi.CBUG.o)
EKS_GetSetup                                      Libs/libdrv.CBUG.a(extapi.CBUG.o)
                                                  Libs/libdrv.CBUG.a(rtxcbug.CBUG.o)
                                                  Objs/tasks.CBUG.o
EKS_LCK_FlashErase                                Libs/libdrv.CBUG.a(extapi.CBUG.o)
EKS_LCK_FlashRead                                 Libs/libdrv.CBUG.a(extapi.CBUG.o)
EKS_LCK_FlashWrite                                Libs/libdrv.CBUG.a(extapi.CBUG.o)
EKS_NewSetup                                      Libs/libdrv.CBUG.a(extapi.CBUG.o)
                                                  Libs/libdrv.CBUG.a(rtxcbug.CBUG.o)
EKS_ParClear                                      Libs/libdrv.CBUG.a(extapi.CBUG.o)
                                                  Libs/libdrv.CBUG.a(rtxcbug.CBUG.o)
EKS_ParRead                                       Libs/libdrv.CBUG.a(extapi.CBUG.o)
                                                  Libs/libdrv.CBUG.a(rtxcbug.CBUG.o)
EKS_ParReadLong                                   Libs/libdrv.CBUG.a(extapi.CBUG.o)
                                                  Libs/libdrv.CBUG.a(rtxcbug.CBUG.o)
EKS_ParReadShort                                  Libs/libdrv.CBUG.a(extapi.CBUG.o)
                                                  Libs/libdrv.CBUG.a(rtxcbug.CBUG.o)
EKS_ParSize                                       Libs/libdrv.CBUG.a(extapi.CBUG.o)
                                                  Libs/libdrv.CBUG.a(rtxcbug.CBUG.o)
EKS_ParWrite                                      Libs/libdrv.CBUG.a(extapi.CBUG.o)
                                                  Libs/libdrv.CBUG.a(rtxcbug.CBUG.o)
EKS_ParWriteLong                                  Libs/libdrv.CBUG.a(extapi.CBUG.o)
                                                  Libs/libdrv.CBUG.a(rtxcbug.CBUG.o)
EKS_ParWriteShort                                 Libs/libdrv.CBUG.a(extapi.CBUG.o)
                                                  Libs/libdrv.CBUG.a(rtxcbug.CBUG.o)
EKS_Pkt2BufComp                                   Libs/libdrv.CBUG.a(extapi.CBUG.o)
EKS_PktBufAccTime                                 Libs/libdrv.CBUG.a(extapi.CBUG.o)
EKS_PktBufAdd                                     Libs/libdrv.CBUG.a(extapi.CBUG.o)
                                                  Libs/libdrv.CBUG.a(rtxcbug.CBUG.o)
EKS_PktBufAddString                               Libs/libdrv.CBUG.a(extapi.CBUG.o)
EKS_PktBufCat                                     Libs/libdrv.CBUG.a(extapi.CBUG.o)
EKS_PktBufCheck                                   Libs/libdrv.CBUG.a(extapi.CBUG.o)
EKS_PktBufCheckStore                              Libs/libdrv.CBUG.a(extapi.CBUG.o)
EKS_PktBufComp                                    Libs/libdrv.CBUG.a(extapi.CBUG.o)
EKS_PktBufComprexTime                             Libs/libdrv.CBUG.a(extapi.CBUG.o)
EKS_PktBufCopy                                    Libs/libdrv.CBUG.a(extapi.CBUG.o)
EKS_PktBufDuplicate                               Libs/libdrv.CBUG.a(extapi.CBUG.o)
EKS_PktBufFromTime                                Libs/libdrv.CBUG.a(extapi.CBUG.o)
                                                  Libs/libdrv.CBUG.a(rtxcbug.CBUG.o)
EKS_PktBufLength                                  Libs/libdrv.CBUG.a(extapi.CBUG.o)
EKS_PktBufMyTime                                  Libs/libdrv.CBUG.a(extapi.CBUG.o)
EKS_PktBufPullup                                  Libs/libdrv.CBUG.a(extapi.CBUG.o)
                                                  Libs/libdrv.CBUG.a(rtxcbug.CBUG.o)
EKS_PktBufRelease                                 Libs/libdrv.CBUG.a(extapi.CBUG.o)
EKS_PktBufRetrive                                 Libs/libdrv.CBUG.a(extapi.CBUG.o)
                                                  Libs/libdrv.CBUG.a(rtxcbug.CBUG.o)
EKS_PktBufStore                                   Libs/libdrv.CBUG.a(extapi.CBUG.o)
EKS_RamCheckSum                                   Libs/libdrv.CBUG.a(extapi.CBUG.o)
                                                  Libs/libdrv.CBUG.a(rtxcbug.CBUG.o)
EKS_RamFill                                       Libs/libdrv.CBUG.a(extapi.CBUG.o)
                                                  Libs/libdrv.CBUG.a(rtxcbug.CBUG.o)
                                                  Objs/tasks.CBUG.o
EKS_RamRead                                       Libs/libdrv.CBUG.a(extapi.CBUG.o)
                                                  Libs/libdrv.CBUG.a(rtxcbug.CBUG.o)
EKS_RamWrite                                      Libs/libdrv.CBUG.a(extapi.CBUG.o)
                                                  Libs/libdrv.CBUG.a(rtxcbug.CBUG.o)
                                                  Objs/tasks.CBUG.o
EKS_init                                          Libs/libdrv.CBUG.a(extapi.CBUG.o)
                                                  Objs/main.CBUG.o
GetHexValue                                       Objs/tasks.CBUG.o
GlobCurrTimer                                     Objs/tasks.CBUG.o
GlobTimer                                         Objs/tasks.CBUG.o
Global_IRQ_STACK_SIZE                             Libs/RTXCstartup.CBUG.o
                                                  Libs/libdrv.CBUG.a(rtxcbug.CBUG.o)
                                                  Libs/librtxc.CBUG.a(rtxc.CBUG.o)
Global_KERNEL_TOP                                 Libs/RTXCstartup.CBUG.o
Global_RAM_TOP                                    Libs/RTXCstartup.CBUG.o
Global_STACK_FILLER                               Libs/RTXCstartup.CBUG.o
                                                  Libs/libdrv.CBUG.a(rtxcbug.CBUG.o)
                                                  Libs/librtxc.CBUG.a(rtxc.CBUG.o)
Global_SVC_STACK_SIZE                             Libs/RTXCstartup.CBUG.o
                                                  Libs/libdrv.CBUG.a(rtxcbug.CBUG.o)
                                                  Libs/librtxc.CBUG.a(rtxc.CBUG.o)
Global_SYSKERNEL_STACK_SIZE                       Libs/RTXCstartup.CBUG.o
                                                  Libs/libdrv.CBUG.a(rtxcbug.CBUG.o)
                                                  Libs/librtxc.CBUG.a(rtxc.CBUG.o)
HandleCanRead                                     Objs/tasks.CBUG.o
HandleSrecord                                     Objs/tasks.CBUG.o
IRQ_Handler_Entry                                 Libs/RTXCstartup.CBUG.o
KS_ISRalloc                                       Libs/librtxc.CBUG.a(rtxc.CBUG.o)
KS_ISRexit                                        Libs/librtxc.CBUG.a(rtxc.CBUG.o)
                                                  Libs/libdrv.CBUG.a(drv_adc.CBUG.o)
                                                  Libs/libdrv.CBUG.a(drv_usb.CBUG.o)
                                                  Libs/libdrv.CBUG.a(drv_twi.CBUG.o)
                                                  Libs/libdrv.CBUG.a(drv_spi.CBUG.o)
                                                  Libs/libdrv.CBUG.a(drv_can.CBUG.o)
                                                  Libs/libdrv.CBUG.a(drv_uart.CBUG.o)
                                                  Libs/libdrv.CBUG.a(drv_clk.CBUG.o)
KS_ISRsignal                                      Libs/librtxc.CBUG.a(rtxc.CBUG.o)
                                                  Libs/libdrv.CBUG.a(drv_uart.CBUG.o)
KS_ISRtick                                        Libs/librtxc.CBUG.a(rtxc.CBUG.o)
                                                  Libs/libdrv.CBUG.a(drv_clk.CBUG.o)
KS_alloc                                          Libs/librtxc.CBUG.a(rtxcapi.CBUG.o)
                                                  Libs/libdrv.CBUG.a(extapi.CBUG.o)
KS_alloct                                         Libs/librtxc.CBUG.a(rtxcapi.CBUG.o)
KS_allocw                                         Libs/librtxc.CBUG.a(rtxcapi.CBUG.o)
KS_block                                          Libs/librtxc.CBUG.a(rtxcapi.CBUG.o)
                                                  Libs/libdrv.CBUG.a(rtxcbug.CBUG.o)
KS_defpriority                                    Libs/librtxc.CBUG.a(rtxcapi.CBUG.o)
KS_defqsema                                       Libs/librtxc.CBUG.a(rtxcapi.CBUG.o)
                                                  Libs/libdrv.CBUG.a(drv_usb.CBUG.o)
                                                  Libs/libdrv.CBUG.a(drv_uart.CBUG.o)
                                                  Objs/tasks.CBUG.o
KS_defqueue                                       Libs/librtxc.CBUG.a(rtxcapi.CBUG.o)
KS_defres                                         Libs/librtxc.CBUG.a(rtxcapi.CBUG.o)
KS_defslice                                       Libs/librtxc.CBUG.a(rtxcapi.CBUG.o)
                                                  Objs/main.CBUG.o
KS_deftime                                        Libs/libdrv.CBUG.a(drv_clk.CBUG.o)
                                                  Libs/libdrv.CBUG.a(rtxcbug.CBUG.o)
KS_delay                                          Libs/librtxc.CBUG.a(rtxcapi.CBUG.o)
                                                  Libs/libdrv.CBUG.a(drv_usb.CBUG.o)
                                                  Libs/libdrv.CBUG.a(rtxcbug.CBUG.o)
                                                  Libs/libdrv.CBUG.a(extapi.CBUG.o)
                                                  Objs/tasks.CBUG.o
KS_dequeue                                        Libs/librtxc.CBUG.a(rtxcapi.CBUG.o)
                                                  Libs/libdrv.CBUG.a(drv_usb.CBUG.o)
                                                  Libs/libdrv.CBUG.a(drv_uart.CBUG.o)
                                                  Objs/tasks.CBUG.o
KS_dequeuet                                       Libs/librtxc.CBUG.a(rtxcapi.CBUG.o)
KS_dequeuew                                       Libs/librtxc.CBUG.a(rtxcapi.CBUG.o)
                                                  Objs/main.CBUG.o
KS_elapse                                         Libs/librtxc.CBUG.a(rtxcapi.CBUG.o)
KS_enqueue                                        Libs/librtxc.CBUG.a(rtxcapi.CBUG.o)
                                                  Libs/libdrv.CBUG.a(drv_uart.CBUG.o)
KS_enqueuet                                       Libs/librtxc.CBUG.a(rtxcapi.CBUG.o)
                                                  Libs/libdrv.CBUG.a(drv_usb.CBUG.o)
KS_enqueuew                                       Libs/librtxc.CBUG.a(rtxcapi.CBUG.o)
                                                  Libs/libdrv.CBUG.a(extapi.CBUG.o)
                                                  Objs/tasks.CBUG.o
                                                  Objs/main.CBUG.o
KS_execute                                        Libs/librtxc.CBUG.a(rtxcapi.CBUG.o)
                                                  Objs/main.CBUG.o
KS_free                                           Libs/librtxc.CBUG.a(rtxcapi.CBUG.o)
                                                  Libs/libdrv.CBUG.a(extapi.CBUG.o)
KS_inqmap                                         Libs/librtxc.CBUG.a(rtxcapi.CBUG.o)
                                                  Libs/libdrv.CBUG.a(extapi.CBUG.o)
KS_inqpriority                                    Libs/librtxc.CBUG.a(rtxcapi.CBUG.o)
KS_inqqueue                                       Libs/librtxc.CBUG.a(rtxcapi.CBUG.o)
KS_inqres                                         Libs/librtxc.CBUG.a(rtxcapi.CBUG.o)
KS_inqsema                                        Libs/librtxc.CBUG.a(rtxcapi.CBUG.o)
KS_inqslice                                       Libs/librtxc.CBUG.a(rtxcapi.CBUG.o)
KS_inqtask                                        Libs/librtxc.CBUG.a(rtxcapi.CBUG.o)
KS_inqtime                                        Libs/libdrv.CBUG.a(drv_clk.CBUG.o)
                                                  Libs/libdrv.CBUG.a(rtxcbug.CBUG.o)
                                                  Libs/libdrv.CBUG.a(extapi.CBUG.o)
KS_inqtimer                                       Libs/librtxc.CBUG.a(rtxcapi.CBUG.o)
KS_lock                                           Libs/librtxc.CBUG.a(rtxcapi.CBUG.o)
KS_lockt                                          Libs/librtxc.CBUG.a(rtxcapi.CBUG.o)
KS_lockw                                          Libs/librtxc.CBUG.a(rtxcapi.CBUG.o)
                                                  Libs/libdrv.CBUG.a(drv_dio.CBUG.o)
                                                  Libs/libdrv.CBUG.a(extapi.CBUG.o)
KS_nop                                            Libs/librtxc.CBUG.a(rtxcapi.CBUG.o)
KS_pend                                           Libs/librtxc.CBUG.a(rtxcapi.CBUG.o)
KS_pendm                                          Libs/librtxc.CBUG.a(rtxcapi.CBUG.o)
KS_purgequeue                                     Libs/librtxc.CBUG.a(rtxcapi.CBUG.o)
KS_restart_timer                                  Libs/librtxc.CBUG.a(rtxcapi.CBUG.o)
KS_resume                                         Libs/librtxc.CBUG.a(rtxcapi.CBUG.o)
KS_signal                                         Libs/librtxc.CBUG.a(rtxcapi.CBUG.o)
                                                  Libs/libdrv.CBUG.a(extapi.CBUG.o)
                                                  Objs/tasks.CBUG.o
KS_signalm                                        Libs/librtxc.CBUG.a(rtxcapi.CBUG.o)
KS_start_timer                                    Libs/librtxc.CBUG.a(rtxcapi.CBUG.o)
                                                  Objs/tasks.CBUG.o
KS_stop_timer                                     Libs/librtxc.CBUG.a(rtxcapi.CBUG.o)
KS_suspend                                        Libs/librtxc.CBUG.a(rtxcapi.CBUG.o)
KS_terminate                                      Libs/librtxc.CBUG.a(rtxcapi.CBUG.o)
                                                  Objs/tasks.CBUG.o
KS_unblock                                        Libs/librtxc.CBUG.a(rtxcapi.CBUG.o)
                                                  Libs/libdrv.CBUG.a(rtxcbug.CBUG.o)
                                                  Objs/main.CBUG.o
KS_unlock                                         Libs/librtxc.CBUG.a(rtxcapi.CBUG.o)
                                                  Libs/libdrv.CBUG.a(drv_dio.CBUG.o)
                                                  Libs/libdrv.CBUG.a(extapi.CBUG.o)
KS_user                                           Libs/librtxc.CBUG.a(rtxcapi.CBUG.o)
                                                  Libs/libdrv.CBUG.a(stdio_vsprintf.CBUG.o)
KS_version                                        Libs/librtxc.CBUG.a(rtxcapi.CBUG.o)
                                                  Libs/libdrv.CBUG.a(rtxcbug.CBUG.o)
KS_wait                                           Libs/librtxc.CBUG.a(rtxcapi.CBUG.o)
                                                  Libs/libdrv.CBUG.a(rtxcbug.CBUG.o)
KS_waitm                                          Libs/librtxc.CBUG.a(rtxcapi.CBUG.o)
                                                  Libs/libdrv.CBUG.a(drv_usb.CBUG.o)
                                                  Libs/libdrv.CBUG.a(drv_uart.CBUG.o)
                                                  Objs/tasks.CBUG.o
KS_waitt                                          Libs/librtxc.CBUG.a(rtxcapi.CBUG.o)
                                                  Libs/libdrv.CBUG.a(drv_twi.CBUG.o)
                                                  Libs/libdrv.CBUG.a(drv_spi.CBUG.o)
KS_yield                                          Libs/librtxc.CBUG.a(rtxcapi.CBUG.o)
LowLevelInit                                      Libs/libdrv.CBUG.a(drv_clk.CBUG.o)
                                                  Objs/main.CBUG.o
ParseBuffer                                       Objs/tasks.CBUG.o
ProgramCopy                                       Libs/RTXCutil.CBUG.o
                                                  Libs/RTXCstartup.CBUG.o
ProgramCopyEnd                                    Libs/RTXCutil.CBUG.o
                                                  Libs/RTXCstartup.CBUG.o
RTC_ReadStatus                                    Libs/libdrv.CBUG.a(cvtdate.CBUG.o)
                                                  Libs/libdrv.CBUG.a(rtxcbug.CBUG.o)
RTC_ReadTime_t                                    Libs/libdrv.CBUG.a(cvtdate.CBUG.o)
                                                  Libs/libdrv.CBUG.a(rtxcbug.CBUG.o)
                                                  Libs/libdrv.CBUG.a(extapi.CBUG.o)
RTC_WriteAlarm_t                                  Libs/libdrv.CBUG.a(cvtdate.CBUG.o)
                                                  Libs/libdrv.CBUG.a(rtxcbug.CBUG.o)
RTC_WriteTime_t                                   Libs/libdrv.CBUG.a(cvtdate.CBUG.o)
                                                  Libs/libdrv.CBUG.a(drv_clk.CBUG.o)
SPI_FlashErase                                    Libs/libdrv.CBUG.a(extapi.CBUG.o)
SPI_FlashRead                                     Libs/libdrv.CBUG.a(extapi.CBUG.o)
SPI_FlashWrite                                    Libs/libdrv.CBUG.a(extapi.CBUG.o)
SPI_rtx2                                          Libs/libdrv.CBUG.a(drv_spi.CBUG.o)
                                                  Libs/libdrv.CBUG.a(rtxcbug.CBUG.o)
SWI_Handler_Entry                                 Libs/RTXCstartup.CBUG.o
Set_LedBlinker                                    Libs/libdrv.CBUG.a(drv_clk.CBUG.o)
                                                  Objs/tasks.CBUG.o
TWI_receive                                       Libs/libdrv.CBUG.a(drv_twi.CBUG.o)
                                                  Libs/libdrv.CBUG.a(drv_dio.CBUG.o)
TWI_send                                          Libs/libdrv.CBUG.a(drv_twi.CBUG.o)
                                                  Libs/libdrv.CBUG.a(drv_dio.CBUG.o)
Top_Stack                                         Libs/RTXCstartup.CBUG.o
USB_Receive                                       Libs/libdrv.CBUG.a(drv_usb.CBUG.o)
USB_RxData                                        Libs/libdrv.CBUG.a(drv_usb.CBUG.o)
USB_RxSetup                                       Libs/libdrv.CBUG.a(drv_usb.CBUG.o)
USB_SendData                                      Libs/libdrv.CBUG.a(drv_usb.CBUG.o)
USB_SendNextData                                  Libs/libdrv.CBUG.a(drv_usb.CBUG.o)
USB_SendStall                                     Libs/libdrv.CBUG.a(drv_usb.CBUG.o)
USB_SendZlp                                       Libs/libdrv.CBUG.a(drv_usb.CBUG.o)
USB_Transmit                                      Libs/libdrv.CBUG.a(drv_usb.CBUG.o)
UsedStackEval                                     Libs/libdrv.CBUG.a(rtxcbug.CBUG.o)
__SPI_FlashErase_change_to_arm                    /opt/gcc32-arm-3.4.5/lib/gcc/arm-elf/3.4.5/../../../../arm-elf/lib/thumb/libc.a(strnlen.o)
__SPI_FlashErase_from_thumb                       /opt/gcc32-arm-3.4.5/lib/gcc/arm-elf/3.4.5/../../../../arm-elf/lib/thumb/libc.a(strnlen.o)
__SPI_FlashRead_change_to_arm                     /opt/gcc32-arm-3.4.5/lib/gcc/arm-elf/3.4.5/../../../../arm-elf/lib/thumb/libc.a(strnlen.o)
__SPI_FlashRead_from_thumb                        /opt/gcc32-arm-3.4.5/lib/gcc/arm-elf/3.4.5/../../../../arm-elf/lib/thumb/libc.a(strnlen.o)
__SPI_FlashWrite_change_to_arm                    /opt/gcc32-arm-3.4.5/lib/gcc/arm-elf/3.4.5/../../../../arm-elf/lib/thumb/libc.a(strnlen.o)
__SPI_FlashWrite_from_thumb                       /opt/gcc32-arm-3.4.5/lib/gcc/arm-elf/3.4.5/../../../../arm-elf/lib/thumb/libc.a(strnlen.o)
__bss_end                                         Libs/RTXCstartup.CBUG.o
__bss_start                                       Libs/RTXCstartup.CBUG.o
__clz_tab                                         /opt/gcc32-arm-3.4.5/lib/gcc/arm-elf/3.4.5/thumb/libgcc.a(_clz.o)
                                                  /opt/gcc32-arm-3.4.5/lib/gcc/arm-elf/3.4.5/thumb/libgcc.a(_umoddi3.o)
                                                  /opt/gcc32-arm-3.4.5/lib/gcc/arm-elf/3.4.5/thumb/libgcc.a(_udivdi3.o)
                                                  /opt/gcc32-arm-3.4.5/lib/gcc/arm-elf/3.4.5/thumb/libgcc.a(_divdi3.o)
__ctype_ptr                                       /opt/gcc32-arm-3.4.5/lib/gcc/arm-elf/3.4.5/../../../../arm-elf/lib/thumb/libc.a(ctype_.o)
                                                  Libs/libdrv.CBUG.a(stdio_strtol.CBUG.o)
                                                  Libs/libdrv.CBUG.a(stdio_vsprintf.CBUG.o)
                                                  Libs/libdrv.CBUG.a(rtxcbug.CBUG.o)
                                                  Objs/tasks.CBUG.o
__div0                                            /opt/gcc32-arm-3.4.5/lib/gcc/arm-elf/3.4.5/thumb/libgcc.a(_dvmd_tls.o)
                                                  /opt/gcc32-arm-3.4.5/lib/gcc/arm-elf/3.4.5/thumb/libgcc.a(_umodsi3.o)
                                                  /opt/gcc32-arm-3.4.5/lib/gcc/arm-elf/3.4.5/thumb/libgcc.a(_divsi3.o)
                                                  /opt/gcc32-arm-3.4.5/lib/gcc/arm-elf/3.4.5/thumb/libgcc.a(_udivsi3.o)
__divdi3                                          /opt/gcc32-arm-3.4.5/lib/gcc/arm-elf/3.4.5/thumb/libgcc.a(_divdi3.o)
                                                  Libs/libdrv.CBUG.a(drv_clk.CBUG.o)
__divsi3                                          /opt/gcc32-arm-3.4.5/lib/gcc/arm-elf/3.4.5/thumb/libgcc.a(_divsi3.o)
                                                  Libs/libdrv.CBUG.a(drv_clk.CBUG.o)
                                                  Libs/libdrv.CBUG.a(cvtdate.CBUG.o)
                                                  Libs/RTXCutil.CBUG.o
__muldi3                                          /opt/gcc32-arm-3.4.5/lib/gcc/arm-elf/3.4.5/thumb/libgcc.a(_muldi3.o)
                                                  Libs/libdrv.CBUG.a(drv_clk.CBUG.o)
__noinit_end                                      Libs/libdrv.CBUG.a(rtxcbug.CBUG.o)
                                                  Libs/RTXCstartup.CBUG.o
__udivdi3                                         /opt/gcc32-arm-3.4.5/lib/gcc/arm-elf/3.4.5/thumb/libgcc.a(_udivdi3.o)
                                                  Libs/libdrv.CBUG.a(stdio_vsprintf.CBUG.o)
__udivsi3                                         /opt/gcc32-arm-3.4.5/lib/gcc/arm-elf/3.4.5/thumb/libgcc.a(_udivsi3.o)
                                                  /opt/gcc32-arm-3.4.5/lib/gcc/arm-elf/3.4.5/thumb/libgcc.a(_umoddi3.o)
                                                  /opt/gcc32-arm-3.4.5/lib/gcc/arm-elf/3.4.5/thumb/libgcc.a(_udivdi3.o)
                                                  /opt/gcc32-arm-3.4.5/lib/gcc/arm-elf/3.4.5/thumb/libgcc.a(_divdi3.o)
                                                  Libs/libdrv.CBUG.a(drv_adc.CBUG.o)
                                                  Libs/libdrv.CBUG.a(drv_twi.CBUG.o)
                                                  Libs/libdrv.CBUG.a(drv_spi.CBUG.o)
                                                  Libs/libdrv.CBUG.a(drv_can.CBUG.o)
                                                  Libs/libdrv.CBUG.a(drv_uart.CBUG.o)
                                                  Libs/libdrv.CBUG.a(drv_clk.CBUG.o)
                                                  Libs/libdrv.CBUG.a(cvtdate.CBUG.o)
                                                  Libs/RTXCutil.CBUG.o
__umoddi3                                         /opt/gcc32-arm-3.4.5/lib/gcc/arm-elf/3.4.5/thumb/libgcc.a(_umoddi3.o)
                                                  Libs/libdrv.CBUG.a(stdio_vsprintf.CBUG.o)
__umodsi3                                         /opt/gcc32-arm-3.4.5/lib/gcc/arm-elf/3.4.5/thumb/libgcc.a(_umodsi3.o)
                                                  /opt/gcc32-arm-3.4.5/lib/gcc/arm-elf/3.4.5/thumb/libgcc.a(_umoddi3.o)
                                                  /opt/gcc32-arm-3.4.5/lib/gcc/arm-elf/3.4.5/thumb/libgcc.a(_udivdi3.o)
                                                  /opt/gcc32-arm-3.4.5/lib/gcc/arm-elf/3.4.5/thumb/libgcc.a(_divdi3.o)
                                                  Libs/libdrv.CBUG.a(drv_can.CBUG.o)
                                                  Libs/libdrv.CBUG.a(drv_uart.CBUG.o)
_call_via_fp                                      /opt/gcc32-arm-3.4.5/lib/gcc/arm-elf/3.4.5/thumb/libgcc.a(_call_via_rX.o)
_call_via_ip                                      /opt/gcc32-arm-3.4.5/lib/gcc/arm-elf/3.4.5/thumb/libgcc.a(_call_via_rX.o)
_call_via_lr                                      /opt/gcc32-arm-3.4.5/lib/gcc/arm-elf/3.4.5/thumb/libgcc.a(_call_via_rX.o)
_call_via_r0                                      /opt/gcc32-arm-3.4.5/lib/gcc/arm-elf/3.4.5/thumb/libgcc.a(_call_via_rX.o)
_call_via_r1                                      /opt/gcc32-arm-3.4.5/lib/gcc/arm-elf/3.4.5/thumb/libgcc.a(_call_via_rX.o)
_call_via_r2                                      /opt/gcc32-arm-3.4.5/lib/gcc/arm-elf/3.4.5/thumb/libgcc.a(_call_via_rX.o)
_call_via_r3                                      /opt/gcc32-arm-3.4.5/lib/gcc/arm-elf/3.4.5/thumb/libgcc.a(_call_via_rX.o)
                                                  Libs/librtxc.CBUG.a(rtxc.CBUG.o)
_call_via_r4                                      /opt/gcc32-arm-3.4.5/lib/gcc/arm-elf/3.4.5/thumb/libgcc.a(_call_via_rX.o)
_call_via_r5                                      /opt/gcc32-arm-3.4.5/lib/gcc/arm-elf/3.4.5/thumb/libgcc.a(_call_via_rX.o)
_call_via_r6                                      /opt/gcc32-arm-3.4.5/lib/gcc/arm-elf/3.4.5/thumb/libgcc.a(_call_via_rX.o)
_call_via_r7                                      /opt/gcc32-arm-3.4.5/lib/gcc/arm-elf/3.4.5/thumb/libgcc.a(_call_via_rX.o)
_call_via_r8                                      /opt/gcc32-arm-3.4.5/lib/gcc/arm-elf/3.4.5/thumb/libgcc.a(_call_via_rX.o)
_call_via_r9                                      /opt/gcc32-arm-3.4.5/lib/gcc/arm-elf/3.4.5/thumb/libgcc.a(_call_via_rX.o)
_call_via_sl                                      /opt/gcc32-arm-3.4.5/lib/gcc/arm-elf/3.4.5/thumb/libgcc.a(_call_via_rX.o)
_call_via_sp                                      /opt/gcc32-arm-3.4.5/lib/gcc/arm-elf/3.4.5/thumb/libgcc.a(_call_via_rX.o)
_ctype_                                           /opt/gcc32-arm-3.4.5/lib/gcc/arm-elf/3.4.5/../../../../arm-elf/lib/thumb/libc.a(ctype_.o)
_data                                             Libs/RTXCstartup.CBUG.o
_disable                                          Libs/librtxc.CBUG.a(lock.CBUG.o)
                                                  Libs/libdrv.CBUG.a(drv_uart.CBUG.o)
                                                  Libs/libdrv.CBUG.a(drv_clk.CBUG.o)
                                                  Libs/libdrv.CBUG.a(rtxcbug.CBUG.o)
                                                  Libs/libdrv.CBUG.a(cvtdate.CBUG.o)
                                                  Libs/libdrv.CBUG.a(extapi.CBUG.o)
                                                  Libs/librtxc.CBUG.a(rtxc.CBUG.o)
                                                  Libs/librtxc.CBUG.a(rtxcapi.CBUG.o)
_edata                                            Libs/RTXCstartup.CBUG.o
_enable                                           Libs/librtxc.CBUG.a(lock.CBUG.o)
                                                  Libs/libdrv.CBUG.a(drv_uart.CBUG.o)
                                                  Libs/libdrv.CBUG.a(drv_clk.CBUG.o)
                                                  Libs/libdrv.CBUG.a(cvtdate.CBUG.o)
                                                  Libs/librtxc.CBUG.a(rtxc.CBUG.o)
                                                  Libs/librtxc.CBUG.a(rtxcapi.CBUG.o)
                                                  Objs/main.CBUG.o
_etext                                            Libs/RTXCstartup.CBUG.o
_popccr                                           Libs/librtxc.CBUG.a(lock.CBUG.o)
                                                  Libs/librtxc.CBUG.a(rtxc.CBUG.o)
_pushccr                                          Libs/librtxc.CBUG.a(lock.CBUG.o)
                                                  Libs/librtxc.CBUG.a(rtxc.CBUG.o)
_startup                                          Libs/RTXCstartup.CBUG.o
adcmuxval                                         Libs/libdrv.CBUG.a(drv_adc.CBUG.o)
adcstart                                          Libs/libdrv.CBUG.a(drv_adc.CBUG.o)
                                                  Objs/main.CBUG.o
adcstop                                           Libs/libdrv.CBUG.a(drv_adc.CBUG.o)
                                                  Libs/libdrv.CBUG.a(extapi.CBUG.o)
can0drv                                           Libs/libdrv.CBUG.a(drv_can.CBUG.o)
can1drv                                           Libs/libdrv.CBUG.a(drv_can.CBUG.o)
canaddress                                        Libs/libdrv.CBUG.a(drv_can.CBUG.o)
canstart                                          Libs/libdrv.CBUG.a(drv_can.CBUG.o)
                                                  Objs/main.CBUG.o
canstop                                           Libs/libdrv.CBUG.a(drv_can.CBUG.o)
cbugflag                                          Libs/libdrv.CBUG.a(drv_clk.CBUG.o)
                                                  Libs/libdrv.CBUG.a(rtxcbug.CBUG.o)
cbugstack                                         Libs/libdrv.CBUG.a(rtxcbug.CBUG.o)
cfgDescriptor                                     Libs/libdrv.CBUG.a(drv_usb.CBUG.o)
clkc                                              Libs/libdrv.CBUG.a(drv_clk.CBUG.o)
clkqptr                                           Libs/libdrv.CBUG.a(cbugutil.CBUG.o)
                                                  Libs/libdrv.CBUG.a(rtxcbug.CBUG.o)
                                                  Libs/librtxc.CBUG.a(rtxc.CBUG.o)
clkstart                                          Libs/libdrv.CBUG.a(drv_clk.CBUG.o)
                                                  Objs/main.CBUG.o
clkstop                                           Libs/libdrv.CBUG.a(drv_clk.CBUG.o)
clockinit                                         Libs/librtxc.CBUG.a(rtxc.CBUG.o)
                                                  Libs/librtxc.CBUG.a(rtxcinit.CBUG.o)
com0drv                                           Libs/libdrv.CBUG.a(drv_uart.CBUG.o)
com0err                                           Libs/libdrv.CBUG.a(drv_uart.CBUG.o)
                                                  Libs/libdrv.CBUG.a(rtxcbug.CBUG.o)