Archive member included to satisfy reference by file (symbol)

Libs/librtxc.CBUG.a(rtxcinit.CBUG.o)
                              Objs/main.CBUG.o (rtxcinit)
Libs/librtxc.CBUG.a(rtxcapi.CBUG.o)
                              Objs/main.CBUG.o (KS_defslice)
Libs/librtxc.CBUG.a(rtxc.CBUG.o)
                              Libs/librtxc.CBUG.a(rtxcinit.CBUG.o) (taskinit)
Libs/librtxc.CBUG.a(lock.CBUG.o)
                              Objs/main.CBUG.o (_enable)
Libs/libdrv.CBUG.a(cpart.CBUG.o)
                              Libs/librtxc.CBUG.a(rtxc.CBUG.o) (pkkheader)
Libs/libdrv.CBUG.a(cqueue.CBUG.o)
                              Libs/librtxc.CBUG.a(rtxc.CBUG.o) (qkkheader)
Libs/libdrv.CBUG.a(cres.CBUG.o)
                              Libs/librtxc.CBUG.a(rtxcapi.CBUG.o) (rheader)
Libs/libdrv.CBUG.a(csema.CBUG.o)
                              Libs/librtxc.CBUG.a(rtxcapi.CBUG.o) (semat)
Libs/libdrv.CBUG.a(extapi.CBUG.o)
                              Objs/tasks.CBUG.o (EKS_GetSetup)
Libs/libdrv.CBUG.a(cvtdate.CBUG.o)
                              Libs/libdrv.CBUG.a(extapi.CBUG.o) (systime2date)
Libs/libdrv.CBUG.a(flashapi.CBUG.o)
                              Libs/libdrv.CBUG.a(extapi.CBUG.o) (SPI_FlashErase)
Libs/libdrv.CBUG.a(rtxcbug.CBUG.o)
                              Objs/main.CBUG.o (rtxcbug)
Libs/libdrv.CBUG.a(cbugutil.CBUG.o)
                              Libs/libdrv.CBUG.a(rtxcbug.CBUG.o) (inputs)
Libs/libdrv.CBUG.a(stdio_vsprintf.CBUG.o)
                              Libs/libdrv.CBUG.a(extapi.CBUG.o) (vsnprintf)
Libs/libdrv.CBUG.a(stdio_printf.CBUG.o)
                              Objs/tasks.CBUG.o (printf)
Libs/libdrv.CBUG.a(stdio_puts.CBUG.o)
                              Objs/tasks.CBUG.o (puts)
Libs/libdrv.CBUG.a(drv_clk.CBUG.o)
                              Objs/main.CBUG.o (LowLevelInit)
Libs/libdrv.CBUG.a(drv_uart.CBUG.o)
                              Libs/libdrv.CBUG.a(drv_clk.CBUG.o) (com3drvpit)
Libs/libdrv.CBUG.a(drv_can.CBUG.o)
                              Objs/main.CBUG.o (canstart)
Libs/libdrv.CBUG.a(drv_spi.CBUG.o)
                              Objs/main.CBUG.o (spistart)
Libs/libdrv.CBUG.a(drv_twi.CBUG.o)
                              Objs/main.CBUG.o (twistart)
Libs/libdrv.CBUG.a(drv_usb.CBUG.o)
                              Objs/main.CBUG.o (usbtask)
Libs/libdrv.CBUG.a(drv_adc.CBUG.o)
                              Objs/main.CBUG.o (adcstart)
Libs/libdrv.CBUG.a(drv_dio.CBUG.o)
                              Objs/main.CBUG.o (diostart)
Libs/libdrv.CBUG.a(stdio_strtol.CBUG.o)
                              Objs/tasks.CBUG.o (simple_strtol)
/home/name/test_kit/arm-gnu-toolchain-13.3.rel1-x86_64-arm-none-eabi/bin/../lib/gcc/arm-none-eabi/13.3.1/thumb/nofp/libgcc.a(_udivsi3.o)
                              Libs/RTXCutil.CBUG.o (__aeabi_uidiv)
/home/name/test_kit/arm-gnu-toolchain-13.3.rel1-x86_64-arm-none-eabi/bin/../lib/gcc/arm-none-eabi/13.3.1/thumb/nofp/libgcc.a(_divsi3.o)
                              Libs/RTXCutil.CBUG.o (__aeabi_idiv)
/home/name/test_kit/arm-gnu-toolchain-13.3.rel1-x86_64-arm-none-eabi/bin/../lib/gcc/arm-none-eabi/13.3.1/thumb/nofp/libgcc.a(_dvmd_tls.o)
                              /home/name/test_kit/arm-gnu-toolchain-13.3.rel1-x86_64-arm-none-eabi/bin/../lib/gcc/arm-none-eabi/13.3.1/thumb/nofp/libgcc.a(_udivsi3.o) (__aeabi_idiv0)
/home/name/test_kit/arm-gnu-toolchain-13.3.rel1-x86_64-arm-none-eabi/bin/../lib/gcc/arm-none-eabi/13.3.1/thumb/nofp/libgcc.a(_aeabi_ldivmod.o)
                              Libs/libdrv.CBUG.a(drv_clk.CBUG.o) (__aeabi_ldivmod)
/home/name/test_kit/arm-gnu-toolchain-13.3.rel1-x86_64-arm-none-eabi/bin/../lib/gcc/arm-none-eabi/13.3.1/thumb/nofp/libgcc.a(_aeabi_uldivmod.o)
                              Libs/libdrv.CBUG.a(stdio_vsprintf.CBUG.o) (__aeabi_uldivmod)
/home/name/test_kit/arm-gnu-toolchain-13.3.rel1-x86_64-arm-none-eabi/bin/../lib/gcc/arm-none-eabi/13.3.1/thumb/nofp/libgcc.a(_muldi3.o)
                              Libs/libdrv.CBUG.a(drv_clk.CBUG.o) (__aeabi_lmul)
/home/name/test_kit/arm-gnu-toolchain-13.3.rel1-x86_64-arm-none-eabi/bin/../lib/gcc/arm-none-eabi/13.3.1/thumb/nofp/libgcc.a(_udivmoddi4.o)
                              /home/name/test_kit/arm-gnu-toolchain-13.3.rel1-x86_64-arm-none-eabi/bin/../lib/gcc/arm-none-eabi/13.3.1/thumb/nofp/libgcc.a(_aeabi_ldivmod.o) (__udivmoddi4)
/home/name/test_kit/arm-gnu-toolchain-13.3.rel1-x86_64-arm-none-eabi/bin/../lib/gcc/arm-none-eabi/13.3.1/thumb/nofp/libgcc.a(_clzdi2.o)
                              /home/name/test_kit/arm-gnu-toolchain-13.3.rel1-x86_64-arm-none-eabi/bin/../lib/gcc/arm-none-eabi/13.3.1/thumb/nofp/libgcc.a(_udivmoddi4.o) (__clzdi2)
/home/name/test_kit/arm-gnu-toolchain-13.3.rel1-x86_64-arm-none-eabi/bin/../lib/gcc/arm-none-eabi/13.3.1/thumb/nofp/libgcc.a(_clzsi2.o)
                              /home/name/test_kit/arm-gnu-toolchain-13.3.rel1-x86_64-arm-none-eabi/bin/../lib/gcc/arm-none-eabi/13.3.1/thumb/nofp/libgcc.a(_clzdi2.o) (__clzsi2)
[...]
Memory Configuration

Name             Origin             Length             Attributes
CODE             0x00000000         0x00040000         xr
DATA             0x00200000         0x00008000         rw
STACK            0x00208000         0x00000000         rw
*default*        0x00000000         0xffffffff

Linker script and memory map

LOAD Libs/RTXCstartup.CBUG.o
LOAD Libs/RTXCutil.CBUG.o
LOAD Libs/RTXCsys32.CBUG.o
LOAD Objs/main.CBUG.o
LOAD Objs/tasks.CBUG.o
LOAD Libs/librtxc.CBUG.a
LOAD Libs/libdrv.CBUG.a
LOAD /home/name/test_kit/arm-gnu-toolchain-13.3.rel1-x86_64-arm-none-eabi/bin/../lib/gcc/arm-none-eabi/13.3.1/../../../../arm-none-eabi/lib/thumb/nofp/libm.a
START GROUP
LOAD /home/name/test_kit/arm-gnu-toolchain-13.3.rel1-x86_64-arm-none-eabi/bin/../lib/gcc/arm-none-eabi/13.3.1/thumb/nofp/libgcc.a
LOAD /home/name/test_kit/arm-gnu-toolchain-13.3.rel1-x86_64-arm-none-eabi/bin/../lib/gcc/arm-none-eabi/13.3.1/../../../../arm-none-eabi/lib/thumb/nofp/libc.a
END GROUP

.text           0x00000000      0x2f4
 *RTXCstartup*.o(.text)
 .text          0x00000000      0x2f4 Libs/RTXCstartup.CBUG.o
                0x00000000                _startup
                0x00000044                Global_RAM_TOP
                0x00000048                Global_KERNEL_TOP
                0x0000004c                Global_IRQ_STACK_SIZE
                0x00000050                Global_SVC_STACK_SIZE
                0x00000054                Global_SYSKERNEL_STACK_SIZE
                0x00000058                Global_STACK_FILLER
                0x00000108                exit
                0x0000010c                IRQ_Handler_Entry
                0x000001b0                SWI_Handler_Entry
                0x00000234                AT91F_Default_FIQ_handler
                0x00000238                AT91F_Default_IRQ_handler
                0x0000023c                AT91F_Spurious_handler
                0x00000278                CodeUpgrade

.vfp11_veneer   0x000002f4        0x0
 .vfp11_veneer  0x000002f4        0x0 linker stubs

.v4_bx          0x000002f4        0x0
 .v4_bx         0x000002f4        0x0 linker stubs

.iplt           0x000002f4        0x0
 .iplt          0x000002f4        0x0 Libs/RTXCstartup.CBUG.o

.text.__muldi3  0x000002f4       0x64
 .text.__muldi3
                0x000002f4       0x64 /home/name/test_kit/arm-gnu-toolchain-13.3.rel1-x86_64-arm-none-eabi/bin/../lib/gcc/arm-none-eabi/13.3.1/thumb/nofp/libgcc.a(_muldi3.o)
                0x000002f4                __aeabi_lmul
                0x000002f4                __muldi3

.text.__udivmoddi4
                0x00000358      0x1a8
 .text.__udivmoddi4
                0x00000358      0x19c /home/name/test_kit/arm-gnu-toolchain-13.3.rel1-x86_64-arm-none-eabi/bin/../lib/gcc/arm-none-eabi/13.3.1/thumb/nofp/libgcc.a(_udivmoddi4.o)
                0x00000358                __udivmoddi4
 *fill*         0x000004f4        0x4 
 .text.__udivmoddi4.__stub
                0x000004f8        0x8 linker stubs

.text.memcpy    0x00000500       0x90
 .text.memcpy   0x00000500       0x90 /home/name/test_kit/arm-gnu-toolchain-13.3.rel1-x86_64-arm-none-eabi/bin/../lib/gcc/arm-none-eabi/13.3.1/../../../../arm-none-eabi/lib/thumb/nofp/libc.a(libc_a-memcpy-stub.o)
                0x00000500                memcpy

.text.strlen    0x00000590       0x60
 .text.strlen   0x00000590       0x60 /home/name/test_kit/arm-gnu-toolchain-13.3.rel1-x86_64-arm-none-eabi/bin/../lib/gcc/arm-none-eabi/13.3.1/../../../../arm-none-eabi/lib/thumb/nofp/libc.a(libc_a-strlen-stub.o)
                0x00000590                strlen

.text.strnlen   0x000005f0       0x28
 .text.strnlen  0x000005f0       0x28 /home/name/test_kit/arm-gnu-toolchain-13.3.rel1-x86_64-arm-none-eabi/bin/../lib/gcc/arm-none-eabi/13.3.1/../../../../arm-none-eabi/lib/thumb/nofp/libc.a(libc_a-strnlen.o)
                0x000005f0                strnlen

.text.memcmp    0x00000618       0x4c
 .text.memcmp   0x00000618       0x4c /home/name/test_kit/arm-gnu-toolchain-13.3.rel1-x86_64-arm-none-eabi/bin/../lib/gcc/arm-none-eabi/13.3.1/../../../../arm-none-eabi/lib/thumb/nofp/libc.a(libc_a-memcmp.o)
                0x00000618                memcmp

.text.memset    0x00000664       0xb0
 .text.memset   0x00000664       0xb0 /home/name/test_kit/arm-gnu-toolchain-13.3.rel1-x86_64-arm-none-eabi/bin/../lib/gcc/arm-none-eabi/13.3.1/../../../../arm-none-eabi/lib/thumb/nofp/libc.a(libc_a-memset.o)
                0x00000664                memset

.text.__set_ctype
                0x00000714        0xc
 .text.__set_ctype
                0x00000714        0xc /home/name/test_kit/arm-gnu-toolchain-13.3.rel1-x86_64-arm-none-eabi/bin/../lib/gcc/arm-none-eabi/13.3.1/../../../../arm-none-eabi/lib/thumb/nofp/libc.a(libc_a-ctype_.o)
                0x00000714                __set_ctype

.text           0x00000720     0xaee8
 *(.text)
 .text          0x00000720      0x3b0 Libs/RTXCutil.CBUG.o
                0x00000720                AT91F_CLOCKinit
                0x0000098c                ProgramCopy
                0x00000acc                ProgramCopyEnd
 .text          0x00000ad0      0x280 Libs/RTXCsys32.CBUG.o
                0x00000b44                AT91F_WATCHDOGinit
                0x00000b58                AT91F_DataAbort
 .text          0x00000d50       0xe4 Objs/main.CBUG.o
                0x00000d50                maintask
                0x00000e00                putchar
                0x00000e18                getchar
 .text          0x00000e34     0x1568 Objs/tasks.CBUG.o
                0x00000e34                GetHexValue
                0x00000ea0                HandleSrecord
                0x00001070                HandleCanRead
                0x000010cc                ParseBuffer
                0x00002038                tk0extender
 .text          0x0000239c       0x20 Libs/librtxc.CBUG.a(rtxcinit.CBUG.o)
                0x0000239c                rtxcinit
 .text          0x000023bc      0x728 Libs/librtxc.CBUG.a(rtxcapi.CBUG.o)
                0x000023bc                KS_block
                0x000023d0                KS_version
                0x000023d8                KS_nop
                0x000023e8                KS_alloc
                0x00002428                KS_defpriority
                0x0000243c                KS_defslice
                0x00002464                KS_delay
                0x0000247c                KS_dequeue
                0x0000249c                KS_enqueue
                0x000024bc                KS_execute
                0x000024d0                KS_free
                0x000024e4                KS_lock
                0x0000255c                KS_pend
                0x00002570                KS_resume
                0x00002584                KS_signal
                0x0000259c                KS_stop_timer
                0x000025b4                KS_start_timer
                0x000025d4                KS_suspend
                0x000025e8                KS_terminate
                0x000025fc                KS_unblock
                0x00002610                KS_unlock
                0x00002680                KS_user
                0x00002698                KS_wait
                0x000026b4                KS_yield
                0x000026cc                KS_allocw
                0x00002728                KS_inqres
                0x00002740                KS_defres
                0x0000275c                KS_defqsema
                0x00002778                KS_dequeuew
                0x00002794                KS_elapse
                0x000027a8                KS_enqueuew
                0x000027c4                KS_inqmap
                0x000027d4                KS_lockw
                0x00002850                KS_purgequeue
                0x00002864                KS_waitm
                0x00002878                KS_inqtimer
                0x0000288c                KS_alloct
                0x00002904                KS_defqueue
                0x0000292c                KS_dequeuet
                0x00002958                KS_enqueuet
                0x00002984                KS_inqpriority
                0x000029a8                KS_inqqueue
                0x000029bc                KS_inqsema
                0x000029c8                KS_inqtask
                0x000029d4                KS_lockt
                0x00002a58                KS_pendm
                0x00002a6c                KS_restart_timer
                0x00002a90                KS_signalm
                0x00002aa4                KS_waitt
                0x00002ac4                KS_inqslice
 .text          0x00002ae4     0x19f0 Libs/librtxc.CBUG.a(rtxc.CBUG.o)
                0x00002cbc                taskinit
                0x00002d64                resinit
                0x00002d8c                partinit
                0x00002de8                queueinit
                0x00002e28                semainit
                0x00002e60                clockinit
                0x00002e64                KS_ISRalloc
                0x00002ea4                KS_ISRsignal
                0x00002ed0                postem
                0x00003208                rtxc
                0x00004420                KS_ISRexit
                0x0000447c                KS_ISRtick
 .text          0x000044d4       0x40 Libs/librtxc.CBUG.a(lock.CBUG.o)
                0x000044d4                _enable
                0x000044e8                _disable
                0x000044fc                _pushccr
                0x00004508                _popccr
 .text          0x00004514        0x0 Libs/libdrv.CBUG.a(cpart.CBUG.o)
 .text          0x00004514        0x0 Libs/libdrv.CBUG.a(cqueue.CBUG.o)
 .text          0x00004514        0x0 Libs/libdrv.CBUG.a(cres.CBUG.o)
 .text          0x00004514        0x0 Libs/libdrv.CBUG.a(csema.CBUG.o)
 .text          0x00004514     0x1ca8 Libs/libdrv.CBUG.a(extapi.CBUG.o)
                0x00004514                EKS_GetSetup
                0x00004540                EKS_ParSize
                0x00004548                CheckPointer
                0x0000459c                EKS_PktBufRelease
                0x00004620                EKS_PktBufCat
                0x000046d4                EKS_PktBufDuplicate
                0x00004808                EKS_PktBufLength
                0x0000488c                EKS_PktBufPullup
                0x00004978                EKS_PktBufCopy
                0x000049d8                EKS_PktBufComp
                0x00004a58                EKS_Pkt2BufComp
                0x00004c20                EKS_LCK_FlashRead
                0x00004c44                EKS_LCK_FlashWrite
                0x00004c7c                EKS_LCK_FlashErase
                0x00004c9c                EKS_FlashClear
                0x00004cc8                EKS_PktBufCheck
                0x00004d68                EKS_FlashTotal
                0x00004d70                EKS_FlashFree
                0x00004dd0                EKS_FlashCheckSum
                0x00004de8                EKS_PktBufMyTime
                0x00004efc                EKS_PktBufFromTime
                0x00004f0c                EKS_PktBufComprexTime
                0x00004f1c                EKS_PktBufAccTime
                0x00004f2c                EKS_GetHHMM
                0x00004f64                EKS_EnqShutdown
                0x00004f70                EKS_AskShutdown
                0x00004fb8                EKS_RamFill
                0x00004fdc                EKS_RamWrite
                0x00005050                EKS_RamRead
                0x00005084                EKS_RamCheckSum
                0x000050e4                pdebugt
                0x00005254                EKS_PktBufStore
                0x00005600                EKS_AgreeShutdown
                0x000056a8                panic
                0x000056cc                EKS_NewSetup
                0x00005724                EKS_ParClear
                0x0000576c                EKS_ParRead
                0x00005854                EKS_ParReadShort
                0x000058e8                EKS_ParReadLong
                0x00005984                EKS_PktBufCheckStore
                0x00005c24                EKS_ParWrite
                0x00005e1c                EKS_ParWriteShort
                0x00005e58                EKS_ParWriteLong
                0x00005e9c                EKS_PktBufAdd
                0x00005f34                EKS_PktBufAddString
                0x00005f80                EKS_PktBufRetrive
                0x000061a0                EKS_init
 .text          0x000061bc      0x28c Libs/libdrv.CBUG.a(cvtdate.CBUG.o)
                0x000061bc                date2systime
                0x00006248                systime2date
                0x00006340                RTC_WriteTime_t
                0x000063e4                RTC_ReadTime_t
                0x0000640c                RTC_WriteAlarm_t
                0x0000643c                RTC_ReadStatus
 .text          0x00006448      0x490 Libs/libdrv.CBUG.a(flashapi.CBUG.o)
                0x00006448                SPI_FlashWaitForEnd
                0x000064c8                SPI_FlashQuery
                0x0000655c                SPI_FlashErase
                0x000066ac                SPI_FlashRead
                0x00006780                SPI_FlashWrite
 .text          0x000068d8     0x1a0c Libs/libdrv.CBUG.a(rtxcbug.CBUG.o)
                0x00006f40                UsedStackEval
                0x00006f7c                cbugstack
                0x00007248                rtxcbug
 .text          0x000082e4      0x154 Libs/libdrv.CBUG.a(cbugutil.CBUG.o)
                0x000082e4                inputs
                0x00008390                showtime
                0x000083e8                xtaskname
                0x000083f8                xsemaname
                0x00008408                xpartname
                0x00008418                xqueuename
                0x00008428                xresname
 .text          0x00008438      0x870 Libs/libdrv.CBUG.a(stdio_vsprintf.CBUG.o)
                0x0000868c                vsnprintf
                0x000086ac                skip_atoi
                0x000086e4                local_vsnprintf
                0x00008c20                vsnprintf_repeater
                0x00008c30                snprintf
                0x00008c58                vsprintf
                0x00008c7c                sprintf
 .text          0x00008ca8       0x44 Libs/libdrv.CBUG.a(stdio_printf.CBUG.o)
                0x00008ca8                printf
 .text          0x00008cec       0x24 Libs/libdrv.CBUG.a(stdio_puts.CBUG.o)
                0x00008cec                puts
 .text          0x00008d10      0x39c Libs/libdrv.CBUG.a(drv_clk.CBUG.o)
                0x00008d10                slowclkc
                0x00008d20                clkc
                0x00008e3c                AT91F_AIC_Configure
                0x00008e6c                LowLevelInit
                0x00008eb0                clkstart
                0x00008f48                tickwait
                0x00008f90                tickmeasure
                0x00009010                random
                0x00009028                clkstop
                0x00009048                Set_LedBlinker
                0x0000908c                KS_inqtime
                0x00009098                KS_deftime
 .text          0x000090ac      0x960 Libs/libdrv.CBUG.a(drv_uart.CBUG.o)
                0x000090ac                com0drv
                0x00009184                com1drv
                0x0000925c                com2drv
                0x00009334                com3drvpit
                0x000093e8                uartDMAstartTx
                0x0000940c                uartDMAstartRx
                0x0000943c                uartstart
                0x00009608                uartdrv
                0x000099a0                uartstop
 .text          0x00009a0c      0x48c Libs/libdrv.CBUG.a(drv_can.CBUG.o)
                0x00009a0c                can0drv
                0x00009a44                can1drv
                0x00009a7c                canaddress
                0x00009a90                canstart
                0x00009b1c                CAN_speed
                0x00009cb0                CAN_configure
                0x00009d64                CAN_read
                0x00009e18                CAN_write
                0x00009e60                CAN_status
                0x00009e70                canstop
 .text          0x00009e98      0x220 Libs/libdrv.CBUG.a(drv_spi.CBUG.o)
                0x00009e98                spidrv
                0x00009ecc                spistart
                0x00009fcc                SPI_rtx2
                0x0000a094                spistop
 .text          0x0000a0b8      0x2e4 Libs/libdrv.CBUG.a(drv_twi.CBUG.o)
                0x0000a0b8                twidrv
                0x0000a14c                twistart
                0x0000a1c4                TWI_send
                0x0000a248                TWI_receive
                0x0000a2d4                TWI_txrx
                0x0000a37c                twistop
 .text          0x0000a39c      0x894 Libs/libdrv.CBUG.a(drv_usb.CBUG.o)
                0x0000a39c                usbdrv
                0x0000a400                USB_SendNextData
                0x0000a44c                USB_RxData
                0x0000a45c                USB_SendData
                0x0000a49c                USB_SendZlp
                0x0000a4c4                USB_SendStall
                0x0000a4f0                USB_RxSetup
                0x0000aa48                USB_Receive
                0x0000aaac                USB_Transmit
                0x0000ab14                usbtask
 .text          0x0000ac30      0x1fc Libs/libdrv.CBUG.a(drv_adc.CBUG.o)
                0x0000ac30                tc0drv
                0x0000ac7c                adcstart
                0x0000ad98                adcstop
                0x0000add4                ADC_read
 .text          0x0000ae2c      0x2b0 Libs/libdrv.CBUG.a(drv_dio.CBUG.o)
                0x0000ae2c                diostart
                0x0000aeb8                diostop
                0x0000aed4                dio_read
                0x0000af78                dio_write
                0x0000b034                dio_mask
                0x0000b0bc                dio_counter
 .text          0x0000b0dc       0xdc Libs/libdrv.CBUG.a(stdio_strtol.CBUG.o)
                0x0000b0dc                simple_strtoul
                0x0000b19c                simple_strtol
 .text          0x0000b1b8      0x11c /home/name/test_kit/arm-gnu-toolchain-13.3.rel1-x86_64-arm-none-eabi/bin/../lib/gcc/arm-none-eabi/13.3.1/thumb/nofp/libgcc.a(_udivsi3.o)
                0x0000b1b8                __udivsi3
                0x0000b1b8                __aeabi_uidiv
                0x0000b2b4                __aeabi_uidivmod
 .text          0x0000b2d4      0x150 /home/name/test_kit/arm-gnu-toolchain-13.3.rel1-x86_64-arm-none-eabi/bin/../lib/gcc/arm-none-eabi/13.3.1/thumb/nofp/libgcc.a(_divsi3.o)
                0x0000b2d4                __aeabi_idiv
                0x0000b2d4                __divsi3
                0x0000b404                __aeabi_idivmod
 .text          0x0000b424        0x4 /home/name/test_kit/arm-gnu-toolchain-13.3.rel1-x86_64-arm-none-eabi/bin/../lib/gcc/arm-none-eabi/13.3.1/thumb/nofp/libgcc.a(_dvmd_tls.o)
                0x0000b424                __aeabi_ldiv0
                0x0000b424                __aeabi_idiv0
 .text          0x0000b428       0xd4 /home/name/test_kit/arm-gnu-toolchain-13.3.rel1-x86_64-arm-none-eabi/bin/../lib/gcc/arm-none-eabi/13.3.1/thumb/nofp/libgcc.a(_aeabi_ldivmod.o)
                0x0000b428                __aeabi_ldivmod
 .text          0x0000b4fc       0x3c /home/name/test_kit/arm-gnu-toolchain-13.3.rel1-x86_64-arm-none-eabi/bin/../lib/gcc/arm-none-eabi/13.3.1/thumb/nofp/libgcc.a(_aeabi_uldivmod.o)
                0x0000b4fc                __aeabi_uldivmod
 .text          0x0000b538        0x0 /home/name/test_kit/arm-gnu-toolchain-13.3.rel1-x86_64-arm-none-eabi/bin/../lib/gcc/arm-none-eabi/13.3.1/thumb/nofp/libgcc.a(_muldi3.o)
 .text          0x0000b538        0x0 /home/name/test_kit/arm-gnu-toolchain-13.3.rel1-x86_64-arm-none-eabi/bin/../lib/gcc/arm-none-eabi/13.3.1/thumb/nofp/libgcc.a(_udivmoddi4.o)
 .text          0x0000b538       0x28 /home/name/test_kit/arm-gnu-toolchain-13.3.rel1-x86_64-arm-none-eabi/bin/../lib/gcc/arm-none-eabi/13.3.1/thumb/nofp/libgcc.a(_clzdi2.o)
                0x0000b538                __clzdi2
 .text          0x0000b560       0x48 /home/name/test_kit/arm-gnu-toolchain-13.3.rel1-x86_64-arm-none-eabi/bin/../lib/gcc/arm-none-eabi/13.3.1/thumb/nofp/libgcc.a(_clzsi2.o)
                0x0000b560                __clzsi2
 .text          0x0000b5a8        0x0 /home/name/test_kit/arm-gnu-toolchain-13.3.rel1-x86_64-arm-none-eabi/bin/../lib/gcc/arm-none-eabi/13.3.1/../../../../arm-none-eabi/lib/thumb/nofp/libc.a(libc_a-memcpy-stub.o)
 .text          0x0000b5a8        0x0 /home/name/test_kit/arm-gnu-toolchain-13.3.rel1-x86_64-arm-none-eabi/bin/../lib/gcc/arm-none-eabi/13.3.1/../../../../arm-none-eabi/lib/thumb/nofp/libc.a(libc_a-strlen-stub.o)
 .text          0x0000b5a8        0x0 /home/name/test_kit/arm-gnu-toolchain-13.3.rel1-x86_64-arm-none-eabi/bin/../lib/gcc/arm-none-eabi/13.3.1/../../../../arm-none-eabi/lib/thumb/nofp/libc.a(libc_a-strnlen.o)
 .text          0x0000b5a8        0x0 /home/name/test_kit/arm-gnu-toolchain-13.3.rel1-x86_64-arm-none-eabi/bin/../lib/gcc/arm-none-eabi/13.3.1/../../../../arm-none-eabi/lib/thumb/nofp/libc.a(libc_a-memcmp.o)
 .text          0x0000b5a8        0x0 /home/name/test_kit/arm-gnu-toolchain-13.3.rel1-x86_64-arm-none-eabi/bin/../lib/gcc/arm-none-eabi/13.3.1/../../../../arm-none-eabi/lib/thumb/nofp/libc.a(libc_a-memset.o)
 .text          0x0000b5a8        0x0 /home/name/test_kit/arm-gnu-toolchain-13.3.rel1-x86_64-arm-none-eabi/bin/../lib/gcc/arm-none-eabi/13.3.1/../../../../arm-none-eabi/lib/thumb/nofp/libc.a(libc_a-ctype_.o)
 .text.__stub   0x0000b5a8       0x54 linker stubs
 *(.glue_7t)
 .glue_7t       0x0000b608        0x0 linker stubs
 *(.glue_7)
 .glue_7        0x0000b608        0x0 linker stubs
                0x0000b608                        . = ALIGN (0x4)

.rodata         0x0000b608     0x2405
 *(.rodata*)
 .rodata.str1.4
                0x0000b608     0x1350 Libs/RTXCsys32.CBUG.o
                                 0x3f (size before relaxing)
 .rodata        0x0000c958       0x86 Objs/main.CBUG.o
                0x0000c960                rtxkktcb
                0x0000c9b0                taskkname
                0x0000c9dd                ntasks
 .rodata.str1.4
                0x0000c9de      0x6ec Objs/tasks.CBUG.o
 *fill*         0x0000c9de        0x2 
 .rodata        0x0000c9e0      0x152 Objs/tasks.CBUG.o
 .rodata.str1.4
                0x0000cb32       0x1d Libs/librtxc.CBUG.a(rtxcapi.CBUG.o)
 *fill*         0x0000cb32        0x2 
 .rodata        0x0000cb34       0xc0 Libs/librtxc.CBUG.a(rtxc.CBUG.o)
 .rodata        0x0000cbf4       0x2d Libs/libdrv.CBUG.a(cpart.CBUG.o)
                0x0000cbf4                partkname
                0x0000cc08                pkkheader
                0x0000cc20                nparts
 *fill*         0x0000cc21        0x3 
 .rodata        0x0000cc24      0x151 Libs/libdrv.CBUG.a(cqueue.CBUG.o)
                0x0000cc24                queuekname
                0x0000ccb4                qkkheader
                0x0000cd74                nqueues
 *fill*         0x0000cd75        0x3 
 .rodata        0x0000cd78       0x40 Libs/libdrv.CBUG.a(cres.CBUG.o)
                0x0000cd78                reskname
                0x0000cdb7                nres
 .rodata        0x0000cdb8      0x155 Libs/libdrv.CBUG.a(csema.CBUG.o)
                0x0000cdb8                semakname
                0x0000cf08                siglistsize
                0x0000cf0c                nsemas
 .rodata.str1.4
                0x0000cf0d      0x129 Libs/libdrv.CBUG.a(extapi.CBUG.o)
 .rodata.str1.4
                0x0000cf0d       0xb8 Libs/libdrv.CBUG.a(flashapi.CBUG.o)
 .rodata.str1.4
                0x0000cf0d      0x8ff Libs/libdrv.CBUG.a(rtxcbug.CBUG.o)
 *fill*         0x0000cf0d        0x3 
 .rodata        0x0000cf10      0x240 Libs/libdrv.CBUG.a(rtxcbug.CBUG.o)
 .rodata.str1.4
                0x0000d150        0x8 Libs/libdrv.CBUG.a(cbugutil.CBUG.o)
 .rodata.str1.4
                0x0000d150        0x7 Libs/libdrv.CBUG.a(stdio_vsprintf.CBUG.o)
 .rodata        0x0000d150      0x721 Libs/libdrv.CBUG.a(stdio_vsprintf.CBUG.o)
 *fill*         0x0000d871        0x3 
 .rodata        0x0000d874       0x38 Libs/libdrv.CBUG.a(drv_uart.CBUG.o)
 .rodata.str1.4
                0x0000d8ac       0x4e Libs/libdrv.CBUG.a(drv_can.CBUG.o)
 .rodata.str1.4
                0x0000d8ac       0x42 Libs/libdrv.CBUG.a(drv_spi.CBUG.o)
 .rodata.str1.4
                0x0000d8ac       0x67 Libs/libdrv.CBUG.a(drv_twi.CBUG.o)
 .rodata        0x0000d8ac       0x5f Libs/libdrv.CBUG.a(drv_usb.CBUG.o)
                0x0000d8ac                devDescriptor
                0x0000d8c0                cfgDescriptor
                0x0000d904                line_pars
 .rodata.str1.4
                0x0000d90b       0x28 Libs/libdrv.CBUG.a(drv_dio.CBUG.o)
 *fill*         0x0000d90b        0x1 
 .rodata._ctype_
                0x0000d90c      0x101 /home/name/test_kit/arm-gnu-toolchain-13.3.rel1-x86_64-arm-none-eabi/bin/../lib/gcc/arm-none-eabi/13.3.1/../../../../arm-none-eabi/lib/thumb/nofp/libc.a(libc_a-ctype_.o)
                0x0000d90c                _ctype_

.ARM.extab.text.__udivmoddi4
                0x0000da0d        0x0
 .ARM.extab.text.__udivmoddi4
                0x0000da0d        0x0 /home/name/test_kit/arm-gnu-toolchain-13.3.rel1-x86_64-arm-none-eabi/bin/../lib/gcc/arm-none-eabi/13.3.1/thumb/nofp/libgcc.a(_udivmoddi4.o)

.ARM.exidx.text.__udivmoddi4
                0x0000da10        0x8
 .ARM.exidx.text.__udivmoddi4
                0x0000da10        0x8 /home/name/test_kit/arm-gnu-toolchain-13.3.rel1-x86_64-arm-none-eabi/bin/../lib/gcc/arm-none-eabi/13.3.1/thumb/nofp/libgcc.a(_udivmoddi4.o)

.rel.dyn        0x0000da18        0x0
 .rel.iplt      0x0000da18        0x0 Libs/RTXCstartup.CBUG.o
                0x0000da18                        . = ALIGN (0x4)
                0x0000da18                        _etext = .
                [!provide]                        PROVIDE (etext = .)

.data           0x00200000        0x4 load address 0x0000da18
                0x00200000                        _data = .
 *(.data)
 .data          0x00200000        0x0 Libs/RTXCstartup.CBUG.o
 .data          0x00200000        0x0 Libs/RTXCutil.CBUG.o
 .data          0x00200000        0x0 Libs/RTXCsys32.CBUG.o
 .data          0x00200000        0x0 Objs/main.CBUG.o
 .data          0x00200000        0x0 Objs/tasks.CBUG.o
 .data          0x00200000        0x0 Libs/librtxc.CBUG.a(rtxcinit.CBUG.o)
 .data          0x00200000        0x0 Libs/librtxc.CBUG.a(rtxcapi.CBUG.o)
 .data          0x00200000        0x0 Libs/librtxc.CBUG.a(rtxc.CBUG.o)
 .data          0x00200000        0x0 Libs/librtxc.CBUG.a(lock.CBUG.o)
 .data          0x00200000        0x0 Libs/libdrv.CBUG.a(cpart.CBUG.o)
 .data          0x00200000        0x0 Libs/libdrv.CBUG.a(cqueue.CBUG.o)
 .data          0x00200000        0x0 Libs/libdrv.CBUG.a(cres.CBUG.o)
 .data          0x00200000        0x0 Libs/libdrv.CBUG.a(csema.CBUG.o)
 .data          0x00200000        0x0 Libs/libdrv.CBUG.a(extapi.CBUG.o)
 .data          0x00200000        0x0 Libs/libdrv.CBUG.a(cvtdate.CBUG.o)
 .data          0x00200000        0x0 Libs/libdrv.CBUG.a(flashapi.CBUG.o)
 .data          0x00200000        0x0 Libs/libdrv.CBUG.a(rtxcbug.CBUG.o)
 .data          0x00200000        0x0 Libs/libdrv.CBUG.a(cbugutil.CBUG.o)
 .data          0x00200000        0x0 Libs/libdrv.CBUG.a(stdio_vsprintf.CBUG.o)
 .data          0x00200000        0x0 Libs/libdrv.CBUG.a(stdio_printf.CBUG.o)
 .data          0x00200000        0x0 Libs/libdrv.CBUG.a(stdio_puts.CBUG.o)
 .data          0x00200000        0x0 Libs/libdrv.CBUG.a(drv_clk.CBUG.o)
 .data          0x00200000        0x0 Libs/libdrv.CBUG.a(drv_uart.CBUG.o)
 .data          0x00200000        0x0 Libs/libdrv.CBUG.a(drv_can.CBUG.o)
 .data          0x00200000        0x0 Libs/libdrv.CBUG.a(drv_spi.CBUG.o)
 .data          0x00200000        0x0 Libs/libdrv.CBUG.a(drv_twi.CBUG.o)
 .data          0x00200000        0x0 Libs/libdrv.CBUG.a(drv_usb.CBUG.o)
 .data          0x00200000        0x4 Libs/libdrv.CBUG.a(drv_adc.CBUG.o)
                0x00200000                ADcoeff
 .data          0x00200004        0x0 Libs/libdrv.CBUG.a(drv_dio.CBUG.o)
 .data          0x00200004        0x0 Libs/libdrv.CBUG.a(stdio_strtol.CBUG.o)
 .data          0x00200004        0x0 /home/name/test_kit/arm-gnu-toolchain-13.3.rel1-x86_64-arm-none-eabi/bin/../lib/gcc/arm-none-eabi/13.3.1/thumb/nofp/libgcc.a(_udivsi3.o)
 .data          0x00200004        0x0 /home/name/test_kit/arm-gnu-toolchain-13.3.rel1-x86_64-arm-none-eabi/bin/../lib/gcc/arm-none-eabi/13.3.1/thumb/nofp/libgcc.a(_divsi3.o)
 .data          0x00200004        0x0 /home/name/test_kit/arm-gnu-toolchain-13.3.rel1-x86_64-arm-none-eabi/bin/../lib/gcc/arm-none-eabi/13.3.1/thumb/nofp/libgcc.a(_dvmd_tls.o)
 .data          0x00200004        0x0 /home/name/test_kit/arm-gnu-toolchain-13.3.rel1-x86_64-arm-none-eabi/bin/../lib/gcc/arm-none-eabi/13.3.1/thumb/nofp/libgcc.a(_aeabi_ldivmod.o)
 .data          0x00200004        0x0 /home/name/test_kit/arm-gnu-toolchain-13.3.rel1-x86_64-arm-none-eabi/bin/../lib/gcc/arm-none-eabi/13.3.1/thumb/nofp/libgcc.a(_aeabi_uldivmod.o)
 .data          0x00200004        0x0 /home/name/test_kit/arm-gnu-toolchain-13.3.rel1-x86_64-arm-none-eabi/bin/../lib/gcc/arm-none-eabi/13.3.1/thumb/nofp/libgcc.a(_muldi3.o)
 .data          0x00200004        0x0 /home/name/test_kit/arm-gnu-toolchain-13.3.rel1-x86_64-arm-none-eabi/bin/../lib/gcc/arm-none-eabi/13.3.1/thumb/nofp/libgcc.a(_udivmoddi4.o)
 .data          0x00200004        0x0 /home/name/test_kit/arm-gnu-toolchain-13.3.rel1-x86_64-arm-none-eabi/bin/../lib/gcc/arm-none-eabi/13.3.1/thumb/nofp/libgcc.a(_clzdi2.o)
 .data          0x00200004        0x0 /home/name/test_kit/arm-gnu-toolchain-13.3.rel1-x86_64-arm-none-eabi/bin/../lib/gcc/arm-none-eabi/13.3.1/thumb/nofp/libgcc.a(_clzsi2.o)
 .data          0x00200004        0x0 /home/name/test_kit/arm-gnu-toolchain-13.3.rel1-x86_64-arm-none-eabi/bin/../lib/gcc/arm-none-eabi/13.3.1/../../../../arm-none-eabi/lib/thumb/nofp/libc.a(libc_a-memcpy-stub.o)
 .data          0x00200004        0x0 /home/name/test_kit/arm-gnu-toolchain-13.3.rel1-x86_64-arm-none-eabi/bin/../lib/gcc/arm-none-eabi/13.3.1/../../../../arm-none-eabi/lib/thumb/nofp/libc.a(libc_a-strlen-stub.o)
 .data          0x00200004        0x0 /home/name/test_kit/arm-gnu-toolchain-13.3.rel1-x86_64-arm-none-eabi/bin/../lib/gcc/arm-none-eabi/13.3.1/../../../../arm-none-eabi/lib/thumb/nofp/libc.a(libc_a-strnlen.o)
 .data          0x00200004        0x0 /home/name/test_kit/arm-gnu-toolchain-13.3.rel1-x86_64-arm-none-eabi/bin/../lib/gcc/arm-none-eabi/13.3.1/../../../../arm-none-eabi/lib/thumb/nofp/libc.a(libc_a-memcmp.o)
 .data          0x00200004        0x0 /home/name/test_kit/arm-gnu-toolchain-13.3.rel1-x86_64-arm-none-eabi/bin/../lib/gcc/arm-none-eabi/13.3.1/../../../../arm-none-eabi/lib/thumb/nofp/libc.a(libc_a-memset.o)
 .data          0x00200004        0x0 /home/name/test_kit/arm-gnu-toolchain-13.3.rel1-x86_64-arm-none-eabi/bin/../lib/gcc/arm-none-eabi/13.3.1/../../../../arm-none-eabi/lib/thumb/nofp/libc.a(libc_a-ctype_.o)

.igot.plt       0x00200004        0x0 load address 0x0000da1c
 .igot.plt      0x00200004        0x0 Libs/RTXCstartup.CBUG.o
                0x00200004                        . = ALIGN (0x4)
                0x00200004                        _edata = .
                [!provide]                        PROVIDE (edata = .)

.bss            0x00200004     0x323c load address 0x0000da1c
                0x00200004                        __bss_start = .
                0x00200004                        __bss_start__ = .
 *(.bss)
 .bss           0x00200004        0x0 Libs/RTXCstartup.CBUG.o
 .bss           0x00200004        0x0 Libs/RTXCutil.CBUG.o
 .bss           0x00200004       0x3c Libs/RTXCsys32.CBUG.o
                0x00200004                regcopy
 .bss           0x00200040       0xb4 Objs/main.CBUG.o
                0x00200040                rtxtcb
 .bss           0x002000f4      0x31c Objs/tasks.CBUG.o
                0x002000f4                GlobTimer
                0x002000f8                GlobCurrTimer
                0x00200190                CanMsg
                0x00200290                CanLenMsg
                0x00200310                CanCurrTimer
                0x00200390                CanTimer
 .bss           0x00200410        0x0 Libs/librtxc.CBUG.a(rtxcinit.CBUG.o)
 .bss           0x00200410        0x0 Libs/librtxc.CBUG.a(rtxcapi.CBUG.o)
 .bss           0x00200410       0x2a Libs/librtxc.CBUG.a(rtxc.CBUG.o)
                0x00200410                clkqptr
                0x00200414                rtctick
                0x00200418                hipritsk
                0x0020041c                semaput
                0x00200420                scheduler
                0x00200424                nsrttcb
                0x00200428                kernellastrunstack
                0x0020042c                semaget
                0x00200430                t_expired
                0x00200434                sliceup
                0x00200438                isrcnt
                0x00200439                isrmax
 .bss           0x0020043a        0x0 Libs/librtxc.CBUG.a(lock.CBUG.o)
 *fill*         0x0020043a        0x2 
 .bss           0x0020043c     0x1840 Libs/libdrv.CBUG.a(cpart.CBUG.o)
                0x0020043c                pheader
 .bss           0x00201c7c      0xa90 Libs/libdrv.CBUG.a(cqueue.CBUG.o)
                0x00201c7c                qheader
 .bss           0x0020270c       0xc4 Libs/libdrv.CBUG.a(cres.CBUG.o)
                0x0020270c                rheader
 .bss           0x002027d0       0x48 Libs/libdrv.CBUG.a(csema.CBUG.o)
                0x002027d0                semat
                0x002027f8                siglist
 .bss           0x00202818      0x12a Libs/libdrv.CBUG.a(extapi.CBUG.o)
                0x0020281c                trans_addr
                0x00202842                extapibuf
 .bss           0x00202942        0x0 Libs/libdrv.CBUG.a(cvtdate.CBUG.o)
 .bss           0x00202942        0x1 Libs/libdrv.CBUG.a(flashapi.CBUG.o)
                0x00202942                flashcode
 *fill*         0x00202943        0x1 
 .bss           0x00202944      0x104 Libs/libdrv.CBUG.a(rtxcbug.CBUG.o)
                0x00202944                cbugflag
 .bss           0x00202a48        0x0 Libs/libdrv.CBUG.a(cbugutil.CBUG.o)
 .bss           0x00202a48        0x0 Libs/libdrv.CBUG.a(stdio_vsprintf.CBUG.o)
 .bss           0x00202a48        0x0 Libs/libdrv.CBUG.a(stdio_printf.CBUG.o)
 .bss           0x00202a48        0x0 Libs/libdrv.CBUG.a(stdio_puts.CBUG.o)
 .bss           0x00202a48       0x28 Libs/libdrv.CBUG.a(drv_clk.CBUG.o)
                0x00202a50                led_counter
                0x00202a54                led_prescaler
                0x00202a58                led_curmask
                0x00202a60                led_bitnum
                0x00202a64                led_mask
 .bss           0x00202a70       0xd8 Libs/libdrv.CBUG.a(drv_uart.CBUG.o)
                0x00202a70                rxbuffidx
                0x00202a74                iptr
                0x00202a78                nptr
                0x00202a7c                com0err
                0x00202a7e                com1err
                0x00202a80                com2err
                0x00202a82                com3err
                0x00202a84                cptr
                0x00202ac8                rxbuff
 .bss           0x00202b48        0xa Libs/libdrv.CBUG.a(drv_can.CBUG.o)
                0x00202b48                int_pend
                0x00202b4c                int_mask
                0x00202b50                CanStatus
 *fill*         0x00202b52        0x2 
 .bss           0x00202b54        0x8 Libs/libdrv.CBUG.a(drv_spi.CBUG.o)
                0x00202b54                spi0err
                0x00202b55                spi0start
 .bss           0x00202b5c        0xa Libs/libdrv.CBUG.a(drv_twi.CBUG.o)
                0x00202b5c                twibuflen
                0x00202b60                twibufptr
                0x00202b64                twi0err
 *fill*         0x00202b66        0x2 
 .bss           0x00202b68       0x12 Libs/libdrv.CBUG.a(drv_usb.CBUG.o)
                0x00202b68                currDataLen
                0x00202b6c                currDataPtr
                0x00202b70                currConfiguration
                0x00202b71                currConnection
                0x00202b74                currRcvBank
                0x00202b78                usberr
 *fill*         0x00202b7a        0x2 
 .bss           0x00202b7c       0x14 Libs/libdrv.CBUG.a(drv_adc.CBUG.o)
                0x00202b7c                muxnum
                0x00202b80                adcmuxval
 .bss           0x00202b90        0x4 Libs/libdrv.CBUG.a(drv_dio.CBUG.o)
                0x00202b90                tw1in_change
                0x00202b92                tw2in_change
 .bss           0x00202b94        0x0 Libs/libdrv.CBUG.a(stdio_strtol.CBUG.o)
 .bss           0x00202b94        0x0 /home/name/test_kit/arm-gnu-toolchain-13.3.rel1-x86_64-arm-none-eabi/bin/../lib/gcc/arm-none-eabi/13.3.1/thumb/nofp/libgcc.a(_udivsi3.o)
 .bss           0x00202b94        0x0 /home/name/test_kit/arm-gnu-toolchain-13.3.rel1-x86_64-arm-none-eabi/bin/../lib/gcc/arm-none-eabi/13.3.1/thumb/nofp/libgcc.a(_divsi3.o)
 .bss           0x00202b94        0x0 /home/name/test_kit/arm-gnu-toolchain-13.3.rel1-x86_64-arm-none-eabi/bin/../lib/gcc/arm-none-eabi/13.3.1/thumb/nofp/libgcc.a(_dvmd_tls.o)
 .bss           0x00202b94        0x0 /home/name/test_kit/arm-gnu-toolchain-13.3.rel1-x86_64-arm-none-eabi/bin/../lib/gcc/arm-none-eabi/13.3.1/thumb/nofp/libgcc.a(_aeabi_ldivmod.o)
 .bss           0x00202b94        0x0 /home/name/test_kit/arm-gnu-toolchain-13.3.rel1-x86_64-arm-none-eabi/bin/../lib/gcc/arm-none-eabi/13.3.1/thumb/nofp/libgcc.a(_aeabi_uldivmod.o)
 .bss           0x00202b94        0x0 /home/name/test_kit/arm-gnu-toolchain-13.3.rel1-x86_64-arm-none-eabi/bin/../lib/gcc/arm-none-eabi/13.3.1/thumb/nofp/libgcc.a(_muldi3.o)
 .bss           0x00202b94        0x0 /home/name/test_kit/arm-gnu-toolchain-13.3.rel1-x86_64-arm-none-eabi/bin/../lib/gcc/arm-none-eabi/13.3.1/thumb/nofp/libgcc.a(_udivmoddi4.o)
 .bss           0x00202b94        0x0 /home/name/test_kit/arm-gnu-toolchain-13.3.rel1-x86_64-arm-none-eabi/bin/../lib/gcc/arm-none-eabi/13.3.1/thumb/nofp/libgcc.a(_clzdi2.o)
 .bss           0x00202b94        0x0 /home/name/test_kit/arm-gnu-toolchain-13.3.rel1-x86_64-arm-none-eabi/bin/../lib/gcc/arm-none-eabi/13.3.1/thumb/nofp/libgcc.a(_clzsi2.o)
 .bss           0x00202b94        0x0 /home/name/test_kit/arm-gnu-toolchain-13.3.rel1-x86_64-arm-none-eabi/bin/../lib/gcc/arm-none-eabi/13.3.1/../../../../arm-none-eabi/lib/thumb/nofp/libc.a(libc_a-memcpy-stub.o)
 .bss           0x00202b94        0x0 /home/name/test_kit/arm-gnu-toolchain-13.3.rel1-x86_64-arm-none-eabi/bin/../lib/gcc/arm-none-eabi/13.3.1/../../../../arm-none-eabi/lib/thumb/nofp/libc.a(libc_a-strlen-stub.o)
 .bss           0x00202b94        0x0 /home/name/test_kit/arm-gnu-toolchain-13.3.rel1-x86_64-arm-none-eabi/bin/../lib/gcc/arm-none-eabi/13.3.1/../../../../arm-none-eabi/lib/thumb/nofp/libc.a(libc_a-strnlen.o)
 .bss           0x00202b94        0x0 /home/name/test_kit/arm-gnu-toolchain-13.3.rel1-x86_64-arm-none-eabi/bin/../lib/gcc/arm-none-eabi/13.3.1/../../../../arm-none-eabi/lib/thumb/nofp/libc.a(libc_a-memcmp.o)
 .bss           0x00202b94        0x0 /home/name/test_kit/arm-gnu-toolchain-13.3.rel1-x86_64-arm-none-eabi/bin/../lib/gcc/arm-none-eabi/13.3.1/../../../../arm-none-eabi/lib/thumb/nofp/libc.a(libc_a-memset.o)
 .bss           0x00202b94        0x0 /home/name/test_kit/arm-gnu-toolchain-13.3.rel1-x86_64-arm-none-eabi/bin/../lib/gcc/arm-none-eabi/13.3.1/../../../../arm-none-eabi/lib/thumb/nofp/libc.a(libc_a-ctype_.o)
 *(COMMON)
                0x00202b94                        . = ALIGN (0x4)
                0x00202b94                        __bss_end = .
                0x00202b94                        __bss_end__ = .
                0x00202b94                        __noinit_start = .
 *(.noinit)
 .noinit        0x00202b94        0x4 Libs/RTXCutil.CBUG.o
                0x00202b94                current_clock
 .noinit        0x00202b98      0x6a8 Objs/main.CBUG.o
                0x00203240                        __noinit_end = .

.int_data       0x00208000        0x0
 *(.internal_ram_top)
 .internal_ram_top
                0x00208000        0x0 Libs/RTXCstartup.CBUG.o
                0x00208000                        ram_end = ADDR (.int_data)
OUTPUT(Objs/main.CBUG.elf elf32-littlearm)
LOAD linker stubs

.reset          0x00000000        0x0
 .reset         0x00000000        0x0 Libs/RTXCstartup.CBUG.o

.ARM.attributes
                0x00000000       0x26
 .ARM.attributes
                0x00000000       0x1a Libs/RTXCstartup.CBUG.o
 .ARM.attributes
                0x0000001a       0x2a Libs/RTXCutil.CBUG.o
 .ARM.attributes
                0x00000044       0x2a Libs/RTXCsys32.CBUG.o
 .ARM.attributes
                0x0000006e       0x2a Objs/main.CBUG.o
 .ARM.attributes
                0x00000098       0x2a Objs/tasks.CBUG.o
 .ARM.attributes
                0x000000c2       0x2a Libs/librtxc.CBUG.a(rtxcinit.CBUG.o)
 .ARM.attributes
                0x000000ec       0x2a Libs/librtxc.CBUG.a(rtxcapi.CBUG.o)
 .ARM.attributes
                0x00000116       0x2a Libs/librtxc.CBUG.a(rtxc.CBUG.o)
 .ARM.attributes
                0x00000140       0x1a Libs/librtxc.CBUG.a(lock.CBUG.o)
 .ARM.attributes
                0x0000015a       0x2a Libs/libdrv.CBUG.a(cpart.CBUG.o)
 .ARM.attributes
                0x00000184       0x2a Libs/libdrv.CBUG.a(cqueue.CBUG.o)
 .ARM.attributes
                0x000001ae       0x2a Libs/libdrv.CBUG.a(cres.CBUG.o)
 .ARM.attributes
                0x000001d8       0x2a Libs/libdrv.CBUG.a(csema.CBUG.o)
 .ARM.attributes
                0x00000202       0x2a Libs/libdrv.CBUG.a(extapi.CBUG.o)
 .ARM.attributes
                0x0000022c       0x2a Libs/libdrv.CBUG.a(cvtdate.CBUG.o)
 .ARM.attributes
                0x00000256       0x2a Libs/libdrv.CBUG.a(flashapi.CBUG.o)
 .ARM.attributes
                0x00000280       0x2a Libs/libdrv.CBUG.a(rtxcbug.CBUG.o)
 .ARM.attributes
                0x000002aa       0x2a Libs/libdrv.CBUG.a(cbugutil.CBUG.o)
 .ARM.attributes
                0x000002d4       0x2a Libs/libdrv.CBUG.a(stdio_vsprintf.CBUG.o)
 .ARM.attributes
                0x000002fe       0x2a Libs/libdrv.CBUG.a(stdio_printf.CBUG.o)
 .ARM.attributes
                0x00000328       0x2a Libs/libdrv.CBUG.a(stdio_puts.CBUG.o)
 .ARM.attributes
                0x00000352       0x2a Libs/libdrv.CBUG.a(drv_clk.CBUG.o)
 .ARM.attributes
                0x0000037c       0x2a Libs/libdrv.CBUG.a(drv_uart.CBUG.o)
 .ARM.attributes
                0x000003a6       0x2a Libs/libdrv.CBUG.a(drv_can.CBUG.o)
 .ARM.attributes
                0x000003d0       0x2a Libs/libdrv.CBUG.a(drv_spi.CBUG.o)
 .ARM.attributes
                0x000003fa       0x2a Libs/libdrv.CBUG.a(drv_twi.CBUG.o)
 .ARM.attributes
                0x00000424       0x2a Libs/libdrv.CBUG.a(drv_usb.CBUG.o)
 .ARM.attributes
                0x0000044e       0x2a Libs/libdrv.CBUG.a(drv_adc.CBUG.o)
 .ARM.attributes
                0x00000478       0x2a Libs/libdrv.CBUG.a(drv_dio.CBUG.o)
 .ARM.attributes
                0x000004a2       0x2a Libs/libdrv.CBUG.a(stdio_strtol.CBUG.o)
 .ARM.attributes
                0x000004cc       0x1c /home/name/test_kit/arm-gnu-toolchain-13.3.rel1-x86_64-arm-none-eabi/bin/../lib/gcc/arm-none-eabi/13.3.1/thumb/nofp/libgcc.a(_udivsi3.o)
 .ARM.attributes
                0x000004e8       0x1c /home/name/test_kit/arm-gnu-toolchain-13.3.rel1-x86_64-arm-none-eabi/bin/../lib/gcc/arm-none-eabi/13.3.1/thumb/nofp/libgcc.a(_divsi3.o)
 .ARM.attributes
                0x00000504       0x1c /home/name/test_kit/arm-gnu-toolchain-13.3.rel1-x86_64-arm-none-eabi/bin/../lib/gcc/arm-none-eabi/13.3.1/thumb/nofp/libgcc.a(_dvmd_tls.o)
 .ARM.attributes
                0x00000520       0x1c /home/name/test_kit/arm-gnu-toolchain-13.3.rel1-x86_64-arm-none-eabi/bin/../lib/gcc/arm-none-eabi/13.3.1/thumb/nofp/libgcc.a(_aeabi_ldivmod.o)
 .ARM.attributes
                0x0000053c       0x1c /home/name/test_kit/arm-gnu-toolchain-13.3.rel1-x86_64-arm-none-eabi/bin/../lib/gcc/arm-none-eabi/13.3.1/thumb/nofp/libgcc.a(_aeabi_uldivmod.o)
 .ARM.attributes
                0x00000558       0x2a /home/name/test_kit/arm-gnu-toolchain-13.3.rel1-x86_64-arm-none-eabi/bin/../lib/gcc/arm-none-eabi/13.3.1/thumb/nofp/libgcc.a(_muldi3.o)
 .ARM.attributes
                0x00000582       0x2a /home/name/test_kit/arm-gnu-toolchain-13.3.rel1-x86_64-arm-none-eabi/bin/../lib/gcc/arm-none-eabi/13.3.1/thumb/nofp/libgcc.a(_udivmoddi4.o)
 .ARM.attributes
                0x000005ac       0x1c /home/name/test_kit/arm-gnu-toolchain-13.3.rel1-x86_64-arm-none-eabi/bin/../lib/gcc/arm-none-eabi/13.3.1/thumb/nofp/libgcc.a(_clzdi2.o)
 .ARM.attributes
                0x000005c8       0x1c /home/name/test_kit/arm-gnu-toolchain-13.3.rel1-x86_64-arm-none-eabi/bin/../lib/gcc/arm-none-eabi/13.3.1/thumb/nofp/libgcc.a(_clzsi2.o)
 .ARM.attributes
                0x000005e4       0x2a /home/name/test_kit/arm-gnu-toolchain-13.3.rel1-x86_64-arm-none-eabi/bin/../lib/gcc/arm-none-eabi/13.3.1/../../../../arm-none-eabi/lib/thumb/nofp/libc.a(libc_a-memcpy-stub.o)
 .ARM.attributes
                0x0000060e       0x2a /home/name/test_kit/arm-gnu-toolchain-13.3.rel1-x86_64-arm-none-eabi/bin/../lib/gcc/arm-none-eabi/13.3.1/../../../../arm-none-eabi/lib/thumb/nofp/libc.a(libc_a-strlen-stub.o)
 .ARM.attributes
                0x00000638       0x2a /home/name/test_kit/arm-gnu-toolchain-13.3.rel1-x86_64-arm-none-eabi/bin/../lib/gcc/arm-none-eabi/13.3.1/../../../../arm-none-eabi/lib/thumb/nofp/libc.a(libc_a-strnlen.o)
 .ARM.attributes
                0x00000662       0x2a /home/name/test_kit/arm-gnu-toolchain-13.3.rel1-x86_64-arm-none-eabi/bin/../lib/gcc/arm-none-eabi/13.3.1/../../../../arm-none-eabi/lib/thumb/nofp/libc.a(libc_a-memcmp.o)
 .ARM.attributes
                0x0000068c       0x2a /home/name/test_kit/arm-gnu-toolchain-13.3.rel1-x86_64-arm-none-eabi/bin/../lib/gcc/arm-none-eabi/13.3.1/../../../../arm-none-eabi/lib/thumb/nofp/libc.a(libc_a-memset.o)
 .ARM.attributes
                0x000006b6       0x2a /home/name/test_kit/arm-gnu-toolchain-13.3.rel1-x86_64-arm-none-eabi/bin/../lib/gcc/arm-none-eabi/13.3.1/../../../../arm-none-eabi/lib/thumb/nofp/libc.a(libc_a-ctype_.o)

.comment        0x00000000       0x45
 .comment       0x00000000       0x45 Libs/RTXCutil.CBUG.o
                                 0x46 (size before relaxing)
 .comment       0x00000045       0x46 Libs/RTXCsys32.CBUG.o
 .comment       0x00000045       0x46 Objs/main.CBUG.o
 .comment       0x00000045       0x46 Objs/tasks.CBUG.o
 .comment       0x00000045       0x46 Libs/librtxc.CBUG.a(rtxcinit.CBUG.o)
 .comment       0x00000045       0x46 Libs/librtxc.CBUG.a(rtxcapi.CBUG.o)
 .comment       0x00000045       0x46 Libs/librtxc.CBUG.a(rtxc.CBUG.o)
 .comment       0x00000045       0x46 Libs/libdrv.CBUG.a(cpart.CBUG.o)
 .comment       0x00000045       0x46 Libs/libdrv.CBUG.a(cqueue.CBUG.o)
 .comment       0x00000045       0x46 Libs/libdrv.CBUG.a(cres.CBUG.o)
 .comment       0x00000045       0x46 Libs/libdrv.CBUG.a(csema.CBUG.o)
 .comment       0x00000045       0x46 Libs/libdrv.CBUG.a(extapi.CBUG.o)
 .comment       0x00000045       0x46 Libs/libdrv.CBUG.a(cvtdate.CBUG.o)
 .comment       0x00000045       0x46 Libs/libdrv.CBUG.a(flashapi.CBUG.o)
 .comment       0x00000045       0x46 Libs/libdrv.CBUG.a(rtxcbug.CBUG.o)
 .comment       0x00000045       0x46 Libs/libdrv.CBUG.a(cbugutil.CBUG.o)
 .comment       0x00000045       0x46 Libs/libdrv.CBUG.a(stdio_vsprintf.CBUG.o)
 .comment       0x00000045       0x46 Libs/libdrv.CBUG.a(stdio_printf.CBUG.o)
 .comment       0x00000045       0x46 Libs/libdrv.CBUG.a(stdio_puts.CBUG.o)
 .comment       0x00000045       0x46 Libs/libdrv.CBUG.a(drv_clk.CBUG.o)
 .comment       0x00000045       0x46 Libs/libdrv.CBUG.a(drv_uart.CBUG.o)
 .comment       0x00000045       0x46 Libs/libdrv.CBUG.a(drv_can.CBUG.o)
 .comment       0x00000045       0x46 Libs/libdrv.CBUG.a(drv_spi.CBUG.o)
 .comment       0x00000045       0x46 Libs/libdrv.CBUG.a(drv_twi.CBUG.o)
 .comment       0x00000045       0x46 Libs/libdrv.CBUG.a(drv_usb.CBUG.o)
 .comment       0x00000045       0x46 Libs/libdrv.CBUG.a(drv_adc.CBUG.o)
 .comment       0x00000045       0x46 Libs/libdrv.CBUG.a(drv_dio.CBUG.o)
 .comment       0x00000045       0x46 Libs/libdrv.CBUG.a(stdio_strtol.CBUG.o)

.debug_line     0x00000000     0xfc88
 .debug_line    0x00000000      0x12d Libs/RTXCstartup.CBUG.o
 .debug_line    0x0000012d      0x6fe Libs/RTXCutil.CBUG.o
 .debug_line    0x0000082b      0x449 Libs/RTXCsys32.CBUG.o
 .debug_line    0x00000c74      0x218 Objs/main.CBUG.o
 .debug_line    0x00000e8c     0x1db6 Objs/tasks.CBUG.o
 .debug_line    0x00002c42       0x66 Libs/librtxc.CBUG.a(rtxcinit.CBUG.o)
 .debug_line    0x00002ca8      0xbf0 Libs/librtxc.CBUG.a(rtxcapi.CBUG.o)
 .debug_line    0x00003898     0x268f Libs/librtxc.CBUG.a(rtxc.CBUG.o)
 .debug_line    0x00005f27       0x62 Libs/librtxc.CBUG.a(lock.CBUG.o)
 .debug_line    0x00005f89       0x62 Libs/libdrv.CBUG.a(cpart.CBUG.o)
 .debug_line    0x00005feb       0x64 Libs/libdrv.CBUG.a(cqueue.CBUG.o)
 .debug_line    0x0000604f       0x60 Libs/libdrv.CBUG.a(cres.CBUG.o)
 .debug_line    0x000060af       0x54 Libs/libdrv.CBUG.a(csema.CBUG.o)
 .debug_line    0x00006103     0x255d Libs/libdrv.CBUG.a(extapi.CBUG.o)
 .debug_line    0x00008660      0x345 Libs/libdrv.CBUG.a(cvtdate.CBUG.o)
 .debug_line    0x000089a5      0x53c Libs/libdrv.CBUG.a(flashapi.CBUG.o)
 .debug_line    0x00008ee1     0x1b0b Libs/libdrv.CBUG.a(rtxcbug.CBUG.o)
 .debug_line    0x0000a9ec      0x266 Libs/libdrv.CBUG.a(cbugutil.CBUG.o)
 .debug_line    0x0000ac52      0xe27 Libs/libdrv.CBUG.a(stdio_vsprintf.CBUG.o)
 .debug_line    0x0000ba79      0x157 Libs/libdrv.CBUG.a(stdio_printf.CBUG.o)
 .debug_line    0x0000bbd0       0x8b Libs/libdrv.CBUG.a(stdio_puts.CBUG.o)
 .debug_line    0x0000bc5b      0x5de Libs/libdrv.CBUG.a(drv_clk.CBUG.o)
 .debug_line    0x0000c239      0xf0a Libs/libdrv.CBUG.a(drv_uart.CBUG.o)
 .debug_line    0x0000d143      0x83e Libs/libdrv.CBUG.a(drv_can.CBUG.o)
 .debug_line    0x0000d981      0x36e Libs/libdrv.CBUG.a(drv_spi.CBUG.o)
 .debug_line    0x0000dcef      0x4c8 Libs/libdrv.CBUG.a(drv_twi.CBUG.o)
 .debug_line    0x0000e1b7     0x11cb Libs/libdrv.CBUG.a(drv_usb.CBUG.o)
 .debug_line    0x0000f382      0x34d Libs/libdrv.CBUG.a(drv_adc.CBUG.o)
 .debug_line    0x0000f6cf      0x3cb Libs/libdrv.CBUG.a(drv_dio.CBUG.o)
 .debug_line    0x0000fa9a      0x1ee Libs/libdrv.CBUG.a(stdio_strtol.CBUG.o)

.debug_line_str
                0x00000000      0x11f
 .debug_line_str
                0x00000000      0x11f Libs/RTXCstartup.CBUG.o
                                 0x49 (size before relaxing)
 .debug_line_str
                0x0000011f       0x35 Libs/librtxc.CBUG.a(lock.CBUG.o)
 .debug_line_str
                0x0000011f       0xbd /home/name/test_kit/arm-gnu-toolchain-13.3.rel1-x86_64-arm-none-eabi/bin/../lib/gcc/arm-none-eabi/13.3.1/thumb/nofp/libgcc.a(_udivsi3.o)
 .debug_line_str
                0x0000011f       0xbd /home/name/test_kit/arm-gnu-toolchain-13.3.rel1-x86_64-arm-none-eabi/bin/../lib/gcc/arm-none-eabi/13.3.1/thumb/nofp/libgcc.a(_divsi3.o)
 .debug_line_str
                0x0000011f       0xbd /home/name/test_kit/arm-gnu-toolchain-13.3.rel1-x86_64-arm-none-eabi/bin/../lib/gcc/arm-none-eabi/13.3.1/thumb/nofp/libgcc.a(_dvmd_tls.o)
 .debug_line_str
                0x0000011f       0xb9 /home/name/test_kit/arm-gnu-toolchain-13.3.rel1-x86_64-arm-none-eabi/bin/../lib/gcc/arm-none-eabi/13.3.1/thumb/nofp/libgcc.a(_aeabi_ldivmod.o)
 .debug_line_str
                0x0000011f       0xb9 /home/name/test_kit/arm-gnu-toolchain-13.3.rel1-x86_64-arm-none-eabi/bin/../lib/gcc/arm-none-eabi/13.3.1/thumb/nofp/libgcc.a(_aeabi_uldivmod.o)
 .debug_line_str
                0x0000011f       0xbd /home/name/test_kit/arm-gnu-toolchain-13.3.rel1-x86_64-arm-none-eabi/bin/../lib/gcc/arm-none-eabi/13.3.1/thumb/nofp/libgcc.a(_clzdi2.o)
 .debug_line_str
                0x0000011f       0xbd /home/name/test_kit/arm-gnu-toolchain-13.3.rel1-x86_64-arm-none-eabi/bin/../lib/gcc/arm-none-eabi/13.3.1/thumb/nofp/libgcc.a(_clzsi2.o)

.debug_info     0x00000000    0x19c41
 .debug_info    0x00000000       0x25 Libs/RTXCstartup.CBUG.o
 .debug_info    0x00000025      0x919 Libs/RTXCutil.CBUG.o
 .debug_info    0x0000093e      0x80e Libs/RTXCsys32.CBUG.o
 .debug_info    0x0000114c      0xaee Objs/main.CBUG.o
 .debug_info    0x00001c3a     0x201e Objs/tasks.CBUG.o
 .debug_info    0x00003c58       0x94 Libs/librtxc.CBUG.a(rtxcinit.CBUG.o)
 .debug_info    0x00003cec     0x197b Libs/librtxc.CBUG.a(rtxcapi.CBUG.o)
 .debug_info    0x00005667     0x200e Libs/librtxc.CBUG.a(rtxc.CBUG.o)
 .debug_info    0x00007675       0x24 Libs/librtxc.CBUG.a(lock.CBUG.o)
 .debug_info    0x00007699      0x46c Libs/libdrv.CBUG.a(cpart.CBUG.o)
 .debug_info    0x00007b05      0x686 Libs/libdrv.CBUG.a(cqueue.CBUG.o)
 .debug_info    0x0000818b      0x41d Libs/libdrv.CBUG.a(cres.CBUG.o)
 .debug_info    0x000085a8      0x23d Libs/libdrv.CBUG.a(csema.CBUG.o)
 .debug_info    0x000087e5     0x3794 Libs/libdrv.CBUG.a(extapi.CBUG.o)
 .debug_info    0x0000bf79      0xd36 Libs/libdrv.CBUG.a(cvtdate.CBUG.o)
 .debug_info    0x0000ccaf      0x79e Libs/libdrv.CBUG.a(flashapi.CBUG.o)
 .debug_info    0x0000d44d     0x4126 Libs/libdrv.CBUG.a(rtxcbug.CBUG.o)
 .debug_info    0x00011573      0x4eb Libs/libdrv.CBUG.a(cbugutil.CBUG.o)
 .debug_info    0x00011a5e      0x82f Libs/libdrv.CBUG.a(stdio_vsprintf.CBUG.o)
 .debug_info    0x0001228d      0x18c Libs/libdrv.CBUG.a(stdio_printf.CBUG.o)
 .debug_info    0x00012419       0x9b Libs/libdrv.CBUG.a(stdio_puts.CBUG.o)
 .debug_info    0x000124b4     0x1592 Libs/libdrv.CBUG.a(drv_clk.CBUG.o)
 .debug_info    0x00013a46     0x14da Libs/libdrv.CBUG.a(drv_uart.CBUG.o)
 .debug_info    0x00014f20      0xf8a Libs/libdrv.CBUG.a(drv_can.CBUG.o)
 .debug_info    0x00015eaa      0xabf Libs/libdrv.CBUG.a(drv_spi.CBUG.o)
 .debug_info    0x00016969      0xb2f Libs/libdrv.CBUG.a(drv_twi.CBUG.o)
 .debug_info    0x00017498      0xfff Libs/libdrv.CBUG.a(drv_usb.CBUG.o)
 .debug_info    0x00018497      0xac0 Libs/libdrv.CBUG.a(drv_adc.CBUG.o)
 .debug_info    0x00018f57      0xb19 Libs/libdrv.CBUG.a(drv_dio.CBUG.o)
 .debug_info    0x00019a70      0x1d1 Libs/libdrv.CBUG.a(stdio_strtol.CBUG.o)

.debug_abbrev   0x00000000     0x47b2
 .debug_abbrev  0x00000000       0x14 Libs/RTXCstartup.CBUG.o
 .debug_abbrev  0x00000014      0x1d1 Libs/RTXCutil.CBUG.o
 .debug_abbrev  0x000001e5      0x2d9 Libs/RTXCsys32.CBUG.o
 .debug_abbrev  0x000004be      0x2ac Objs/main.CBUG.o
 .debug_abbrev  0x0000076a      0x3e9 Objs/tasks.CBUG.o
 .debug_abbrev  0x00000b53       0x4b Libs/librtxc.CBUG.a(rtxcinit.CBUG.o)
 .debug_abbrev  0x00000b9e      0x353 Libs/librtxc.CBUG.a(rtxcapi.CBUG.o)
 .debug_abbrev  0x00000ef1      0x433 Libs/librtxc.CBUG.a(rtxc.CBUG.o)
 .debug_abbrev  0x00001324       0x14 Libs/librtxc.CBUG.a(lock.CBUG.o)
 .debug_abbrev  0x00001338      0x116 Libs/libdrv.CBUG.a(cpart.CBUG.o)
 .debug_abbrev  0x0000144e      0x12e Libs/libdrv.CBUG.a(cqueue.CBUG.o)
 .debug_abbrev  0x0000157c      0x116 Libs/libdrv.CBUG.a(cres.CBUG.o)
 .debug_abbrev  0x00001692       0xa7 Libs/libdrv.CBUG.a(csema.CBUG.o)
 .debug_abbrev  0x00001739      0x56f Libs/libdrv.CBUG.a(extapi.CBUG.o)
 .debug_abbrev  0x00001ca8      0x211 Libs/libdrv.CBUG.a(cvtdate.CBUG.o)
 .debug_abbrev  0x00001eb9      0x236 Libs/libdrv.CBUG.a(flashapi.CBUG.o)
 .debug_abbrev  0x000020ef      0x478 Libs/libdrv.CBUG.a(rtxcbug.CBUG.o)
 .debug_abbrev  0x00002567      0x1da Libs/libdrv.CBUG.a(cbugutil.CBUG.o)
 .debug_abbrev  0x00002741      0x37f Libs/libdrv.CBUG.a(stdio_vsprintf.CBUG.o)
 .debug_abbrev  0x00002ac0      0x114 Libs/libdrv.CBUG.a(stdio_printf.CBUG.o)
 .debug_abbrev  0x00002bd4       0xa4 Libs/libdrv.CBUG.a(stdio_puts.CBUG.o)
 .debug_abbrev  0x00002c78      0x3ee Libs/libdrv.CBUG.a(drv_clk.CBUG.o)
 .debug_abbrev  0x00003066      0x446 Libs/libdrv.CBUG.a(drv_uart.CBUG.o)
 .debug_abbrev  0x000034ac      0x3b0 Libs/libdrv.CBUG.a(drv_can.CBUG.o)
 .debug_abbrev  0x0000385c      0x31e Libs/libdrv.CBUG.a(drv_spi.CBUG.o)
 .debug_abbrev  0x00003b7a      0x299 Libs/libdrv.CBUG.a(drv_twi.CBUG.o)
 .debug_abbrev  0x00003e13      0x42a Libs/libdrv.CBUG.a(drv_usb.CBUG.o)
 .debug_abbrev  0x0000423d      0x279 Libs/libdrv.CBUG.a(drv_adc.CBUG.o)
 .debug_abbrev  0x000044b6      0x1f5 Libs/libdrv.CBUG.a(drv_dio.CBUG.o)
 .debug_abbrev  0x000046ab      0x107 Libs/libdrv.CBUG.a(stdio_strtol.CBUG.o)

.debug_aranges  0x00000000      0x3a0
 .debug_aranges
                0x00000000       0x20 Libs/RTXCstartup.CBUG.o
 .debug_aranges
                0x00000020       0x20 Libs/RTXCutil.CBUG.o
 .debug_aranges
                0x00000040       0x20 Libs/RTXCsys32.CBUG.o
 .debug_aranges
                0x00000060       0x20 Objs/main.CBUG.o
 .debug_aranges
                0x00000080       0x20 Objs/tasks.CBUG.o
 .debug_aranges
                0x000000a0       0x20 Libs/librtxc.CBUG.a(rtxcinit.CBUG.o)
 .debug_aranges
                0x000000c0       0x20 Libs/librtxc.CBUG.a(rtxcapi.CBUG.o)
 .debug_aranges
                0x000000e0       0x20 Libs/librtxc.CBUG.a(rtxc.CBUG.o)
 .debug_aranges
                0x00000100       0x20 Libs/librtxc.CBUG.a(lock.CBUG.o)
 .debug_aranges
                0x00000120       0x18 Libs/libdrv.CBUG.a(cpart.CBUG.o)
 .debug_aranges
                0x00000138       0x18 Libs/libdrv.CBUG.a(cqueue.CBUG.o)
 .debug_aranges
                0x00000150       0x18 Libs/libdrv.CBUG.a(cres.CBUG.o)
 .debug_aranges
                0x00000168       0x18 Libs/libdrv.CBUG.a(csema.CBUG.o)
 .debug_aranges
                0x00000180       0x20 Libs/libdrv.CBUG.a(extapi.CBUG.o)
 .debug_aranges
                0x000001a0       0x20 Libs/libdrv.CBUG.a(cvtdate.CBUG.o)
 .debug_aranges
                0x000001c0       0x20 Libs/libdrv.CBUG.a(flashapi.CBUG.o)
 .debug_aranges
                0x000001e0       0x20 Libs/libdrv.CBUG.a(rtxcbug.CBUG.o)
 .debug_aranges
                0x00000200       0x20 Libs/libdrv.CBUG.a(cbugutil.CBUG.o)
 .debug_aranges
                0x00000220       0x20 Libs/libdrv.CBUG.a(stdio_vsprintf.CBUG.o)
 .debug_aranges
                0x00000240       0x20 Libs/libdrv.CBUG.a(stdio_printf.CBUG.o)
 .debug_aranges
                0x00000260       0x20 Libs/libdrv.CBUG.a(stdio_puts.CBUG.o)
 .debug_aranges
                0x00000280       0x20 Libs/libdrv.CBUG.a(drv_clk.CBUG.o)
 .debug_aranges
                0x000002a0       0x20 Libs/libdrv.CBUG.a(drv_uart.CBUG.o)
 .debug_aranges
                0x000002c0       0x20 Libs/libdrv.CBUG.a(drv_can.CBUG.o)
 .debug_aranges
                0x000002e0       0x20 Libs/libdrv.CBUG.a(drv_spi.CBUG.o)
 .debug_aranges
                0x00000300       0x20 Libs/libdrv.CBUG.a(drv_twi.CBUG.o)
 .debug_aranges
                0x00000320       0x20 Libs/libdrv.CBUG.a(drv_usb.CBUG.o)
 .debug_aranges
                0x00000340       0x20 Libs/libdrv.CBUG.a(drv_adc.CBUG.o)
 .debug_aranges
                0x00000360       0x20 Libs/libdrv.CBUG.a(drv_dio.CBUG.o)
 .debug_aranges
                0x00000380       0x20 Libs/libdrv.CBUG.a(stdio_strtol.CBUG.o)

.debug_str      0x00000000     0x3069
 .debug_str     0x00000000     0x3069 Libs/RTXCstartup.CBUG.o
                                 0x57 (size before relaxing)
 .debug_str     0x00003069      0x6e1 Libs/RTXCutil.CBUG.o
 .debug_str     0x00003069      0x36e Libs/RTXCsys32.CBUG.o
 .debug_str     0x00003069      0x69e Objs/main.CBUG.o
 .debug_str     0x00003069      0x7ec Objs/tasks.CBUG.o
 .debug_str     0x00003069       0xf8 Libs/librtxc.CBUG.a(rtxcinit.CBUG.o)
 .debug_str     0x00003069      0x93e Libs/librtxc.CBUG.a(rtxcapi.CBUG.o)
 .debug_str     0x00003069      0x9fd Libs/librtxc.CBUG.a(rtxc.CBUG.o)
 .debug_str     0x00003069       0x43 Libs/librtxc.CBUG.a(lock.CBUG.o)
 .debug_str     0x00003069      0x279 Libs/libdrv.CBUG.a(cpart.CBUG.o)
 .debug_str     0x00003069      0x3c3 Libs/libdrv.CBUG.a(cqueue.CBUG.o)
 .debug_str     0x00003069      0x2f2 Libs/libdrv.CBUG.a(cres.CBUG.o)
 .debug_str     0x00003069      0x2a2 Libs/libdrv.CBUG.a(csema.CBUG.o)
 .debug_str     0x00003069      0xba2 Libs/libdrv.CBUG.a(extapi.CBUG.o)
 .debug_str     0x00003069      0x925 Libs/libdrv.CBUG.a(cvtdate.CBUG.o)
 .debug_str     0x00003069      0x3b7 Libs/libdrv.CBUG.a(flashapi.CBUG.o)
 .debug_str     0x00003069     0x1488 Libs/libdrv.CBUG.a(rtxcbug.CBUG.o)
 .debug_str     0x00003069      0x29e Libs/libdrv.CBUG.a(cbugutil.CBUG.o)
 .debug_str     0x00003069      0x290 Libs/libdrv.CBUG.a(stdio_vsprintf.CBUG.o)
 .debug_str     0x00003069      0x19c Libs/libdrv.CBUG.a(stdio_printf.CBUG.o)
 .debug_str     0x00003069       0xcc Libs/libdrv.CBUG.a(stdio_puts.CBUG.o)
 .debug_str     0x00003069      0xd1c Libs/libdrv.CBUG.a(drv_clk.CBUG.o)
 .debug_str     0x00003069      0x96a Libs/libdrv.CBUG.a(drv_uart.CBUG.o)
 .debug_str     0x00003069      0x7d3 Libs/libdrv.CBUG.a(drv_can.CBUG.o)
 .debug_str     0x00003069      0x75f Libs/libdrv.CBUG.a(drv_spi.CBUG.o)
 .debug_str     0x00003069      0x708 Libs/libdrv.CBUG.a(drv_twi.CBUG.o)
 .debug_str     0x00003069      0x799 Libs/libdrv.CBUG.a(drv_usb.CBUG.o)
 .debug_str     0x00003069      0x75a Libs/libdrv.CBUG.a(drv_adc.CBUG.o)
 .debug_str     0x00003069      0x74a Libs/libdrv.CBUG.a(drv_dio.CBUG.o)
 .debug_str     0x00003069      0x18d Libs/libdrv.CBUG.a(stdio_strtol.CBUG.o)

.debug_loclists
                0x00000000     0xa429
 .debug_loclists
                0x00000000      0x1bf Libs/RTXCutil.CBUG.o
 .debug_loclists
                0x000001bf      0x17f Libs/RTXCsys32.CBUG.o
 .debug_loclists
                0x0000033e       0x97 Objs/main.CBUG.o
 .debug_loclists
                0x000003d5     0x17a1 Objs/tasks.CBUG.o
 .debug_loclists
                0x00001b76      0x4ce Libs/librtxc.CBUG.a(rtxcapi.CBUG.o)
 .debug_loclists
                0x00002044     0x160e Libs/librtxc.CBUG.a(rtxc.CBUG.o)
 .debug_loclists
                0x00003652     0x2497 Libs/libdrv.CBUG.a(extapi.CBUG.o)
 .debug_loclists
                0x00005ae9      0x1b2 Libs/libdrv.CBUG.a(cvtdate.CBUG.o)
 .debug_loclists
                0x00005c9b      0x2b4 Libs/libdrv.CBUG.a(flashapi.CBUG.o)
 .debug_loclists
                0x00005f4f      0xd21 Libs/libdrv.CBUG.a(rtxcbug.CBUG.o)
 .debug_loclists
                0x00006c70      0x240 Libs/libdrv.CBUG.a(cbugutil.CBUG.o)
 .debug_loclists
                0x00006eb0     0x10ad Libs/libdrv.CBUG.a(stdio_vsprintf.CBUG.o)
 .debug_loclists
                0x00007f5d       0x24 Libs/libdrv.CBUG.a(stdio_printf.CBUG.o)
 .debug_loclists
                0x00007f81       0x2b Libs/libdrv.CBUG.a(stdio_puts.CBUG.o)
 .debug_loclists
                0x00007fac      0x2ec Libs/libdrv.CBUG.a(drv_clk.CBUG.o)
 .debug_loclists
                0x00008298      0xa1f Libs/libdrv.CBUG.a(drv_uart.CBUG.o)
 .debug_loclists
                0x00008cb7      0x843 Libs/libdrv.CBUG.a(drv_can.CBUG.o)
 .debug_loclists
                0x000094fa       0xff Libs/libdrv.CBUG.a(drv_spi.CBUG.o)
 .debug_loclists
                0x000095f9      0x2af Libs/libdrv.CBUG.a(drv_twi.CBUG.o)
 .debug_loclists
                0x000098a8      0x6e7 Libs/libdrv.CBUG.a(drv_usb.CBUG.o)
 .debug_loclists
                0x00009f8f       0xba Libs/libdrv.CBUG.a(drv_adc.CBUG.o)
 .debug_loclists
                0x0000a049      0x20b Libs/libdrv.CBUG.a(drv_dio.CBUG.o)
 .debug_loclists
                0x0000a254      0x1d5 Libs/libdrv.CBUG.a(stdio_strtol.CBUG.o)

.debug_frame    0x00000000     0x1bf0
 .debug_frame   0x00000000       0x6c Libs/RTXCutil.CBUG.o
 .debug_frame   0x0000006c       0x60 Libs/RTXCsys32.CBUG.o
 .debug_frame   0x000000cc       0x64 Objs/main.CBUG.o
 .debug_frame   0x00000130       0xd8 Objs/tasks.CBUG.o
 .debug_frame   0x00000208       0x28 Libs/librtxc.CBUG.a(rtxcinit.CBUG.o)
 .debug_frame   0x00000230      0x450 Libs/librtxc.CBUG.a(rtxcapi.CBUG.o)
 .debug_frame   0x00000680      0x1e4 Libs/librtxc.CBUG.a(rtxc.CBUG.o)
 .debug_frame   0x00000864      0x5dc Libs/libdrv.CBUG.a(extapi.CBUG.o)
 .debug_frame   0x00000e40       0xac Libs/libdrv.CBUG.a(cvtdate.CBUG.o)
 .debug_frame   0x00000eec       0xd8 Libs/libdrv.CBUG.a(flashapi.CBUG.o)
 .debug_frame   0x00000fc4       0xfc Libs/libdrv.CBUG.a(rtxcbug.CBUG.o)
 .debug_frame   0x000010c0       0xac Libs/libdrv.CBUG.a(cbugutil.CBUG.o)
 .debug_frame   0x0000116c      0x104 Libs/libdrv.CBUG.a(stdio_vsprintf.CBUG.o)
 .debug_frame   0x00001270       0x30 Libs/libdrv.CBUG.a(stdio_printf.CBUG.o)
 .debug_frame   0x000012a0       0x28 Libs/libdrv.CBUG.a(stdio_puts.CBUG.o)
 .debug_frame   0x000012c8      0x134 Libs/libdrv.CBUG.a(drv_clk.CBUG.o)
 .debug_frame   0x000013fc      0x118 Libs/libdrv.CBUG.a(drv_uart.CBUG.o)
 .debug_frame   0x00001514      0x114 Libs/libdrv.CBUG.a(drv_can.CBUG.o)
 .debug_frame   0x00001628       0x80 Libs/libdrv.CBUG.a(drv_spi.CBUG.o)
 .debug_frame   0x000016a8       0xb8 Libs/libdrv.CBUG.a(drv_twi.CBUG.o)
 .debug_frame   0x00001760      0x110 Libs/libdrv.CBUG.a(drv_usb.CBUG.o)
 .debug_frame   0x00001870       0x74 Libs/libdrv.CBUG.a(drv_adc.CBUG.o)
 .debug_frame   0x000018e4       0xa4 Libs/libdrv.CBUG.a(drv_dio.CBUG.o)
 .debug_frame   0x00001988       0x4c Libs/libdrv.CBUG.a(stdio_strtol.CBUG.o)
 .debug_frame   0x000019d4       0x20 /home/name/test_kit/arm-gnu-toolchain-13.3.rel1-x86_64-arm-none-eabi/bin/../lib/gcc/arm-none-eabi/13.3.1/thumb/nofp/libgcc.a(_udivsi3.o)
 .debug_frame   0x000019f4       0x20 /home/name/test_kit/arm-gnu-toolchain-13.3.rel1-x86_64-arm-none-eabi/bin/../lib/gcc/arm-none-eabi/13.3.1/thumb/nofp/libgcc.a(_divsi3.o)
 .debug_frame   0x00001a14       0x44 /home/name/test_kit/arm-gnu-toolchain-13.3.rel1-x86_64-arm-none-eabi/bin/../lib/gcc/arm-none-eabi/13.3.1/thumb/nofp/libgcc.a(_aeabi_ldivmod.o)
 .debug_frame   0x00001a58       0x2c /home/name/test_kit/arm-gnu-toolchain-13.3.rel1-x86_64-arm-none-eabi/bin/../lib/gcc/arm-none-eabi/13.3.1/thumb/nofp/libgcc.a(_aeabi_uldivmod.o)
 .debug_frame   0x00001a84       0x34 /home/name/test_kit/arm-gnu-toolchain-13.3.rel1-x86_64-arm-none-eabi/bin/../lib/gcc/arm-none-eabi/13.3.1/thumb/nofp/libgcc.a(_muldi3.o)
 .debug_frame   0x00001ab8       0x3c /home/name/test_kit/arm-gnu-toolchain-13.3.rel1-x86_64-arm-none-eabi/bin/../lib/gcc/arm-none-eabi/13.3.1/thumb/nofp/libgcc.a(_udivmoddi4.o)
 .debug_frame   0x00001af4       0x30 /home/name/test_kit/arm-gnu-toolchain-13.3.rel1-x86_64-arm-none-eabi/bin/../lib/gcc/arm-none-eabi/13.3.1/../../../../arm-none-eabi/lib/thumb/nofp/libc.a(libc_a-memcpy-stub.o)
 .debug_frame   0x00001b24       0x28 /home/name/test_kit/arm-gnu-toolchain-13.3.rel1-x86_64-arm-none-eabi/bin/../lib/gcc/arm-none-eabi/13.3.1/../../../../arm-none-eabi/lib/thumb/nofp/libc.a(libc_a-strlen-stub.o)
 .debug_frame   0x00001b4c       0x28 /home/name/test_kit/arm-gnu-toolchain-13.3.rel1-x86_64-arm-none-eabi/bin/../lib/gcc/arm-none-eabi/13.3.1/../../../../arm-none-eabi/lib/thumb/nofp/libc.a(libc_a-strnlen.o)
 .debug_frame   0x00001b74       0x2c /home/name/test_kit/arm-gnu-toolchain-13.3.rel1-x86_64-arm-none-eabi/bin/../lib/gcc/arm-none-eabi/13.3.1/../../../../arm-none-eabi/lib/thumb/nofp/libc.a(libc_a-memcmp.o)
 .debug_frame   0x00001ba0       0x30 /home/name/test_kit/arm-gnu-toolchain-13.3.rel1-x86_64-arm-none-eabi/bin/../lib/gcc/arm-none-eabi/13.3.1/../../../../arm-none-eabi/lib/thumb/nofp/libc.a(libc_a-memset.o)
 .debug_frame   0x00001bd0       0x20 /home/name/test_kit/arm-gnu-toolchain-13.3.rel1-x86_64-arm-none-eabi/bin/../lib/gcc/arm-none-eabi/13.3.1/../../../../arm-none-eabi/lib/thumb/nofp/libc.a(libc_a-ctype_.o)

.debug_rnglists
                0x00000000      0x881
 .debug_rnglists
                0x00000000       0x63 Libs/RTXCsys32.CBUG.o
 .debug_rnglists
                0x00000063       0x15 Objs/main.CBUG.o
 .debug_rnglists
                0x00000078      0x220 Objs/tasks.CBUG.o
 .debug_rnglists
                0x00000298       0xba Libs/librtxc.CBUG.a(rtxc.CBUG.o)
 .debug_rnglists
                0x00000352      0x1e7 Libs/libdrv.CBUG.a(extapi.CBUG.o)
 .debug_rnglists
                0x00000539      0x1dc Libs/libdrv.CBUG.a(rtxcbug.CBUG.o)
 .debug_rnglists
                0x00000715       0x56 Libs/libdrv.CBUG.a(stdio_vsprintf.CBUG.o)
 .debug_rnglists
                0x0000076b       0x3b Libs/libdrv.CBUG.a(drv_clk.CBUG.o)
 .debug_rnglists
                0x000007a6       0x5c Libs/libdrv.CBUG.a(drv_can.CBUG.o)
 .debug_rnglists
                0x00000802       0x69 Libs/libdrv.CBUG.a(drv_usb.CBUG.o)
 .debug_rnglists
                0x0000086b       0x16 Libs/libdrv.CBUG.a(stdio_strtol.CBUG.o)

Cross Reference Table

Symbol                                            File
ADC_read                                          Libs/libdrv.CBUG.a(drv_adc.CBUG.o)
                                                  Libs/libdrv.CBUG.a(rtxcbug.CBUG.o)
                                                  Objs/tasks.CBUG.o
ADcoeff                                           Libs/libdrv.CBUG.a(drv_adc.CBUG.o)
AT91F_AIC_Configure                               Libs/libdrv.CBUG.a(drv_clk.CBUG.o)
                                                  Libs/libdrv.CBUG.a(drv_adc.CBUG.o)
                                                  Libs/libdrv.CBUG.a(drv_usb.CBUG.o)
                                                  Libs/libdrv.CBUG.a(drv_twi.CBUG.o)
                                                  Libs/libdrv.CBUG.a(drv_spi.CBUG.o)
                                                  Libs/libdrv.CBUG.a(drv_can.CBUG.o)
                                                  Libs/libdrv.CBUG.a(drv_uart.CBUG.o)
AT91F_CLOCKinit                                   Libs/RTXCutil.CBUG.o
                                                  Objs/main.CBUG.o
                                                  Libs/RTXCstartup.CBUG.o
AT91F_DataAbort                                   Libs/RTXCsys32.CBUG.o
                                                  Libs/RTXCstartup.CBUG.o
AT91F_Default_FIQ_handler                         Libs/RTXCstartup.CBUG.o
                                                  Libs/libdrv.CBUG.a(drv_clk.CBUG.o)
AT91F_Default_IRQ_handler                         Libs/RTXCstartup.CBUG.o
                                                  Libs/libdrv.CBUG.a(drv_clk.CBUG.o)
AT91F_Spurious_handler                            Libs/RTXCstartup.CBUG.o
                                                  Libs/libdrv.CBUG.a(drv_clk.CBUG.o)
AT91F_WATCHDOGinit                                Libs/RTXCsys32.CBUG.o
                                                  Libs/RTXCstartup.CBUG.o
CAN_configure                                     Libs/libdrv.CBUG.a(drv_can.CBUG.o)
                                                  Objs/tasks.CBUG.o
CAN_read                                          Libs/libdrv.CBUG.a(drv_can.CBUG.o)
                                                  Objs/tasks.CBUG.o
CAN_speed                                         Libs/libdrv.CBUG.a(drv_can.CBUG.o)
                                                  Objs/tasks.CBUG.o
CAN_status                                        Libs/libdrv.CBUG.a(drv_can.CBUG.o)
                                                  Objs/tasks.CBUG.o
CAN_write                                         Libs/libdrv.CBUG.a(drv_can.CBUG.o)
                                                  Objs/tasks.CBUG.o
CanCurrTimer                                      Objs/tasks.CBUG.o
CanLenMsg                                         Objs/tasks.CBUG.o
CanMsg                                            Objs/tasks.CBUG.o
CanStatus                                         Libs/libdrv.CBUG.a(drv_can.CBUG.o)
                                                  Objs/tasks.CBUG.o
CanTimer                                          Objs/tasks.CBUG.o
CheckPointer                                      Libs/libdrv.CBUG.a(extapi.CBUG.o)
CodeUpgrade                                       Libs/RTXCstartup.CBUG.o
                                                  Libs/libdrv.CBUG.a(extapi.CBUG.o)
EKS_AgreeShutdown                                 Libs/libdrv.CBUG.a(extapi.CBUG.o)
                                                  Objs/tasks.CBUG.o
EKS_AskShutdown                                   Libs/libdrv.CBUG.a(extapi.CBUG.o)
                                                  Libs/libdrv.CBUG.a(rtxcbug.CBUG.o)
EKS_EnqShutdown                                   Libs/libdrv.CBUG.a(extapi.CBUG.o)
EKS_FlashCheckSum                                 Libs/libdrv.CBUG.a(extapi.CBUG.o)
EKS_FlashClear                                    Libs/libdrv.CBUG.a(extapi.CBUG.o)
                                                  Libs/libdrv.CBUG.a(rtxcbug.CBUG.o)
EKS_FlashFree                                     Libs/libdrv.CBUG.a(extapi.CBUG.o)
                                                  Libs/libdrv.CBUG.a(rtxcbug.CBUG.o)
EKS_FlashTotal                                    Libs/libdrv.CBUG.a(extapi.CBUG.o)
                                                  Libs/libdrv.CBUG.a(rtxcbug.CBUG.o)
EKS_GetHHMM                                       Libs/libdrv.CBUG.a(extapi.CBUG.o)
EKS_GetSetup                                      Libs/libdrv.CBUG.a(extapi.CBUG.o)
                                                  Libs/libdrv.CBUG.a(rtxcbug.CBUG.o)
                                                  Objs/tasks.CBUG.o
EKS_LCK_FlashErase                                Libs/libdrv.CBUG.a(extapi.CBUG.o)
EKS_LCK_FlashRead                                 Libs/libdrv.CBUG.a(extapi.CBUG.o)
EKS_LCK_FlashWrite                                Libs/libdrv.CBUG.a(extapi.CBUG.o)
EKS_NewSetup                                      Libs/libdrv.CBUG.a(extapi.CBUG.o)
                                                  Libs/libdrv.CBUG.a(rtxcbug.CBUG.o)
EKS_ParClear                                      Libs/libdrv.CBUG.a(extapi.CBUG.o)
                                                  Libs/libdrv.CBUG.a(rtxcbug.CBUG.o)
EKS_ParRead                                       Libs/libdrv.CBUG.a(extapi.CBUG.o)
                                                  Libs/libdrv.CBUG.a(rtxcbug.CBUG.o)
EKS_ParReadLong                                   Libs/libdrv.CBUG.a(extapi.CBUG.o)
                                                  Libs/libdrv.CBUG.a(rtxcbug.CBUG.o)
EKS_ParReadShort                                  Libs/libdrv.CBUG.a(extapi.CBUG.o)
                                                  Libs/libdrv.CBUG.a(rtxcbug.CBUG.o)
EKS_ParSize                                       Libs/libdrv.CBUG.a(extapi.CBUG.o)
                                                  Libs/libdrv.CBUG.a(rtxcbug.CBUG.o)
EKS_ParWrite                                      Libs/libdrv.CBUG.a(extapi.CBUG.o)
                                                  Libs/libdrv.CBUG.a(rtxcbug.CBUG.o)
EKS_ParWriteLong                                  Libs/libdrv.CBUG.a(extapi.CBUG.o)
                                                  Libs/libdrv.CBUG.a(rtxcbug.CBUG.o)
EKS_ParWriteShort                                 Libs/libdrv.CBUG.a(extapi.CBUG.o)
                                                  Libs/libdrv.CBUG.a(rtxcbug.CBUG.o)
EKS_Pkt2BufComp                                   Libs/libdrv.CBUG.a(extapi.CBUG.o)
EKS_PktBufAccTime                                 Libs/libdrv.CBUG.a(extapi.CBUG.o)
EKS_PktBufAdd                                     Libs/libdrv.CBUG.a(extapi.CBUG.o)
                                                  Libs/libdrv.CBUG.a(rtxcbug.CBUG.o)
EKS_PktBufAddString                               Libs/libdrv.CBUG.a(extapi.CBUG.o)
EKS_PktBufCat                                     Libs/libdrv.CBUG.a(extapi.CBUG.o)
EKS_PktBufCheck                                   Libs/libdrv.CBUG.a(extapi.CBUG.o)
EKS_PktBufCheckStore                              Libs/libdrv.CBUG.a(extapi.CBUG.o)
EKS_PktBufComp                                    Libs/libdrv.CBUG.a(extapi.CBUG.o)
EKS_PktBufComprexTime                             Libs/libdrv.CBUG.a(extapi.CBUG.o)
EKS_PktBufCopy                                    Libs/libdrv.CBUG.a(extapi.CBUG.o)
EKS_PktBufDuplicate                               Libs/libdrv.CBUG.a(extapi.CBUG.o)
EKS_PktBufFromTime                                Libs/libdrv.CBUG.a(extapi.CBUG.o)
                                                  Libs/libdrv.CBUG.a(rtxcbug.CBUG.o)
EKS_PktBufLength                                  Libs/libdrv.CBUG.a(extapi.CBUG.o)
EKS_PktBufMyTime                                  Libs/libdrv.CBUG.a(extapi.CBUG.o)
EKS_PktBufPullup                                  Libs/libdrv.CBUG.a(extapi.CBUG.o)
                                                  Libs/libdrv.CBUG.a(rtxcbug.CBUG.o)
EKS_PktBufRelease                                 Libs/libdrv.CBUG.a(extapi.CBUG.o)
EKS_PktBufRetrive                                 Libs/libdrv.CBUG.a(extapi.CBUG.o)
                                                  Libs/libdrv.CBUG.a(rtxcbug.CBUG.o)
EKS_PktBufStore                                   Libs/libdrv.CBUG.a(extapi.CBUG.o)
EKS_RamCheckSum                                   Libs/libdrv.CBUG.a(extapi.CBUG.o)
                                                  Libs/libdrv.CBUG.a(rtxcbug.CBUG.o)
EKS_RamFill                                       Libs/libdrv.CBUG.a(extapi.CBUG.o)
                                                  Libs/libdrv.CBUG.a(rtxcbug.CBUG.o)
                                                  Objs/tasks.CBUG.o
EKS_RamRead                                       Libs/libdrv.CBUG.a(extapi.CBUG.o)
                                                  Libs/libdrv.CBUG.a(rtxcbug.CBUG.o)
EKS_RamWrite                                      Libs/libdrv.CBUG.a(extapi.CBUG.o)
                                                  Libs/libdrv.CBUG.a(rtxcbug.CBUG.o)
                                                  Objs/tasks.CBUG.o
EKS_init                                          Libs/libdrv.CBUG.a(extapi.CBUG.o)
                                                  Objs/main.CBUG.o
GetHexValue                                       Objs/tasks.CBUG.o
GlobCurrTimer                                     Objs/tasks.CBUG.o
GlobTimer                                         Objs/tasks.CBUG.o
Global_IRQ_STACK_SIZE                             Libs/RTXCstartup.CBUG.o
                                                  Libs/libdrv.CBUG.a(rtxcbug.CBUG.o)
                                                  Libs/librtxc.CBUG.a(rtxc.CBUG.o)
Global_KERNEL_TOP                                 Libs/RTXCstartup.CBUG.o
Global_RAM_TOP                                    Libs/RTXCstartup.CBUG.o
Global_STACK_FILLER                               Libs/RTXCstartup.CBUG.o
                                                  Libs/libdrv.CBUG.a(rtxcbug.CBUG.o)
                                                  Libs/librtxc.CBUG.a(rtxc.CBUG.o)
Global_SVC_STACK_SIZE                             Libs/RTXCstartup.CBUG.o
                                                  Libs/libdrv.CBUG.a(rtxcbug.CBUG.o)
                                                  Libs/librtxc.CBUG.a(rtxc.CBUG.o)
Global_SYSKERNEL_STACK_SIZE                       Libs/RTXCstartup.CBUG.o
                                                  Libs/libdrv.CBUG.a(rtxcbug.CBUG.o)
                                                  Libs/librtxc.CBUG.a(rtxc.CBUG.o)
HandleCanRead                                     Objs/tasks.CBUG.o
HandleSrecord                                     Objs/tasks.CBUG.o
IRQ_Handler_Entry                                 Libs/RTXCstartup.CBUG.o
KS_ISRalloc                                       Libs/librtxc.CBUG.a(rtxc.CBUG.o)
KS_ISRexit                                        Libs/librtxc.CBUG.a(rtxc.CBUG.o)
                                                  Libs/libdrv.CBUG.a(drv_adc.CBUG.o)
                                                  Libs/libdrv.CBUG.a(drv_usb.CBUG.o)
                                                  Libs/libdrv.CBUG.a(drv_twi.CBUG.o)
                                                  Libs/libdrv.CBUG.a(drv_spi.CBUG.o)
                                                  Libs/libdrv.CBUG.a(drv_can.CBUG.o)
                                                  Libs/libdrv.CBUG.a(drv_uart.CBUG.o)
                                                  Libs/libdrv.CBUG.a(drv_clk.CBUG.o)
KS_ISRsignal                                      Libs/librtxc.CBUG.a(rtxc.CBUG.o)
                                                  Libs/libdrv.CBUG.a(drv_uart.CBUG.o)
KS_ISRtick                                        Libs/librtxc.CBUG.a(rtxc.CBUG.o)
                                                  Libs/libdrv.CBUG.a(drv_clk.CBUG.o)
KS_alloc                                          Libs/librtxc.CBUG.a(rtxcapi.CBUG.o)
                                                  Libs/libdrv.CBUG.a(extapi.CBUG.o)
KS_alloct                                         Libs/librtxc.CBUG.a(rtxcapi.CBUG.o)
KS_allocw                                         Libs/librtxc.CBUG.a(rtxcapi.CBUG.o)
KS_block                                          Libs/librtxc.CBUG.a(rtxcapi.CBUG.o)
                                                  Libs/libdrv.CBUG.a(rtxcbug.CBUG.o)
KS_defpriority                                    Libs/librtxc.CBUG.a(rtxcapi.CBUG.o)
KS_defqsema                                       Libs/librtxc.CBUG.a(rtxcapi.CBUG.o)
                                                  Libs/libdrv.CBUG.a(drv_usb.CBUG.o)
                                                  Libs/libdrv.CBUG.a(drv_uart.CBUG.o)
                                                  Objs/tasks.CBUG.o
KS_defqueue                                       Libs/librtxc.CBUG.a(rtxcapi.CBUG.o)
KS_defres                                         Libs/librtxc.CBUG.a(rtxcapi.CBUG.o)
KS_defslice                                       Libs/librtxc.CBUG.a(rtxcapi.CBUG.o)
                                                  Objs/main.CBUG.o
KS_deftime                                        Libs/libdrv.CBUG.a(drv_clk.CBUG.o)
                                                  Libs/libdrv.CBUG.a(rtxcbug.CBUG.o)
KS_delay                                          Libs/librtxc.CBUG.a(rtxcapi.CBUG.o)
                                                  Libs/libdrv.CBUG.a(drv_usb.CBUG.o)
                                                  Libs/libdrv.CBUG.a(rtxcbug.CBUG.o)
                                                  Libs/libdrv.CBUG.a(extapi.CBUG.o)
                                                  Objs/tasks.CBUG.o
KS_dequeue                                        Libs/librtxc.CBUG.a(rtxcapi.CBUG.o)
                                                  Libs/libdrv.CBUG.a(drv_usb.CBUG.o)
                                                  Libs/libdrv.CBUG.a(drv_uart.CBUG.o)
                                                  Objs/tasks.CBUG.o
KS_dequeuet                                       Libs/librtxc.CBUG.a(rtxcapi.CBUG.o)
KS_dequeuew                                       Libs/librtxc.CBUG.a(rtxcapi.CBUG.o)
                                                  Objs/main.CBUG.o
KS_elapse                                         Libs/librtxc.CBUG.a(rtxcapi.CBUG.o)
KS_enqueue                                        Libs/librtxc.CBUG.a(rtxcapi.CBUG.o)
                                                  Libs/libdrv.CBUG.a(drv_uart.CBUG.o)
KS_enqueuet                                       Libs/librtxc.CBUG.a(rtxcapi.CBUG.o)
                                                  Libs/libdrv.CBUG.a(drv_usb.CBUG.o)
KS_enqueuew                                       Libs/librtxc.CBUG.a(rtxcapi.CBUG.o)
                                                  Libs/libdrv.CBUG.a(extapi.CBUG.o)
                                                  Objs/tasks.CBUG.o
                                                  Objs/main.CBUG.o
KS_execute                                        Libs/librtxc.CBUG.a(rtxcapi.CBUG.o)
                                                  Objs/main.CBUG.o
KS_free                                           Libs/librtxc.CBUG.a(rtxcapi.CBUG.o)
                                                  Libs/libdrv.CBUG.a(extapi.CBUG.o)
KS_inqmap                                         Libs/librtxc.CBUG.a(rtxcapi.CBUG.o)
                                                  Libs/libdrv.CBUG.a(extapi.CBUG.o)
KS_inqpriority                                    Libs/librtxc.CBUG.a(rtxcapi.CBUG.o)
KS_inqqueue                                       Libs/librtxc.CBUG.a(rtxcapi.CBUG.o)
KS_inqres                                         Libs/librtxc.CBUG.a(rtxcapi.CBUG.o)
KS_inqsema                                        Libs/librtxc.CBUG.a(rtxcapi.CBUG.o)
KS_inqslice                                       Libs/librtxc.CBUG.a(rtxcapi.CBUG.o)
KS_inqtask                                        Libs/librtxc.CBUG.a(rtxcapi.CBUG.o)
KS_inqtime                                        Libs/libdrv.CBUG.a(drv_clk.CBUG.o)
                                                  Libs/libdrv.CBUG.a(rtxcbug.CBUG.o)
                                                  Libs/libdrv.CBUG.a(extapi.CBUG.o)
KS_inqtimer                                       Libs/librtxc.CBUG.a(rtxcapi.CBUG.o)
KS_lock                                           Libs/librtxc.CBUG.a(rtxcapi.CBUG.o)
KS_lockt                                          Libs/librtxc.CBUG.a(rtxcapi.CBUG.o)
KS_lockw                                          Libs/librtxc.CBUG.a(rtxcapi.CBUG.o)
                                                  Libs/libdrv.CBUG.a(drv_dio.CBUG.o)
                                                  Libs/libdrv.CBUG.a(extapi.CBUG.o)
KS_nop                                            Libs/librtxc.CBUG.a(rtxcapi.CBUG.o)
KS_pend                                           Libs/librtxc.CBUG.a(rtxcapi.CBUG.o)
KS_pendm                                          Libs/librtxc.CBUG.a(rtxcapi.CBUG.o)
KS_purgequeue                                     Libs/librtxc.CBUG.a(rtxcapi.CBUG.o)
KS_restart_timer                                  Libs/librtxc.CBUG.a(rtxcapi.CBUG.o)
KS_resume                                         Libs/librtxc.CBUG.a(rtxcapi.CBUG.o)
KS_signal                                         Libs/librtxc.CBUG.a(rtxcapi.CBUG.o)
                                                  Libs/libdrv.CBUG.a(extapi.CBUG.o)
                                                  Objs/tasks.CBUG.o
KS_signalm                                        Libs/librtxc.CBUG.a(rtxcapi.CBUG.o)
KS_start_timer                                    Libs/librtxc.CBUG.a(rtxcapi.CBUG.o)
                                                  Objs/tasks.CBUG.o
KS_stop_timer                                     Libs/librtxc.CBUG.a(rtxcapi.CBUG.o)
KS_suspend                                        Libs/librtxc.CBUG.a(rtxcapi.CBUG.o)
KS_terminate                                      Libs/librtxc.CBUG.a(rtxcapi.CBUG.o)
                                                  Objs/tasks.CBUG.o
KS_unblock                                        Libs/librtxc.CBUG.a(rtxcapi.CBUG.o)
                                                  Libs/libdrv.CBUG.a(rtxcbug.CBUG.o)
                                                  Objs/main.CBUG.o
KS_unlock                                         Libs/librtxc.CBUG.a(rtxcapi.CBUG.o)
                                                  Libs/libdrv.CBUG.a(drv_dio.CBUG.o)
                                                  Libs/libdrv.CBUG.a(extapi.CBUG.o)
KS_user                                           Libs/librtxc.CBUG.a(rtxcapi.CBUG.o)
                                                  Libs/libdrv.CBUG.a(stdio_vsprintf.CBUG.o)
KS_version                                        Libs/librtxc.CBUG.a(rtxcapi.CBUG.o)
                                                  Libs/libdrv.CBUG.a(rtxcbug.CBUG.o)
KS_wait                                           Libs/librtxc.CBUG.a(rtxcapi.CBUG.o)
                                                  Libs/libdrv.CBUG.a(rtxcbug.CBUG.o)
KS_waitm                                          Libs/librtxc.CBUG.a(rtxcapi.CBUG.o)
                                                  Libs/libdrv.CBUG.a(drv_usb.CBUG.o)
                                                  Libs/libdrv.CBUG.a(drv_uart.CBUG.o)
                                                  Objs/tasks.CBUG.o
KS_waitt                                          Libs/librtxc.CBUG.a(rtxcapi.CBUG.o)
                                                  Libs/libdrv.CBUG.a(drv_twi.CBUG.o)
                                                  Libs/libdrv.CBUG.a(drv_spi.CBUG.o)
KS_yield                                          Libs/librtxc.CBUG.a(rtxcapi.CBUG.o)
LowLevelInit                                      Libs/libdrv.CBUG.a(drv_clk.CBUG.o)
                                                  Objs/main.CBUG.o
ParseBuffer                                       Objs/tasks.CBUG.o
ProgramCopy                                       Libs/RTXCutil.CBUG.o
                                                  Libs/RTXCstartup.CBUG.o
ProgramCopyEnd                                    Libs/RTXCutil.CBUG.o
                                                  Libs/RTXCstartup.CBUG.o
RTC_ReadStatus                                    Libs/libdrv.CBUG.a(cvtdate.CBUG.o)
                                                  Libs/libdrv.CBUG.a(rtxcbug.CBUG.o)
RTC_ReadTime_t                                    Libs/libdrv.CBUG.a(cvtdate.CBUG.o)
                                                  Libs/libdrv.CBUG.a(rtxcbug.CBUG.o)
RTC_WriteAlarm_t                                  Libs/libdrv.CBUG.a(cvtdate.CBUG.o)
                                                  Libs/libdrv.CBUG.a(rtxcbug.CBUG.o)
RTC_WriteTime_t                                   Libs/libdrv.CBUG.a(cvtdate.CBUG.o)
                                                  Libs/libdrv.CBUG.a(drv_clk.CBUG.o)
SPI_FlashErase                                    Libs/libdrv.CBUG.a(flashapi.CBUG.o)
                                                  Libs/libdrv.CBUG.a(extapi.CBUG.o)
SPI_FlashQuery                                    Libs/libdrv.CBUG.a(flashapi.CBUG.o)
SPI_FlashRead                                     Libs/libdrv.CBUG.a(flashapi.CBUG.o)
                                                  Libs/libdrv.CBUG.a(extapi.CBUG.o)
SPI_FlashWaitForEnd                               Libs/libdrv.CBUG.a(flashapi.CBUG.o)
SPI_FlashWrite                                    Libs/libdrv.CBUG.a(flashapi.CBUG.o)
                                                  Libs/libdrv.CBUG.a(extapi.CBUG.o)
SPI_rtx2                                          Libs/libdrv.CBUG.a(drv_spi.CBUG.o)
                                                  Libs/libdrv.CBUG.a(rtxcbug.CBUG.o)
                                                  Libs/libdrv.CBUG.a(flashapi.CBUG.o)
SWI_Handler_Entry                                 Libs/RTXCstartup.CBUG.o
Set_LedBlinker                                    Libs/libdrv.CBUG.a(drv_clk.CBUG.o)
                                                  Objs/tasks.CBUG.o
TWI_receive                                       Libs/libdrv.CBUG.a(drv_twi.CBUG.o)
                                                  Libs/libdrv.CBUG.a(drv_dio.CBUG.o)
TWI_send                                          Libs/libdrv.CBUG.a(drv_twi.CBUG.o)
                                                  Libs/libdrv.CBUG.a(drv_dio.CBUG.o)
TWI_txrx                                          Libs/libdrv.CBUG.a(drv_twi.CBUG.o)
Top_Stack                                         Libs/RTXCstartup.CBUG.o
USB_Receive                                       Libs/libdrv.CBUG.a(drv_usb.CBUG.o)
USB_RxData                                        Libs/libdrv.CBUG.a(drv_usb.CBUG.o)
USB_RxSetup                                       Libs/libdrv.CBUG.a(drv_usb.CBUG.o)
USB_SendData                                      Libs/libdrv.CBUG.a(drv_usb.CBUG.o)
USB_SendNextData                                  Libs/libdrv.CBUG.a(drv_usb.CBUG.o)
USB_SendStall                                     Libs/libdrv.CBUG.a(drv_usb.CBUG.o)
USB_SendZlp                                       Libs/libdrv.CBUG.a(drv_usb.CBUG.o)
USB_Transmit                                      Libs/libdrv.CBUG.a(drv_usb.CBUG.o)
UsedStackEval                                     Libs/libdrv.CBUG.a(rtxcbug.CBUG.o)
__aeabi_idiv                                      /home/name/test_kit/arm-gnu-toolchain-13.3.rel1-x86_64-arm-none-eabi/bin/../lib/gcc/arm-none-eabi/13.3.1/thumb/nofp/libgcc.a(_divsi3.o)
                                                  Libs/libdrv.CBUG.a(drv_spi.CBUG.o)
                                                  Libs/libdrv.CBUG.a(drv_uart.CBUG.o)
                                                  Libs/libdrv.CBUG.a(drv_clk.CBUG.o)
                                                  Libs/libdrv.CBUG.a(cvtdate.CBUG.o)
                                                  Libs/RTXCutil.CBUG.o
__aeabi_idiv0                                     /home/name/test_kit/arm-gnu-toolchain-13.3.rel1-x86_64-arm-none-eabi/bin/../lib/gcc/arm-none-eabi/13.3.1/thumb/nofp/libgcc.a(_dvmd_tls.o)
                                                  /home/name/test_kit/arm-gnu-toolchain-13.3.rel1-x86_64-arm-none-eabi/bin/../lib/gcc/arm-none-eabi/13.3.1/thumb/nofp/libgcc.a(_divsi3.o)
                                                  /home/name/test_kit/arm-gnu-toolchain-13.3.rel1-x86_64-arm-none-eabi/bin/../lib/gcc/arm-none-eabi/13.3.1/thumb/nofp/libgcc.a(_udivsi3.o)
__aeabi_idivmod                                   /home/name/test_kit/arm-gnu-toolchain-13.3.rel1-x86_64-arm-none-eabi/bin/../lib/gcc/arm-none-eabi/13.3.1/thumb/nofp/libgcc.a(_divsi3.o)
                                                  Libs/libdrv.CBUG.a(drv_uart.CBUG.o)
                                                  Libs/libdrv.CBUG.a(cvtdate.CBUG.o)
__aeabi_ldiv0                                     /home/name/test_kit/arm-gnu-toolchain-13.3.rel1-x86_64-arm-none-eabi/bin/../lib/gcc/arm-none-eabi/13.3.1/thumb/nofp/libgcc.a(_dvmd_tls.o)