Archive member included to satisfy reference by file (symbol)

Libs/librtxc.PROD.a(rtxcinit.PROD.o)
                              Objs/main.PROD.o (rtxcinit)
Libs/librtxc.PROD.a(rtxcapi.PROD.o)
                              Objs/main.PROD.o (KS_defslice)
Libs/librtxc.PROD.a(rtxc.PROD.o)
                              Libs/librtxc.PROD.a(rtxcinit.PROD.o) (taskinit)
Libs/librtxc.PROD.a(lock.PROD.o)
                              Objs/main.PROD.o (_enable)
Libs/libdrv.PROD.a(cpart.PROD.o)
                              Libs/librtxc.PROD.a(rtxc.PROD.o) (pkkheader)
Libs/libdrv.PROD.a(cqueue.PROD.o)
                              Libs/librtxc.PROD.a(rtxc.PROD.o) (qkkheader)
Libs/libdrv.PROD.a(cres.PROD.o)
                              Libs/librtxc.PROD.a(rtxcapi.PROD.o) (rheader)
Libs/libdrv.PROD.a(csema.PROD.o)
                              Libs/librtxc.PROD.a(rtxcapi.PROD.o) (semat)
Libs/libdrv.PROD.a(extapi.PROD.o)
                              Objs/tasks.PROD.o (EKS_GetSetup)
Libs/libdrv.PROD.a(cvtdate.PROD.o)
                              Libs/libdrv.PROD.a(extapi.PROD.o) (systime2date)
Libs/libdrv.PROD.a(flashapi.PROD.o)
                              Libs/libdrv.PROD.a(extapi.PROD.o) (SPI_FlashErase)
Libs/libdrv.PROD.a(stdio_vsprintf.PROD.o)
                              Libs/libdrv.PROD.a(extapi.PROD.o) (sprintf)
Libs/libdrv.PROD.a(stdio_printf.PROD.o)
                              Objs/tasks.PROD.o (printf)
Libs/libdrv.PROD.a(stdio_puts.PROD.o)
                              Objs/tasks.PROD.o (puts)
Libs/libdrv.PROD.a(drv_clk.PROD.o)
                              Objs/main.PROD.o (LowLevelInit)
Libs/libdrv.PROD.a(drv_uart.PROD.o)
                              Libs/libdrv.PROD.a(drv_clk.PROD.o) (com3drvpit)
Libs/libdrv.PROD.a(drv_can.PROD.o)
                              Objs/main.PROD.o (canstart)
Libs/libdrv.PROD.a(drv_spi.PROD.o)
                              Objs/main.PROD.o (spistart)
Libs/libdrv.PROD.a(drv_twi.PROD.o)
                              Objs/main.PROD.o (twistart)
Libs/libdrv.PROD.a(drv_usb.PROD.o)
                              Objs/main.PROD.o (usbtask)
Libs/libdrv.PROD.a(drv_adc.PROD.o)
                              Objs/main.PROD.o (adcstart)
Libs/libdrv.PROD.a(drv_dio.PROD.o)
                              Objs/main.PROD.o (diostart)
Libs/libdrv.PROD.a(stdio_strtol.PROD.o)
                              Objs/tasks.PROD.o (simple_strtol)
/home/name/test_kit/arm-gnu-toolchain-13.3.rel1-x86_64-arm-none-eabi/bin/../lib/gcc/arm-none-eabi/13.3.1/thumb/nofp/libgcc.a(_udivsi3.o)
                              Libs/RTXCutil.PROD.o (__aeabi_uidiv)
/home/name/test_kit/arm-gnu-toolchain-13.3.rel1-x86_64-arm-none-eabi/bin/../lib/gcc/arm-none-eabi/13.3.1/thumb/nofp/libgcc.a(_divsi3.o)
                              Libs/RTXCutil.PROD.o (__aeabi_idiv)
/home/name/test_kit/arm-gnu-toolchain-13.3.rel1-x86_64-arm-none-eabi/bin/../lib/gcc/arm-none-eabi/13.3.1/thumb/nofp/libgcc.a(_dvmd_tls.o)
                              /home/name/test_kit/arm-gnu-toolchain-13.3.rel1-x86_64-arm-none-eabi/bin/../lib/gcc/arm-none-eabi/13.3.1/thumb/nofp/libgcc.a(_udivsi3.o) (__aeabi_idiv0)
/home/name/test_kit/arm-gnu-toolchain-13.3.rel1-x86_64-arm-none-eabi/bin/../lib/gcc/arm-none-eabi/13.3.1/thumb/nofp/libgcc.a(_aeabi_uldivmod.o)
                              Libs/libdrv.PROD.a(stdio_vsprintf.PROD.o) (__aeabi_uldivmod)
/home/name/test_kit/arm-gnu-toolchain-13.3.rel1-x86_64-arm-none-eabi/bin/../lib/gcc/arm-none-eabi/13.3.1/thumb/nofp/libgcc.a(_udivmoddi4.o)
                              /home/name/test_kit/arm-gnu-toolchain-13.3.rel1-x86_64-arm-none-eabi/bin/../lib/gcc/arm-none-eabi/13.3.1/thumb/nofp/libgcc.a(_aeabi_uldivmod.o) (__udivmoddi4)
/home/name/test_kit/arm-gnu-toolchain-13.3.rel1-x86_64-arm-none-eabi/bin/../lib/gcc/arm-none-eabi/13.3.1/thumb/nofp/libgcc.a(_clzdi2.o)
                              /home/name/test_kit/arm-gnu-toolchain-13.3.rel1-x86_64-arm-none-eabi/bin/../lib/gcc/arm-none-eabi/13.3.1/thumb/nofp/libgcc.a(_udivmoddi4.o) (__clzdi2)
/home/name/test_kit/arm-gnu-toolchain-13.3.rel1-x86_64-arm-none-eabi/bin/../lib/gcc/arm-none-eabi/13.3.1/thumb/nofp/libgcc.a(_clzsi2.o)
                              /home/name/test_kit/arm-gnu-toolchain-13.3.rel1-x86_64-arm-none-eabi/bin/../lib/gcc/arm-none-eabi/13.3.1/thumb/nofp/libgcc.a(_clzdi2.o) (__clzsi2)
/home/name/test_kit/arm-gnu-toolchain-13.3.rel1-x86_64-arm-none-eabi/bin/../lib/gcc/arm-none-eabi/13.3.1/../../../../arm-none-eabi/lib/thumb/nofp/libc.a(libc_a-memcpy-stub.o)
                              Objs/tasks.PROD.o (memcpy)
/home/name/test_kit/arm-gnu-toolchain-13.3.rel1-x86_64-arm-none-eabi/bin/../lib/gcc/arm-none-eabi/13.3.1/../../../../arm-none-eabi/lib/thumb/nofp/libc.a(libc_a-strlen-stub.o)
                              Libs/libdrv.PROD.a(extapi.PROD.o) (strlen)
/home/name/test_kit/arm-gnu-toolchain-13.3.rel1-x86_64-arm-none-eabi/bin/../lib/gcc/arm-none-eabi/13.3.1/../../../../arm-none-eabi/lib/thumb/nofp/libc.a(libc_a-strnlen.o)
[...]
Memory Configuration

Name             Origin             Length             Attributes
CODE             0x00000000         0x00040000         xr
DATA             0x00200000         0x00008000         rw
STACK            0x00208000         0x00000000         rw
*default*        0x00000000         0xffffffff

Linker script and memory map

LOAD Libs/RTXCstartup.PROD.o
LOAD Libs/RTXCutil.PROD.o
LOAD Libs/RTXCsys32.PROD.o
LOAD Objs/main.PROD.o
LOAD Objs/tasks.PROD.o
LOAD Libs/librtxc.PROD.a
LOAD Libs/libdrv.PROD.a
LOAD /home/name/test_kit/arm-gnu-toolchain-13.3.rel1-x86_64-arm-none-eabi/bin/../lib/gcc/arm-none-eabi/13.3.1/../../../../arm-none-eabi/lib/thumb/nofp/libm.a
START GROUP
LOAD /home/name/test_kit/arm-gnu-toolchain-13.3.rel1-x86_64-arm-none-eabi/bin/../lib/gcc/arm-none-eabi/13.3.1/thumb/nofp/libgcc.a
LOAD /home/name/test_kit/arm-gnu-toolchain-13.3.rel1-x86_64-arm-none-eabi/bin/../lib/gcc/arm-none-eabi/13.3.1/../../../../arm-none-eabi/lib/thumb/nofp/libc.a
END GROUP

.text           0x00000000      0x29c
 *RTXCstartup*.o(.text)
 .text          0x00000000      0x29c Libs/RTXCstartup.PROD.o
                0x00000000                _startup
                0x00000044                Global_RAM_TOP
                0x00000048                Global_KERNEL_TOP
                0x0000004c                Global_IRQ_STACK_SIZE
                0x00000050                Global_SVC_STACK_SIZE
                0x00000054                Global_SYSKERNEL_STACK_SIZE
                0x00000058                Global_STACK_FILLER
                0x000000f0                exit
                0x000000f4                IRQ_Handler_Entry
                0x00000198                SWI_Handler_Entry
                0x0000021c                AT91F_Default_FIQ_handler
                0x00000220                AT91F_Default_IRQ_handler
                0x00000224                AT91F_Spurious_handler
                0x00000228                CodeUpgrade

.vfp11_veneer   0x0000029c        0x0
 .vfp11_veneer  0x0000029c        0x0 linker stubs

.v4_bx          0x0000029c        0x0
 .v4_bx         0x0000029c        0x0 linker stubs

.iplt           0x0000029c        0x0
 .iplt          0x0000029c        0x0 Libs/RTXCstartup.PROD.o

.text.__udivmoddi4
                0x000002a0      0x1a8
 .text.__udivmoddi4
                0x000002a0      0x19c /home/name/test_kit/arm-gnu-toolchain-13.3.rel1-x86_64-arm-none-eabi/bin/../lib/gcc/arm-none-eabi/13.3.1/thumb/nofp/libgcc.a(_udivmoddi4.o)
                0x000002a0                __udivmoddi4
 *fill*         0x0000043c        0x4 
 .text.__udivmoddi4.__stub
                0x00000440        0x8 linker stubs

.text.memcpy    0x00000448       0x90
 .text.memcpy   0x00000448       0x90 /home/name/test_kit/arm-gnu-toolchain-13.3.rel1-x86_64-arm-none-eabi/bin/../lib/gcc/arm-none-eabi/13.3.1/../../../../arm-none-eabi/lib/thumb/nofp/libc.a(libc_a-memcpy-stub.o)
                0x00000448                memcpy

.text.strlen    0x000004d8       0x60
 .text.strlen   0x000004d8       0x60 /home/name/test_kit/arm-gnu-toolchain-13.3.rel1-x86_64-arm-none-eabi/bin/../lib/gcc/arm-none-eabi/13.3.1/../../../../arm-none-eabi/lib/thumb/nofp/libc.a(libc_a-strlen-stub.o)
                0x000004d8                strlen

.text.strnlen   0x00000538       0x28
 .text.strnlen  0x00000538       0x28 /home/name/test_kit/arm-gnu-toolchain-13.3.rel1-x86_64-arm-none-eabi/bin/../lib/gcc/arm-none-eabi/13.3.1/../../../../arm-none-eabi/lib/thumb/nofp/libc.a(libc_a-strnlen.o)
                0x00000538                strnlen

.text.memcmp    0x00000560       0x4c
 .text.memcmp   0x00000560       0x4c /home/name/test_kit/arm-gnu-toolchain-13.3.rel1-x86_64-arm-none-eabi/bin/../lib/gcc/arm-none-eabi/13.3.1/../../../../arm-none-eabi/lib/thumb/nofp/libc.a(libc_a-memcmp.o)
                0x00000560                memcmp

.text.memset    0x000005ac       0xb0
 .text.memset   0x000005ac       0xb0 /home/name/test_kit/arm-gnu-toolchain-13.3.rel1-x86_64-arm-none-eabi/bin/../lib/gcc/arm-none-eabi/13.3.1/../../../../arm-none-eabi/lib/thumb/nofp/libc.a(libc_a-memset.o)
                0x000005ac                memset

.text.__set_ctype
                0x0000065c        0xc
 .text.__set_ctype
                0x0000065c        0xc /home/name/test_kit/arm-gnu-toolchain-13.3.rel1-x86_64-arm-none-eabi/bin/../lib/gcc/arm-none-eabi/13.3.1/../../../../arm-none-eabi/lib/thumb/nofp/libc.a(libc_a-ctype_.o)
                0x0000065c                __set_ctype

.text           0x00000668     0x8a88
 *(.text)
 .text          0x00000668      0x3b0 Libs/RTXCutil.PROD.o
                0x00000668                AT91F_CLOCKinit
                0x000008d4                ProgramCopy
                0x00000a14                ProgramCopyEnd
 .text          0x00000a18       0x14 Libs/RTXCsys32.PROD.o
                0x00000a18                AT91F_WATCHDOGinit
 .text          0x00000a2c       0xe4 Objs/main.PROD.o
                0x00000a2c                maintask
                0x00000adc                putchar
                0x00000af4                getchar
 .text          0x00000b10     0x1580 Objs/tasks.PROD.o
                0x00000b10                GetHexValue
                0x00000b7c                HandleSrecord
                0x00000d58                HandleCanRead
                0x00000db4                ParseBuffer
                0x00001d20                tk0extender
 .text          0x00002090       0x20 Libs/librtxc.PROD.a(rtxcinit.PROD.o)
                0x00002090                rtxcinit
 .text          0x000020b0      0x6d8 Libs/librtxc.PROD.a(rtxcapi.PROD.o)
                0x000020b0                KS_block
                0x000020c4                KS_version
                0x000020cc                KS_nop
                0x000020dc                KS_alloc
                0x00002110                KS_defpriority
                0x00002124                KS_defslice
                0x0000214c                KS_delay
                0x00002164                KS_dequeue
                0x00002184                KS_enqueue
                0x000021a4                KS_execute
                0x000021b8                KS_free
                0x000021cc                KS_lock
                0x00002238                KS_pend
                0x0000224c                KS_resume
                0x00002260                KS_signal
                0x00002278                KS_stop_timer
                0x00002290                KS_start_timer
                0x000022b0                KS_suspend
                0x000022c4                KS_terminate
                0x000022d8                KS_unblock
                0x000022ec                KS_unlock
                0x0000235c                KS_user
                0x00002374                KS_wait
                0x00002390                KS_yield
                0x000023a8                KS_allocw
                0x000023f4                KS_inqres
                0x0000240c                KS_defres
                0x00002428                KS_defqsema
                0x00002444                KS_dequeuew
                0x00002460                KS_elapse
                0x00002474                KS_enqueuew
                0x00002490                KS_inqmap
                0x000024a4                KS_lockw
                0x00002514                KS_purgequeue
                0x00002528                KS_waitm
                0x0000253c                KS_inqtimer
                0x00002550                KS_alloct
                0x000025b8                KS_defqueue
                0x000025e0                KS_dequeuet
                0x0000260c                KS_enqueuet
                0x00002638                KS_inqpriority
                0x0000265c                KS_inqqueue
                0x0000266c                KS_inqsema
                0x00002678                KS_inqtask
                0x00002684                KS_lockt
                0x000026fc                KS_pendm
                0x00002710                KS_restart_timer
                0x00002734                KS_signalm
                0x00002748                KS_waitt
                0x00002768                KS_inqslice
 .text          0x00002788     0x18e8 Libs/librtxc.PROD.a(rtxc.PROD.o)
                0x00002960                taskinit
                0x000029e0                resinit
                0x00002a08                partinit
                0x00002a64                queueinit
                0x00002aa4                semainit
                0x00002adc                clockinit
                0x00002ae0                KS_ISRalloc
                0x00002b14                KS_ISRsignal
                0x00002b40                postem
                0x00002e74                rtxc
                0x00003fcc                KS_ISRexit
                0x00004018                KS_ISRtick
 .text          0x00004070       0x40 Libs/librtxc.PROD.a(lock.PROD.o)
                0x00004070                _enable
                0x00004084                _disable
                0x00004098                _pushccr
                0x000040a4                _popccr
 .text          0x000040b0        0x0 Libs/libdrv.PROD.a(cpart.PROD.o)
 .text          0x000040b0        0x0 Libs/libdrv.PROD.a(cqueue.PROD.o)
 .text          0x000040b0        0x0 Libs/libdrv.PROD.a(cres.PROD.o)
 .text          0x000040b0        0x0 Libs/libdrv.PROD.a(csema.PROD.o)
 .text          0x000040b0     0x1ab4 Libs/libdrv.PROD.a(extapi.PROD.o)
                0x000040b0                EKS_GetSetup
                0x000040dc                EKS_ParSize
                0x000040e4                CheckPointer
                0x00004138                EKS_PktBufRelease
                0x000041bc                EKS_PktBufCat
                0x00004270                EKS_PktBufDuplicate
                0x000043a4                EKS_PktBufLength
                0x00004428                EKS_PktBufPullup
                0x00004514                EKS_PktBufCopy
                0x00004574                EKS_PktBufComp
                0x000045f4                EKS_Pkt2BufComp
                0x000047bc                EKS_LCK_FlashRead
                0x000047e0                EKS_LCK_FlashWrite
                0x00004818                EKS_LCK_FlashErase
                0x00004838                EKS_FlashClear
                0x00004864                EKS_PktBufStore
                0x00004be4                EKS_PktBufCheck
                0x00004c84                EKS_FlashTotal
                0x00004c8c                EKS_FlashFree
                0x00004cec                EKS_FlashCheckSum
                0x00004d04                EKS_PktBufMyTime
                0x00004e18                EKS_PktBufFromTime
                0x00004e28                EKS_PktBufComprexTime
                0x00004e38                EKS_PktBufAccTime
                0x00004e48                EKS_GetHHMM
                0x00004e80                EKS_EnqShutdown
                0x00004e8c                EKS_AskShutdown
                0x00004ed4                EKS_AgreeShutdown
                0x00004f68                EKS_RamFill
                0x00004f8c                EKS_RamWrite
                0x00005000                EKS_RamRead
                0x00005034                EKS_RamCheckSum
                0x00005094                pdebugt
                0x0000509c                panic
                0x000050bc                EKS_NewSetup
                0x00005114                EKS_ParClear
                0x0000515c                EKS_ParRead
                0x00005244                EKS_ParReadShort
                0x000052d8                EKS_ParReadLong
                0x00005374                EKS_PktBufCheckStore
                0x00005614                EKS_ParWrite
                0x0000580c                EKS_ParWriteShort
                0x00005848                EKS_ParWriteLong
                0x0000588c                EKS_PktBufAdd
                0x00005924                EKS_PktBufAddString
                0x00005970                EKS_PktBufRetrive
                0x00005b48                EKS_init
 .text          0x00005b64      0x28c Libs/libdrv.PROD.a(cvtdate.PROD.o)
                0x00005b64                date2systime
                0x00005bf0                systime2date
                0x00005ce8                RTC_WriteTime_t
                0x00005d8c                RTC_ReadTime_t
                0x00005db4                RTC_WriteAlarm_t
                0x00005de4                RTC_ReadStatus
 .text          0x00005df0      0x430 Libs/libdrv.PROD.a(flashapi.PROD.o)
                0x00005df0                SPI_FlashWaitForEnd
                0x00005e60                SPI_FlashQuery
                0x00005ec0                SPI_FlashErase
                0x00005ff4                SPI_FlashRead
                0x000060c8                SPI_FlashWrite
 .text          0x00006220      0x870 Libs/libdrv.PROD.a(stdio_vsprintf.PROD.o)
                0x00006474                vsnprintf
                0x00006494                skip_atoi
                0x000064cc                local_vsnprintf
                0x00006a08                vsnprintf_repeater
                0x00006a18                snprintf
                0x00006a40                vsprintf
                0x00006a64                sprintf
 .text          0x00006a90       0x44 Libs/libdrv.PROD.a(stdio_printf.PROD.o)
                0x00006a90                printf
 .text          0x00006ad4       0x24 Libs/libdrv.PROD.a(stdio_puts.PROD.o)
                0x00006ad4                puts
 .text          0x00006af8      0x2d0 Libs/libdrv.PROD.a(drv_clk.PROD.o)
                0x00006af8                slowclkc
                0x00006b08                clkc
                0x00006bf0                AT91F_AIC_Configure
                0x00006c20                LowLevelInit
                0x00006c64                clkstart
                0x00006cfc                tickwait
                0x00006d44                clkstop
                0x00006d64                Set_LedBlinker
                0x00006da8                KS_inqtime
                0x00006db4                KS_deftime
 .text          0x00006dc8      0x960 Libs/libdrv.PROD.a(drv_uart.PROD.o)
                0x00006dc8                com0drv
                0x00006ea0                com1drv
                0x00006f78                com2drv
                0x00007050                com3drvpit
                0x00007104                uartDMAstartTx
                0x00007128                uartDMAstartRx
                0x00007158                uartstart
                0x00007324                uartdrv
                0x000076bc                uartstop
 .text          0x00007728      0x460 Libs/libdrv.PROD.a(drv_can.PROD.o)
                0x00007728                can0drv
                0x00007760                can1drv
                0x00007798                canaddress
                0x000077ac                canstart
                0x00007838                CAN_speed
                0x000079a0                CAN_configure
                0x00007a54                CAN_read
                0x00007b08                CAN_write
                0x00007b50                CAN_status
                0x00007b60                canstop
 .text          0x00007b88      0x1f4 Libs/libdrv.PROD.a(drv_spi.PROD.o)
                0x00007b88                spidrv
                0x00007bbc                spistart
                0x00007cbc                SPI_rtx2
                0x00007d58                spistop
 .text          0x00007d7c      0x280 Libs/libdrv.PROD.a(drv_twi.PROD.o)
                0x00007d7c                twidrv
                0x00007e10                twistart
                0x00007e88                TWI_send
                0x00007eec                TWI_receive
                0x00007f58                TWI_txrx
                0x00007fdc                twistop
 .text          0x00007ffc      0x894 Libs/libdrv.PROD.a(drv_usb.PROD.o)
                0x00007ffc                usbdrv
                0x00008060                USB_SendNextData
                0x000080ac                USB_RxData
                0x000080bc                USB_SendData
                0x000080fc                USB_SendZlp
                0x00008124                USB_SendStall
                0x00008150                USB_RxSetup
                0x000086a8                USB_Receive
                0x0000870c                USB_Transmit
                0x00008774                usbtask
 .text          0x00008890      0x1fc Libs/libdrv.PROD.a(drv_adc.PROD.o)
                0x00008890                tc0drv
                0x000088dc                adcstart
                0x000089f8                adcstop
                0x00008a34                ADC_read
 .text          0x00008a8c      0x214 Libs/libdrv.PROD.a(drv_dio.PROD.o)
                0x00008a8c                diostart
                0x00008b18                diostop
                0x00008b34                dio_read
                0x00008bd4                dio_write
                0x00008c7c                dio_mask
                0x00008c80                dio_counter
 .text          0x00008ca0       0xdc Libs/libdrv.PROD.a(stdio_strtol.PROD.o)
                0x00008ca0                simple_strtoul
                0x00008d60                simple_strtol
 .text          0x00008d7c      0x11c /home/name/test_kit/arm-gnu-toolchain-13.3.rel1-x86_64-arm-none-eabi/bin/../lib/gcc/arm-none-eabi/13.3.1/thumb/nofp/libgcc.a(_udivsi3.o)
                0x00008d7c                __udivsi3
                0x00008d7c                __aeabi_uidiv
                0x00008e78                __aeabi_uidivmod
 .text          0x00008e98      0x150 /home/name/test_kit/arm-gnu-toolchain-13.3.rel1-x86_64-arm-none-eabi/bin/../lib/gcc/arm-none-eabi/13.3.1/thumb/nofp/libgcc.a(_divsi3.o)
                0x00008e98                __aeabi_idiv
                0x00008e98                __divsi3
                0x00008fc8                __aeabi_idivmod
 .text          0x00008fe8        0x4 /home/name/test_kit/arm-gnu-toolchain-13.3.rel1-x86_64-arm-none-eabi/bin/../lib/gcc/arm-none-eabi/13.3.1/thumb/nofp/libgcc.a(_dvmd_tls.o)
                0x00008fe8                __aeabi_ldiv0
                0x00008fe8                __aeabi_idiv0
 .text          0x00008fec       0x3c /home/name/test_kit/arm-gnu-toolchain-13.3.rel1-x86_64-arm-none-eabi/bin/../lib/gcc/arm-none-eabi/13.3.1/thumb/nofp/libgcc.a(_aeabi_uldivmod.o)
                0x00008fec                __aeabi_uldivmod
 .text          0x00009028        0x0 /home/name/test_kit/arm-gnu-toolchain-13.3.rel1-x86_64-arm-none-eabi/bin/../lib/gcc/arm-none-eabi/13.3.1/thumb/nofp/libgcc.a(_udivmoddi4.o)
 .text          0x00009028       0x28 /home/name/test_kit/arm-gnu-toolchain-13.3.rel1-x86_64-arm-none-eabi/bin/../lib/gcc/arm-none-eabi/13.3.1/thumb/nofp/libgcc.a(_clzdi2.o)
                0x00009028                __clzdi2
 .text          0x00009050       0x48 /home/name/test_kit/arm-gnu-toolchain-13.3.rel1-x86_64-arm-none-eabi/bin/../lib/gcc/arm-none-eabi/13.3.1/thumb/nofp/libgcc.a(_clzsi2.o)
                0x00009050                __clzsi2
 .text          0x00009098        0x0 /home/name/test_kit/arm-gnu-toolchain-13.3.rel1-x86_64-arm-none-eabi/bin/../lib/gcc/arm-none-eabi/13.3.1/../../../../arm-none-eabi/lib/thumb/nofp/libc.a(libc_a-memcpy-stub.o)
 .text          0x00009098        0x0 /home/name/test_kit/arm-gnu-toolchain-13.3.rel1-x86_64-arm-none-eabi/bin/../lib/gcc/arm-none-eabi/13.3.1/../../../../arm-none-eabi/lib/thumb/nofp/libc.a(libc_a-strlen-stub.o)
 .text          0x00009098        0x0 /home/name/test_kit/arm-gnu-toolchain-13.3.rel1-x86_64-arm-none-eabi/bin/../lib/gcc/arm-none-eabi/13.3.1/../../../../arm-none-eabi/lib/thumb/nofp/libc.a(libc_a-strnlen.o)
 .text          0x00009098        0x0 /home/name/test_kit/arm-gnu-toolchain-13.3.rel1-x86_64-arm-none-eabi/bin/../lib/gcc/arm-none-eabi/13.3.1/../../../../arm-none-eabi/lib/thumb/nofp/libc.a(libc_a-memcmp.o)
 .text          0x00009098        0x0 /home/name/test_kit/arm-gnu-toolchain-13.3.rel1-x86_64-arm-none-eabi/bin/../lib/gcc/arm-none-eabi/13.3.1/../../../../arm-none-eabi/lib/thumb/nofp/libc.a(libc_a-memset.o)
 .text          0x00009098        0x0 /home/name/test_kit/arm-gnu-toolchain-13.3.rel1-x86_64-arm-none-eabi/bin/../lib/gcc/arm-none-eabi/13.3.1/../../../../arm-none-eabi/lib/thumb/nofp/libc.a(libc_a-ctype_.o)
 .text.__stub   0x00009098       0x4c linker stubs
 *(.glue_7t)
 .glue_7t       0x000090f0        0x0 linker stubs
 *(.glue_7)
 .glue_7        0x000090f0        0x0 linker stubs
                0x000090f0                        . = ALIGN (0x4)

.rodata         0x000090f0     0x1389
 *(.rodata*)
 .rodata        0x000090f0       0x45 Objs/main.PROD.o
                0x000090f4                rtxkktcb
                0x00009134                ntasks
 *fill*         0x00009135        0x3 
 .rodata.str1.4
                0x00009138      0x783 Objs/tasks.PROD.o
                                0x6ec (size before relaxing)
 *fill*         0x000098bb        0x1 
 .rodata        0x000098bc      0x142 Objs/tasks.PROD.o
 .rodata.str1.4
                0x000099fe       0x1d Libs/librtxc.PROD.a(rtxcapi.PROD.o)
 *fill*         0x000099fe        0x2 
 .rodata        0x00009a00       0xc0 Libs/librtxc.PROD.a(rtxc.PROD.o)
 .rodata        0x00009ac0       0x19 Libs/libdrv.PROD.a(cpart.PROD.o)
                0x00009ac0                pkkheader
                0x00009ad8                nparts
 *fill*         0x00009ad9        0x3 
 .rodata        0x00009adc       0xc1 Libs/libdrv.PROD.a(cqueue.PROD.o)
                0x00009adc                qkkheader
                0x00009b9c                nqueues
 .rodata        0x00009b9d        0x1 Libs/libdrv.PROD.a(cres.PROD.o)
                0x00009b9d                nres
 *fill*         0x00009b9e        0x2 
 .rodata        0x00009ba0        0x5 Libs/libdrv.PROD.a(csema.PROD.o)
                0x00009ba0                siglistsize
                0x00009ba4                nsemas
 .rodata.str1.4
                0x00009ba5       0x79 Libs/libdrv.PROD.a(extapi.PROD.o)
 .rodata.str1.4
                0x00009ba5        0x7 Libs/libdrv.PROD.a(stdio_vsprintf.PROD.o)
 *fill*         0x00009ba5        0x3 
 .rodata        0x00009ba8      0x721 Libs/libdrv.PROD.a(stdio_vsprintf.PROD.o)
 *fill*         0x0000a2c9        0x3 
 .rodata        0x0000a2cc       0x38 Libs/libdrv.PROD.a(drv_uart.PROD.o)
 .rodata        0x0000a304       0x5f Libs/libdrv.PROD.a(drv_usb.PROD.o)
                0x0000a304                devDescriptor
                0x0000a318                cfgDescriptor
                0x0000a35c                line_pars
 *fill*         0x0000a363        0x1 
 .rodata        0x0000a364       0x14 Libs/libdrv.PROD.a(drv_dio.PROD.o)
 .rodata._ctype_
                0x0000a378      0x101 /home/name/test_kit/arm-gnu-toolchain-13.3.rel1-x86_64-arm-none-eabi/bin/../lib/gcc/arm-none-eabi/13.3.1/../../../../arm-none-eabi/lib/thumb/nofp/libc.a(libc_a-ctype_.o)
                0x0000a378                _ctype_

.ARM.extab.text.__udivmoddi4
                0x0000a479        0x0
 .ARM.extab.text.__udivmoddi4
                0x0000a479        0x0 /home/name/test_kit/arm-gnu-toolchain-13.3.rel1-x86_64-arm-none-eabi/bin/../lib/gcc/arm-none-eabi/13.3.1/thumb/nofp/libgcc.a(_udivmoddi4.o)

.ARM.exidx.text.__udivmoddi4
                0x0000a47c        0x8
 .ARM.exidx.text.__udivmoddi4
                0x0000a47c        0x8 /home/name/test_kit/arm-gnu-toolchain-13.3.rel1-x86_64-arm-none-eabi/bin/../lib/gcc/arm-none-eabi/13.3.1/thumb/nofp/libgcc.a(_udivmoddi4.o)

.rel.dyn        0x0000a484        0x0
 .rel.iplt      0x0000a484        0x0 Libs/RTXCstartup.PROD.o
                0x0000a484                        . = ALIGN (0x4)
                0x0000a484                        _etext = .
                [!provide]                        PROVIDE (etext = .)

.data           0x00200000        0x4 load address 0x0000a484
                0x00200000                        _data = .
 *(.data)
 .data          0x00200000        0x0 Libs/RTXCstartup.PROD.o
 .data          0x00200000        0x0 Libs/RTXCutil.PROD.o
 .data          0x00200000        0x0 Libs/RTXCsys32.PROD.o
 .data          0x00200000        0x0 Objs/main.PROD.o
 .data          0x00200000        0x0 Objs/tasks.PROD.o
 .data          0x00200000        0x0 Libs/librtxc.PROD.a(rtxcinit.PROD.o)
 .data          0x00200000        0x0 Libs/librtxc.PROD.a(rtxcapi.PROD.o)
 .data          0x00200000        0x0 Libs/librtxc.PROD.a(rtxc.PROD.o)
 .data          0x00200000        0x0 Libs/librtxc.PROD.a(lock.PROD.o)
 .data          0x00200000        0x0 Libs/libdrv.PROD.a(cpart.PROD.o)
 .data          0x00200000        0x0 Libs/libdrv.PROD.a(cqueue.PROD.o)
 .data          0x00200000        0x0 Libs/libdrv.PROD.a(cres.PROD.o)
 .data          0x00200000        0x0 Libs/libdrv.PROD.a(csema.PROD.o)
 .data          0x00200000        0x0 Libs/libdrv.PROD.a(extapi.PROD.o)
 .data          0x00200000        0x0 Libs/libdrv.PROD.a(cvtdate.PROD.o)
 .data          0x00200000        0x0 Libs/libdrv.PROD.a(flashapi.PROD.o)
 .data          0x00200000        0x0 Libs/libdrv.PROD.a(stdio_vsprintf.PROD.o)
 .data          0x00200000        0x0 Libs/libdrv.PROD.a(stdio_printf.PROD.o)
 .data          0x00200000        0x0 Libs/libdrv.PROD.a(stdio_puts.PROD.o)
 .data          0x00200000        0x0 Libs/libdrv.PROD.a(drv_clk.PROD.o)
 .data          0x00200000        0x0 Libs/libdrv.PROD.a(drv_uart.PROD.o)
 .data          0x00200000        0x0 Libs/libdrv.PROD.a(drv_can.PROD.o)
 .data          0x00200000        0x0 Libs/libdrv.PROD.a(drv_spi.PROD.o)
 .data          0x00200000        0x0 Libs/libdrv.PROD.a(drv_twi.PROD.o)
 .data          0x00200000        0x0 Libs/libdrv.PROD.a(drv_usb.PROD.o)
 .data          0x00200000        0x4 Libs/libdrv.PROD.a(drv_adc.PROD.o)
                0x00200000                ADcoeff
 .data          0x00200004        0x0 Libs/libdrv.PROD.a(drv_dio.PROD.o)
 .data          0x00200004        0x0 Libs/libdrv.PROD.a(stdio_strtol.PROD.o)
 .data          0x00200004        0x0 /home/name/test_kit/arm-gnu-toolchain-13.3.rel1-x86_64-arm-none-eabi/bin/../lib/gcc/arm-none-eabi/13.3.1/thumb/nofp/libgcc.a(_udivsi3.o)
 .data          0x00200004        0x0 /home/name/test_kit/arm-gnu-toolchain-13.3.rel1-x86_64-arm-none-eabi/bin/../lib/gcc/arm-none-eabi/13.3.1/thumb/nofp/libgcc.a(_divsi3.o)
 .data          0x00200004        0x0 /home/name/test_kit/arm-gnu-toolchain-13.3.rel1-x86_64-arm-none-eabi/bin/../lib/gcc/arm-none-eabi/13.3.1/thumb/nofp/libgcc.a(_dvmd_tls.o)
 .data          0x00200004        0x0 /home/name/test_kit/arm-gnu-toolchain-13.3.rel1-x86_64-arm-none-eabi/bin/../lib/gcc/arm-none-eabi/13.3.1/thumb/nofp/libgcc.a(_aeabi_uldivmod.o)
 .data          0x00200004        0x0 /home/name/test_kit/arm-gnu-toolchain-13.3.rel1-x86_64-arm-none-eabi/bin/../lib/gcc/arm-none-eabi/13.3.1/thumb/nofp/libgcc.a(_udivmoddi4.o)
 .data          0x00200004        0x0 /home/name/test_kit/arm-gnu-toolchain-13.3.rel1-x86_64-arm-none-eabi/bin/../lib/gcc/arm-none-eabi/13.3.1/thumb/nofp/libgcc.a(_clzdi2.o)
 .data          0x00200004        0x0 /home/name/test_kit/arm-gnu-toolchain-13.3.rel1-x86_64-arm-none-eabi/bin/../lib/gcc/arm-none-eabi/13.3.1/thumb/nofp/libgcc.a(_clzsi2.o)
 .data          0x00200004        0x0 /home/name/test_kit/arm-gnu-toolchain-13.3.rel1-x86_64-arm-none-eabi/bin/../lib/gcc/arm-none-eabi/13.3.1/../../../../arm-none-eabi/lib/thumb/nofp/libc.a(libc_a-memcpy-stub.o)
 .data          0x00200004        0x0 /home/name/test_kit/arm-gnu-toolchain-13.3.rel1-x86_64-arm-none-eabi/bin/../lib/gcc/arm-none-eabi/13.3.1/../../../../arm-none-eabi/lib/thumb/nofp/libc.a(libc_a-strlen-stub.o)
 .data          0x00200004        0x0 /home/name/test_kit/arm-gnu-toolchain-13.3.rel1-x86_64-arm-none-eabi/bin/../lib/gcc/arm-none-eabi/13.3.1/../../../../arm-none-eabi/lib/thumb/nofp/libc.a(libc_a-strnlen.o)
 .data          0x00200004        0x0 /home/name/test_kit/arm-gnu-toolchain-13.3.rel1-x86_64-arm-none-eabi/bin/../lib/gcc/arm-none-eabi/13.3.1/../../../../arm-none-eabi/lib/thumb/nofp/libc.a(libc_a-memcmp.o)
 .data          0x00200004        0x0 /home/name/test_kit/arm-gnu-toolchain-13.3.rel1-x86_64-arm-none-eabi/bin/../lib/gcc/arm-none-eabi/13.3.1/../../../../arm-none-eabi/lib/thumb/nofp/libc.a(libc_a-memset.o)
 .data          0x00200004        0x0 /home/name/test_kit/arm-gnu-toolchain-13.3.rel1-x86_64-arm-none-eabi/bin/../lib/gcc/arm-none-eabi/13.3.1/../../../../arm-none-eabi/lib/thumb/nofp/libc.a(libc_a-ctype_.o)

.igot.plt       0x00200004        0x0 load address 0x0000a488
 .igot.plt      0x00200004        0x0 Libs/RTXCstartup.PROD.o
                0x00200004                        . = ALIGN (0x4)
                0x00200004                        _edata = .
                [!provide]                        PROVIDE (edata = .)

.bss            0x00200004     0x2d38 load address 0x0000a488
                0x00200004                        __bss_start = .
                0x00200004                        __bss_start__ = .
 *(.bss)
 .bss           0x00200004        0x0 Libs/RTXCstartup.PROD.o
 .bss           0x00200004        0x0 Libs/RTXCutil.PROD.o
 .bss           0x00200004        0x0 Libs/RTXCsys32.PROD.o
 .bss           0x00200004       0x90 Objs/main.PROD.o
                0x00200004                rtxtcb
 .bss           0x00200094      0x31c Objs/tasks.PROD.o
                0x00200094                GlobTimer
                0x00200098                GlobCurrTimer
                0x00200130                CanMsg
                0x00200230                CanLenMsg
                0x002002b0                CanCurrTimer
                0x00200330                CanTimer
 .bss           0x002003b0        0x0 Libs/librtxc.PROD.a(rtxcinit.PROD.o)
 .bss           0x002003b0        0x0 Libs/librtxc.PROD.a(rtxcapi.PROD.o)
 .bss           0x002003b0       0x2c Libs/librtxc.PROD.a(rtxc.PROD.o)
                0x002003b0                clkqptr
                0x002003b4                rtctick
                0x002003b8                hipritsk
                0x002003bc                semaput
                0x002003c0                scheduler
                0x002003c4                nsrttcb
                0x002003c8                semaget
                0x002003cc                t_expired
                0x002003d0                sliceup
                0x002003d4                isrcnt
                0x002003d8                kernellastrunstack
 .bss           0x002003dc        0x0 Libs/librtxc.PROD.a(lock.PROD.o)
 .bss           0x002003dc     0x1828 Libs/libdrv.PROD.a(cpart.PROD.o)
                0x002003dc                pheader
 .bss           0x00201c04      0x950 Libs/libdrv.PROD.a(cqueue.PROD.o)
                0x00201c04                qheader
 .bss           0x00202554       0x8c Libs/libdrv.PROD.a(cres.PROD.o)
                0x00202554                rheader
 .bss           0x002025e0       0x48 Libs/libdrv.PROD.a(csema.PROD.o)
                0x002025e0                semat
                0x00202608                siglist
 .bss           0x00202628      0x12a Libs/libdrv.PROD.a(extapi.PROD.o)
                0x0020262c                trans_addr
                0x00202652                extapibuf
 .bss           0x00202752        0x0 Libs/libdrv.PROD.a(cvtdate.PROD.o)
 .bss           0x00202752        0x1 Libs/libdrv.PROD.a(flashapi.PROD.o)
                0x00202752                flashcode
 .bss           0x00202753        0x0 Libs/libdrv.PROD.a(stdio_vsprintf.PROD.o)
 .bss           0x00202753        0x0 Libs/libdrv.PROD.a(stdio_printf.PROD.o)
 .bss           0x00202753        0x0 Libs/libdrv.PROD.a(stdio_puts.PROD.o)
 *fill*         0x00202753        0x1 
 .bss           0x00202754       0x24 Libs/libdrv.PROD.a(drv_clk.PROD.o)
                0x0020275c                led_counter
                0x00202760                led_prescaler
                0x00202764                led_curmask
                0x0020276c                led_bitnum
                0x00202770                led_mask
 .bss           0x00202778       0xd8 Libs/libdrv.PROD.a(drv_uart.PROD.o)
                0x00202778                rxbuffidx
                0x0020277c                iptr
                0x00202780                nptr
                0x00202784                com0err
                0x00202786                com1err
                0x00202788                com2err
                0x0020278a                com3err
                0x0020278c                cptr
                0x002027d0                rxbuff
 .bss           0x00202850        0xa Libs/libdrv.PROD.a(drv_can.PROD.o)
                0x00202850                int_pend
                0x00202854                int_mask
                0x00202858                CanStatus
 .bss           0x0020285a        0x2 Libs/libdrv.PROD.a(drv_spi.PROD.o)
                0x0020285a                spi0err
                0x0020285b                spi0start
 .bss           0x0020285c        0xa Libs/libdrv.PROD.a(drv_twi.PROD.o)
                0x0020285c                twibuflen
                0x00202860                twibufptr
                0x00202864                twi0err
 *fill*         0x00202866        0x2 
 .bss           0x00202868       0x12 Libs/libdrv.PROD.a(drv_usb.PROD.o)
                0x00202868                currDataLen
                0x0020286c                currDataPtr
                0x00202870                currConfiguration
                0x00202871                currConnection
                0x00202874                currRcvBank
                0x00202878                usberr
 *fill*         0x0020287a        0x2 
 .bss           0x0020287c       0x14 Libs/libdrv.PROD.a(drv_adc.PROD.o)
                0x0020287c                muxnum
                0x00202880                adcmuxval
 .bss           0x00202890        0x0 Libs/libdrv.PROD.a(drv_dio.PROD.o)
 .bss           0x00202890        0x0 Libs/libdrv.PROD.a(stdio_strtol.PROD.o)
 .bss           0x00202890        0x0 /home/name/test_kit/arm-gnu-toolchain-13.3.rel1-x86_64-arm-none-eabi/bin/../lib/gcc/arm-none-eabi/13.3.1/thumb/nofp/libgcc.a(_udivsi3.o)
 .bss           0x00202890        0x0 /home/name/test_kit/arm-gnu-toolchain-13.3.rel1-x86_64-arm-none-eabi/bin/../lib/gcc/arm-none-eabi/13.3.1/thumb/nofp/libgcc.a(_divsi3.o)
 .bss           0x00202890        0x0 /home/name/test_kit/arm-gnu-toolchain-13.3.rel1-x86_64-arm-none-eabi/bin/../lib/gcc/arm-none-eabi/13.3.1/thumb/nofp/libgcc.a(_dvmd_tls.o)
 .bss           0x00202890        0x0 /home/name/test_kit/arm-gnu-toolchain-13.3.rel1-x86_64-arm-none-eabi/bin/../lib/gcc/arm-none-eabi/13.3.1/thumb/nofp/libgcc.a(_aeabi_uldivmod.o)
 .bss           0x00202890        0x0 /home/name/test_kit/arm-gnu-toolchain-13.3.rel1-x86_64-arm-none-eabi/bin/../lib/gcc/arm-none-eabi/13.3.1/thumb/nofp/libgcc.a(_udivmoddi4.o)
 .bss           0x00202890        0x0 /home/name/test_kit/arm-gnu-toolchain-13.3.rel1-x86_64-arm-none-eabi/bin/../lib/gcc/arm-none-eabi/13.3.1/thumb/nofp/libgcc.a(_clzdi2.o)
 .bss           0x00202890        0x0 /home/name/test_kit/arm-gnu-toolchain-13.3.rel1-x86_64-arm-none-eabi/bin/../lib/gcc/arm-none-eabi/13.3.1/thumb/nofp/libgcc.a(_clzsi2.o)
 .bss           0x00202890        0x0 /home/name/test_kit/arm-gnu-toolchain-13.3.rel1-x86_64-arm-none-eabi/bin/../lib/gcc/arm-none-eabi/13.3.1/../../../../arm-none-eabi/lib/thumb/nofp/libc.a(libc_a-memcpy-stub.o)
 .bss           0x00202890        0x0 /home/name/test_kit/arm-gnu-toolchain-13.3.rel1-x86_64-arm-none-eabi/bin/../lib/gcc/arm-none-eabi/13.3.1/../../../../arm-none-eabi/lib/thumb/nofp/libc.a(libc_a-strlen-stub.o)
 .bss           0x00202890        0x0 /home/name/test_kit/arm-gnu-toolchain-13.3.rel1-x86_64-arm-none-eabi/bin/../lib/gcc/arm-none-eabi/13.3.1/../../../../arm-none-eabi/lib/thumb/nofp/libc.a(libc_a-strnlen.o)
 .bss           0x00202890        0x0 /home/name/test_kit/arm-gnu-toolchain-13.3.rel1-x86_64-arm-none-eabi/bin/../lib/gcc/arm-none-eabi/13.3.1/../../../../arm-none-eabi/lib/thumb/nofp/libc.a(libc_a-memcmp.o)
 .bss           0x00202890        0x0 /home/name/test_kit/arm-gnu-toolchain-13.3.rel1-x86_64-arm-none-eabi/bin/../lib/gcc/arm-none-eabi/13.3.1/../../../../arm-none-eabi/lib/thumb/nofp/libc.a(libc_a-memset.o)
 .bss           0x00202890        0x0 /home/name/test_kit/arm-gnu-toolchain-13.3.rel1-x86_64-arm-none-eabi/bin/../lib/gcc/arm-none-eabi/13.3.1/../../../../arm-none-eabi/lib/thumb/nofp/libc.a(libc_a-ctype_.o)
 *(COMMON)
                0x00202890                        . = ALIGN (0x4)
                0x00202890                        __bss_end = .
                0x00202890                        __bss_end__ = .
                0x00202890                        __noinit_start = .
 *(.noinit)
 .noinit        0x00202890        0x4 Libs/RTXCutil.PROD.o
                0x00202890                current_clock
 .noinit        0x00202894      0x4a8 Objs/main.PROD.o
                0x00202d3c                        __noinit_end = .

.int_data       0x00208000        0x0
 *(.internal_ram_top)
 .internal_ram_top
                0x00208000        0x0 Libs/RTXCstartup.PROD.o
                0x00208000                        ram_end = ADDR (.int_data)
OUTPUT(Objs/main.PROD.elf elf32-littlearm)
LOAD linker stubs

.reset          0x00000000        0x0
 .reset         0x00000000        0x0 Libs/RTXCstartup.PROD.o

.ARM.attributes
                0x00000000       0x26
 .ARM.attributes
                0x00000000       0x1a Libs/RTXCstartup.PROD.o
 .ARM.attributes
                0x0000001a       0x2a Libs/RTXCutil.PROD.o
 .ARM.attributes
                0x00000044       0x2a Libs/RTXCsys32.PROD.o
 .ARM.attributes
                0x0000006e       0x2a Objs/main.PROD.o
 .ARM.attributes
                0x00000098       0x2a Objs/tasks.PROD.o
 .ARM.attributes
                0x000000c2       0x2a Libs/librtxc.PROD.a(rtxcinit.PROD.o)
 .ARM.attributes
                0x000000ec       0x2a Libs/librtxc.PROD.a(rtxcapi.PROD.o)
 .ARM.attributes
                0x00000116       0x2a Libs/librtxc.PROD.a(rtxc.PROD.o)
 .ARM.attributes
                0x00000140       0x1a Libs/librtxc.PROD.a(lock.PROD.o)
 .ARM.attributes
                0x0000015a       0x2a Libs/libdrv.PROD.a(cpart.PROD.o)
 .ARM.attributes
                0x00000184       0x2a Libs/libdrv.PROD.a(cqueue.PROD.o)
 .ARM.attributes
                0x000001ae       0x2a Libs/libdrv.PROD.a(cres.PROD.o)
 .ARM.attributes
                0x000001d8       0x2a Libs/libdrv.PROD.a(csema.PROD.o)
 .ARM.attributes
                0x00000202       0x2a Libs/libdrv.PROD.a(extapi.PROD.o)
 .ARM.attributes
                0x0000022c       0x2a Libs/libdrv.PROD.a(cvtdate.PROD.o)
 .ARM.attributes
                0x00000256       0x2a Libs/libdrv.PROD.a(flashapi.PROD.o)
 .ARM.attributes
                0x00000280       0x2a Libs/libdrv.PROD.a(stdio_vsprintf.PROD.o)
 .ARM.attributes
                0x000002aa       0x2a Libs/libdrv.PROD.a(stdio_printf.PROD.o)
 .ARM.attributes
                0x000002d4       0x2a Libs/libdrv.PROD.a(stdio_puts.PROD.o)
 .ARM.attributes
                0x000002fe       0x2a Libs/libdrv.PROD.a(drv_clk.PROD.o)
 .ARM.attributes
                0x00000328       0x2a Libs/libdrv.PROD.a(drv_uart.PROD.o)
 .ARM.attributes
                0x00000352       0x2a Libs/libdrv.PROD.a(drv_can.PROD.o)
 .ARM.attributes
                0x0000037c       0x2a Libs/libdrv.PROD.a(drv_spi.PROD.o)
 .ARM.attributes
                0x000003a6       0x2a Libs/libdrv.PROD.a(drv_twi.PROD.o)
 .ARM.attributes
                0x000003d0       0x2a Libs/libdrv.PROD.a(drv_usb.PROD.o)
 .ARM.attributes
                0x000003fa       0x2a Libs/libdrv.PROD.a(drv_adc.PROD.o)
 .ARM.attributes
                0x00000424       0x2a Libs/libdrv.PROD.a(drv_dio.PROD.o)
 .ARM.attributes
                0x0000044e       0x2a Libs/libdrv.PROD.a(stdio_strtol.PROD.o)
 .ARM.attributes
                0x00000478       0x1c /home/name/test_kit/arm-gnu-toolchain-13.3.rel1-x86_64-arm-none-eabi/bin/../lib/gcc/arm-none-eabi/13.3.1/thumb/nofp/libgcc.a(_udivsi3.o)
 .ARM.attributes
                0x00000494       0x1c /home/name/test_kit/arm-gnu-toolchain-13.3.rel1-x86_64-arm-none-eabi/bin/../lib/gcc/arm-none-eabi/13.3.1/thumb/nofp/libgcc.a(_divsi3.o)
 .ARM.attributes
                0x000004b0       0x1c /home/name/test_kit/arm-gnu-toolchain-13.3.rel1-x86_64-arm-none-eabi/bin/../lib/gcc/arm-none-eabi/13.3.1/thumb/nofp/libgcc.a(_dvmd_tls.o)
 .ARM.attributes
                0x000004cc       0x1c /home/name/test_kit/arm-gnu-toolchain-13.3.rel1-x86_64-arm-none-eabi/bin/../lib/gcc/arm-none-eabi/13.3.1/thumb/nofp/libgcc.a(_aeabi_uldivmod.o)
 .ARM.attributes
                0x000004e8       0x2a /home/name/test_kit/arm-gnu-toolchain-13.3.rel1-x86_64-arm-none-eabi/bin/../lib/gcc/arm-none-eabi/13.3.1/thumb/nofp/libgcc.a(_udivmoddi4.o)
 .ARM.attributes
                0x00000512       0x1c /home/name/test_kit/arm-gnu-toolchain-13.3.rel1-x86_64-arm-none-eabi/bin/../lib/gcc/arm-none-eabi/13.3.1/thumb/nofp/libgcc.a(_clzdi2.o)
 .ARM.attributes
                0x0000052e       0x1c /home/name/test_kit/arm-gnu-toolchain-13.3.rel1-x86_64-arm-none-eabi/bin/../lib/gcc/arm-none-eabi/13.3.1/thumb/nofp/libgcc.a(_clzsi2.o)
 .ARM.attributes
                0x0000054a       0x2a /home/name/test_kit/arm-gnu-toolchain-13.3.rel1-x86_64-arm-none-eabi/bin/../lib/gcc/arm-none-eabi/13.3.1/../../../../arm-none-eabi/lib/thumb/nofp/libc.a(libc_a-memcpy-stub.o)
 .ARM.attributes
                0x00000574       0x2a /home/name/test_kit/arm-gnu-toolchain-13.3.rel1-x86_64-arm-none-eabi/bin/../lib/gcc/arm-none-eabi/13.3.1/../../../../arm-none-eabi/lib/thumb/nofp/libc.a(libc_a-strlen-stub.o)
 .ARM.attributes
                0x0000059e       0x2a /home/name/test_kit/arm-gnu-toolchain-13.3.rel1-x86_64-arm-none-eabi/bin/../lib/gcc/arm-none-eabi/13.3.1/../../../../arm-none-eabi/lib/thumb/nofp/libc.a(libc_a-strnlen.o)
 .ARM.attributes
                0x000005c8       0x2a /home/name/test_kit/arm-gnu-toolchain-13.3.rel1-x86_64-arm-none-eabi/bin/../lib/gcc/arm-none-eabi/13.3.1/../../../../arm-none-eabi/lib/thumb/nofp/libc.a(libc_a-memcmp.o)
 .ARM.attributes
                0x000005f2       0x2a /home/name/test_kit/arm-gnu-toolchain-13.3.rel1-x86_64-arm-none-eabi/bin/../lib/gcc/arm-none-eabi/13.3.1/../../../../arm-none-eabi/lib/thumb/nofp/libc.a(libc_a-memset.o)
 .ARM.attributes
                0x0000061c       0x2a /home/name/test_kit/arm-gnu-toolchain-13.3.rel1-x86_64-arm-none-eabi/bin/../lib/gcc/arm-none-eabi/13.3.1/../../../../arm-none-eabi/lib/thumb/nofp/libc.a(libc_a-ctype_.o)

.comment        0x00000000       0x45
 .comment       0x00000000       0x45 Libs/RTXCutil.PROD.o
                                 0x46 (size before relaxing)
 .comment       0x00000045       0x46 Libs/RTXCsys32.PROD.o
 .comment       0x00000045       0x46 Objs/main.PROD.o
 .comment       0x00000045       0x46 Objs/tasks.PROD.o
 .comment       0x00000045       0x46 Libs/librtxc.PROD.a(rtxcinit.PROD.o)
 .comment       0x00000045       0x46 Libs/librtxc.PROD.a(rtxcapi.PROD.o)
 .comment       0x00000045       0x46 Libs/librtxc.PROD.a(rtxc.PROD.o)
 .comment       0x00000045       0x46 Libs/libdrv.PROD.a(cpart.PROD.o)
 .comment       0x00000045       0x46 Libs/libdrv.PROD.a(cqueue.PROD.o)
 .comment       0x00000045       0x46 Libs/libdrv.PROD.a(cres.PROD.o)
 .comment       0x00000045       0x46 Libs/libdrv.PROD.a(csema.PROD.o)
 .comment       0x00000045       0x46 Libs/libdrv.PROD.a(extapi.PROD.o)
 .comment       0x00000045       0x46 Libs/libdrv.PROD.a(cvtdate.PROD.o)
 .comment       0x00000045       0x46 Libs/libdrv.PROD.a(flashapi.PROD.o)
 .comment       0x00000045       0x46 Libs/libdrv.PROD.a(stdio_vsprintf.PROD.o)
 .comment       0x00000045       0x46 Libs/libdrv.PROD.a(stdio_printf.PROD.o)
 .comment       0x00000045       0x46 Libs/libdrv.PROD.a(stdio_puts.PROD.o)
 .comment       0x00000045       0x46 Libs/libdrv.PROD.a(drv_clk.PROD.o)
 .comment       0x00000045       0x46 Libs/libdrv.PROD.a(drv_uart.PROD.o)
 .comment       0x00000045       0x46 Libs/libdrv.PROD.a(drv_can.PROD.o)
 .comment       0x00000045       0x46 Libs/libdrv.PROD.a(drv_spi.PROD.o)
 .comment       0x00000045       0x46 Libs/libdrv.PROD.a(drv_twi.PROD.o)
 .comment       0x00000045       0x46 Libs/libdrv.PROD.a(drv_usb.PROD.o)
 .comment       0x00000045       0x46 Libs/libdrv.PROD.a(drv_adc.PROD.o)
 .comment       0x00000045       0x46 Libs/libdrv.PROD.a(drv_dio.PROD.o)
 .comment       0x00000045       0x46 Libs/libdrv.PROD.a(stdio_strtol.PROD.o)

.debug_line     0x00000000     0xd60a
 .debug_line    0x00000000      0x113 Libs/RTXCstartup.PROD.o
 .debug_line    0x00000113      0x6fe Libs/RTXCutil.PROD.o
 .debug_line    0x00000811       0x7b Libs/RTXCsys32.PROD.o
 .debug_line    0x0000088c      0x21f Objs/main.PROD.o
 .debug_line    0x00000aab     0x1de0 Objs/tasks.PROD.o
 .debug_line    0x0000288b       0x66 Libs/librtxc.PROD.a(rtxcinit.PROD.o)
 .debug_line    0x000028f1      0xb6c Libs/librtxc.PROD.a(rtxcapi.PROD.o)
 .debug_line    0x0000345d     0x2623 Libs/librtxc.PROD.a(rtxc.PROD.o)
 .debug_line    0x00005a80       0x62 Libs/librtxc.PROD.a(lock.PROD.o)
 .debug_line    0x00005ae2       0x62 Libs/libdrv.PROD.a(cpart.PROD.o)
 .debug_line    0x00005b44       0x64 Libs/libdrv.PROD.a(cqueue.PROD.o)
 .debug_line    0x00005ba8       0x60 Libs/libdrv.PROD.a(cres.PROD.o)
 .debug_line    0x00005c08       0x54 Libs/libdrv.PROD.a(csema.PROD.o)
 .debug_line    0x00005c5c     0x22f1 Libs/libdrv.PROD.a(extapi.PROD.o)
 .debug_line    0x00007f4d      0x345 Libs/libdrv.PROD.a(cvtdate.PROD.o)
 .debug_line    0x00008292      0x4ef Libs/libdrv.PROD.a(flashapi.PROD.o)
 .debug_line    0x00008781      0xe27 Libs/libdrv.PROD.a(stdio_vsprintf.PROD.o)
 .debug_line    0x000095a8      0x157 Libs/libdrv.PROD.a(stdio_printf.PROD.o)
 .debug_line    0x000096ff       0x8b Libs/libdrv.PROD.a(stdio_puts.PROD.o)
 .debug_line    0x0000978a      0x51d Libs/libdrv.PROD.a(drv_clk.PROD.o)
 .debug_line    0x00009ca7      0xf0e Libs/libdrv.PROD.a(drv_uart.PROD.o)
 .debug_line    0x0000abb5      0x822 Libs/libdrv.PROD.a(drv_can.PROD.o)
 .debug_line    0x0000b3d7      0x35e Libs/libdrv.PROD.a(drv_spi.PROD.o)
 .debug_line    0x0000b735      0x49e Libs/libdrv.PROD.a(drv_twi.PROD.o)
 .debug_line    0x0000bbd3     0x11cb Libs/libdrv.PROD.a(drv_usb.PROD.o)
 .debug_line    0x0000cd9e      0x34d Libs/libdrv.PROD.a(drv_adc.PROD.o)
 .debug_line    0x0000d0eb      0x331 Libs/libdrv.PROD.a(drv_dio.PROD.o)
 .debug_line    0x0000d41c      0x1ee Libs/libdrv.PROD.a(stdio_strtol.PROD.o)

.debug_line_str
                0x00000000      0x12b
 .debug_line_str
                0x00000000      0x12b Libs/RTXCstartup.PROD.o
                                 0x55 (size before relaxing)
 .debug_line_str
                0x0000012b       0x41 Libs/librtxc.PROD.a(lock.PROD.o)
 .debug_line_str
                0x0000012b       0xbd /home/name/test_kit/arm-gnu-toolchain-13.3.rel1-x86_64-arm-none-eabi/bin/../lib/gcc/arm-none-eabi/13.3.1/thumb/nofp/libgcc.a(_udivsi3.o)
 .debug_line_str
                0x0000012b       0xbd /home/name/test_kit/arm-gnu-toolchain-13.3.rel1-x86_64-arm-none-eabi/bin/../lib/gcc/arm-none-eabi/13.3.1/thumb/nofp/libgcc.a(_divsi3.o)
 .debug_line_str
                0x0000012b       0xbd /home/name/test_kit/arm-gnu-toolchain-13.3.rel1-x86_64-arm-none-eabi/bin/../lib/gcc/arm-none-eabi/13.3.1/thumb/nofp/libgcc.a(_dvmd_tls.o)
 .debug_line_str
                0x0000012b       0xb9 /home/name/test_kit/arm-gnu-toolchain-13.3.rel1-x86_64-arm-none-eabi/bin/../lib/gcc/arm-none-eabi/13.3.1/thumb/nofp/libgcc.a(_aeabi_uldivmod.o)
 .debug_line_str
                0x0000012b       0xbd /home/name/test_kit/arm-gnu-toolchain-13.3.rel1-x86_64-arm-none-eabi/bin/../lib/gcc/arm-none-eabi/13.3.1/thumb/nofp/libgcc.a(_clzdi2.o)
 .debug_line_str
                0x0000012b       0xbd /home/name/test_kit/arm-gnu-toolchain-13.3.rel1-x86_64-arm-none-eabi/bin/../lib/gcc/arm-none-eabi/13.3.1/thumb/nofp/libgcc.a(_clzsi2.o)

.debug_info     0x00000000    0x142c5
 .debug_info    0x00000000       0x25 Libs/RTXCstartup.PROD.o
 .debug_info    0x00000025      0x8ee Libs/RTXCutil.PROD.o
 .debug_info    0x00000913       0xc8 Libs/RTXCsys32.PROD.o
 .debug_info    0x000009db      0xa5c Objs/main.PROD.o
 .debug_info    0x00001437     0x2027 Objs/tasks.PROD.o
 .debug_info    0x0000345e       0x94 Libs/librtxc.PROD.a(rtxcinit.PROD.o)
 .debug_info    0x000034f2     0x190f Libs/librtxc.PROD.a(rtxcapi.PROD.o)
 .debug_info    0x00004e01     0x1ff8 Libs/librtxc.PROD.a(rtxc.PROD.o)
 .debug_info    0x00006df9       0x24 Libs/librtxc.PROD.a(lock.PROD.o)
 .debug_info    0x00006e1d      0x40e Libs/libdrv.PROD.a(cpart.PROD.o)
 .debug_info    0x0000722b      0x5f9 Libs/libdrv.PROD.a(cqueue.PROD.o)
 .debug_info    0x00007824      0x3bf Libs/libdrv.PROD.a(cres.PROD.o)
 .debug_info    0x00007be3      0x1fe Libs/libdrv.PROD.a(csema.PROD.o)
 .debug_info    0x00007de1     0x33b4 Libs/libdrv.PROD.a(extapi.PROD.o)
 .debug_info    0x0000b195      0xd36 Libs/libdrv.PROD.a(cvtdate.PROD.o)
 .debug_info    0x0000becb      0x6c9 Libs/libdrv.PROD.a(flashapi.PROD.o)
 .debug_info    0x0000c594      0x82f Libs/libdrv.PROD.a(stdio_vsprintf.PROD.o)
 .debug_info    0x0000cdc3      0x18c Libs/libdrv.PROD.a(stdio_printf.PROD.o)
 .debug_info    0x0000cf4f       0x9b Libs/libdrv.PROD.a(stdio_puts.PROD.o)
 .debug_info    0x0000cfea     0x144e Libs/libdrv.PROD.a(drv_clk.PROD.o)
 .debug_info    0x0000e438     0x14da Libs/libdrv.PROD.a(drv_uart.PROD.o)
 .debug_info    0x0000f912      0xf0b Libs/libdrv.PROD.a(drv_can.PROD.o)
 .debug_info    0x0001081d      0xa5f Libs/libdrv.PROD.a(drv_spi.PROD.o)
 .debug_info    0x0001127c      0xa9a Libs/libdrv.PROD.a(drv_twi.PROD.o)
 .debug_info    0x00011d16      0xfff Libs/libdrv.PROD.a(drv_usb.PROD.o)
 .debug_info    0x00012d15      0xac0 Libs/libdrv.PROD.a(drv_adc.PROD.o)
 .debug_info    0x000137d5      0x91f Libs/libdrv.PROD.a(drv_dio.PROD.o)
 .debug_info    0x000140f4      0x1d1 Libs/libdrv.PROD.a(stdio_strtol.PROD.o)

.debug_abbrev   0x00000000     0x3dc5
 .debug_abbrev  0x00000000       0x14 Libs/RTXCstartup.PROD.o
 .debug_abbrev  0x00000014      0x1d1 Libs/RTXCutil.PROD.o
 .debug_abbrev  0x000001e5       0x95 Libs/RTXCsys32.PROD.o
 .debug_abbrev  0x0000027a      0x295 Objs/main.PROD.o
 .debug_abbrev  0x0000050f      0x3e8 Objs/tasks.PROD.o
 .debug_abbrev  0x000008f7       0x4b Libs/librtxc.PROD.a(rtxcinit.PROD.o)
 .debug_abbrev  0x00000942      0x338 Libs/librtxc.PROD.a(rtxcapi.PROD.o)
 .debug_abbrev  0x00000c7a      0x452 Libs/librtxc.PROD.a(rtxc.PROD.o)
 .debug_abbrev  0x000010cc       0x14 Libs/librtxc.PROD.a(lock.PROD.o)
 .debug_abbrev  0x000010e0      0x117 Libs/libdrv.PROD.a(cpart.PROD.o)
 .debug_abbrev  0x000011f7      0x12e Libs/libdrv.PROD.a(cqueue.PROD.o)
 .debug_abbrev  0x00001325      0x116 Libs/libdrv.PROD.a(cres.PROD.o)
 .debug_abbrev  0x0000143b       0xa7 Libs/libdrv.PROD.a(csema.PROD.o)
 .debug_abbrev  0x000014e2      0x557 Libs/libdrv.PROD.a(extapi.PROD.o)
 .debug_abbrev  0x00001a39      0x211 Libs/libdrv.PROD.a(cvtdate.PROD.o)
 .debug_abbrev  0x00001c4a      0x1fc Libs/libdrv.PROD.a(flashapi.PROD.o)
 .debug_abbrev  0x00001e46      0x37f Libs/libdrv.PROD.a(stdio_vsprintf.PROD.o)
 .debug_abbrev  0x000021c5      0x114 Libs/libdrv.PROD.a(stdio_printf.PROD.o)
 .debug_abbrev  0x000022d9       0xa4 Libs/libdrv.PROD.a(stdio_puts.PROD.o)
 .debug_abbrev  0x0000237d      0x3ae Libs/libdrv.PROD.a(drv_clk.PROD.o)
 .debug_abbrev  0x0000272b      0x446 Libs/libdrv.PROD.a(drv_uart.PROD.o)
 .debug_abbrev  0x00002b71      0x38f Libs/libdrv.PROD.a(drv_can.PROD.o)
 .debug_abbrev  0x00002f00      0x2e8 Libs/libdrv.PROD.a(drv_spi.PROD.o)
 .debug_abbrev  0x000031e8      0x278 Libs/libdrv.PROD.a(drv_twi.PROD.o)
 .debug_abbrev  0x00003460      0x42a Libs/libdrv.PROD.a(drv_usb.PROD.o)
 .debug_abbrev  0x0000388a      0x279 Libs/libdrv.PROD.a(drv_adc.PROD.o)
 .debug_abbrev  0x00003b03      0x1bb Libs/libdrv.PROD.a(drv_dio.PROD.o)
 .debug_abbrev  0x00003cbe      0x107 Libs/libdrv.PROD.a(stdio_strtol.PROD.o)

.debug_aranges  0x00000000      0x360
 .debug_aranges
                0x00000000       0x20 Libs/RTXCstartup.PROD.o
 .debug_aranges
                0x00000020       0x20 Libs/RTXCutil.PROD.o
 .debug_aranges
                0x00000040       0x20 Libs/RTXCsys32.PROD.o
 .debug_aranges
                0x00000060       0x20 Objs/main.PROD.o
 .debug_aranges
                0x00000080       0x20 Objs/tasks.PROD.o
 .debug_aranges
                0x000000a0       0x20 Libs/librtxc.PROD.a(rtxcinit.PROD.o)
 .debug_aranges
                0x000000c0       0x20 Libs/librtxc.PROD.a(rtxcapi.PROD.o)
 .debug_aranges
                0x000000e0       0x20 Libs/librtxc.PROD.a(rtxc.PROD.o)
 .debug_aranges
                0x00000100       0x20 Libs/librtxc.PROD.a(lock.PROD.o)
 .debug_aranges
                0x00000120       0x18 Libs/libdrv.PROD.a(cpart.PROD.o)
 .debug_aranges
                0x00000138       0x18 Libs/libdrv.PROD.a(cqueue.PROD.o)
 .debug_aranges
                0x00000150       0x18 Libs/libdrv.PROD.a(cres.PROD.o)
 .debug_aranges
                0x00000168       0x18 Libs/libdrv.PROD.a(csema.PROD.o)
 .debug_aranges
                0x00000180       0x20 Libs/libdrv.PROD.a(extapi.PROD.o)
 .debug_aranges
                0x000001a0       0x20 Libs/libdrv.PROD.a(cvtdate.PROD.o)
 .debug_aranges
                0x000001c0       0x20 Libs/libdrv.PROD.a(flashapi.PROD.o)
 .debug_aranges
                0x000001e0       0x20 Libs/libdrv.PROD.a(stdio_vsprintf.PROD.o)
 .debug_aranges
                0x00000200       0x20 Libs/libdrv.PROD.a(stdio_printf.PROD.o)
 .debug_aranges
                0x00000220       0x20 Libs/libdrv.PROD.a(stdio_puts.PROD.o)
 .debug_aranges
                0x00000240       0x20 Libs/libdrv.PROD.a(drv_clk.PROD.o)
 .debug_aranges
                0x00000260       0x20 Libs/libdrv.PROD.a(drv_uart.PROD.o)
 .debug_aranges
                0x00000280       0x20 Libs/libdrv.PROD.a(drv_can.PROD.o)
 .debug_aranges
                0x000002a0       0x20 Libs/libdrv.PROD.a(drv_spi.PROD.o)
 .debug_aranges
                0x000002c0       0x20 Libs/libdrv.PROD.a(drv_twi.PROD.o)
 .debug_aranges
                0x000002e0       0x20 Libs/libdrv.PROD.a(drv_usb.PROD.o)
 .debug_aranges
                0x00000300       0x20 Libs/libdrv.PROD.a(drv_adc.PROD.o)
 .debug_aranges
                0x00000320       0x20 Libs/libdrv.PROD.a(drv_dio.PROD.o)
 .debug_aranges
                0x00000340       0x20 Libs/libdrv.PROD.a(stdio_strtol.PROD.o)

.debug_str      0x00000000     0x2d7f
 .debug_str     0x00000000     0x2d7f Libs/RTXCstartup.PROD.o
                                 0x63 (size before relaxing)
 .debug_str     0x00002d7f      0x6b4 Libs/RTXCutil.PROD.o
 .debug_str     0x00002d7f      0x17c Libs/RTXCsys32.PROD.o
 .debug_str     0x00002d7f      0x653 Objs/main.PROD.o
 .debug_str     0x00002d7f      0x7d9 Objs/tasks.PROD.o
 .debug_str     0x00002d7f      0x104 Libs/librtxc.PROD.a(rtxcinit.PROD.o)
 .debug_str     0x00002d7f      0x935 Libs/librtxc.PROD.a(rtxcapi.PROD.o)
 .debug_str     0x00002d7f      0x99d Libs/librtxc.PROD.a(rtxc.PROD.o)
 .debug_str     0x00002d7f       0x4f Libs/librtxc.PROD.a(lock.PROD.o)
 .debug_str     0x00002d7f      0x26f Libs/libdrv.PROD.a(cpart.PROD.o)
 .debug_str     0x00002d7f      0x393 Libs/libdrv.PROD.a(cqueue.PROD.o)
 .debug_str     0x00002d7f      0x2c9 Libs/libdrv.PROD.a(cres.PROD.o)
 .debug_str     0x00002d7f      0x291 Libs/libdrv.PROD.a(csema.PROD.o)
 .debug_str     0x00002d7f      0xb64 Libs/libdrv.PROD.a(extapi.PROD.o)
 .debug_str     0x00002d7f      0x931 Libs/libdrv.PROD.a(cvtdate.PROD.o)
 .debug_str     0x00002d7f      0x3ab Libs/libdrv.PROD.a(flashapi.PROD.o)
 .debug_str     0x00002d7f      0x29c Libs/libdrv.PROD.a(stdio_vsprintf.PROD.o)
 .debug_str     0x00002d7f      0x1a8 Libs/libdrv.PROD.a(stdio_printf.PROD.o)
 .debug_str     0x00002d7f       0xd8 Libs/libdrv.PROD.a(stdio_puts.PROD.o)
 .debug_str     0x00002d7f      0xca1 Libs/libdrv.PROD.a(drv_clk.PROD.o)
 .debug_str     0x00002d7f      0x976 Libs/libdrv.PROD.a(drv_uart.PROD.o)
 .debug_str     0x00002d7f      0x7cf Libs/libdrv.PROD.a(drv_can.PROD.o)
 .debug_str     0x00002d7f      0x75b Libs/libdrv.PROD.a(drv_spi.PROD.o)
 .debug_str     0x00002d7f      0x70c Libs/libdrv.PROD.a(drv_twi.PROD.o)
 .debug_str     0x00002d7f      0x7a5 Libs/libdrv.PROD.a(drv_usb.PROD.o)
 .debug_str     0x00002d7f      0x766 Libs/libdrv.PROD.a(drv_adc.PROD.o)
 .debug_str     0x00002d7f      0x568 Libs/libdrv.PROD.a(drv_dio.PROD.o)
 .debug_str     0x00002d7f      0x199 Libs/libdrv.PROD.a(stdio_strtol.PROD.o)

.debug_loclists
                0x00000000     0x9159
 .debug_loclists
                0x00000000      0x1bf Libs/RTXCutil.PROD.o
 .debug_loclists
                0x000001bf       0x5e Objs/main.PROD.o
 .debug_loclists
                0x0000021d     0x17f6 Objs/tasks.PROD.o
 .debug_loclists
                0x00001a13      0x49f Libs/librtxc.PROD.a(rtxcapi.PROD.o)
 .debug_loclists
                0x00001eb2     0x168a Libs/librtxc.PROD.a(rtxc.PROD.o)
 .debug_loclists
                0x0000353c     0x233b Libs/libdrv.PROD.a(extapi.PROD.o)
 .debug_loclists
                0x00005877      0x1b2 Libs/libdrv.PROD.a(cvtdate.PROD.o)
 .debug_loclists
                0x00005a29      0x2ab Libs/libdrv.PROD.a(flashapi.PROD.o)
 .debug_loclists
                0x00005cd4     0x10ad Libs/libdrv.PROD.a(stdio_vsprintf.PROD.o)
 .debug_loclists
                0x00006d81       0x24 Libs/libdrv.PROD.a(stdio_printf.PROD.o)
 .debug_loclists
                0x00006da5       0x2b Libs/libdrv.PROD.a(stdio_puts.PROD.o)
 .debug_loclists
                0x00006dd0      0x280 Libs/libdrv.PROD.a(drv_clk.PROD.o)
 .debug_loclists
                0x00007050      0xa1f Libs/libdrv.PROD.a(drv_uart.PROD.o)
 .debug_loclists
                0x00007a6f      0x7ee Libs/libdrv.PROD.a(drv_can.PROD.o)
 .debug_loclists
                0x0000825d      0x12b Libs/libdrv.PROD.a(drv_spi.PROD.o)
 .debug_loclists
                0x00008388      0x2b7 Libs/libdrv.PROD.a(drv_twi.PROD.o)
 .debug_loclists
                0x0000863f      0x6e7 Libs/libdrv.PROD.a(drv_usb.PROD.o)
 .debug_loclists
                0x00008d26       0xba Libs/libdrv.PROD.a(drv_adc.PROD.o)
 .debug_loclists
                0x00008de0      0x1a4 Libs/libdrv.PROD.a(drv_dio.PROD.o)
 .debug_loclists
                0x00008f84      0x1d5 Libs/libdrv.PROD.a(stdio_strtol.PROD.o)

.debug_frame    0x00000000     0x1910
 .debug_frame   0x00000000       0x6c Libs/RTXCutil.PROD.o
 .debug_frame   0x0000006c       0x20 Libs/RTXCsys32.PROD.o
 .debug_frame   0x0000008c       0x60 Objs/main.PROD.o
 .debug_frame   0x000000ec       0xd8 Objs/tasks.PROD.o
 .debug_frame   0x000001c4       0x28 Libs/librtxc.PROD.a(rtxcinit.PROD.o)
 .debug_frame   0x000001ec      0x450 Libs/librtxc.PROD.a(rtxcapi.PROD.o)
 .debug_frame   0x0000063c      0x1e4 Libs/librtxc.PROD.a(rtxc.PROD.o)
 .debug_frame   0x00000820      0x5c0 Libs/libdrv.PROD.a(extapi.PROD.o)
 .debug_frame   0x00000de0       0xac Libs/libdrv.PROD.a(cvtdate.PROD.o)
 .debug_frame   0x00000e8c       0xd4 Libs/libdrv.PROD.a(flashapi.PROD.o)
 .debug_frame   0x00000f60      0x104 Libs/libdrv.PROD.a(stdio_vsprintf.PROD.o)
 .debug_frame   0x00001064       0x30 Libs/libdrv.PROD.a(stdio_printf.PROD.o)
 .debug_frame   0x00001094       0x28 Libs/libdrv.PROD.a(stdio_puts.PROD.o)
 .debug_frame   0x000010bc      0x104 Libs/libdrv.PROD.a(drv_clk.PROD.o)
 .debug_frame   0x000011c0      0x118 Libs/libdrv.PROD.a(drv_uart.PROD.o)
 .debug_frame   0x000012d8      0x110 Libs/libdrv.PROD.a(drv_can.PROD.o)
 .debug_frame   0x000013e8       0x80 Libs/libdrv.PROD.a(drv_spi.PROD.o)
 .debug_frame   0x00001468       0xa0 Libs/libdrv.PROD.a(drv_twi.PROD.o)
 .debug_frame   0x00001508      0x110 Libs/libdrv.PROD.a(drv_usb.PROD.o)
 .debug_frame   0x00001618       0x74 Libs/libdrv.PROD.a(drv_adc.PROD.o)
 .debug_frame   0x0000168c       0x94 Libs/libdrv.PROD.a(drv_dio.PROD.o)
 .debug_frame   0x00001720       0x4c Libs/libdrv.PROD.a(stdio_strtol.PROD.o)
 .debug_frame   0x0000176c       0x20 /home/name/test_kit/arm-gnu-toolchain-13.3.rel1-x86_64-arm-none-eabi/bin/../lib/gcc/arm-none-eabi/13.3.1/thumb/nofp/libgcc.a(_udivsi3.o)
 .debug_frame   0x0000178c       0x20 /home/name/test_kit/arm-gnu-toolchain-13.3.rel1-x86_64-arm-none-eabi/bin/../lib/gcc/arm-none-eabi/13.3.1/thumb/nofp/libgcc.a(_divsi3.o)
 .debug_frame   0x000017ac       0x2c /home/name/test_kit/arm-gnu-toolchain-13.3.rel1-x86_64-arm-none-eabi/bin/../lib/gcc/arm-none-eabi/13.3.1/thumb/nofp/libgcc.a(_aeabi_uldivmod.o)
 .debug_frame   0x000017d8       0x3c /home/name/test_kit/arm-gnu-toolchain-13.3.rel1-x86_64-arm-none-eabi/bin/../lib/gcc/arm-none-eabi/13.3.1/thumb/nofp/libgcc.a(_udivmoddi4.o)
 .debug_frame   0x00001814       0x30 /home/name/test_kit/arm-gnu-toolchain-13.3.rel1-x86_64-arm-none-eabi/bin/../lib/gcc/arm-none-eabi/13.3.1/../../../../arm-none-eabi/lib/thumb/nofp/libc.a(libc_a-memcpy-stub.o)
 .debug_frame   0x00001844       0x28 /home/name/test_kit/arm-gnu-toolchain-13.3.rel1-x86_64-arm-none-eabi/bin/../lib/gcc/arm-none-eabi/13.3.1/../../../../arm-none-eabi/lib/thumb/nofp/libc.a(libc_a-strlen-stub.o)
 .debug_frame   0x0000186c       0x28 /home/name/test_kit/arm-gnu-toolchain-13.3.rel1-x86_64-arm-none-eabi/bin/../lib/gcc/arm-none-eabi/13.3.1/../../../../arm-none-eabi/lib/thumb/nofp/libc.a(libc_a-strnlen.o)
 .debug_frame   0x00001894       0x2c /home/name/test_kit/arm-gnu-toolchain-13.3.rel1-x86_64-arm-none-eabi/bin/../lib/gcc/arm-none-eabi/13.3.1/../../../../arm-none-eabi/lib/thumb/nofp/libc.a(libc_a-memcmp.o)
 .debug_frame   0x000018c0       0x30 /home/name/test_kit/arm-gnu-toolchain-13.3.rel1-x86_64-arm-none-eabi/bin/../lib/gcc/arm-none-eabi/13.3.1/../../../../arm-none-eabi/lib/thumb/nofp/libc.a(libc_a-memset.o)
 .debug_frame   0x000018f0       0x20 /home/name/test_kit/arm-gnu-toolchain-13.3.rel1-x86_64-arm-none-eabi/bin/../lib/gcc/arm-none-eabi/13.3.1/../../../../arm-none-eabi/lib/thumb/nofp/libc.a(libc_a-ctype_.o)

.debug_rnglists
                0x00000000      0x65c
 .debug_rnglists
                0x00000000       0x15 Objs/main.PROD.o
 .debug_rnglists
                0x00000015      0x220 Objs/tasks.PROD.o
 .debug_rnglists
                0x00000235       0xe0 Libs/librtxc.PROD.a(rtxc.PROD.o)
 .debug_rnglists
                0x00000315      0x1db Libs/libdrv.PROD.a(extapi.PROD.o)
 .debug_rnglists
                0x000004f0       0x56 Libs/libdrv.PROD.a(stdio_vsprintf.PROD.o)
 .debug_rnglists
                0x00000546       0x36 Libs/libdrv.PROD.a(drv_clk.PROD.o)
 .debug_rnglists
                0x0000057c       0x61 Libs/libdrv.PROD.a(drv_can.PROD.o)
 .debug_rnglists
                0x000005dd       0x69 Libs/libdrv.PROD.a(drv_usb.PROD.o)
 .debug_rnglists
                0x00000646       0x16 Libs/libdrv.PROD.a(stdio_strtol.PROD.o)

Cross Reference Table

Symbol                                            File
ADC_read                                          Libs/libdrv.PROD.a(drv_adc.PROD.o)
                                                  Objs/tasks.PROD.o
ADcoeff                                           Libs/libdrv.PROD.a(drv_adc.PROD.o)
AT91F_AIC_Configure                               Libs/libdrv.PROD.a(drv_clk.PROD.o)
                                                  Libs/libdrv.PROD.a(drv_adc.PROD.o)
                                                  Libs/libdrv.PROD.a(drv_usb.PROD.o)
                                                  Libs/libdrv.PROD.a(drv_twi.PROD.o)
                                                  Libs/libdrv.PROD.a(drv_spi.PROD.o)
                                                  Libs/libdrv.PROD.a(drv_can.PROD.o)
                                                  Libs/libdrv.PROD.a(drv_uart.PROD.o)
AT91F_CLOCKinit                                   Libs/RTXCutil.PROD.o
                                                  Objs/main.PROD.o
                                                  Libs/RTXCstartup.PROD.o
AT91F_Default_FIQ_handler                         Libs/RTXCstartup.PROD.o
                                                  Libs/libdrv.PROD.a(drv_clk.PROD.o)
AT91F_Default_IRQ_handler                         Libs/RTXCstartup.PROD.o
                                                  Libs/libdrv.PROD.a(drv_clk.PROD.o)
AT91F_Spurious_handler                            Libs/RTXCstartup.PROD.o
                                                  Libs/libdrv.PROD.a(drv_clk.PROD.o)
AT91F_WATCHDOGinit                                Libs/RTXCsys32.PROD.o
                                                  Libs/RTXCstartup.PROD.o
CAN_configure                                     Libs/libdrv.PROD.a(drv_can.PROD.o)
                                                  Objs/tasks.PROD.o
CAN_read                                          Libs/libdrv.PROD.a(drv_can.PROD.o)
                                                  Objs/tasks.PROD.o
CAN_speed                                         Libs/libdrv.PROD.a(drv_can.PROD.o)
                                                  Objs/tasks.PROD.o
CAN_status                                        Libs/libdrv.PROD.a(drv_can.PROD.o)
                                                  Objs/tasks.PROD.o
CAN_write                                         Libs/libdrv.PROD.a(drv_can.PROD.o)
                                                  Objs/tasks.PROD.o
CanCurrTimer                                      Objs/tasks.PROD.o
CanLenMsg                                         Objs/tasks.PROD.o
CanMsg                                            Objs/tasks.PROD.o
CanStatus                                         Libs/libdrv.PROD.a(drv_can.PROD.o)
                                                  Objs/tasks.PROD.o
CanTimer                                          Objs/tasks.PROD.o
CheckPointer                                      Libs/libdrv.PROD.a(extapi.PROD.o)
CodeUpgrade                                       Libs/RTXCstartup.PROD.o
                                                  Libs/libdrv.PROD.a(extapi.PROD.o)
EKS_AgreeShutdown                                 Libs/libdrv.PROD.a(extapi.PROD.o)
                                                  Objs/tasks.PROD.o
EKS_AskShutdown                                   Libs/libdrv.PROD.a(extapi.PROD.o)
                                                  Objs/tasks.PROD.o
EKS_EnqShutdown                                   Libs/libdrv.PROD.a(extapi.PROD.o)
EKS_FlashCheckSum                                 Libs/libdrv.PROD.a(extapi.PROD.o)
EKS_FlashClear                                    Libs/libdrv.PROD.a(extapi.PROD.o)
EKS_FlashFree                                     Libs/libdrv.PROD.a(extapi.PROD.o)
EKS_FlashTotal                                    Libs/libdrv.PROD.a(extapi.PROD.o)
EKS_GetHHMM                                       Libs/libdrv.PROD.a(extapi.PROD.o)
EKS_GetSetup                                      Libs/libdrv.PROD.a(extapi.PROD.o)
                                                  Objs/tasks.PROD.o
EKS_LCK_FlashErase                                Libs/libdrv.PROD.a(extapi.PROD.o)
EKS_LCK_FlashRead                                 Libs/libdrv.PROD.a(extapi.PROD.o)
EKS_LCK_FlashWrite                                Libs/libdrv.PROD.a(extapi.PROD.o)
EKS_NewSetup                                      Libs/libdrv.PROD.a(extapi.PROD.o)
EKS_ParClear                                      Libs/libdrv.PROD.a(extapi.PROD.o)
EKS_ParRead                                       Libs/libdrv.PROD.a(extapi.PROD.o)
EKS_ParReadLong                                   Libs/libdrv.PROD.a(extapi.PROD.o)
EKS_ParReadShort                                  Libs/libdrv.PROD.a(extapi.PROD.o)
EKS_ParSize                                       Libs/libdrv.PROD.a(extapi.PROD.o)
EKS_ParWrite                                      Libs/libdrv.PROD.a(extapi.PROD.o)
EKS_ParWriteLong                                  Libs/libdrv.PROD.a(extapi.PROD.o)
EKS_ParWriteShort                                 Libs/libdrv.PROD.a(extapi.PROD.o)
EKS_Pkt2BufComp                                   Libs/libdrv.PROD.a(extapi.PROD.o)
EKS_PktBufAccTime                                 Libs/libdrv.PROD.a(extapi.PROD.o)
EKS_PktBufAdd                                     Libs/libdrv.PROD.a(extapi.PROD.o)
EKS_PktBufAddString                               Libs/libdrv.PROD.a(extapi.PROD.o)
EKS_PktBufCat                                     Libs/libdrv.PROD.a(extapi.PROD.o)
EKS_PktBufCheck                                   Libs/libdrv.PROD.a(extapi.PROD.o)
EKS_PktBufCheckStore                              Libs/libdrv.PROD.a(extapi.PROD.o)
EKS_PktBufComp                                    Libs/libdrv.PROD.a(extapi.PROD.o)
EKS_PktBufComprexTime                             Libs/libdrv.PROD.a(extapi.PROD.o)
EKS_PktBufCopy                                    Libs/libdrv.PROD.a(extapi.PROD.o)
EKS_PktBufDuplicate                               Libs/libdrv.PROD.a(extapi.PROD.o)
EKS_PktBufFromTime                                Libs/libdrv.PROD.a(extapi.PROD.o)
EKS_PktBufLength                                  Libs/libdrv.PROD.a(extapi.PROD.o)
EKS_PktBufMyTime                                  Libs/libdrv.PROD.a(extapi.PROD.o)
EKS_PktBufPullup                                  Libs/libdrv.PROD.a(extapi.PROD.o)
EKS_PktBufRelease                                 Libs/libdrv.PROD.a(extapi.PROD.o)
EKS_PktBufRetrive                                 Libs/libdrv.PROD.a(extapi.PROD.o)
EKS_PktBufStore                                   Libs/libdrv.PROD.a(extapi.PROD.o)
EKS_RamCheckSum                                   Libs/libdrv.PROD.a(extapi.PROD.o)
EKS_RamFill                                       Libs/libdrv.PROD.a(extapi.PROD.o)
                                                  Objs/tasks.PROD.o
EKS_RamRead                                       Libs/libdrv.PROD.a(extapi.PROD.o)
EKS_RamWrite                                      Libs/libdrv.PROD.a(extapi.PROD.o)
                                                  Objs/tasks.PROD.o
EKS_init                                          Libs/libdrv.PROD.a(extapi.PROD.o)
                                                  Objs/main.PROD.o
GetHexValue                                       Objs/tasks.PROD.o
GlobCurrTimer                                     Objs/tasks.PROD.o
GlobTimer                                         Objs/tasks.PROD.o
Global_IRQ_STACK_SIZE                             Libs/RTXCstartup.PROD.o
Global_KERNEL_TOP                                 Libs/RTXCstartup.PROD.o
Global_RAM_TOP                                    Libs/RTXCstartup.PROD.o
Global_STACK_FILLER                               Libs/RTXCstartup.PROD.o
                                                  Libs/librtxc.PROD.a(rtxc.PROD.o)
Global_SVC_STACK_SIZE                             Libs/RTXCstartup.PROD.o
Global_SYSKERNEL_STACK_SIZE                       Libs/RTXCstartup.PROD.o
HandleCanRead                                     Objs/tasks.PROD.o
HandleSrecord                                     Objs/tasks.PROD.o
IRQ_Handler_Entry                                 Libs/RTXCstartup.PROD.o
KS_ISRalloc                                       Libs/librtxc.PROD.a(rtxc.PROD.o)
KS_ISRexit                                        Libs/librtxc.PROD.a(rtxc.PROD.o)
                                                  Libs/libdrv.PROD.a(drv_adc.PROD.o)
                                                  Libs/libdrv.PROD.a(drv_usb.PROD.o)
                                                  Libs/libdrv.PROD.a(drv_twi.PROD.o)
                                                  Libs/libdrv.PROD.a(drv_spi.PROD.o)
                                                  Libs/libdrv.PROD.a(drv_can.PROD.o)
                                                  Libs/libdrv.PROD.a(drv_uart.PROD.o)
                                                  Libs/libdrv.PROD.a(drv_clk.PROD.o)
KS_ISRsignal                                      Libs/librtxc.PROD.a(rtxc.PROD.o)
                                                  Libs/libdrv.PROD.a(drv_uart.PROD.o)
KS_ISRtick                                        Libs/librtxc.PROD.a(rtxc.PROD.o)
                                                  Libs/libdrv.PROD.a(drv_clk.PROD.o)
KS_alloc                                          Libs/librtxc.PROD.a(rtxcapi.PROD.o)
                                                  Libs/libdrv.PROD.a(extapi.PROD.o)
KS_alloct                                         Libs/librtxc.PROD.a(rtxcapi.PROD.o)
KS_allocw                                         Libs/librtxc.PROD.a(rtxcapi.PROD.o)
KS_block                                          Libs/librtxc.PROD.a(rtxcapi.PROD.o)
KS_defpriority                                    Libs/librtxc.PROD.a(rtxcapi.PROD.o)
KS_defqsema                                       Libs/librtxc.PROD.a(rtxcapi.PROD.o)
                                                  Libs/libdrv.PROD.a(drv_usb.PROD.o)
                                                  Libs/libdrv.PROD.a(drv_uart.PROD.o)
                                                  Objs/tasks.PROD.o
KS_defqueue                                       Libs/librtxc.PROD.a(rtxcapi.PROD.o)
KS_defres                                         Libs/librtxc.PROD.a(rtxcapi.PROD.o)
KS_defslice                                       Libs/librtxc.PROD.a(rtxcapi.PROD.o)
                                                  Objs/main.PROD.o
KS_deftime                                        Libs/libdrv.PROD.a(drv_clk.PROD.o)
KS_delay                                          Libs/librtxc.PROD.a(rtxcapi.PROD.o)
                                                  Libs/libdrv.PROD.a(drv_usb.PROD.o)
                                                  Libs/libdrv.PROD.a(extapi.PROD.o)
                                                  Objs/tasks.PROD.o
KS_dequeue                                        Libs/librtxc.PROD.a(rtxcapi.PROD.o)
                                                  Libs/libdrv.PROD.a(drv_usb.PROD.o)
                                                  Libs/libdrv.PROD.a(drv_uart.PROD.o)
                                                  Objs/tasks.PROD.o
KS_dequeuet                                       Libs/librtxc.PROD.a(rtxcapi.PROD.o)
KS_dequeuew                                       Libs/librtxc.PROD.a(rtxcapi.PROD.o)
                                                  Objs/main.PROD.o
KS_elapse                                         Libs/librtxc.PROD.a(rtxcapi.PROD.o)
KS_enqueue                                        Libs/librtxc.PROD.a(rtxcapi.PROD.o)
                                                  Libs/libdrv.PROD.a(drv_uart.PROD.o)
KS_enqueuet                                       Libs/librtxc.PROD.a(rtxcapi.PROD.o)
                                                  Libs/libdrv.PROD.a(drv_usb.PROD.o)
KS_enqueuew                                       Libs/librtxc.PROD.a(rtxcapi.PROD.o)
                                                  Libs/libdrv.PROD.a(extapi.PROD.o)
                                                  Objs/tasks.PROD.o
                                                  Objs/main.PROD.o
KS_execute                                        Libs/librtxc.PROD.a(rtxcapi.PROD.o)
                                                  Objs/main.PROD.o
KS_free                                           Libs/librtxc.PROD.a(rtxcapi.PROD.o)
                                                  Libs/libdrv.PROD.a(extapi.PROD.o)
KS_inqmap                                         Libs/librtxc.PROD.a(rtxcapi.PROD.o)
                                                  Libs/libdrv.PROD.a(extapi.PROD.o)
KS_inqpriority                                    Libs/librtxc.PROD.a(rtxcapi.PROD.o)
KS_inqqueue                                       Libs/librtxc.PROD.a(rtxcapi.PROD.o)
KS_inqres                                         Libs/librtxc.PROD.a(rtxcapi.PROD.o)
KS_inqsema                                        Libs/librtxc.PROD.a(rtxcapi.PROD.o)
KS_inqslice                                       Libs/librtxc.PROD.a(rtxcapi.PROD.o)
KS_inqtask                                        Libs/librtxc.PROD.a(rtxcapi.PROD.o)
KS_inqtime                                        Libs/libdrv.PROD.a(drv_clk.PROD.o)
                                                  Libs/libdrv.PROD.a(extapi.PROD.o)
KS_inqtimer                                       Libs/librtxc.PROD.a(rtxcapi.PROD.o)
KS_lock                                           Libs/librtxc.PROD.a(rtxcapi.PROD.o)
KS_lockt                                          Libs/librtxc.PROD.a(rtxcapi.PROD.o)
KS_lockw                                          Libs/librtxc.PROD.a(rtxcapi.PROD.o)
                                                  Libs/libdrv.PROD.a(drv_dio.PROD.o)
                                                  Libs/libdrv.PROD.a(extapi.PROD.o)
KS_nop                                            Libs/librtxc.PROD.a(rtxcapi.PROD.o)
KS_pend                                           Libs/librtxc.PROD.a(rtxcapi.PROD.o)
KS_pendm                                          Libs/librtxc.PROD.a(rtxcapi.PROD.o)
KS_purgequeue                                     Libs/librtxc.PROD.a(rtxcapi.PROD.o)
KS_restart_timer                                  Libs/librtxc.PROD.a(rtxcapi.PROD.o)
KS_resume                                         Libs/librtxc.PROD.a(rtxcapi.PROD.o)
KS_signal                                         Libs/librtxc.PROD.a(rtxcapi.PROD.o)
                                                  Objs/tasks.PROD.o
KS_signalm                                        Libs/librtxc.PROD.a(rtxcapi.PROD.o)
KS_start_timer                                    Libs/librtxc.PROD.a(rtxcapi.PROD.o)
                                                  Objs/tasks.PROD.o
KS_stop_timer                                     Libs/librtxc.PROD.a(rtxcapi.PROD.o)
KS_suspend                                        Libs/librtxc.PROD.a(rtxcapi.PROD.o)
KS_terminate                                      Libs/librtxc.PROD.a(rtxcapi.PROD.o)
                                                  Objs/tasks.PROD.o
KS_unblock                                        Libs/librtxc.PROD.a(rtxcapi.PROD.o)
                                                  Objs/main.PROD.o
KS_unlock                                         Libs/librtxc.PROD.a(rtxcapi.PROD.o)
                                                  Libs/libdrv.PROD.a(drv_dio.PROD.o)
                                                  Libs/libdrv.PROD.a(extapi.PROD.o)
KS_user                                           Libs/librtxc.PROD.a(rtxcapi.PROD.o)
                                                  Libs/libdrv.PROD.a(stdio_vsprintf.PROD.o)
KS_version                                        Libs/librtxc.PROD.a(rtxcapi.PROD.o)
KS_wait                                           Libs/librtxc.PROD.a(rtxcapi.PROD.o)
KS_waitm                                          Libs/librtxc.PROD.a(rtxcapi.PROD.o)
                                                  Libs/libdrv.PROD.a(drv_usb.PROD.o)
                                                  Libs/libdrv.PROD.a(drv_uart.PROD.o)
                                                  Objs/tasks.PROD.o
KS_waitt                                          Libs/librtxc.PROD.a(rtxcapi.PROD.o)
                                                  Libs/libdrv.PROD.a(drv_twi.PROD.o)
                                                  Libs/libdrv.PROD.a(drv_spi.PROD.o)
KS_yield                                          Libs/librtxc.PROD.a(rtxcapi.PROD.o)
LowLevelInit                                      Libs/libdrv.PROD.a(drv_clk.PROD.o)
                                                  Objs/main.PROD.o
ParseBuffer                                       Objs/tasks.PROD.o
ProgramCopy                                       Libs/RTXCutil.PROD.o
                                                  Libs/RTXCstartup.PROD.o
ProgramCopyEnd                                    Libs/RTXCutil.PROD.o
                                                  Libs/RTXCstartup.PROD.o
RTC_ReadStatus                                    Libs/libdrv.PROD.a(cvtdate.PROD.o)
RTC_ReadTime_t                                    Libs/libdrv.PROD.a(cvtdate.PROD.o)
RTC_WriteAlarm_t                                  Libs/libdrv.PROD.a(cvtdate.PROD.o)
RTC_WriteTime_t                                   Libs/libdrv.PROD.a(cvtdate.PROD.o)
                                                  Libs/libdrv.PROD.a(drv_clk.PROD.o)
SPI_FlashErase                                    Libs/libdrv.PROD.a(flashapi.PROD.o)
                                                  Libs/libdrv.PROD.a(extapi.PROD.o)
SPI_FlashQuery                                    Libs/libdrv.PROD.a(flashapi.PROD.o)
SPI_FlashRead                                     Libs/libdrv.PROD.a(flashapi.PROD.o)
                                                  Libs/libdrv.PROD.a(extapi.PROD.o)
SPI_FlashWaitForEnd                               Libs/libdrv.PROD.a(flashapi.PROD.o)
SPI_FlashWrite                                    Libs/libdrv.PROD.a(flashapi.PROD.o)
                                                  Libs/libdrv.PROD.a(extapi.PROD.o)
SPI_rtx2                                          Libs/libdrv.PROD.a(drv_spi.PROD.o)
                                                  Libs/libdrv.PROD.a(flashapi.PROD.o)
SWI_Handler_Entry                                 Libs/RTXCstartup.PROD.o
Set_LedBlinker                                    Libs/libdrv.PROD.a(drv_clk.PROD.o)
                                                  Objs/tasks.PROD.o
TWI_receive                                       Libs/libdrv.PROD.a(drv_twi.PROD.o)
TWI_send                                          Libs/libdrv.PROD.a(drv_twi.PROD.o)
                                                  Libs/libdrv.PROD.a(drv_dio.PROD.o)
TWI_txrx                                          Libs/libdrv.PROD.a(drv_twi.PROD.o)
                                                  Libs/libdrv.PROD.a(drv_dio.PROD.o)
Top_Stack                                         Libs/RTXCstartup.PROD.o
USB_Receive                                       Libs/libdrv.PROD.a(drv_usb.PROD.o)
USB_RxData                                        Libs/libdrv.PROD.a(drv_usb.PROD.o)
USB_RxSetup                                       Libs/libdrv.PROD.a(drv_usb.PROD.o)
USB_SendData                                      Libs/libdrv.PROD.a(drv_usb.PROD.o)
USB_SendNextData                                  Libs/libdrv.PROD.a(drv_usb.PROD.o)
USB_SendStall                                     Libs/libdrv.PROD.a(drv_usb.PROD.o)
USB_SendZlp                                       Libs/libdrv.PROD.a(drv_usb.PROD.o)
USB_Transmit                                      Libs/libdrv.PROD.a(drv_usb.PROD.o)
__aeabi_idiv                                      /home/name/test_kit/arm-gnu-toolchain-13.3.rel1-x86_64-arm-none-eabi/bin/../lib/gcc/arm-none-eabi/13.3.1/thumb/nofp/libgcc.a(_divsi3.o)
                                                  Libs/libdrv.PROD.a(drv_spi.PROD.o)
                                                  Libs/libdrv.PROD.a(drv_uart.PROD.o)
                                                  Libs/libdrv.PROD.a(drv_clk.PROD.o)
                                                  Libs/libdrv.PROD.a(cvtdate.PROD.o)
                                                  Libs/RTXCutil.PROD.o
__aeabi_idiv0                                     /home/name/test_kit/arm-gnu-toolchain-13.3.rel1-x86_64-arm-none-eabi/bin/../lib/gcc/arm-none-eabi/13.3.1/thumb/nofp/libgcc.a(_dvmd_tls.o)
                                                  /home/name/test_kit/arm-gnu-toolchain-13.3.rel1-x86_64-arm-none-eabi/bin/../lib/gcc/arm-none-eabi/13.3.1/thumb/nofp/libgcc.a(_divsi3.o)
                                                  /home/name/test_kit/arm-gnu-toolchain-13.3.rel1-x86_64-arm-none-eabi/bin/../lib/gcc/arm-none-eabi/13.3.1/thumb/nofp/libgcc.a(_udivsi3.o)
__aeabi_idivmod                                   /home/name/test_kit/arm-gnu-toolchain-13.3.rel1-x86_64-arm-none-eabi/bin/../lib/gcc/arm-none-eabi/13.3.1/thumb/nofp/libgcc.a(_divsi3.o)
                                                  Libs/libdrv.PROD.a(drv_uart.PROD.o)
                                                  Libs/libdrv.PROD.a(cvtdate.PROD.o)
__aeabi_ldiv0                                     /home/name/test_kit/arm-gnu-toolchain-13.3.rel1-x86_64-arm-none-eabi/bin/../lib/gcc/arm-none-eabi/13.3.1/thumb/nofp/libgcc.a(_dvmd_tls.o)
                                                  /home/name/test_kit/arm-gnu-toolchain-13.3.rel1-x86_64-arm-none-eabi/bin/../lib/gcc/arm-none-eabi/13.3.1/thumb/nofp/libgcc.a(_aeabi_uldivmod.o)
__aeabi_uidiv                                     /home/name/test_kit/arm-gnu-toolchain-13.3.rel1-x86_64-arm-none-eabi/bin/../lib/gcc/arm-none-eabi/13.3.1/thumb/nofp/libgcc.a(_udivsi3.o)
                                                  Libs/libdrv.PROD.a(drv_adc.PROD.o)
                                                  Libs/libdrv.PROD.a(drv_twi.PROD.o)
                                                  Libs/libdrv.PROD.a(drv_spi.PROD.o)
                                                  Libs/libdrv.PROD.a(drv_can.PROD.o)
                                                  Libs/libdrv.PROD.a(drv_uart.PROD.o)
                                                  Libs/libdrv.PROD.a(drv_clk.PROD.o)
                                                  Libs/libdrv.PROD.a(cvtdate.PROD.o)
                                                  Libs/RTXCutil.PROD.o
__aeabi_uidivmod                                  /home/name/test_kit/arm-gnu-toolchain-13.3.rel1-x86_64-arm-none-eabi/bin/../lib/gcc/arm-none-eabi/13.3.1/thumb/nofp/libgcc.a(_udivsi3.o)
                                                  Libs/libdrv.PROD.a(drv_can.PROD.o)
                                                  Libs/libdrv.PROD.a(drv_uart.PROD.o)
                                                  Libs/libdrv.PROD.a(cvtdate.PROD.o)
__aeabi_uldivmod                                  /home/name/test_kit/arm-gnu-toolchain-13.3.rel1-x86_64-arm-none-eabi/bin/../lib/gcc/arm-none-eabi/13.3.1/thumb/nofp/libgcc.a(_aeabi_uldivmod.o)
                                                  Libs/libdrv.PROD.a(stdio_vsprintf.PROD.o)
__bss_end                                         Libs/RTXCstartup.PROD.o
__bss_start                                       Libs/RTXCstartup.PROD.o
__clzdi2                                          /home/name/test_kit/arm-gnu-toolchain-13.3.rel1-x86_64-arm-none-eabi/bin/../lib/gcc/arm-none-eabi/13.3.1/thumb/nofp/libgcc.a(_clzdi2.o)
                                                  /home/name/test_kit/arm-gnu-toolchain-13.3.rel1-x86_64-arm-none-eabi/bin/../lib/gcc/arm-none-eabi/13.3.1/thumb/nofp/libgcc.a(_udivmoddi4.o)
__clzsi2                                          /home/name/test_kit/arm-gnu-toolchain-13.3.rel1-x86_64-arm-none-eabi/bin/../lib/gcc/arm-none-eabi/13.3.1/thumb/nofp/libgcc.a(_clzsi2.o)
                                                  /home/name/test_kit/arm-gnu-toolchain-13.3.rel1-x86_64-arm-none-eabi/bin/../lib/gcc/arm-none-eabi/13.3.1/thumb/nofp/libgcc.a(_clzdi2.o)
__divsi3                                          /home/name/test_kit/arm-gnu-toolchain-13.3.rel1-x86_64-arm-none-eabi/bin/../lib/gcc/arm-none-eabi/13.3.1/thumb/nofp/libgcc.a(_divsi3.o)
__set_ctype                                       /home/name/test_kit/arm-gnu-toolchain-13.3.rel1-x86_64-arm-none-eabi/bin/../lib/gcc/arm-none-eabi/13.3.1/../../../../arm-none-eabi/lib/thumb/nofp/libc.a(libc_a-ctype_.o)
__udivmoddi4                                      /home/name/test_kit/arm-gnu-toolchain-13.3.rel1-x86_64-arm-none-eabi/bin/../lib/gcc/arm-none-eabi/13.3.1/thumb/nofp/libgcc.a(_udivmoddi4.o)
                                                  /home/name/test_kit/arm-gnu-toolchain-13.3.rel1-x86_64-arm-none-eabi/bin/../lib/gcc/arm-none-eabi/13.3.1/thumb/nofp/libgcc.a(_aeabi_uldivmod.o)
__udivsi3                                         /home/name/test_kit/arm-gnu-toolchain-13.3.rel1-x86_64-arm-none-eabi/bin/../lib/gcc/arm-none-eabi/13.3.1/thumb/nofp/libgcc.a(_udivsi3.o)
_ctype_                                           /home/name/test_kit/arm-gnu-toolchain-13.3.rel1-x86_64-arm-none-eabi/bin/../lib/gcc/arm-none-eabi/13.3.1/../../../../arm-none-eabi/lib/thumb/nofp/libc.a(libc_a-ctype_.o)
                                                  Libs/libdrv.PROD.a(stdio_strtol.PROD.o)
                                                  Libs/libdrv.PROD.a(stdio_vsprintf.PROD.o)
                                                  Objs/tasks.PROD.o
_data                                             Libs/libdrv.PROD.a(flashapi.PROD.o)
                                                  Libs/RTXCstartup.PROD.o
_disable                                          Libs/librtxc.PROD.a(lock.PROD.o)
                                                  Libs/libdrv.PROD.a(drv_uart.PROD.o)
                                                  Libs/libdrv.PROD.a(drv_clk.PROD.o)
                                                  Libs/libdrv.PROD.a(cvtdate.PROD.o)
                                                  Libs/libdrv.PROD.a(extapi.PROD.o)
                                                  Libs/librtxc.PROD.a(rtxc.PROD.o)
                                                  Libs/librtxc.PROD.a(rtxcapi.PROD.o)
_edata                                            Libs/RTXCstartup.PROD.o
_enable                                           Libs/librtxc.PROD.a(lock.PROD.o)
                                                  Libs/libdrv.PROD.a(drv_uart.PROD.o)
                                                  Libs/libdrv.PROD.a(drv_clk.PROD.o)
                                                  Libs/libdrv.PROD.a(cvtdate.PROD.o)
                                                  Libs/librtxc.PROD.a(rtxc.PROD.o)
                                                  Libs/librtxc.PROD.a(rtxcapi.PROD.o)
                                                  Objs/main.PROD.o
_etext                                            Libs/RTXCstartup.PROD.o
_popccr                                           Libs/librtxc.PROD.a(lock.PROD.o)
                                                  Libs/librtxc.PROD.a(rtxc.PROD.o)
_pushccr                                          Libs/librtxc.PROD.a(lock.PROD.o)
                                                  Libs/librtxc.PROD.a(rtxc.PROD.o)
_startup                                          Libs/RTXCstartup.PROD.o
adcmuxval                                         Libs/libdrv.PROD.a(drv_adc.PROD.o)
adcstart                                          Libs/libdrv.PROD.a(drv_adc.PROD.o)
                                                  Objs/main.PROD.o
adcstop                                           Libs/libdrv.PROD.a(drv_adc.PROD.o)
                                                  Libs/libdrv.PROD.a(extapi.PROD.o)
can0drv                                           Libs/libdrv.PROD.a(drv_can.PROD.o)
can1drv                                           Libs/libdrv.PROD.a(drv_can.PROD.o)
canaddress                                        Libs/libdrv.PROD.a(drv_can.PROD.o)
canstart                                          Libs/libdrv.PROD.a(drv_can.PROD.o)
                                                  Objs/main.PROD.o
canstop                                           Libs/libdrv.PROD.a(drv_can.PROD.o)
cfgDescriptor                                     Libs/libdrv.PROD.a(drv_usb.PROD.o)
clkc                                              Libs/libdrv.PROD.a(drv_clk.PROD.o)
clkqptr                                           Libs/librtxc.PROD.a(rtxc.PROD.o)
clkstart                                          Libs/libdrv.PROD.a(drv_clk.PROD.o)
                                                  Objs/main.PROD.o
clkstop                                           Libs/libdrv.PROD.a(drv_clk.PROD.o)
clockinit                                         Libs/librtxc.PROD.a(rtxc.PROD.o)
                                                  Libs/librtxc.PROD.a(rtxcinit.PROD.o)
com0drv                                           Libs/libdrv.PROD.a(drv_uart.PROD.o)
com0err                                           Libs/libdrv.PROD.a(drv_uart.PROD.o)
com1drv                                           Libs/libdrv.PROD.a(drv_uart.PROD.o)
com1err                                           Libs/libdrv.PROD.a(drv_uart.PROD.o)
com2drv                                           Libs/libdrv.PROD.a(drv_uart.PROD.o)
com2err                                           Libs/libdrv.PROD.a(drv_uart.PROD.o)
com3drvpit                                        Libs/libdrv.PROD.a(drv_uart.PROD.o)
                                                  Libs/libdrv.PROD.a(drv_clk.PROD.o)
com3err                                           Libs/libdrv.PROD.a(drv_uart.PROD.o)
cptr                                              Libs/libdrv.PROD.a(drv_uart.PROD.o)
currConfiguration                                 Libs/libdrv.PROD.a(drv_usb.PROD.o)
currConnection                                    Libs/libdrv.PROD.a(drv_usb.PROD.o)
currDataLen                                       Libs/libdrv.PROD.a(drv_usb.PROD.o)
currDataPtr                                       Libs/libdrv.PROD.a(drv_usb.PROD.o)
currRcvBank                                       Libs/libdrv.PROD.a(drv_usb.PROD.o)
current_clock                                     Libs/RTXCutil.PROD.o
                                                  Libs/libdrv.PROD.a(drv_adc.PROD.o)
                                                  Libs/libdrv.PROD.a(drv_usb.PROD.o)
                                                  Libs/libdrv.PROD.a(drv_twi.PROD.o)
                                                  Libs/libdrv.PROD.a(drv_spi.PROD.o)
                                                  Libs/libdrv.PROD.a(drv_can.PROD.o)
                                                  Libs/libdrv.PROD.a(drv_uart.PROD.o)
                                                  Libs/libdrv.PROD.a(drv_clk.PROD.o)
date2systime                                      Libs/libdrv.PROD.a(cvtdate.PROD.o)
devDescriptor                                     Libs/libdrv.PROD.a(drv_usb.PROD.o)
dio_counter                                       Libs/libdrv.PROD.a(drv_dio.PROD.o)
                                                  Objs/tasks.PROD.o
dio_mask                                          Libs/libdrv.PROD.a(drv_dio.PROD.o)
dio_read                                          Libs/libdrv.PROD.a(drv_dio.PROD.o)
                                                  Objs/tasks.PROD.o
dio_write                                         Libs/libdrv.PROD.a(drv_dio.PROD.o)
                                                  Objs/tasks.PROD.o