Archive member included to satisfy reference by file (symbol)

Libs/librtxc.PROD.a(rtxcinit.PROD.o)
                              Objs/main.PROD.o (rtxcinit)
Libs/librtxc.PROD.a(rtxcapi.PROD.o)
                              Objs/main.PROD.o (KS_defslice)
Libs/librtxc.PROD.a(rtxc.PROD.o)
                              Libs/librtxc.PROD.a(rtxcinit.PROD.o) (taskinit)
Libs/librtxc.PROD.a(lock.PROD.o)
                              Objs/main.PROD.o (_enable)
Libs/libdrv.PROD.a(cpart.PROD.o)
                              Libs/librtxc.PROD.a(rtxc.PROD.o) (pkkheader)
Libs/libdrv.PROD.a(cqueue.PROD.o)
                              Libs/librtxc.PROD.a(rtxc.PROD.o) (qkkheader)
Libs/libdrv.PROD.a(cres.PROD.o)
                              Libs/librtxc.PROD.a(rtxcapi.PROD.o) (rheader)
Libs/libdrv.PROD.a(csema.PROD.o)
                              Libs/librtxc.PROD.a(rtxcapi.PROD.o) (semat)
Libs/libdrv.PROD.a(extapi.PROD.o)
                              Objs/tasks.PROD.o (EKS_GetSetup)
Libs/libdrv.PROD.a(cvtdate.PROD.o)
                              Libs/libdrv.PROD.a(extapi.PROD.o) (systime2date)
Libs/libdrv.PROD.a(flashapi.PROD.o)
                              Libs/libdrv.PROD.a(extapi.PROD.o) (SPI_FlashErase)
Libs/libdrv.PROD.a(stdio_vsprintf.PROD.o)
                              Libs/libdrv.PROD.a(extapi.PROD.o) (sprintf)
Libs/libdrv.PROD.a(stdio_printf.PROD.o)
                              Objs/tasks.PROD.o (printf)
Libs/libdrv.PROD.a(stdio_puts.PROD.o)
                              Objs/tasks.PROD.o (puts)
Libs/libdrv.PROD.a(drv_clk.PROD.o)
                              Objs/main.PROD.o (LowLevelInit)
Libs/libdrv.PROD.a(drv_uart.PROD.o)
                              Libs/libdrv.PROD.a(drv_clk.PROD.o) (com3drvpit)
Libs/libdrv.PROD.a(drv_can.PROD.o)
                              Objs/main.PROD.o (canstart)
Libs/libdrv.PROD.a(drv_spi.PROD.o)
                              Objs/main.PROD.o (spistart)
Libs/libdrv.PROD.a(drv_twi.PROD.o)
                              Objs/main.PROD.o (twistart)
Libs/libdrv.PROD.a(drv_usb.PROD.o)
                              Objs/main.PROD.o (usbtask)
Libs/libdrv.PROD.a(drv_adc.PROD.o)
                              Objs/main.PROD.o (adcstart)
Libs/libdrv.PROD.a(drv_dio.PROD.o)
                              Objs/main.PROD.o (diostart)
Libs/libdrv.PROD.a(stdio_strtol.PROD.o)
                              Objs/tasks.PROD.o (simple_strtol)
/home/name/test_kit/arm-gnu-toolchain-13.3.rel1-x86_64-arm-none-eabi/bin/../lib/gcc/arm-none-eabi/13.3.1/thumb/nofp/libgcc.a(_arm_muldf3.o)
                              Objs/tasks.PROD.o (__aeabi_dmul)
/home/name/test_kit/arm-gnu-toolchain-13.3.rel1-x86_64-arm-none-eabi/bin/../lib/gcc/arm-none-eabi/13.3.1/thumb/nofp/libgcc.a(_udivsi3.o)
                              Libs/RTXCutil.PROD.o (__aeabi_uidiv)
/home/name/test_kit/arm-gnu-toolchain-13.3.rel1-x86_64-arm-none-eabi/bin/../lib/gcc/arm-none-eabi/13.3.1/thumb/nofp/libgcc.a(_divsi3.o)
                              Libs/RTXCutil.PROD.o (__aeabi_idiv)
/home/name/test_kit/arm-gnu-toolchain-13.3.rel1-x86_64-arm-none-eabi/bin/../lib/gcc/arm-none-eabi/13.3.1/thumb/nofp/libgcc.a(_dvmd_tls.o)
                              /home/name/test_kit/arm-gnu-toolchain-13.3.rel1-x86_64-arm-none-eabi/bin/../lib/gcc/arm-none-eabi/13.3.1/thumb/nofp/libgcc.a(_udivsi3.o) (__aeabi_idiv0)
/home/name/test_kit/arm-gnu-toolchain-13.3.rel1-x86_64-arm-none-eabi/bin/../lib/gcc/arm-none-eabi/13.3.1/thumb/nofp/libgcc.a(_arm_addsubdf3.o)
                              Objs/tasks.PROD.o (__aeabi_dadd)
/home/name/test_kit/arm-gnu-toolchain-13.3.rel1-x86_64-arm-none-eabi/bin/../lib/gcc/arm-none-eabi/13.3.1/thumb/nofp/libgcc.a(_arm_fixdfsi.o)
                              Objs/tasks.PROD.o (__aeabi_d2iz)
/home/name/test_kit/arm-gnu-toolchain-13.3.rel1-x86_64-arm-none-eabi/bin/../lib/gcc/arm-none-eabi/13.3.1/thumb/nofp/libgcc.a(_aeabi_uldivmod.o)
                              Libs/libdrv.PROD.a(stdio_vsprintf.PROD.o) (__aeabi_uldivmod)
/home/name/test_kit/arm-gnu-toolchain-13.3.rel1-x86_64-arm-none-eabi/bin/../lib/gcc/arm-none-eabi/13.3.1/thumb/nofp/libgcc.a(_udivmoddi4.o)
                              /home/name/test_kit/arm-gnu-toolchain-13.3.rel1-x86_64-arm-none-eabi/bin/../lib/gcc/arm-none-eabi/13.3.1/thumb/nofp/libgcc.a(_aeabi_uldivmod.o) (__udivmoddi4)
/home/name/test_kit/arm-gnu-toolchain-13.3.rel1-x86_64-arm-none-eabi/bin/../lib/gcc/arm-none-eabi/13.3.1/thumb/nofp/libgcc.a(_clzdi2.o)
                              /home/name/test_kit/arm-gnu-toolchain-13.3.rel1-x86_64-arm-none-eabi/bin/../lib/gcc/arm-none-eabi/13.3.1/thumb/nofp/libgcc.a(_udivmoddi4.o) (__clzdi2)
/home/name/test_kit/arm-gnu-toolchain-13.3.rel1-x86_64-arm-none-eabi/bin/../lib/gcc/arm-none-eabi/13.3.1/thumb/nofp/libgcc.a(_clzsi2.o)
                              /home/name/test_kit/arm-gnu-toolchain-13.3.rel1-x86_64-arm-none-eabi/bin/../lib/gcc/arm-none-eabi/13.3.1/thumb/nofp/libgcc.a(_clzdi2.o) (__clzsi2)
[...]
Memory Configuration

Name             Origin             Length             Attributes
CODE             0x00000000         0x00040000         xr
DATA             0x00200000         0x00008000         rw
STACK            0x00208000         0x00000000         rw
*default*        0x00000000         0xffffffff

Linker script and memory map

LOAD Libs/RTXCstartup.PROD.o
LOAD Libs/RTXCutil.PROD.o
LOAD Libs/RTXCsys32.PROD.o
LOAD Objs/main.PROD.o
LOAD Objs/tasks.PROD.o
LOAD Libs/librtxc.PROD.a
LOAD Libs/libdrv.PROD.a
LOAD /home/name/test_kit/arm-gnu-toolchain-13.3.rel1-x86_64-arm-none-eabi/bin/../lib/gcc/arm-none-eabi/13.3.1/../../../../arm-none-eabi/lib/thumb/nofp/libm.a
START GROUP
LOAD /home/name/test_kit/arm-gnu-toolchain-13.3.rel1-x86_64-arm-none-eabi/bin/../lib/gcc/arm-none-eabi/13.3.1/thumb/nofp/libgcc.a
LOAD /home/name/test_kit/arm-gnu-toolchain-13.3.rel1-x86_64-arm-none-eabi/bin/../lib/gcc/arm-none-eabi/13.3.1/../../../../arm-none-eabi/lib/thumb/nofp/libc.a
END GROUP

.text           0x00000000      0x29c
 *RTXCstartup*.o(.text)
 .text          0x00000000      0x29c Libs/RTXCstartup.PROD.o
                0x00000000                _startup
                0x00000044                Global_RAM_TOP
                0x00000048                Global_KERNEL_TOP
                0x0000004c                Global_IRQ_STACK_SIZE
                0x00000050                Global_SVC_STACK_SIZE
                0x00000054                Global_SYSKERNEL_STACK_SIZE
                0x00000058                Global_STACK_FILLER
                0x000000f0                exit
                0x000000f4                IRQ_Handler_Entry
                0x00000198                SWI_Handler_Entry
                0x0000021c                AT91F_Default_FIQ_handler
                0x00000220                AT91F_Default_IRQ_handler
                0x00000224                AT91F_Spurious_handler
                0x00000228                CodeUpgrade

.vfp11_veneer   0x0000029c        0x0
 .vfp11_veneer  0x0000029c        0x0 linker stubs

.v4_bx          0x0000029c        0x0
 .v4_bx         0x0000029c        0x0 linker stubs

.iplt           0x0000029c        0x0
 .iplt          0x0000029c        0x0 Libs/RTXCstartup.PROD.o

.text.__udivmoddi4
                0x000002a0      0x1a8
 .text.__udivmoddi4
                0x000002a0      0x19c /home/name/test_kit/arm-gnu-toolchain-13.3.rel1-x86_64-arm-none-eabi/bin/../lib/gcc/arm-none-eabi/13.3.1/thumb/nofp/libgcc.a(_udivmoddi4.o)
                0x000002a0                __udivmoddi4
 *fill*         0x0000043c        0x4 
 .text.__udivmoddi4.__stub
                0x00000440        0x8 linker stubs

.text.memcpy    0x00000448       0x90
 .text.memcpy   0x00000448       0x90 /home/name/test_kit/arm-gnu-toolchain-13.3.rel1-x86_64-arm-none-eabi/bin/../lib/gcc/arm-none-eabi/13.3.1/../../../../arm-none-eabi/lib/thumb/nofp/libc.a(libc_a-memcpy-stub.o)
                0x00000448                memcpy

.text.strlen    0x000004d8       0x60
 .text.strlen   0x000004d8       0x60 /home/name/test_kit/arm-gnu-toolchain-13.3.rel1-x86_64-arm-none-eabi/bin/../lib/gcc/arm-none-eabi/13.3.1/../../../../arm-none-eabi/lib/thumb/nofp/libc.a(libc_a-strlen-stub.o)
                0x000004d8                strlen

.text.strnlen   0x00000538       0x28
 .text.strnlen  0x00000538       0x28 /home/name/test_kit/arm-gnu-toolchain-13.3.rel1-x86_64-arm-none-eabi/bin/../lib/gcc/arm-none-eabi/13.3.1/../../../../arm-none-eabi/lib/thumb/nofp/libc.a(libc_a-strnlen.o)
                0x00000538                strnlen

.text.memcmp    0x00000560       0x4c
 .text.memcmp   0x00000560       0x4c /home/name/test_kit/arm-gnu-toolchain-13.3.rel1-x86_64-arm-none-eabi/bin/../lib/gcc/arm-none-eabi/13.3.1/../../../../arm-none-eabi/lib/thumb/nofp/libc.a(libc_a-memcmp.o)
                0x00000560                memcmp

.text.memset    0x000005ac       0xb0
 .text.memset   0x000005ac       0xb0 /home/name/test_kit/arm-gnu-toolchain-13.3.rel1-x86_64-arm-none-eabi/bin/../lib/gcc/arm-none-eabi/13.3.1/../../../../arm-none-eabi/lib/thumb/nofp/libc.a(libc_a-memset.o)
                0x000005ac                memset

.text.__set_ctype
                0x0000065c        0xc
 .text.__set_ctype
                0x0000065c        0xc /home/name/test_kit/arm-gnu-toolchain-13.3.rel1-x86_64-arm-none-eabi/bin/../lib/gcc/arm-none-eabi/13.3.1/../../../../arm-none-eabi/lib/thumb/nofp/libc.a(libc_a-ctype_.o)
                0x0000065c                __set_ctype

.text           0x00000668     0x9080
 *(.text)
 .text          0x00000668      0x3b0 Libs/RTXCutil.PROD.o
                0x00000668                AT91F_CLOCKinit
                0x000008d4                ProgramCopy
                0x00000a14                ProgramCopyEnd
 .text          0x00000a18       0x14 Libs/RTXCsys32.PROD.o
                0x00000a18                AT91F_WATCHDOGinit
 .text          0x00000a2c       0xf0 Objs/main.PROD.o
                0x00000a2c                maintask
                0x00000ae8                putchar
                0x00000b00                getchar
 .text          0x00000b1c     0x18d0 Objs/tasks.PROD.o
                0x00000b1c                GetHexValue
                0x00000b88                HandleSrecord
                0x00000d64                HandleCanRead
                0x00000dc0                ParseBuffer
                0x00002084                tk0extender
 .text          0x000023ec       0x20 Libs/librtxc.PROD.a(rtxcinit.PROD.o)
                0x000023ec                rtxcinit
 .text          0x0000240c      0x6d8 Libs/librtxc.PROD.a(rtxcapi.PROD.o)
                0x0000240c                KS_block
                0x00002420                KS_version
                0x00002428                KS_nop
                0x00002438                KS_alloc
                0x0000246c                KS_defpriority
                0x00002480                KS_defslice
                0x000024a8                KS_delay
                0x000024c0                KS_dequeue
                0x000024e0                KS_enqueue
                0x00002500                KS_execute
                0x00002514                KS_free
                0x00002528                KS_lock
                0x00002594                KS_pend
                0x000025a8                KS_resume
                0x000025bc                KS_signal
                0x000025d4                KS_stop_timer
                0x000025ec                KS_start_timer
                0x0000260c                KS_suspend
                0x00002620                KS_terminate
                0x00002634                KS_unblock
                0x00002648                KS_unlock
                0x000026b8                KS_user
                0x000026d0                KS_wait
                0x000026ec                KS_yield
                0x00002704                KS_allocw
                0x00002750                KS_inqres
                0x00002768                KS_defres
                0x00002784                KS_defqsema
                0x000027a0                KS_dequeuew
                0x000027bc                KS_elapse
                0x000027d0                KS_enqueuew
                0x000027ec                KS_inqmap
                0x00002800                KS_lockw
                0x00002870                KS_purgequeue
                0x00002884                KS_waitm
                0x00002898                KS_inqtimer
                0x000028ac                KS_alloct
                0x00002914                KS_defqueue
                0x0000293c                KS_dequeuet
                0x00002968                KS_enqueuet
                0x00002994                KS_inqpriority
                0x000029b8                KS_inqqueue
                0x000029c8                KS_inqsema
                0x000029d4                KS_inqtask
                0x000029e0                KS_lockt
                0x00002a58                KS_pendm
                0x00002a6c                KS_restart_timer
                0x00002a90                KS_signalm
                0x00002aa4                KS_waitt
                0x00002ac4                KS_inqslice
 .text          0x00002ae4     0x18e8 Libs/librtxc.PROD.a(rtxc.PROD.o)
                0x00002cbc                taskinit
                0x00002d3c                resinit
                0x00002d64                partinit
                0x00002dc0                queueinit
                0x00002e00                semainit
                0x00002e38                clockinit
                0x00002e3c                KS_ISRalloc
                0x00002e70                KS_ISRsignal
                0x00002e9c                postem
                0x000031d0                rtxc
                0x00004328                KS_ISRexit
                0x00004374                KS_ISRtick
 .text          0x000043cc       0x40 Libs/librtxc.PROD.a(lock.PROD.o)
                0x000043cc                _enable
                0x000043e0                _disable
                0x000043f4                _pushccr
                0x00004400                _popccr
 .text          0x0000440c        0x0 Libs/libdrv.PROD.a(cpart.PROD.o)
 .text          0x0000440c        0x0 Libs/libdrv.PROD.a(cqueue.PROD.o)
 .text          0x0000440c        0x0 Libs/libdrv.PROD.a(cres.PROD.o)
 .text          0x0000440c        0x0 Libs/libdrv.PROD.a(csema.PROD.o)
 .text          0x0000440c     0x13d0 Libs/libdrv.PROD.a(extapi.PROD.o)
                0x0000440c                EKS_GetSetup
                0x00004438                EKS_ParSize
                0x00004440                CheckPointer
                0x00004494                EKS_PktBufRelease
                0x00004518                EKS_PktBufCat
                0x000045cc                EKS_PktBufDuplicate
                0x00004700                EKS_PktBufLength
                0x00004784                EKS_PktBufPullup
                0x00004870                EKS_PktBufCopy
                0x000048d0                EKS_PktBufComp
                0x00004950                EKS_Pkt2BufComp
                0x00004b18                EKS_LCK_FlashRead
                0x00004b3c                EKS_LCK_FlashWrite
                0x00004b74                EKS_LCK_FlashErase
                0x00004b94                EKS_FlashCheckSum
                0x00004bac                EKS_PktBufMyTime
                0x00004cc0                EKS_PktBufFromTime
                0x00004cd0                EKS_PktBufComprexTime
                0x00004ce0                EKS_PktBufAccTime
                0x00004cf0                EKS_GetHHMM
                0x00004d28                EKS_EnqShutdown
                0x00004d34                EKS_AskShutdown
                0x00004d7c                EKS_AgreeShutdown
                0x00004e10                EKS_RamFill
                0x00004e34                EKS_RamWrite
                0x00004ea8                EKS_RamRead
                0x00004edc                EKS_RamCheckSum
                0x00004f3c                pdebugt
                0x00004f44                panic
                0x00004f64                EKS_NewSetup
                0x00004fbc                EKS_ParClear
                0x00005004                EKS_ParRead
                0x000050ec                EKS_ParReadShort
                0x00005180                EKS_ParReadLong
                0x0000521c                EKS_ParWrite
                0x00005414                EKS_ParWriteShort
                0x00005450                EKS_ParWriteLong
                0x00005494                EKS_PktBufAdd
                0x0000552c                EKS_PktBufAddString
                0x00005578                EKS_VirtualRAM_Read
                0x00005690                EKS_VirtualRAM_Write
                0x000057bc                EKS_init
 .text          0x000057dc      0x28c Libs/libdrv.PROD.a(cvtdate.PROD.o)
                0x000057dc                date2systime
                0x00005868                systime2date
                0x00005960                RTC_WriteTime_t
                0x00005a04                RTC_ReadTime_t
                0x00005a2c                RTC_WriteAlarm_t
                0x00005a5c                RTC_ReadStatus
 .text          0x00005a68      0x430 Libs/libdrv.PROD.a(flashapi.PROD.o)
                0x00005a68                SPI_FlashWaitForEnd
                0x00005ad8                SPI_FlashQuery
                0x00005b38                SPI_FlashErase
                0x00005c6c                SPI_FlashRead
                0x00005d40                SPI_FlashWrite
 .text          0x00005e98      0x870 Libs/libdrv.PROD.a(stdio_vsprintf.PROD.o)
                0x000060ec                vsnprintf
                0x0000610c                skip_atoi
                0x00006144                local_vsnprintf
                0x00006680                vsnprintf_repeater
                0x00006690                snprintf
                0x000066b8                vsprintf
                0x000066dc                sprintf
 .text          0x00006708       0x44 Libs/libdrv.PROD.a(stdio_printf.PROD.o)
                0x00006708                printf
 .text          0x0000674c       0x24 Libs/libdrv.PROD.a(stdio_puts.PROD.o)
                0x0000674c                puts
 .text          0x00006770      0x2d0 Libs/libdrv.PROD.a(drv_clk.PROD.o)
                0x00006770                slowclkc
                0x00006780                clkc
                0x00006868                AT91F_AIC_Configure
                0x00006898                LowLevelInit
                0x000068dc                clkstart
                0x00006974                tickwait
                0x000069bc                clkstop
                0x000069dc                Set_LedBlinker
                0x00006a20                KS_inqtime
                0x00006a2c                KS_deftime
 .text          0x00006a40      0x960 Libs/libdrv.PROD.a(drv_uart.PROD.o)
                0x00006a40                com0drv
                0x00006b18                com1drv
                0x00006bf0                com2drv
                0x00006cc8                com3drvpit
                0x00006d7c                uartDMAstartTx
                0x00006da0                uartDMAstartRx
                0x00006dd0                uartstart
                0x00006f9c                uartdrv
                0x00007334                uartstop
 .text          0x000073a0      0x460 Libs/libdrv.PROD.a(drv_can.PROD.o)
                0x000073a0                can0drv
                0x000073d8                can1drv
                0x00007410                canaddress
                0x00007424                canstart
                0x000074b0                CAN_speed
                0x00007618                CAN_configure
                0x000076cc                CAN_read
                0x00007780                CAN_write
                0x000077c8                CAN_status
                0x000077d8                canstop
 .text          0x00007800      0x1f4 Libs/libdrv.PROD.a(drv_spi.PROD.o)
                0x00007800                spidrv
                0x00007834                spistart
                0x00007934                SPI_rtx2
                0x000079d0                spistop
 .text          0x000079f4      0x280 Libs/libdrv.PROD.a(drv_twi.PROD.o)
                0x000079f4                twidrv
                0x00007a88                twistart
                0x00007b00                TWI_send
                0x00007b64                TWI_receive
                0x00007bd0                TWI_txrx
                0x00007c54                twistop
 .text          0x00007c74      0x894 Libs/libdrv.PROD.a(drv_usb.PROD.o)
                0x00007c74                usbdrv
                0x00007cd8                USB_SendNextData
                0x00007d24                USB_RxData
                0x00007d34                USB_SendData
                0x00007d74                USB_SendZlp
                0x00007d9c                USB_SendStall
                0x00007dc8                USB_RxSetup
                0x00008320                USB_Receive
                0x00008384                USB_Transmit
                0x000083ec                usbtask
 .text          0x00008508      0x190 Libs/libdrv.PROD.a(drv_adc.PROD.o)
                0x00008508                adcstart
                0x00008604                adcstop
                0x0000863c                ADC_read
 .text          0x00008698      0x4cc Libs/libdrv.PROD.a(drv_dio.PROD.o)
                0x00008698                diostart
                0x00008724                diostop
                0x00008740                dioconfTW
                0x000088ac                dio_read
                0x0000894c                dio_write
                0x00008b40                dio_mask
                0x00008b44                dio_counter
 .text          0x00008b64       0xdc Libs/libdrv.PROD.a(stdio_strtol.PROD.o)
                0x00008b64                simple_strtoul
                0x00008c24                simple_strtol
 .text          0x00008c40      0x290 /home/name/test_kit/arm-gnu-toolchain-13.3.rel1-x86_64-arm-none-eabi/bin/../lib/gcc/arm-none-eabi/13.3.1/thumb/nofp/libgcc.a(_arm_muldf3.o)
                0x00008c40                __aeabi_dmul
                0x00008c40                __muldf3
 .text          0x00008ed0      0x11c /home/name/test_kit/arm-gnu-toolchain-13.3.rel1-x86_64-arm-none-eabi/bin/../lib/gcc/arm-none-eabi/13.3.1/thumb/nofp/libgcc.a(_udivsi3.o)
                0x00008ed0                __udivsi3
                0x00008ed0                __aeabi_uidiv
                0x00008fcc                __aeabi_uidivmod
 .text          0x00008fec      0x150 /home/name/test_kit/arm-gnu-toolchain-13.3.rel1-x86_64-arm-none-eabi/bin/../lib/gcc/arm-none-eabi/13.3.1/thumb/nofp/libgcc.a(_divsi3.o)
                0x00008fec                __aeabi_idiv
                0x00008fec                __divsi3
                0x0000911c                __aeabi_idivmod
 .text          0x0000913c        0x4 /home/name/test_kit/arm-gnu-toolchain-13.3.rel1-x86_64-arm-none-eabi/bin/../lib/gcc/arm-none-eabi/13.3.1/thumb/nofp/libgcc.a(_dvmd_tls.o)
                0x0000913c                __aeabi_ldiv0
                0x0000913c                __aeabi_idiv0
 .text          0x00009140      0x424 /home/name/test_kit/arm-gnu-toolchain-13.3.rel1-x86_64-arm-none-eabi/bin/../lib/gcc/arm-none-eabi/13.3.1/thumb/nofp/libgcc.a(_arm_addsubdf3.o)
                0x00009140                __aeabi_drsub
                0x00009148                __aeabi_dsub
                0x00009148                __subdf3
                0x0000914c                __adddf3
                0x0000914c                __aeabi_dadd
                0x0000945c                __aeabi_ui2d
                0x0000945c                __floatunsidf
                0x00009480                __floatsidf
                0x00009480                __aeabi_i2d
                0x000094a8                __extendsfdf2
                0x000094a8                __aeabi_f2d
                0x000094f0                __aeabi_ul2d
                0x000094f0                __floatundidf
                0x00009504                __floatdidf
                0x00009504                __aeabi_l2d
 .text          0x00009564       0x5c /home/name/test_kit/arm-gnu-toolchain-13.3.rel1-x86_64-arm-none-eabi/bin/../lib/gcc/arm-none-eabi/13.3.1/thumb/nofp/libgcc.a(_arm_fixdfsi.o)
                0x00009564                __fixdfsi
                0x00009564                __aeabi_d2iz
 .text          0x000095c0       0x3c /home/name/test_kit/arm-gnu-toolchain-13.3.rel1-x86_64-arm-none-eabi/bin/../lib/gcc/arm-none-eabi/13.3.1/thumb/nofp/libgcc.a(_aeabi_uldivmod.o)
                0x000095c0                __aeabi_uldivmod
 .text          0x000095fc        0x0 /home/name/test_kit/arm-gnu-toolchain-13.3.rel1-x86_64-arm-none-eabi/bin/../lib/gcc/arm-none-eabi/13.3.1/thumb/nofp/libgcc.a(_udivmoddi4.o)
 .text          0x000095fc       0x28 /home/name/test_kit/arm-gnu-toolchain-13.3.rel1-x86_64-arm-none-eabi/bin/../lib/gcc/arm-none-eabi/13.3.1/thumb/nofp/libgcc.a(_clzdi2.o)
                0x000095fc                __clzdi2
 .text          0x00009624       0x48 /home/name/test_kit/arm-gnu-toolchain-13.3.rel1-x86_64-arm-none-eabi/bin/../lib/gcc/arm-none-eabi/13.3.1/thumb/nofp/libgcc.a(_clzsi2.o)
                0x00009624                __clzsi2
 .text          0x0000966c        0x0 /home/name/test_kit/arm-gnu-toolchain-13.3.rel1-x86_64-arm-none-eabi/bin/../lib/gcc/arm-none-eabi/13.3.1/../../../../arm-none-eabi/lib/thumb/nofp/libc.a(libc_a-memcpy-stub.o)
 .text          0x0000966c        0x0 /home/name/test_kit/arm-gnu-toolchain-13.3.rel1-x86_64-arm-none-eabi/bin/../lib/gcc/arm-none-eabi/13.3.1/../../../../arm-none-eabi/lib/thumb/nofp/libc.a(libc_a-strlen-stub.o)
 .text          0x0000966c        0x0 /home/name/test_kit/arm-gnu-toolchain-13.3.rel1-x86_64-arm-none-eabi/bin/../lib/gcc/arm-none-eabi/13.3.1/../../../../arm-none-eabi/lib/thumb/nofp/libc.a(libc_a-strnlen.o)
 .text          0x0000966c        0x0 /home/name/test_kit/arm-gnu-toolchain-13.3.rel1-x86_64-arm-none-eabi/bin/../lib/gcc/arm-none-eabi/13.3.1/../../../../arm-none-eabi/lib/thumb/nofp/libc.a(libc_a-memcmp.o)
 .text          0x0000966c        0x0 /home/name/test_kit/arm-gnu-toolchain-13.3.rel1-x86_64-arm-none-eabi/bin/../lib/gcc/arm-none-eabi/13.3.1/../../../../arm-none-eabi/lib/thumb/nofp/libc.a(libc_a-memset.o)
 .text          0x0000966c        0x0 /home/name/test_kit/arm-gnu-toolchain-13.3.rel1-x86_64-arm-none-eabi/bin/../lib/gcc/arm-none-eabi/13.3.1/../../../../arm-none-eabi/lib/thumb/nofp/libc.a(libc_a-ctype_.o)
 *fill*         0x0000966c        0x4 00000000
 .text.__stub   0x00009670       0x6c linker stubs
 *(.glue_7t)
 .glue_7t       0x000096e8        0x0 linker stubs
 *(.glue_7)
 .glue_7        0x000096e8        0x0 linker stubs
                0x000096e8                        . = ALIGN (0x4)

.rodata         0x000096e8     0x139d
 *(.rodata*)
 .rodata        0x000096e8       0x45 Objs/main.PROD.o
                0x000096ec                rtxkktcb
                0x0000972c                ntasks
 *fill*         0x0000972d        0x3 
 .rodata.str1.4
                0x00009730      0x6df Objs/tasks.PROD.o
                                0x648 (size before relaxing)
 *fill*         0x00009e0f        0x1 
 .rodata        0x00009e10      0x1c6 Objs/tasks.PROD.o
 .rodata.str1.4
                0x00009fd6       0x1d Libs/librtxc.PROD.a(rtxcapi.PROD.o)
 *fill*         0x00009fd6        0x2 
 .rodata        0x00009fd8       0xc0 Libs/librtxc.PROD.a(rtxc.PROD.o)
 .rodata        0x0000a098       0x19 Libs/libdrv.PROD.a(cpart.PROD.o)
                0x0000a098                pkkheader
                0x0000a0b0                nparts
 *fill*         0x0000a0b1        0x3 
 .rodata        0x0000a0b4       0xc1 Libs/libdrv.PROD.a(cqueue.PROD.o)
                0x0000a0b4                qkkheader
                0x0000a174                nqueues
 .rodata        0x0000a175        0x1 Libs/libdrv.PROD.a(cres.PROD.o)
                0x0000a175                nres
 *fill*         0x0000a176        0x2 
 .rodata        0x0000a178        0x5 Libs/libdrv.PROD.a(csema.PROD.o)
                0x0000a178                siglistsize
                0x0000a17c                nsemas
 .rodata.str1.4
                0x0000a17d       0x79 Libs/libdrv.PROD.a(extapi.PROD.o)
 .rodata.str1.4
                0x0000a17d        0x7 Libs/libdrv.PROD.a(stdio_vsprintf.PROD.o)
 *fill*         0x0000a17d        0x3 
 .rodata        0x0000a180      0x721 Libs/libdrv.PROD.a(stdio_vsprintf.PROD.o)
 *fill*         0x0000a8a1        0x3 
 .rodata        0x0000a8a4       0x38 Libs/libdrv.PROD.a(drv_uart.PROD.o)
 .rodata        0x0000a8dc       0x5f Libs/libdrv.PROD.a(drv_usb.PROD.o)
                0x0000a8dc                devDescriptor
                0x0000a8f0                cfgDescriptor
                0x0000a934                line_pars
 *fill*         0x0000a93b        0x1 
 .rodata        0x0000a93c       0x48 Libs/libdrv.PROD.a(drv_dio.PROD.o)
 .rodata._ctype_
                0x0000a984      0x101 /home/name/test_kit/arm-gnu-toolchain-13.3.rel1-x86_64-arm-none-eabi/bin/../lib/gcc/arm-none-eabi/13.3.1/../../../../arm-none-eabi/lib/thumb/nofp/libc.a(libc_a-ctype_.o)
                0x0000a984                _ctype_

.ARM.extab.text.__udivmoddi4
                0x0000aa85        0x0
 .ARM.extab.text.__udivmoddi4
                0x0000aa85        0x0 /home/name/test_kit/arm-gnu-toolchain-13.3.rel1-x86_64-arm-none-eabi/bin/../lib/gcc/arm-none-eabi/13.3.1/thumb/nofp/libgcc.a(_udivmoddi4.o)

.ARM.exidx.text.__udivmoddi4
                0x0000aa88        0x8
 .ARM.exidx.text.__udivmoddi4
                0x0000aa88        0x8 /home/name/test_kit/arm-gnu-toolchain-13.3.rel1-x86_64-arm-none-eabi/bin/../lib/gcc/arm-none-eabi/13.3.1/thumb/nofp/libgcc.a(_udivmoddi4.o)

.rel.dyn        0x0000aa90        0x0
 .rel.iplt      0x0000aa90        0x0 Libs/RTXCstartup.PROD.o
                0x0000aa90                        . = ALIGN (0x4)
                0x0000aa90                        _etext = .
                [!provide]                        PROVIDE (etext = .)

.data           0x00200000        0x4 load address 0x0000aa90
                0x00200000                        _data = .
 *(.data)
 .data          0x00200000        0x0 Libs/RTXCstartup.PROD.o
 .data          0x00200000        0x0 Libs/RTXCutil.PROD.o
 .data          0x00200000        0x0 Libs/RTXCsys32.PROD.o
 .data          0x00200000        0x0 Objs/main.PROD.o
 .data          0x00200000        0x0 Objs/tasks.PROD.o
 .data          0x00200000        0x0 Libs/librtxc.PROD.a(rtxcinit.PROD.o)
 .data          0x00200000        0x0 Libs/librtxc.PROD.a(rtxcapi.PROD.o)
 .data          0x00200000        0x0 Libs/librtxc.PROD.a(rtxc.PROD.o)
 .data          0x00200000        0x0 Libs/librtxc.PROD.a(lock.PROD.o)
 .data          0x00200000        0x0 Libs/libdrv.PROD.a(cpart.PROD.o)
 .data          0x00200000        0x0 Libs/libdrv.PROD.a(cqueue.PROD.o)
 .data          0x00200000        0x0 Libs/libdrv.PROD.a(cres.PROD.o)
 .data          0x00200000        0x0 Libs/libdrv.PROD.a(csema.PROD.o)
 .data          0x00200000        0x0 Libs/libdrv.PROD.a(extapi.PROD.o)
 .data          0x00200000        0x0 Libs/libdrv.PROD.a(cvtdate.PROD.o)
 .data          0x00200000        0x0 Libs/libdrv.PROD.a(flashapi.PROD.o)
 .data          0x00200000        0x0 Libs/libdrv.PROD.a(stdio_vsprintf.PROD.o)
 .data          0x00200000        0x0 Libs/libdrv.PROD.a(stdio_printf.PROD.o)
 .data          0x00200000        0x0 Libs/libdrv.PROD.a(stdio_puts.PROD.o)
 .data          0x00200000        0x0 Libs/libdrv.PROD.a(drv_clk.PROD.o)
 .data          0x00200000        0x0 Libs/libdrv.PROD.a(drv_uart.PROD.o)
 .data          0x00200000        0x0 Libs/libdrv.PROD.a(drv_can.PROD.o)
 .data          0x00200000        0x0 Libs/libdrv.PROD.a(drv_spi.PROD.o)
 .data          0x00200000        0x0 Libs/libdrv.PROD.a(drv_twi.PROD.o)
 .data          0x00200000        0x0 Libs/libdrv.PROD.a(drv_usb.PROD.o)
 .data          0x00200000        0x4 Libs/libdrv.PROD.a(drv_adc.PROD.o)
                0x00200000                ADcoeff
 .data          0x00200004        0x0 Libs/libdrv.PROD.a(drv_dio.PROD.o)
 .data          0x00200004        0x0 Libs/libdrv.PROD.a(stdio_strtol.PROD.o)
 .data          0x00200004        0x0 /home/name/test_kit/arm-gnu-toolchain-13.3.rel1-x86_64-arm-none-eabi/bin/../lib/gcc/arm-none-eabi/13.3.1/thumb/nofp/libgcc.a(_arm_muldf3.o)
 .data          0x00200004        0x0 /home/name/test_kit/arm-gnu-toolchain-13.3.rel1-x86_64-arm-none-eabi/bin/../lib/gcc/arm-none-eabi/13.3.1/thumb/nofp/libgcc.a(_udivsi3.o)
 .data          0x00200004        0x0 /home/name/test_kit/arm-gnu-toolchain-13.3.rel1-x86_64-arm-none-eabi/bin/../lib/gcc/arm-none-eabi/13.3.1/thumb/nofp/libgcc.a(_divsi3.o)
 .data          0x00200004        0x0 /home/name/test_kit/arm-gnu-toolchain-13.3.rel1-x86_64-arm-none-eabi/bin/../lib/gcc/arm-none-eabi/13.3.1/thumb/nofp/libgcc.a(_dvmd_tls.o)
 .data          0x00200004        0x0 /home/name/test_kit/arm-gnu-toolchain-13.3.rel1-x86_64-arm-none-eabi/bin/../lib/gcc/arm-none-eabi/13.3.1/thumb/nofp/libgcc.a(_arm_addsubdf3.o)
 .data          0x00200004        0x0 /home/name/test_kit/arm-gnu-toolchain-13.3.rel1-x86_64-arm-none-eabi/bin/../lib/gcc/arm-none-eabi/13.3.1/thumb/nofp/libgcc.a(_arm_fixdfsi.o)
 .data          0x00200004        0x0 /home/name/test_kit/arm-gnu-toolchain-13.3.rel1-x86_64-arm-none-eabi/bin/../lib/gcc/arm-none-eabi/13.3.1/thumb/nofp/libgcc.a(_aeabi_uldivmod.o)
 .data          0x00200004        0x0 /home/name/test_kit/arm-gnu-toolchain-13.3.rel1-x86_64-arm-none-eabi/bin/../lib/gcc/arm-none-eabi/13.3.1/thumb/nofp/libgcc.a(_udivmoddi4.o)
 .data          0x00200004        0x0 /home/name/test_kit/arm-gnu-toolchain-13.3.rel1-x86_64-arm-none-eabi/bin/../lib/gcc/arm-none-eabi/13.3.1/thumb/nofp/libgcc.a(_clzdi2.o)
 .data          0x00200004        0x0 /home/name/test_kit/arm-gnu-toolchain-13.3.rel1-x86_64-arm-none-eabi/bin/../lib/gcc/arm-none-eabi/13.3.1/thumb/nofp/libgcc.a(_clzsi2.o)
 .data          0x00200004        0x0 /home/name/test_kit/arm-gnu-toolchain-13.3.rel1-x86_64-arm-none-eabi/bin/../lib/gcc/arm-none-eabi/13.3.1/../../../../arm-none-eabi/lib/thumb/nofp/libc.a(libc_a-memcpy-stub.o)
 .data          0x00200004        0x0 /home/name/test_kit/arm-gnu-toolchain-13.3.rel1-x86_64-arm-none-eabi/bin/../lib/gcc/arm-none-eabi/13.3.1/../../../../arm-none-eabi/lib/thumb/nofp/libc.a(libc_a-strlen-stub.o)
 .data          0x00200004        0x0 /home/name/test_kit/arm-gnu-toolchain-13.3.rel1-x86_64-arm-none-eabi/bin/../lib/gcc/arm-none-eabi/13.3.1/../../../../arm-none-eabi/lib/thumb/nofp/libc.a(libc_a-strnlen.o)
 .data          0x00200004        0x0 /home/name/test_kit/arm-gnu-toolchain-13.3.rel1-x86_64-arm-none-eabi/bin/../lib/gcc/arm-none-eabi/13.3.1/../../../../arm-none-eabi/lib/thumb/nofp/libc.a(libc_a-memcmp.o)
 .data          0x00200004        0x0 /home/name/test_kit/arm-gnu-toolchain-13.3.rel1-x86_64-arm-none-eabi/bin/../lib/gcc/arm-none-eabi/13.3.1/../../../../arm-none-eabi/lib/thumb/nofp/libc.a(libc_a-memset.o)
 .data          0x00200004        0x0 /home/name/test_kit/arm-gnu-toolchain-13.3.rel1-x86_64-arm-none-eabi/bin/../lib/gcc/arm-none-eabi/13.3.1/../../../../arm-none-eabi/lib/thumb/nofp/libc.a(libc_a-ctype_.o)

.igot.plt       0x00200004        0x0 load address 0x0000aa94
 .igot.plt      0x00200004        0x0 Libs/RTXCstartup.PROD.o
                0x00200004                        . = ALIGN (0x4)
                0x00200004                        _edata = .
                [!provide]                        PROVIDE (edata = .)

.bss            0x00200004     0x2de8 load address 0x0000aa94
                0x00200004                        __bss_start = .
                0x00200004                        __bss_start__ = .
 *(.bss)
 .bss           0x00200004        0x0 Libs/RTXCstartup.PROD.o
 .bss           0x00200004        0x0 Libs/RTXCutil.PROD.o
 .bss           0x00200004        0x0 Libs/RTXCsys32.PROD.o
 .bss           0x00200004       0x90 Objs/main.PROD.o
                0x00200004                rtxtcb
 .bss           0x00200094      0x31c Objs/tasks.PROD.o
                0x00200094                GlobTimer
                0x00200098                GlobCurrTimer
                0x00200130                CanMsg
                0x00200230                CanLenMsg
                0x002002b0                CanCurrTimer
                0x00200330                CanTimer
 .bss           0x002003b0        0x0 Libs/librtxc.PROD.a(rtxcinit.PROD.o)
 .bss           0x002003b0        0x0 Libs/librtxc.PROD.a(rtxcapi.PROD.o)
 .bss           0x002003b0       0x2c Libs/librtxc.PROD.a(rtxc.PROD.o)
                0x002003b0                clkqptr
                0x002003b4                rtctick
                0x002003b8                hipritsk
                0x002003bc                semaput
                0x002003c0                scheduler
                0x002003c4                nsrttcb
                0x002003c8                semaget
                0x002003cc                t_expired
                0x002003d0                sliceup
                0x002003d4                isrcnt
                0x002003d8                kernellastrunstack
 .bss           0x002003dc        0x0 Libs/librtxc.PROD.a(lock.PROD.o)
 .bss           0x002003dc     0x1828 Libs/libdrv.PROD.a(cpart.PROD.o)
                0x002003dc                pheader
 .bss           0x00201c04      0xa10 Libs/libdrv.PROD.a(cqueue.PROD.o)
                0x00201c04                qheader
 .bss           0x00202614       0x8c Libs/libdrv.PROD.a(cres.PROD.o)
                0x00202614                rheader
 .bss           0x002026a0       0x48 Libs/libdrv.PROD.a(csema.PROD.o)
                0x002026a0                semat
                0x002026c8                siglist
 .bss           0x002026e8      0x12c Libs/libdrv.PROD.a(extapi.PROD.o)
                0x00202714                extapibuf
 .bss           0x00202814        0x0 Libs/libdrv.PROD.a(cvtdate.PROD.o)
 .bss           0x00202814        0x1 Libs/libdrv.PROD.a(flashapi.PROD.o)
                0x00202814                flashcode
 .bss           0x00202815        0x0 Libs/libdrv.PROD.a(stdio_vsprintf.PROD.o)
 .bss           0x00202815        0x0 Libs/libdrv.PROD.a(stdio_printf.PROD.o)
 .bss           0x00202815        0x0 Libs/libdrv.PROD.a(stdio_puts.PROD.o)
 *fill*         0x00202815        0x3 
 .bss           0x00202818       0x24 Libs/libdrv.PROD.a(drv_clk.PROD.o)
                0x00202820                led_counter
                0x00202824                led_prescaler
                0x00202828                led_curmask
                0x00202830                led_bitnum
                0x00202834                led_mask
 .bss           0x0020283c       0xd8 Libs/libdrv.PROD.a(drv_uart.PROD.o)
                0x0020283c                rxbuffidx
                0x00202840                iptr
                0x00202844                nptr
                0x00202848                com0err
                0x0020284a                com1err
                0x0020284c                com2err
                0x0020284e                com3err
                0x00202850                cptr
                0x00202894                rxbuff
 .bss           0x00202914        0xa Libs/libdrv.PROD.a(drv_can.PROD.o)
                0x00202914                int_pend
                0x00202918                int_mask
                0x0020291c                CanStatus
 .bss           0x0020291e        0x2 Libs/libdrv.PROD.a(drv_spi.PROD.o)
                0x0020291e                spi0err
                0x0020291f                spi0start
 .bss           0x00202920        0xa Libs/libdrv.PROD.a(drv_twi.PROD.o)
                0x00202920                twibuflen
                0x00202924                twibufptr
                0x00202928                twi0err
 *fill*         0x0020292a        0x2 
 .bss           0x0020292c       0x12 Libs/libdrv.PROD.a(drv_usb.PROD.o)
                0x0020292c                currDataLen
                0x00202930                currDataPtr
                0x00202934                currConfiguration
                0x00202935                currConnection
                0x00202938                currRcvBank
                0x0020293c                usberr
 .bss           0x0020293e        0x0 Libs/libdrv.PROD.a(drv_adc.PROD.o)
 .bss           0x0020293e        0x0 Libs/libdrv.PROD.a(drv_dio.PROD.o)
 .bss           0x0020293e        0x0 Libs/libdrv.PROD.a(stdio_strtol.PROD.o)
 .bss           0x0020293e        0x0 /home/name/test_kit/arm-gnu-toolchain-13.3.rel1-x86_64-arm-none-eabi/bin/../lib/gcc/arm-none-eabi/13.3.1/thumb/nofp/libgcc.a(_arm_muldf3.o)
 .bss           0x0020293e        0x0 /home/name/test_kit/arm-gnu-toolchain-13.3.rel1-x86_64-arm-none-eabi/bin/../lib/gcc/arm-none-eabi/13.3.1/thumb/nofp/libgcc.a(_udivsi3.o)
 .bss           0x0020293e        0x0 /home/name/test_kit/arm-gnu-toolchain-13.3.rel1-x86_64-arm-none-eabi/bin/../lib/gcc/arm-none-eabi/13.3.1/thumb/nofp/libgcc.a(_divsi3.o)
 .bss           0x0020293e        0x0 /home/name/test_kit/arm-gnu-toolchain-13.3.rel1-x86_64-arm-none-eabi/bin/../lib/gcc/arm-none-eabi/13.3.1/thumb/nofp/libgcc.a(_dvmd_tls.o)
 .bss           0x0020293e        0x0 /home/name/test_kit/arm-gnu-toolchain-13.3.rel1-x86_64-arm-none-eabi/bin/../lib/gcc/arm-none-eabi/13.3.1/thumb/nofp/libgcc.a(_arm_addsubdf3.o)
 .bss           0x0020293e        0x0 /home/name/test_kit/arm-gnu-toolchain-13.3.rel1-x86_64-arm-none-eabi/bin/../lib/gcc/arm-none-eabi/13.3.1/thumb/nofp/libgcc.a(_arm_fixdfsi.o)
 .bss           0x0020293e        0x0 /home/name/test_kit/arm-gnu-toolchain-13.3.rel1-x86_64-arm-none-eabi/bin/../lib/gcc/arm-none-eabi/13.3.1/thumb/nofp/libgcc.a(_aeabi_uldivmod.o)
 .bss           0x0020293e        0x0 /home/name/test_kit/arm-gnu-toolchain-13.3.rel1-x86_64-arm-none-eabi/bin/../lib/gcc/arm-none-eabi/13.3.1/thumb/nofp/libgcc.a(_udivmoddi4.o)
 .bss           0x0020293e        0x0 /home/name/test_kit/arm-gnu-toolchain-13.3.rel1-x86_64-arm-none-eabi/bin/../lib/gcc/arm-none-eabi/13.3.1/thumb/nofp/libgcc.a(_clzdi2.o)
 .bss           0x0020293e        0x0 /home/name/test_kit/arm-gnu-toolchain-13.3.rel1-x86_64-arm-none-eabi/bin/../lib/gcc/arm-none-eabi/13.3.1/thumb/nofp/libgcc.a(_clzsi2.o)
 .bss           0x0020293e        0x0 /home/name/test_kit/arm-gnu-toolchain-13.3.rel1-x86_64-arm-none-eabi/bin/../lib/gcc/arm-none-eabi/13.3.1/../../../../arm-none-eabi/lib/thumb/nofp/libc.a(libc_a-memcpy-stub.o)
 .bss           0x0020293e        0x0 /home/name/test_kit/arm-gnu-toolchain-13.3.rel1-x86_64-arm-none-eabi/bin/../lib/gcc/arm-none-eabi/13.3.1/../../../../arm-none-eabi/lib/thumb/nofp/libc.a(libc_a-strlen-stub.o)
 .bss           0x0020293e        0x0 /home/name/test_kit/arm-gnu-toolchain-13.3.rel1-x86_64-arm-none-eabi/bin/../lib/gcc/arm-none-eabi/13.3.1/../../../../arm-none-eabi/lib/thumb/nofp/libc.a(libc_a-strnlen.o)
 .bss           0x0020293e        0x0 /home/name/test_kit/arm-gnu-toolchain-13.3.rel1-x86_64-arm-none-eabi/bin/../lib/gcc/arm-none-eabi/13.3.1/../../../../arm-none-eabi/lib/thumb/nofp/libc.a(libc_a-memcmp.o)
 .bss           0x0020293e        0x0 /home/name/test_kit/arm-gnu-toolchain-13.3.rel1-x86_64-arm-none-eabi/bin/../lib/gcc/arm-none-eabi/13.3.1/../../../../arm-none-eabi/lib/thumb/nofp/libc.a(libc_a-memset.o)
 .bss           0x0020293e        0x0 /home/name/test_kit/arm-gnu-toolchain-13.3.rel1-x86_64-arm-none-eabi/bin/../lib/gcc/arm-none-eabi/13.3.1/../../../../arm-none-eabi/lib/thumb/nofp/libc.a(libc_a-ctype_.o)
 *(COMMON)
                0x00202940                        . = ALIGN (0x4)
 *fill*         0x0020293e        0x2 
                0x00202940                        __bss_end = .
                0x00202940                        __bss_end__ = .
                0x00202940                        __noinit_start = .
 *(.noinit)
 .noinit        0x00202940        0x4 Libs/RTXCutil.PROD.o
                0x00202940                current_clock
 .noinit        0x00202944      0x4a8 Objs/main.PROD.o
                0x00202dec                        __noinit_end = .

.int_data       0x00208000        0x0
 *(.internal_ram_top)
 .internal_ram_top
                0x00208000        0x0 Libs/RTXCstartup.PROD.o
                0x00208000                        ram_end = ADDR (.int_data)
OUTPUT(Objs/main.PROD.elf elf32-littlearm)
LOAD linker stubs

.reset          0x00000000        0x0
 .reset         0x00000000        0x0 Libs/RTXCstartup.PROD.o

.ARM.attributes
                0x00000000       0x26
 .ARM.attributes
                0x00000000       0x1a Libs/RTXCstartup.PROD.o
 .ARM.attributes
                0x0000001a       0x2a Libs/RTXCutil.PROD.o
 .ARM.attributes
                0x00000044       0x2a Libs/RTXCsys32.PROD.o
 .ARM.attributes
                0x0000006e       0x2a Objs/main.PROD.o
 .ARM.attributes
                0x00000098       0x2a Objs/tasks.PROD.o
 .ARM.attributes
                0x000000c2       0x2a Libs/librtxc.PROD.a(rtxcinit.PROD.o)
 .ARM.attributes
                0x000000ec       0x2a Libs/librtxc.PROD.a(rtxcapi.PROD.o)
 .ARM.attributes
                0x00000116       0x2a Libs/librtxc.PROD.a(rtxc.PROD.o)
 .ARM.attributes
                0x00000140       0x1a Libs/librtxc.PROD.a(lock.PROD.o)
 .ARM.attributes
                0x0000015a       0x2a Libs/libdrv.PROD.a(cpart.PROD.o)
 .ARM.attributes
                0x00000184       0x2a Libs/libdrv.PROD.a(cqueue.PROD.o)
 .ARM.attributes
                0x000001ae       0x2a Libs/libdrv.PROD.a(cres.PROD.o)
 .ARM.attributes
                0x000001d8       0x2a Libs/libdrv.PROD.a(csema.PROD.o)
 .ARM.attributes
                0x00000202       0x2a Libs/libdrv.PROD.a(extapi.PROD.o)
 .ARM.attributes
                0x0000022c       0x2a Libs/libdrv.PROD.a(cvtdate.PROD.o)
 .ARM.attributes
                0x00000256       0x2a Libs/libdrv.PROD.a(flashapi.PROD.o)
 .ARM.attributes
                0x00000280       0x2a Libs/libdrv.PROD.a(stdio_vsprintf.PROD.o)
 .ARM.attributes
                0x000002aa       0x2a Libs/libdrv.PROD.a(stdio_printf.PROD.o)
 .ARM.attributes
                0x000002d4       0x2a Libs/libdrv.PROD.a(stdio_puts.PROD.o)
 .ARM.attributes
                0x000002fe       0x2a Libs/libdrv.PROD.a(drv_clk.PROD.o)
 .ARM.attributes
                0x00000328       0x2a Libs/libdrv.PROD.a(drv_uart.PROD.o)
 .ARM.attributes
                0x00000352       0x2a Libs/libdrv.PROD.a(drv_can.PROD.o)
 .ARM.attributes
                0x0000037c       0x2a Libs/libdrv.PROD.a(drv_spi.PROD.o)
 .ARM.attributes
                0x000003a6       0x2a Libs/libdrv.PROD.a(drv_twi.PROD.o)
 .ARM.attributes
                0x000003d0       0x2a Libs/libdrv.PROD.a(drv_usb.PROD.o)
 .ARM.attributes
                0x000003fa       0x2a Libs/libdrv.PROD.a(drv_adc.PROD.o)
 .ARM.attributes
                0x00000424       0x2a Libs/libdrv.PROD.a(drv_dio.PROD.o)
 .ARM.attributes
                0x0000044e       0x2a Libs/libdrv.PROD.a(stdio_strtol.PROD.o)
 .ARM.attributes
                0x00000478       0x1c /home/name/test_kit/arm-gnu-toolchain-13.3.rel1-x86_64-arm-none-eabi/bin/../lib/gcc/arm-none-eabi/13.3.1/thumb/nofp/libgcc.a(_arm_muldf3.o)
 .ARM.attributes
                0x00000494       0x1c /home/name/test_kit/arm-gnu-toolchain-13.3.rel1-x86_64-arm-none-eabi/bin/../lib/gcc/arm-none-eabi/13.3.1/thumb/nofp/libgcc.a(_udivsi3.o)
 .ARM.attributes
                0x000004b0       0x1c /home/name/test_kit/arm-gnu-toolchain-13.3.rel1-x86_64-arm-none-eabi/bin/../lib/gcc/arm-none-eabi/13.3.1/thumb/nofp/libgcc.a(_divsi3.o)
 .ARM.attributes
                0x000004cc       0x1c /home/name/test_kit/arm-gnu-toolchain-13.3.rel1-x86_64-arm-none-eabi/bin/../lib/gcc/arm-none-eabi/13.3.1/thumb/nofp/libgcc.a(_dvmd_tls.o)
 .ARM.attributes
                0x000004e8       0x1c /home/name/test_kit/arm-gnu-toolchain-13.3.rel1-x86_64-arm-none-eabi/bin/../lib/gcc/arm-none-eabi/13.3.1/thumb/nofp/libgcc.a(_arm_addsubdf3.o)
 .ARM.attributes
                0x00000504       0x1c /home/name/test_kit/arm-gnu-toolchain-13.3.rel1-x86_64-arm-none-eabi/bin/../lib/gcc/arm-none-eabi/13.3.1/thumb/nofp/libgcc.a(_arm_fixdfsi.o)
 .ARM.attributes
                0x00000520       0x1c /home/name/test_kit/arm-gnu-toolchain-13.3.rel1-x86_64-arm-none-eabi/bin/../lib/gcc/arm-none-eabi/13.3.1/thumb/nofp/libgcc.a(_aeabi_uldivmod.o)
 .ARM.attributes
                0x0000053c       0x2a /home/name/test_kit/arm-gnu-toolchain-13.3.rel1-x86_64-arm-none-eabi/bin/../lib/gcc/arm-none-eabi/13.3.1/thumb/nofp/libgcc.a(_udivmoddi4.o)
 .ARM.attributes
                0x00000566       0x1c /home/name/test_kit/arm-gnu-toolchain-13.3.rel1-x86_64-arm-none-eabi/bin/../lib/gcc/arm-none-eabi/13.3.1/thumb/nofp/libgcc.a(_clzdi2.o)
 .ARM.attributes
                0x00000582       0x1c /home/name/test_kit/arm-gnu-toolchain-13.3.rel1-x86_64-arm-none-eabi/bin/../lib/gcc/arm-none-eabi/13.3.1/thumb/nofp/libgcc.a(_clzsi2.o)
 .ARM.attributes
                0x0000059e       0x2a /home/name/test_kit/arm-gnu-toolchain-13.3.rel1-x86_64-arm-none-eabi/bin/../lib/gcc/arm-none-eabi/13.3.1/../../../../arm-none-eabi/lib/thumb/nofp/libc.a(libc_a-memcpy-stub.o)
 .ARM.attributes
                0x000005c8       0x2a /home/name/test_kit/arm-gnu-toolchain-13.3.rel1-x86_64-arm-none-eabi/bin/../lib/gcc/arm-none-eabi/13.3.1/../../../../arm-none-eabi/lib/thumb/nofp/libc.a(libc_a-strlen-stub.o)
 .ARM.attributes
                0x000005f2       0x2a /home/name/test_kit/arm-gnu-toolchain-13.3.rel1-x86_64-arm-none-eabi/bin/../lib/gcc/arm-none-eabi/13.3.1/../../../../arm-none-eabi/lib/thumb/nofp/libc.a(libc_a-strnlen.o)
 .ARM.attributes
                0x0000061c       0x2a /home/name/test_kit/arm-gnu-toolchain-13.3.rel1-x86_64-arm-none-eabi/bin/../lib/gcc/arm-none-eabi/13.3.1/../../../../arm-none-eabi/lib/thumb/nofp/libc.a(libc_a-memcmp.o)
 .ARM.attributes
                0x00000646       0x2a /home/name/test_kit/arm-gnu-toolchain-13.3.rel1-x86_64-arm-none-eabi/bin/../lib/gcc/arm-none-eabi/13.3.1/../../../../arm-none-eabi/lib/thumb/nofp/libc.a(libc_a-memset.o)
 .ARM.attributes
                0x00000670       0x2a /home/name/test_kit/arm-gnu-toolchain-13.3.rel1-x86_64-arm-none-eabi/bin/../lib/gcc/arm-none-eabi/13.3.1/../../../../arm-none-eabi/lib/thumb/nofp/libc.a(libc_a-ctype_.o)

.comment        0x00000000       0x45
 .comment       0x00000000       0x45 Libs/RTXCutil.PROD.o
                                 0x46 (size before relaxing)
 .comment       0x00000045       0x46 Libs/RTXCsys32.PROD.o
 .comment       0x00000045       0x46 Objs/main.PROD.o
 .comment       0x00000045       0x46 Objs/tasks.PROD.o
 .comment       0x00000045       0x46 Libs/librtxc.PROD.a(rtxcinit.PROD.o)
 .comment       0x00000045       0x46 Libs/librtxc.PROD.a(rtxcapi.PROD.o)
 .comment       0x00000045       0x46 Libs/librtxc.PROD.a(rtxc.PROD.o)
 .comment       0x00000045       0x46 Libs/libdrv.PROD.a(cpart.PROD.o)
 .comment       0x00000045       0x46 Libs/libdrv.PROD.a(cqueue.PROD.o)
 .comment       0x00000045       0x46 Libs/libdrv.PROD.a(cres.PROD.o)
 .comment       0x00000045       0x46 Libs/libdrv.PROD.a(csema.PROD.o)
 .comment       0x00000045       0x46 Libs/libdrv.PROD.a(extapi.PROD.o)
 .comment       0x00000045       0x46 Libs/libdrv.PROD.a(cvtdate.PROD.o)
 .comment       0x00000045       0x46 Libs/libdrv.PROD.a(flashapi.PROD.o)
 .comment       0x00000045       0x46 Libs/libdrv.PROD.a(stdio_vsprintf.PROD.o)
 .comment       0x00000045       0x46 Libs/libdrv.PROD.a(stdio_printf.PROD.o)
 .comment       0x00000045       0x46 Libs/libdrv.PROD.a(stdio_puts.PROD.o)
 .comment       0x00000045       0x46 Libs/libdrv.PROD.a(drv_clk.PROD.o)
 .comment       0x00000045       0x46 Libs/libdrv.PROD.a(drv_uart.PROD.o)
 .comment       0x00000045       0x46 Libs/libdrv.PROD.a(drv_can.PROD.o)
 .comment       0x00000045       0x46 Libs/libdrv.PROD.a(drv_spi.PROD.o)
 .comment       0x00000045       0x46 Libs/libdrv.PROD.a(drv_twi.PROD.o)
 .comment       0x00000045       0x46 Libs/libdrv.PROD.a(drv_usb.PROD.o)
 .comment       0x00000045       0x46 Libs/libdrv.PROD.a(drv_adc.PROD.o)
 .comment       0x00000045       0x46 Libs/libdrv.PROD.a(drv_dio.PROD.o)
 .comment       0x00000045       0x46 Libs/libdrv.PROD.a(stdio_strtol.PROD.o)

.debug_line     0x00000000     0xd0e3
 .debug_line    0x00000000      0x113 Libs/RTXCstartup.PROD.o
 .debug_line    0x00000113      0x6fe Libs/RTXCutil.PROD.o
 .debug_line    0x00000811       0x7b Libs/RTXCsys32.PROD.o
 .debug_line    0x0000088c      0x21e Objs/main.PROD.o
 .debug_line    0x00000aaa     0x1fba Objs/tasks.PROD.o
 .debug_line    0x00002a64       0x66 Libs/librtxc.PROD.a(rtxcinit.PROD.o)
 .debug_line    0x00002aca      0xb6c Libs/librtxc.PROD.a(rtxcapi.PROD.o)
 .debug_line    0x00003636     0x2623 Libs/librtxc.PROD.a(rtxc.PROD.o)
 .debug_line    0x00005c59       0x62 Libs/librtxc.PROD.a(lock.PROD.o)
 .debug_line    0x00005cbb       0x62 Libs/libdrv.PROD.a(cpart.PROD.o)
 .debug_line    0x00005d1d       0x64 Libs/libdrv.PROD.a(cqueue.PROD.o)
 .debug_line    0x00005d81       0x60 Libs/libdrv.PROD.a(cres.PROD.o)
 .debug_line    0x00005de1       0x54 Libs/libdrv.PROD.a(csema.PROD.o)
 .debug_line    0x00005e35     0x19ba Libs/libdrv.PROD.a(extapi.PROD.o)
 .debug_line    0x000077ef      0x345 Libs/libdrv.PROD.a(cvtdate.PROD.o)
 .debug_line    0x00007b34      0x4ef Libs/libdrv.PROD.a(flashapi.PROD.o)
 .debug_line    0x00008023      0xe27 Libs/libdrv.PROD.a(stdio_vsprintf.PROD.o)
 .debug_line    0x00008e4a      0x157 Libs/libdrv.PROD.a(stdio_printf.PROD.o)
 .debug_line    0x00008fa1       0x8b Libs/libdrv.PROD.a(stdio_puts.PROD.o)
 .debug_line    0x0000902c      0x519 Libs/libdrv.PROD.a(drv_clk.PROD.o)
 .debug_line    0x00009545      0xf0a Libs/libdrv.PROD.a(drv_uart.PROD.o)
 .debug_line    0x0000a44f      0x822 Libs/libdrv.PROD.a(drv_can.PROD.o)
 .debug_line    0x0000ac71      0x35e Libs/libdrv.PROD.a(drv_spi.PROD.o)
 .debug_line    0x0000afcf      0x49c Libs/libdrv.PROD.a(drv_twi.PROD.o)
 .debug_line    0x0000b46b     0x11cb Libs/libdrv.PROD.a(drv_usb.PROD.o)
 .debug_line    0x0000c636      0x264 Libs/libdrv.PROD.a(drv_adc.PROD.o)
 .debug_line    0x0000c89a      0x65b Libs/libdrv.PROD.a(drv_dio.PROD.o)
 .debug_line    0x0000cef5      0x1ee Libs/libdrv.PROD.a(stdio_strtol.PROD.o)

.debug_line_str
                0x00000000      0x139
 .debug_line_str
                0x00000000      0x139 Libs/RTXCstartup.PROD.o
                                 0x56 (size before relaxing)
 .debug_line_str
                0x00000139       0x42 Libs/librtxc.PROD.a(lock.PROD.o)
 .debug_line_str
                0x00000139       0xbe /home/name/test_kit/arm-gnu-toolchain-13.3.rel1-x86_64-arm-none-eabi/bin/../lib/gcc/arm-none-eabi/13.3.1/thumb/nofp/libgcc.a(_arm_muldf3.o)
 .debug_line_str
                0x00000139       0xbd /home/name/test_kit/arm-gnu-toolchain-13.3.rel1-x86_64-arm-none-eabi/bin/../lib/gcc/arm-none-eabi/13.3.1/thumb/nofp/libgcc.a(_udivsi3.o)
 .debug_line_str
                0x00000139       0xbd /home/name/test_kit/arm-gnu-toolchain-13.3.rel1-x86_64-arm-none-eabi/bin/../lib/gcc/arm-none-eabi/13.3.1/thumb/nofp/libgcc.a(_divsi3.o)
 .debug_line_str
                0x00000139       0xbd /home/name/test_kit/arm-gnu-toolchain-13.3.rel1-x86_64-arm-none-eabi/bin/../lib/gcc/arm-none-eabi/13.3.1/thumb/nofp/libgcc.a(_dvmd_tls.o)
 .debug_line_str
                0x00000139       0xbe /home/name/test_kit/arm-gnu-toolchain-13.3.rel1-x86_64-arm-none-eabi/bin/../lib/gcc/arm-none-eabi/13.3.1/thumb/nofp/libgcc.a(_arm_addsubdf3.o)
 .debug_line_str
                0x00000139       0xbe /home/name/test_kit/arm-gnu-toolchain-13.3.rel1-x86_64-arm-none-eabi/bin/../lib/gcc/arm-none-eabi/13.3.1/thumb/nofp/libgcc.a(_arm_fixdfsi.o)
 .debug_line_str
                0x00000139       0xb9 /home/name/test_kit/arm-gnu-toolchain-13.3.rel1-x86_64-arm-none-eabi/bin/../lib/gcc/arm-none-eabi/13.3.1/thumb/nofp/libgcc.a(_aeabi_uldivmod.o)
 .debug_line_str
                0x00000139       0xbd /home/name/test_kit/arm-gnu-toolchain-13.3.rel1-x86_64-arm-none-eabi/bin/../lib/gcc/arm-none-eabi/13.3.1/thumb/nofp/libgcc.a(_clzdi2.o)
 .debug_line_str
                0x00000139       0xbd /home/name/test_kit/arm-gnu-toolchain-13.3.rel1-x86_64-arm-none-eabi/bin/../lib/gcc/arm-none-eabi/13.3.1/thumb/nofp/libgcc.a(_clzsi2.o)

.debug_info     0x00000000    0x140f8
 .debug_info    0x00000000       0x25 Libs/RTXCstartup.PROD.o
 .debug_info    0x00000025      0x912 Libs/RTXCutil.PROD.o
 .debug_info    0x00000937       0xc8 Libs/RTXCsys32.PROD.o
 .debug_info    0x000009ff      0xa9f Objs/main.PROD.o
 .debug_info    0x0000149e     0x258c Objs/tasks.PROD.o
 .debug_info    0x00003a2a       0x94 Libs/librtxc.PROD.a(rtxcinit.PROD.o)
 .debug_info    0x00003abe     0x190f Libs/librtxc.PROD.a(rtxcapi.PROD.o)
 .debug_info    0x000053cd     0x1ff8 Libs/librtxc.PROD.a(rtxc.PROD.o)
 .debug_info    0x000073c5       0x24 Libs/librtxc.PROD.a(lock.PROD.o)
 .debug_info    0x000073e9      0x40e Libs/libdrv.PROD.a(cpart.PROD.o)
 .debug_info    0x000077f7      0x62f Libs/libdrv.PROD.a(cqueue.PROD.o)
 .debug_info    0x00007e26      0x3c6 Libs/libdrv.PROD.a(cres.PROD.o)
 .debug_info    0x000081ec      0x1fe Libs/libdrv.PROD.a(csema.PROD.o)
 .debug_info    0x000083ea     0x2a1b Libs/libdrv.PROD.a(extapi.PROD.o)
 .debug_info    0x0000ae05      0xd36 Libs/libdrv.PROD.a(cvtdate.PROD.o)
 .debug_info    0x0000bb3b      0x6c2 Libs/libdrv.PROD.a(flashapi.PROD.o)
 .debug_info    0x0000c1fd      0x82a Libs/libdrv.PROD.a(stdio_vsprintf.PROD.o)
 .debug_info    0x0000ca27      0x182 Libs/libdrv.PROD.a(stdio_printf.PROD.o)
 .debug_info    0x0000cba9       0x9b Libs/libdrv.PROD.a(stdio_puts.PROD.o)
 .debug_info    0x0000cc44     0x1447 Libs/libdrv.PROD.a(drv_clk.PROD.o)
 .debug_info    0x0000e08b     0x14d3 Libs/libdrv.PROD.a(drv_uart.PROD.o)
 .debug_info    0x0000f55e      0xf04 Libs/libdrv.PROD.a(drv_can.PROD.o)
 .debug_info    0x00010462      0xa58 Libs/libdrv.PROD.a(drv_spi.PROD.o)
 .debug_info    0x00010eba      0xa93 Libs/libdrv.PROD.a(drv_twi.PROD.o)
 .debug_info    0x0001194d      0xff8 Libs/libdrv.PROD.a(drv_usb.PROD.o)
 .debug_info    0x00012945      0x8a6 Libs/libdrv.PROD.a(drv_adc.PROD.o)
 .debug_info    0x000131eb      0xd3c Libs/libdrv.PROD.a(drv_dio.PROD.o)
 .debug_info    0x00013f27      0x1d1 Libs/libdrv.PROD.a(stdio_strtol.PROD.o)

.debug_abbrev   0x00000000     0x3d09
 .debug_abbrev  0x00000000       0x14 Libs/RTXCstartup.PROD.o
 .debug_abbrev  0x00000014      0x1d1 Libs/RTXCutil.PROD.o
 .debug_abbrev  0x000001e5       0x95 Libs/RTXCsys32.PROD.o
 .debug_abbrev  0x0000027a      0x2ac Objs/main.PROD.o
 .debug_abbrev  0x00000526      0x3f6 Objs/tasks.PROD.o
 .debug_abbrev  0x0000091c       0x4b Libs/librtxc.PROD.a(rtxcinit.PROD.o)
 .debug_abbrev  0x00000967      0x338 Libs/librtxc.PROD.a(rtxcapi.PROD.o)
 .debug_abbrev  0x00000c9f      0x452 Libs/librtxc.PROD.a(rtxc.PROD.o)
 .debug_abbrev  0x000010f1       0x14 Libs/librtxc.PROD.a(lock.PROD.o)
 .debug_abbrev  0x00001105      0x117 Libs/libdrv.PROD.a(cpart.PROD.o)
 .debug_abbrev  0x0000121c      0x12e Libs/libdrv.PROD.a(cqueue.PROD.o)
 .debug_abbrev  0x0000134a      0x116 Libs/libdrv.PROD.a(cres.PROD.o)
 .debug_abbrev  0x00001460       0xa7 Libs/libdrv.PROD.a(csema.PROD.o)
 .debug_abbrev  0x00001507      0x4fd Libs/libdrv.PROD.a(extapi.PROD.o)
 .debug_abbrev  0x00001a04      0x211 Libs/libdrv.PROD.a(cvtdate.PROD.o)
 .debug_abbrev  0x00001c15      0x1fc Libs/libdrv.PROD.a(flashapi.PROD.o)
 .debug_abbrev  0x00001e11      0x37f Libs/libdrv.PROD.a(stdio_vsprintf.PROD.o)
 .debug_abbrev  0x00002190      0x137 Libs/libdrv.PROD.a(stdio_printf.PROD.o)
 .debug_abbrev  0x000022c7       0xa4 Libs/libdrv.PROD.a(stdio_puts.PROD.o)
 .debug_abbrev  0x0000236b      0x3ae Libs/libdrv.PROD.a(drv_clk.PROD.o)
 .debug_abbrev  0x00002719      0x446 Libs/libdrv.PROD.a(drv_uart.PROD.o)
 .debug_abbrev  0x00002b5f      0x38f Libs/libdrv.PROD.a(drv_can.PROD.o)
 .debug_abbrev  0x00002eee      0x2e8 Libs/libdrv.PROD.a(drv_spi.PROD.o)
 .debug_abbrev  0x000031d6      0x278 Libs/libdrv.PROD.a(drv_twi.PROD.o)
 .debug_abbrev  0x0000344e      0x42a Libs/libdrv.PROD.a(drv_usb.PROD.o)
 .debug_abbrev  0x00003878      0x18d Libs/libdrv.PROD.a(drv_adc.PROD.o)
 .debug_abbrev  0x00003a05      0x1fd Libs/libdrv.PROD.a(drv_dio.PROD.o)
 .debug_abbrev  0x00003c02      0x107 Libs/libdrv.PROD.a(stdio_strtol.PROD.o)

.debug_aranges  0x00000000      0x360
 .debug_aranges
                0x00000000       0x20 Libs/RTXCstartup.PROD.o
 .debug_aranges
                0x00000020       0x20 Libs/RTXCutil.PROD.o
 .debug_aranges
                0x00000040       0x20 Libs/RTXCsys32.PROD.o
 .debug_aranges
                0x00000060       0x20 Objs/main.PROD.o
 .debug_aranges
                0x00000080       0x20 Objs/tasks.PROD.o
 .debug_aranges
                0x000000a0       0x20 Libs/librtxc.PROD.a(rtxcinit.PROD.o)
 .debug_aranges
                0x000000c0       0x20 Libs/librtxc.PROD.a(rtxcapi.PROD.o)
 .debug_aranges
                0x000000e0       0x20 Libs/librtxc.PROD.a(rtxc.PROD.o)
 .debug_aranges
                0x00000100       0x20 Libs/librtxc.PROD.a(lock.PROD.o)
 .debug_aranges
                0x00000120       0x18 Libs/libdrv.PROD.a(cpart.PROD.o)
 .debug_aranges
                0x00000138       0x18 Libs/libdrv.PROD.a(cqueue.PROD.o)
 .debug_aranges
                0x00000150       0x18 Libs/libdrv.PROD.a(cres.PROD.o)
 .debug_aranges
                0x00000168       0x18 Libs/libdrv.PROD.a(csema.PROD.o)
 .debug_aranges
                0x00000180       0x20 Libs/libdrv.PROD.a(extapi.PROD.o)
 .debug_aranges
                0x000001a0       0x20 Libs/libdrv.PROD.a(cvtdate.PROD.o)
 .debug_aranges
                0x000001c0       0x20 Libs/libdrv.PROD.a(flashapi.PROD.o)
 .debug_aranges
                0x000001e0       0x20 Libs/libdrv.PROD.a(stdio_vsprintf.PROD.o)
 .debug_aranges
                0x00000200       0x20 Libs/libdrv.PROD.a(stdio_printf.PROD.o)
 .debug_aranges
                0x00000220       0x20 Libs/libdrv.PROD.a(stdio_puts.PROD.o)
 .debug_aranges
                0x00000240       0x20 Libs/libdrv.PROD.a(drv_clk.PROD.o)
 .debug_aranges
                0x00000260       0x20 Libs/libdrv.PROD.a(drv_uart.PROD.o)
 .debug_aranges
                0x00000280       0x20 Libs/libdrv.PROD.a(drv_can.PROD.o)
 .debug_aranges
                0x000002a0       0x20 Libs/libdrv.PROD.a(drv_spi.PROD.o)
 .debug_aranges
                0x000002c0       0x20 Libs/libdrv.PROD.a(drv_twi.PROD.o)
 .debug_aranges
                0x000002e0       0x20 Libs/libdrv.PROD.a(drv_usb.PROD.o)
 .debug_aranges
                0x00000300       0x20 Libs/libdrv.PROD.a(drv_adc.PROD.o)
 .debug_aranges
                0x00000320       0x20 Libs/libdrv.PROD.a(drv_dio.PROD.o)
 .debug_aranges
                0x00000340       0x20 Libs/libdrv.PROD.a(stdio_strtol.PROD.o)

.debug_str      0x00000000     0x2d58
 .debug_str     0x00000000     0x2d58 Libs/RTXCstartup.PROD.o
                                 0x64 (size before relaxing)
 .debug_str     0x00002d58      0x6e4 Libs/RTXCutil.PROD.o
 .debug_str     0x00002d58      0x17d Libs/RTXCsys32.PROD.o
 .debug_str     0x00002d58      0x683 Objs/main.PROD.o
 .debug_str     0x00002d58      0x84d Objs/tasks.PROD.o
 .debug_str     0x00002d58      0x105 Libs/librtxc.PROD.a(rtxcinit.PROD.o)
 .debug_str     0x00002d58      0x936 Libs/librtxc.PROD.a(rtxcapi.PROD.o)
 .debug_str     0x00002d58      0x99e Libs/librtxc.PROD.a(rtxc.PROD.o)
 .debug_str     0x00002d58       0x50 Libs/librtxc.PROD.a(lock.PROD.o)
 .debug_str     0x00002d58      0x270 Libs/libdrv.PROD.a(cpart.PROD.o)
 .debug_str     0x00002d58      0x3af Libs/libdrv.PROD.a(cqueue.PROD.o)
 .debug_str     0x00002d58      0x2dd Libs/libdrv.PROD.a(cres.PROD.o)
 .debug_str     0x00002d58      0x29b Libs/libdrv.PROD.a(csema.PROD.o)
 .debug_str     0x00002d58      0xb24 Libs/libdrv.PROD.a(extapi.PROD.o)
 .debug_str     0x00002d58      0x932 Libs/libdrv.PROD.a(cvtdate.PROD.o)
 .debug_str     0x00002d58      0x3a2 Libs/libdrv.PROD.a(flashapi.PROD.o)
 .debug_str     0x00002d58      0x29d Libs/libdrv.PROD.a(stdio_vsprintf.PROD.o)
 .debug_str     0x00002d58      0x1a9 Libs/libdrv.PROD.a(stdio_printf.PROD.o)
 .debug_str     0x00002d58       0xd9 Libs/libdrv.PROD.a(stdio_puts.PROD.o)
 .debug_str     0x00002d58      0xc98 Libs/libdrv.PROD.a(drv_clk.PROD.o)
 .debug_str     0x00002d58      0x96d Libs/libdrv.PROD.a(drv_uart.PROD.o)
 .debug_str     0x00002d58      0x7c6 Libs/libdrv.PROD.a(drv_can.PROD.o)
 .debug_str     0x00002d58      0x752 Libs/libdrv.PROD.a(drv_spi.PROD.o)
 .debug_str     0x00002d58      0x703 Libs/libdrv.PROD.a(drv_twi.PROD.o)
 .debug_str     0x00002d58      0x79c Libs/libdrv.PROD.a(drv_usb.PROD.o)
 .debug_str     0x00002d58      0x6e0 Libs/libdrv.PROD.a(drv_adc.PROD.o)
 .debug_str     0x00002d58      0x573 Libs/libdrv.PROD.a(drv_dio.PROD.o)
 .debug_str     0x00002d58      0x19a Libs/libdrv.PROD.a(stdio_strtol.PROD.o)

.debug_loclists
                0x00000000     0x88e5
 .debug_loclists
                0x00000000      0x1bf Libs/RTXCutil.PROD.o
 .debug_loclists
                0x000001bf       0x5f Objs/main.PROD.o
 .debug_loclists
                0x0000021e     0x1999 Objs/tasks.PROD.o
 .debug_loclists
                0x00001bb7      0x49f Libs/librtxc.PROD.a(rtxcapi.PROD.o)
 .debug_loclists
                0x00002056     0x168a Libs/librtxc.PROD.a(rtxc.PROD.o)
 .debug_loclists
                0x000036e0     0x18c1 Libs/libdrv.PROD.a(extapi.PROD.o)
 .debug_loclists
                0x00004fa1      0x1b2 Libs/libdrv.PROD.a(cvtdate.PROD.o)
 .debug_loclists
                0x00005153      0x2ab Libs/libdrv.PROD.a(flashapi.PROD.o)
 .debug_loclists
                0x000053fe     0x10ad Libs/libdrv.PROD.a(stdio_vsprintf.PROD.o)
 .debug_loclists
                0x000064ab       0x24 Libs/libdrv.PROD.a(stdio_printf.PROD.o)
 .debug_loclists
                0x000064cf       0x2b Libs/libdrv.PROD.a(stdio_puts.PROD.o)
 .debug_loclists
                0x000064fa      0x280 Libs/libdrv.PROD.a(drv_clk.PROD.o)
 .debug_loclists
                0x0000677a      0xa1f Libs/libdrv.PROD.a(drv_uart.PROD.o)
 .debug_loclists
                0x00007199      0x7ee Libs/libdrv.PROD.a(drv_can.PROD.o)
 .debug_loclists
                0x00007987      0x12b Libs/libdrv.PROD.a(drv_spi.PROD.o)
 .debug_loclists
                0x00007ab2      0x2b7 Libs/libdrv.PROD.a(drv_twi.PROD.o)
 .debug_loclists
                0x00007d69      0x6e7 Libs/libdrv.PROD.a(drv_usb.PROD.o)
 .debug_loclists
                0x00008450       0xa2 Libs/libdrv.PROD.a(drv_adc.PROD.o)
 .debug_loclists
                0x000084f2      0x21e Libs/libdrv.PROD.a(drv_dio.PROD.o)
 .debug_loclists
                0x00008710      0x1d5 Libs/libdrv.PROD.a(stdio_strtol.PROD.o)

.debug_frame    0x00000000     0x1978
 .debug_frame   0x00000000       0x6c Libs/RTXCutil.PROD.o
 .debug_frame   0x0000006c       0x20 Libs/RTXCsys32.PROD.o
 .debug_frame   0x0000008c       0x60 Objs/main.PROD.o
 .debug_frame   0x000000ec       0xd8 Objs/tasks.PROD.o
 .debug_frame   0x000001c4       0x28 Libs/librtxc.PROD.a(rtxcinit.PROD.o)
 .debug_frame   0x000001ec      0x450 Libs/librtxc.PROD.a(rtxcapi.PROD.o)
 .debug_frame   0x0000063c      0x1e4 Libs/librtxc.PROD.a(rtxc.PROD.o)
 .debug_frame   0x00000820      0x524 Libs/libdrv.PROD.a(extapi.PROD.o)
 .debug_frame   0x00000d44       0xac Libs/libdrv.PROD.a(cvtdate.PROD.o)
 .debug_frame   0x00000df0       0xd4 Libs/libdrv.PROD.a(flashapi.PROD.o)
 .debug_frame   0x00000ec4      0x104 Libs/libdrv.PROD.a(stdio_vsprintf.PROD.o)
 .debug_frame   0x00000fc8       0x30 Libs/libdrv.PROD.a(stdio_printf.PROD.o)
 .debug_frame   0x00000ff8       0x28 Libs/libdrv.PROD.a(stdio_puts.PROD.o)
 .debug_frame   0x00001020      0x104 Libs/libdrv.PROD.a(drv_clk.PROD.o)
 .debug_frame   0x00001124      0x118 Libs/libdrv.PROD.a(drv_uart.PROD.o)
 .debug_frame   0x0000123c      0x110 Libs/libdrv.PROD.a(drv_can.PROD.o)
 .debug_frame   0x0000134c       0x80 Libs/libdrv.PROD.a(drv_spi.PROD.o)
 .debug_frame   0x000013cc       0xa0 Libs/libdrv.PROD.a(drv_twi.PROD.o)
 .debug_frame   0x0000146c      0x110 Libs/libdrv.PROD.a(drv_usb.PROD.o)
 .debug_frame   0x0000157c       0x5c Libs/libdrv.PROD.a(drv_adc.PROD.o)
 .debug_frame   0x000015d8       0xb0 Libs/libdrv.PROD.a(drv_dio.PROD.o)
 .debug_frame   0x00001688       0x4c Libs/libdrv.PROD.a(stdio_strtol.PROD.o)
 .debug_frame   0x000016d4       0x30 /home/name/test_kit/arm-gnu-toolchain-13.3.rel1-x86_64-arm-none-eabi/bin/../lib/gcc/arm-none-eabi/13.3.1/thumb/nofp/libgcc.a(_arm_muldf3.o)
 .debug_frame   0x00001704       0x20 /home/name/test_kit/arm-gnu-toolchain-13.3.rel1-x86_64-arm-none-eabi/bin/../lib/gcc/arm-none-eabi/13.3.1/thumb/nofp/libgcc.a(_udivsi3.o)
 .debug_frame   0x00001724       0x20 /home/name/test_kit/arm-gnu-toolchain-13.3.rel1-x86_64-arm-none-eabi/bin/../lib/gcc/arm-none-eabi/13.3.1/thumb/nofp/libgcc.a(_divsi3.o)
 .debug_frame   0x00001744       0xac /home/name/test_kit/arm-gnu-toolchain-13.3.rel1-x86_64-arm-none-eabi/bin/../lib/gcc/arm-none-eabi/13.3.1/thumb/nofp/libgcc.a(_arm_addsubdf3.o)
 .debug_frame   0x000017f0       0x24 /home/name/test_kit/arm-gnu-toolchain-13.3.rel1-x86_64-arm-none-eabi/bin/../lib/gcc/arm-none-eabi/13.3.1/thumb/nofp/libgcc.a(_arm_fixdfsi.o)
 .debug_frame   0x00001814       0x2c /home/name/test_kit/arm-gnu-toolchain-13.3.rel1-x86_64-arm-none-eabi/bin/../lib/gcc/arm-none-eabi/13.3.1/thumb/nofp/libgcc.a(_aeabi_uldivmod.o)
 .debug_frame   0x00001840       0x3c /home/name/test_kit/arm-gnu-toolchain-13.3.rel1-x86_64-arm-none-eabi/bin/../lib/gcc/arm-none-eabi/13.3.1/thumb/nofp/libgcc.a(_udivmoddi4.o)
 .debug_frame   0x0000187c       0x30 /home/name/test_kit/arm-gnu-toolchain-13.3.rel1-x86_64-arm-none-eabi/bin/../lib/gcc/arm-none-eabi/13.3.1/../../../../arm-none-eabi/lib/thumb/nofp/libc.a(libc_a-memcpy-stub.o)
 .debug_frame   0x000018ac       0x28 /home/name/test_kit/arm-gnu-toolchain-13.3.rel1-x86_64-arm-none-eabi/bin/../lib/gcc/arm-none-eabi/13.3.1/../../../../arm-none-eabi/lib/thumb/nofp/libc.a(libc_a-strlen-stub.o)
 .debug_frame   0x000018d4       0x28 /home/name/test_kit/arm-gnu-toolchain-13.3.rel1-x86_64-arm-none-eabi/bin/../lib/gcc/arm-none-eabi/13.3.1/../../../../arm-none-eabi/lib/thumb/nofp/libc.a(libc_a-strnlen.o)
 .debug_frame   0x000018fc       0x2c /home/name/test_kit/arm-gnu-toolchain-13.3.rel1-x86_64-arm-none-eabi/bin/../lib/gcc/arm-none-eabi/13.3.1/../../../../arm-none-eabi/lib/thumb/nofp/libc.a(libc_a-memcmp.o)
 .debug_frame   0x00001928       0x30 /home/name/test_kit/arm-gnu-toolchain-13.3.rel1-x86_64-arm-none-eabi/bin/../lib/gcc/arm-none-eabi/13.3.1/../../../../arm-none-eabi/lib/thumb/nofp/libc.a(libc_a-memset.o)
 .debug_frame   0x00001958       0x20 /home/name/test_kit/arm-gnu-toolchain-13.3.rel1-x86_64-arm-none-eabi/bin/../lib/gcc/arm-none-eabi/13.3.1/../../../../arm-none-eabi/lib/thumb/nofp/libc.a(libc_a-ctype_.o)

.debug_rnglists
                0x00000000      0x59e
 .debug_rnglists
                0x00000000       0x16 Objs/main.PROD.o
 .debug_rnglists
                0x00000016      0x220 Objs/tasks.PROD.o
 .debug_rnglists
                0x00000236       0xe0 Libs/librtxc.PROD.a(rtxc.PROD.o)
 .debug_rnglists
                0x00000316      0x11c Libs/libdrv.PROD.a(extapi.PROD.o)
 .debug_rnglists
                0x00000432       0x56 Libs/libdrv.PROD.a(stdio_vsprintf.PROD.o)
 .debug_rnglists
                0x00000488       0x36 Libs/libdrv.PROD.a(drv_clk.PROD.o)
 .debug_rnglists
                0x000004be       0x61 Libs/libdrv.PROD.a(drv_can.PROD.o)
 .debug_rnglists
                0x0000051f       0x69 Libs/libdrv.PROD.a(drv_usb.PROD.o)
 .debug_rnglists
                0x00000588       0x16 Libs/libdrv.PROD.a(stdio_strtol.PROD.o)

Cross Reference Table

Symbol                                            File
ADC_read                                          Libs/libdrv.PROD.a(drv_adc.PROD.o)
                                                  Objs/tasks.PROD.o
ADcoeff                                           Libs/libdrv.PROD.a(drv_adc.PROD.o)
AT91F_AIC_Configure                               Libs/libdrv.PROD.a(drv_clk.PROD.o)
                                                  Libs/libdrv.PROD.a(drv_usb.PROD.o)
                                                  Libs/libdrv.PROD.a(drv_twi.PROD.o)
                                                  Libs/libdrv.PROD.a(drv_spi.PROD.o)
                                                  Libs/libdrv.PROD.a(drv_can.PROD.o)
                                                  Libs/libdrv.PROD.a(drv_uart.PROD.o)
AT91F_CLOCKinit                                   Libs/RTXCutil.PROD.o
                                                  Objs/main.PROD.o
                                                  Libs/RTXCstartup.PROD.o
AT91F_Default_FIQ_handler                         Libs/RTXCstartup.PROD.o
                                                  Libs/libdrv.PROD.a(drv_clk.PROD.o)
AT91F_Default_IRQ_handler                         Libs/RTXCstartup.PROD.o
                                                  Libs/libdrv.PROD.a(drv_clk.PROD.o)
AT91F_Spurious_handler                            Libs/RTXCstartup.PROD.o
                                                  Libs/libdrv.PROD.a(drv_clk.PROD.o)
AT91F_WATCHDOGinit                                Libs/RTXCsys32.PROD.o
                                                  Libs/RTXCstartup.PROD.o
CAN_configure                                     Libs/libdrv.PROD.a(drv_can.PROD.o)
                                                  Objs/tasks.PROD.o
CAN_read                                          Libs/libdrv.PROD.a(drv_can.PROD.o)
                                                  Objs/tasks.PROD.o
CAN_speed                                         Libs/libdrv.PROD.a(drv_can.PROD.o)
                                                  Objs/tasks.PROD.o
CAN_status                                        Libs/libdrv.PROD.a(drv_can.PROD.o)
                                                  Objs/tasks.PROD.o
CAN_write                                         Libs/libdrv.PROD.a(drv_can.PROD.o)
                                                  Objs/tasks.PROD.o
CanCurrTimer                                      Objs/tasks.PROD.o
CanLenMsg                                         Objs/tasks.PROD.o
CanMsg                                            Objs/tasks.PROD.o
CanStatus                                         Libs/libdrv.PROD.a(drv_can.PROD.o)
                                                  Objs/tasks.PROD.o
CanTimer                                          Objs/tasks.PROD.o
CheckPointer                                      Libs/libdrv.PROD.a(extapi.PROD.o)
CodeUpgrade                                       Libs/RTXCstartup.PROD.o
                                                  Libs/libdrv.PROD.a(extapi.PROD.o)
EKS_AgreeShutdown                                 Libs/libdrv.PROD.a(extapi.PROD.o)
                                                  Objs/tasks.PROD.o
EKS_AskShutdown                                   Libs/libdrv.PROD.a(extapi.PROD.o)
                                                  Objs/tasks.PROD.o
EKS_EnqShutdown                                   Libs/libdrv.PROD.a(extapi.PROD.o)
EKS_FlashCheckSum                                 Libs/libdrv.PROD.a(extapi.PROD.o)
EKS_GetHHMM                                       Libs/libdrv.PROD.a(extapi.PROD.o)
EKS_GetSetup                                      Libs/libdrv.PROD.a(extapi.PROD.o)
                                                  Objs/tasks.PROD.o
EKS_LCK_FlashErase                                Libs/libdrv.PROD.a(extapi.PROD.o)
EKS_LCK_FlashRead                                 Libs/libdrv.PROD.a(extapi.PROD.o)
EKS_LCK_FlashWrite                                Libs/libdrv.PROD.a(extapi.PROD.o)
EKS_NewSetup                                      Libs/libdrv.PROD.a(extapi.PROD.o)
EKS_ParClear                                      Libs/libdrv.PROD.a(extapi.PROD.o)
EKS_ParRead                                       Libs/libdrv.PROD.a(extapi.PROD.o)
EKS_ParReadLong                                   Libs/libdrv.PROD.a(extapi.PROD.o)
EKS_ParReadShort                                  Libs/libdrv.PROD.a(extapi.PROD.o)
EKS_ParSize                                       Libs/libdrv.PROD.a(extapi.PROD.o)
EKS_ParWrite                                      Libs/libdrv.PROD.a(extapi.PROD.o)
EKS_ParWriteLong                                  Libs/libdrv.PROD.a(extapi.PROD.o)
EKS_ParWriteShort                                 Libs/libdrv.PROD.a(extapi.PROD.o)
EKS_Pkt2BufComp                                   Libs/libdrv.PROD.a(extapi.PROD.o)
EKS_PktBufAccTime                                 Libs/libdrv.PROD.a(extapi.PROD.o)
EKS_PktBufAdd                                     Libs/libdrv.PROD.a(extapi.PROD.o)
EKS_PktBufAddString                               Libs/libdrv.PROD.a(extapi.PROD.o)
EKS_PktBufCat                                     Libs/libdrv.PROD.a(extapi.PROD.o)
EKS_PktBufComp                                    Libs/libdrv.PROD.a(extapi.PROD.o)
EKS_PktBufComprexTime                             Libs/libdrv.PROD.a(extapi.PROD.o)
EKS_PktBufCopy                                    Libs/libdrv.PROD.a(extapi.PROD.o)
EKS_PktBufDuplicate                               Libs/libdrv.PROD.a(extapi.PROD.o)
EKS_PktBufFromTime                                Libs/libdrv.PROD.a(extapi.PROD.o)
EKS_PktBufLength                                  Libs/libdrv.PROD.a(extapi.PROD.o)
EKS_PktBufMyTime                                  Libs/libdrv.PROD.a(extapi.PROD.o)
EKS_PktBufPullup                                  Libs/libdrv.PROD.a(extapi.PROD.o)
EKS_PktBufRelease                                 Libs/libdrv.PROD.a(extapi.PROD.o)
EKS_RamCheckSum                                   Libs/libdrv.PROD.a(extapi.PROD.o)
EKS_RamFill                                       Libs/libdrv.PROD.a(extapi.PROD.o)
                                                  Objs/tasks.PROD.o
EKS_RamRead                                       Libs/libdrv.PROD.a(extapi.PROD.o)
EKS_RamWrite                                      Libs/libdrv.PROD.a(extapi.PROD.o)
                                                  Objs/tasks.PROD.o
EKS_VirtualRAM_Read                               Libs/libdrv.PROD.a(extapi.PROD.o)
EKS_VirtualRAM_Write                              Libs/libdrv.PROD.a(extapi.PROD.o)
EKS_init                                          Libs/libdrv.PROD.a(extapi.PROD.o)
                                                  Objs/main.PROD.o
GetHexValue                                       Objs/tasks.PROD.o
GlobCurrTimer                                     Objs/tasks.PROD.o
GlobTimer                                         Objs/tasks.PROD.o
Global_IRQ_STACK_SIZE                             Libs/RTXCstartup.PROD.o
Global_KERNEL_TOP                                 Libs/RTXCstartup.PROD.o
Global_RAM_TOP                                    Libs/RTXCstartup.PROD.o
Global_STACK_FILLER                               Libs/RTXCstartup.PROD.o
                                                  Libs/librtxc.PROD.a(rtxc.PROD.o)
Global_SVC_STACK_SIZE                             Libs/RTXCstartup.PROD.o
Global_SYSKERNEL_STACK_SIZE                       Libs/RTXCstartup.PROD.o
HandleCanRead                                     Objs/tasks.PROD.o
HandleSrecord                                     Objs/tasks.PROD.o
IRQ_Handler_Entry                                 Libs/RTXCstartup.PROD.o
KS_ISRalloc                                       Libs/librtxc.PROD.a(rtxc.PROD.o)
KS_ISRexit                                        Libs/librtxc.PROD.a(rtxc.PROD.o)
                                                  Libs/libdrv.PROD.a(drv_usb.PROD.o)
                                                  Libs/libdrv.PROD.a(drv_twi.PROD.o)
                                                  Libs/libdrv.PROD.a(drv_spi.PROD.o)
                                                  Libs/libdrv.PROD.a(drv_can.PROD.o)
                                                  Libs/libdrv.PROD.a(drv_uart.PROD.o)
                                                  Libs/libdrv.PROD.a(drv_clk.PROD.o)
KS_ISRsignal                                      Libs/librtxc.PROD.a(rtxc.PROD.o)
                                                  Libs/libdrv.PROD.a(drv_uart.PROD.o)
KS_ISRtick                                        Libs/librtxc.PROD.a(rtxc.PROD.o)
                                                  Libs/libdrv.PROD.a(drv_clk.PROD.o)
KS_alloc                                          Libs/librtxc.PROD.a(rtxcapi.PROD.o)
                                                  Libs/libdrv.PROD.a(extapi.PROD.o)
KS_alloct                                         Libs/librtxc.PROD.a(rtxcapi.PROD.o)
KS_allocw                                         Libs/librtxc.PROD.a(rtxcapi.PROD.o)
KS_block                                          Libs/librtxc.PROD.a(rtxcapi.PROD.o)
KS_defpriority                                    Libs/librtxc.PROD.a(rtxcapi.PROD.o)
KS_defqsema                                       Libs/librtxc.PROD.a(rtxcapi.PROD.o)
                                                  Libs/libdrv.PROD.a(drv_usb.PROD.o)
                                                  Libs/libdrv.PROD.a(drv_uart.PROD.o)
                                                  Objs/tasks.PROD.o
KS_defqueue                                       Libs/librtxc.PROD.a(rtxcapi.PROD.o)
KS_defres                                         Libs/librtxc.PROD.a(rtxcapi.PROD.o)
KS_defslice                                       Libs/librtxc.PROD.a(rtxcapi.PROD.o)
                                                  Objs/main.PROD.o
KS_deftime                                        Libs/libdrv.PROD.a(drv_clk.PROD.o)
KS_delay                                          Libs/librtxc.PROD.a(rtxcapi.PROD.o)
                                                  Libs/libdrv.PROD.a(drv_usb.PROD.o)
                                                  Libs/libdrv.PROD.a(extapi.PROD.o)
                                                  Objs/tasks.PROD.o
KS_dequeue                                        Libs/librtxc.PROD.a(rtxcapi.PROD.o)
                                                  Libs/libdrv.PROD.a(drv_usb.PROD.o)
                                                  Libs/libdrv.PROD.a(drv_uart.PROD.o)
                                                  Objs/tasks.PROD.o
KS_dequeuet                                       Libs/librtxc.PROD.a(rtxcapi.PROD.o)
KS_dequeuew                                       Libs/librtxc.PROD.a(rtxcapi.PROD.o)
                                                  Objs/main.PROD.o
KS_elapse                                         Libs/librtxc.PROD.a(rtxcapi.PROD.o)
KS_enqueue                                        Libs/librtxc.PROD.a(rtxcapi.PROD.o)
                                                  Libs/libdrv.PROD.a(drv_uart.PROD.o)
KS_enqueuet                                       Libs/librtxc.PROD.a(rtxcapi.PROD.o)
                                                  Libs/libdrv.PROD.a(drv_usb.PROD.o)
KS_enqueuew                                       Libs/librtxc.PROD.a(rtxcapi.PROD.o)
                                                  Libs/libdrv.PROD.a(extapi.PROD.o)
                                                  Objs/tasks.PROD.o
                                                  Objs/main.PROD.o
KS_execute                                        Libs/librtxc.PROD.a(rtxcapi.PROD.o)
                                                  Objs/main.PROD.o
KS_free                                           Libs/librtxc.PROD.a(rtxcapi.PROD.o)
                                                  Libs/libdrv.PROD.a(extapi.PROD.o)
KS_inqmap                                         Libs/librtxc.PROD.a(rtxcapi.PROD.o)
                                                  Libs/libdrv.PROD.a(extapi.PROD.o)
KS_inqpriority                                    Libs/librtxc.PROD.a(rtxcapi.PROD.o)
KS_inqqueue                                       Libs/librtxc.PROD.a(rtxcapi.PROD.o)
KS_inqres                                         Libs/librtxc.PROD.a(rtxcapi.PROD.o)
KS_inqsema                                        Libs/librtxc.PROD.a(rtxcapi.PROD.o)
KS_inqslice                                       Libs/librtxc.PROD.a(rtxcapi.PROD.o)
KS_inqtask                                        Libs/librtxc.PROD.a(rtxcapi.PROD.o)
KS_inqtime                                        Libs/libdrv.PROD.a(drv_clk.PROD.o)
                                                  Libs/libdrv.PROD.a(extapi.PROD.o)
KS_inqtimer                                       Libs/librtxc.PROD.a(rtxcapi.PROD.o)
KS_lock                                           Libs/librtxc.PROD.a(rtxcapi.PROD.o)
KS_lockt                                          Libs/librtxc.PROD.a(rtxcapi.PROD.o)
KS_lockw                                          Libs/librtxc.PROD.a(rtxcapi.PROD.o)
                                                  Libs/libdrv.PROD.a(drv_dio.PROD.o)
                                                  Libs/libdrv.PROD.a(extapi.PROD.o)
KS_nop                                            Libs/librtxc.PROD.a(rtxcapi.PROD.o)
KS_pend                                           Libs/librtxc.PROD.a(rtxcapi.PROD.o)
KS_pendm                                          Libs/librtxc.PROD.a(rtxcapi.PROD.o)
KS_purgequeue                                     Libs/librtxc.PROD.a(rtxcapi.PROD.o)
KS_restart_timer                                  Libs/librtxc.PROD.a(rtxcapi.PROD.o)
KS_resume                                         Libs/librtxc.PROD.a(rtxcapi.PROD.o)
KS_signal                                         Libs/librtxc.PROD.a(rtxcapi.PROD.o)
                                                  Objs/tasks.PROD.o
KS_signalm                                        Libs/librtxc.PROD.a(rtxcapi.PROD.o)
KS_start_timer                                    Libs/librtxc.PROD.a(rtxcapi.PROD.o)
                                                  Objs/tasks.PROD.o
KS_stop_timer                                     Libs/librtxc.PROD.a(rtxcapi.PROD.o)
KS_suspend                                        Libs/librtxc.PROD.a(rtxcapi.PROD.o)
KS_terminate                                      Libs/librtxc.PROD.a(rtxcapi.PROD.o)
                                                  Objs/tasks.PROD.o
KS_unblock                                        Libs/librtxc.PROD.a(rtxcapi.PROD.o)
                                                  Objs/main.PROD.o
KS_unlock                                         Libs/librtxc.PROD.a(rtxcapi.PROD.o)
                                                  Libs/libdrv.PROD.a(drv_dio.PROD.o)
                                                  Libs/libdrv.PROD.a(extapi.PROD.o)
KS_user                                           Libs/librtxc.PROD.a(rtxcapi.PROD.o)
                                                  Libs/libdrv.PROD.a(stdio_vsprintf.PROD.o)
KS_version                                        Libs/librtxc.PROD.a(rtxcapi.PROD.o)
KS_wait                                           Libs/librtxc.PROD.a(rtxcapi.PROD.o)
KS_waitm                                          Libs/librtxc.PROD.a(rtxcapi.PROD.o)
                                                  Libs/libdrv.PROD.a(drv_usb.PROD.o)
                                                  Libs/libdrv.PROD.a(drv_uart.PROD.o)
                                                  Objs/tasks.PROD.o
KS_waitt                                          Libs/librtxc.PROD.a(rtxcapi.PROD.o)
                                                  Libs/libdrv.PROD.a(drv_twi.PROD.o)
                                                  Libs/libdrv.PROD.a(drv_spi.PROD.o)
KS_yield                                          Libs/librtxc.PROD.a(rtxcapi.PROD.o)
LowLevelInit                                      Libs/libdrv.PROD.a(drv_clk.PROD.o)
                                                  Objs/main.PROD.o
ParseBuffer                                       Objs/tasks.PROD.o
ProgramCopy                                       Libs/RTXCutil.PROD.o
                                                  Libs/RTXCstartup.PROD.o
ProgramCopyEnd                                    Libs/RTXCutil.PROD.o
                                                  Libs/RTXCstartup.PROD.o
RTC_ReadStatus                                    Libs/libdrv.PROD.a(cvtdate.PROD.o)
RTC_ReadTime_t                                    Libs/libdrv.PROD.a(cvtdate.PROD.o)
RTC_WriteAlarm_t                                  Libs/libdrv.PROD.a(cvtdate.PROD.o)
RTC_WriteTime_t                                   Libs/libdrv.PROD.a(cvtdate.PROD.o)
                                                  Libs/libdrv.PROD.a(drv_clk.PROD.o)
SPI_FlashErase                                    Libs/libdrv.PROD.a(flashapi.PROD.o)
                                                  Libs/libdrv.PROD.a(extapi.PROD.o)
SPI_FlashQuery                                    Libs/libdrv.PROD.a(flashapi.PROD.o)
SPI_FlashRead                                     Libs/libdrv.PROD.a(flashapi.PROD.o)
                                                  Libs/libdrv.PROD.a(extapi.PROD.o)
SPI_FlashWaitForEnd                               Libs/libdrv.PROD.a(flashapi.PROD.o)
SPI_FlashWrite                                    Libs/libdrv.PROD.a(flashapi.PROD.o)
                                                  Libs/libdrv.PROD.a(extapi.PROD.o)
SPI_rtx2                                          Libs/libdrv.PROD.a(drv_spi.PROD.o)
                                                  Libs/libdrv.PROD.a(flashapi.PROD.o)
SWI_Handler_Entry                                 Libs/RTXCstartup.PROD.o
Set_LedBlinker                                    Libs/libdrv.PROD.a(drv_clk.PROD.o)
                                                  Objs/tasks.PROD.o
TWI_receive                                       Libs/libdrv.PROD.a(drv_twi.PROD.o)
TWI_send                                          Libs/libdrv.PROD.a(drv_twi.PROD.o)
                                                  Libs/libdrv.PROD.a(drv_dio.PROD.o)
TWI_txrx                                          Libs/libdrv.PROD.a(drv_twi.PROD.o)
                                                  Libs/libdrv.PROD.a(drv_dio.PROD.o)
Top_Stack                                         Libs/RTXCstartup.PROD.o
USB_Receive                                       Libs/libdrv.PROD.a(drv_usb.PROD.o)
USB_RxData                                        Libs/libdrv.PROD.a(drv_usb.PROD.o)
USB_RxSetup                                       Libs/libdrv.PROD.a(drv_usb.PROD.o)
USB_SendData                                      Libs/libdrv.PROD.a(drv_usb.PROD.o)
USB_SendNextData                                  Libs/libdrv.PROD.a(drv_usb.PROD.o)
USB_SendStall                                     Libs/libdrv.PROD.a(drv_usb.PROD.o)
USB_SendZlp                                       Libs/libdrv.PROD.a(drv_usb.PROD.o)
USB_Transmit                                      Libs/libdrv.PROD.a(drv_usb.PROD.o)
__adddf3                                          /home/name/test_kit/arm-gnu-toolchain-13.3.rel1-x86_64-arm-none-eabi/bin/../lib/gcc/arm-none-eabi/13.3.1/thumb/nofp/libgcc.a(_arm_addsubdf3.o)
__aeabi_d2iz                                      /home/name/test_kit/arm-gnu-toolchain-13.3.rel1-x86_64-arm-none-eabi/bin/../lib/gcc/arm-none-eabi/13.3.1/thumb/nofp/libgcc.a(_arm_fixdfsi.o)
                                                  Objs/tasks.PROD.o
__aeabi_dadd                                      /home/name/test_kit/arm-gnu-toolchain-13.3.rel1-x86_64-arm-none-eabi/bin/../lib/gcc/arm-none-eabi/13.3.1/thumb/nofp/libgcc.a(_arm_addsubdf3.o)
                                                  Objs/tasks.PROD.o
__aeabi_dmul                                      /home/name/test_kit/arm-gnu-toolchain-13.3.rel1-x86_64-arm-none-eabi/bin/../lib/gcc/arm-none-eabi/13.3.1/thumb/nofp/libgcc.a(_arm_muldf3.o)
                                                  Objs/tasks.PROD.o
__aeabi_drsub                                     /home/name/test_kit/arm-gnu-toolchain-13.3.rel1-x86_64-arm-none-eabi/bin/../lib/gcc/arm-none-eabi/13.3.1/thumb/nofp/libgcc.a(_arm_addsubdf3.o)
__aeabi_dsub                                      /home/name/test_kit/arm-gnu-toolchain-13.3.rel1-x86_64-arm-none-eabi/bin/../lib/gcc/arm-none-eabi/13.3.1/thumb/nofp/libgcc.a(_arm_addsubdf3.o)
__aeabi_f2d                                       /home/name/test_kit/arm-gnu-toolchain-13.3.rel1-x86_64-arm-none-eabi/bin/../lib/gcc/arm-none-eabi/13.3.1/thumb/nofp/libgcc.a(_arm_addsubdf3.o)
__aeabi_i2d                                       /home/name/test_kit/arm-gnu-toolchain-13.3.rel1-x86_64-arm-none-eabi/bin/../lib/gcc/arm-none-eabi/13.3.1/thumb/nofp/libgcc.a(_arm_addsubdf3.o)
                                                  Objs/tasks.PROD.o
__aeabi_idiv                                      /home/name/test_kit/arm-gnu-toolchain-13.3.rel1-x86_64-arm-none-eabi/bin/../lib/gcc/arm-none-eabi/13.3.1/thumb/nofp/libgcc.a(_divsi3.o)
                                                  Libs/libdrv.PROD.a(drv_spi.PROD.o)
                                                  Libs/libdrv.PROD.a(drv_uart.PROD.o)
                                                  Libs/libdrv.PROD.a(drv_clk.PROD.o)
                                                  Libs/libdrv.PROD.a(cvtdate.PROD.o)
                                                  Libs/RTXCutil.PROD.o
__aeabi_idiv0                                     /home/name/test_kit/arm-gnu-toolchain-13.3.rel1-x86_64-arm-none-eabi/bin/../lib/gcc/arm-none-eabi/13.3.1/thumb/nofp/libgcc.a(_dvmd_tls.o)
                                                  /home/name/test_kit/arm-gnu-toolchain-13.3.rel1-x86_64-arm-none-eabi/bin/../lib/gcc/arm-none-eabi/13.3.1/thumb/nofp/libgcc.a(_divsi3.o)
                                                  /home/name/test_kit/arm-gnu-toolchain-13.3.rel1-x86_64-arm-none-eabi/bin/../lib/gcc/arm-none-eabi/13.3.1/thumb/nofp/libgcc.a(_udivsi3.o)
__aeabi_idivmod                                   /home/name/test_kit/arm-gnu-toolchain-13.3.rel1-x86_64-arm-none-eabi/bin/../lib/gcc/arm-none-eabi/13.3.1/thumb/nofp/libgcc.a(_divsi3.o)
                                                  Libs/libdrv.PROD.a(drv_uart.PROD.o)
                                                  Libs/libdrv.PROD.a(cvtdate.PROD.o)
__aeabi_l2d                                       /home/name/test_kit/arm-gnu-toolchain-13.3.rel1-x86_64-arm-none-eabi/bin/../lib/gcc/arm-none-eabi/13.3.1/thumb/nofp/libgcc.a(_arm_addsubdf3.o)
__aeabi_ldiv0                                     /home/name/test_kit/arm-gnu-toolchain-13.3.rel1-x86_64-arm-none-eabi/bin/../lib/gcc/arm-none-eabi/13.3.1/thumb/nofp/libgcc.a(_dvmd_tls.o)
                                                  /home/name/test_kit/arm-gnu-toolchain-13.3.rel1-x86_64-arm-none-eabi/bin/../lib/gcc/arm-none-eabi/13.3.1/thumb/nofp/libgcc.a(_aeabi_uldivmod.o)
__aeabi_ui2d                                      /home/name/test_kit/arm-gnu-toolchain-13.3.rel1-x86_64-arm-none-eabi/bin/../lib/gcc/arm-none-eabi/13.3.1/thumb/nofp/libgcc.a(_arm_addsubdf3.o)
__aeabi_uidiv                                     /home/name/test_kit/arm-gnu-toolchain-13.3.rel1-x86_64-arm-none-eabi/bin/../lib/gcc/arm-none-eabi/13.3.1/thumb/nofp/libgcc.a(_udivsi3.o)
                                                  Libs/libdrv.PROD.a(drv_adc.PROD.o)
                                                  Libs/libdrv.PROD.a(drv_twi.PROD.o)
                                                  Libs/libdrv.PROD.a(drv_spi.PROD.o)
                                                  Libs/libdrv.PROD.a(drv_can.PROD.o)
                                                  Libs/libdrv.PROD.a(drv_uart.PROD.o)
                                                  Libs/libdrv.PROD.a(drv_clk.PROD.o)
                                                  Libs/libdrv.PROD.a(cvtdate.PROD.o)
                                                  Libs/RTXCutil.PROD.o
__aeabi_uidivmod                                  /home/name/test_kit/arm-gnu-toolchain-13.3.rel1-x86_64-arm-none-eabi/bin/../lib/gcc/arm-none-eabi/13.3.1/thumb/nofp/libgcc.a(_udivsi3.o)
                                                  Libs/libdrv.PROD.a(drv_can.PROD.o)
                                                  Libs/libdrv.PROD.a(drv_uart.PROD.o)
                                                  Libs/libdrv.PROD.a(cvtdate.PROD.o)
__aeabi_ul2d                                      /home/name/test_kit/arm-gnu-toolchain-13.3.rel1-x86_64-arm-none-eabi/bin/../lib/gcc/arm-none-eabi/13.3.1/thumb/nofp/libgcc.a(_arm_addsubdf3.o)
__aeabi_uldivmod                                  /home/name/test_kit/arm-gnu-toolchain-13.3.rel1-x86_64-arm-none-eabi/bin/../lib/gcc/arm-none-eabi/13.3.1/thumb/nofp/libgcc.a(_aeabi_uldivmod.o)
                                                  Libs/libdrv.PROD.a(stdio_vsprintf.PROD.o)
__bss_end                                         Libs/RTXCstartup.PROD.o
__bss_start                                       Libs/RTXCstartup.PROD.o
__clzdi2                                          /home/name/test_kit/arm-gnu-toolchain-13.3.rel1-x86_64-arm-none-eabi/bin/../lib/gcc/arm-none-eabi/13.3.1/thumb/nofp/libgcc.a(_clzdi2.o)
                                                  /home/name/test_kit/arm-gnu-toolchain-13.3.rel1-x86_64-arm-none-eabi/bin/../lib/gcc/arm-none-eabi/13.3.1/thumb/nofp/libgcc.a(_udivmoddi4.o)
__clzsi2                                          /home/name/test_kit/arm-gnu-toolchain-13.3.rel1-x86_64-arm-none-eabi/bin/../lib/gcc/arm-none-eabi/13.3.1/thumb/nofp/libgcc.a(_clzsi2.o)
                                                  /home/name/test_kit/arm-gnu-toolchain-13.3.rel1-x86_64-arm-none-eabi/bin/../lib/gcc/arm-none-eabi/13.3.1/thumb/nofp/libgcc.a(_clzdi2.o)
__divsi3                                          /home/name/test_kit/arm-gnu-toolchain-13.3.rel1-x86_64-arm-none-eabi/bin/../lib/gcc/arm-none-eabi/13.3.1/thumb/nofp/libgcc.a(_divsi3.o)
__extendsfdf2                                     /home/name/test_kit/arm-gnu-toolchain-13.3.rel1-x86_64-arm-none-eabi/bin/../lib/gcc/arm-none-eabi/13.3.1/thumb/nofp/libgcc.a(_arm_addsubdf3.o)
__fixdfsi                                         /home/name/test_kit/arm-gnu-toolchain-13.3.rel1-x86_64-arm-none-eabi/bin/../lib/gcc/arm-none-eabi/13.3.1/thumb/nofp/libgcc.a(_arm_fixdfsi.o)
__floatdidf                                       /home/name/test_kit/arm-gnu-toolchain-13.3.rel1-x86_64-arm-none-eabi/bin/../lib/gcc/arm-none-eabi/13.3.1/thumb/nofp/libgcc.a(_arm_addsubdf3.o)
__floatsidf                                       /home/name/test_kit/arm-gnu-toolchain-13.3.rel1-x86_64-arm-none-eabi/bin/../lib/gcc/arm-none-eabi/13.3.1/thumb/nofp/libgcc.a(_arm_addsubdf3.o)
__floatundidf                                     /home/name/test_kit/arm-gnu-toolchain-13.3.rel1-x86_64-arm-none-eabi/bin/../lib/gcc/arm-none-eabi/13.3.1/thumb/nofp/libgcc.a(_arm_addsubdf3.o)
__floatunsidf                                     /home/name/test_kit/arm-gnu-toolchain-13.3.rel1-x86_64-arm-none-eabi/bin/../lib/gcc/arm-none-eabi/13.3.1/thumb/nofp/libgcc.a(_arm_addsubdf3.o)
__muldf3                                          /home/name/test_kit/arm-gnu-toolchain-13.3.rel1-x86_64-arm-none-eabi/bin/../lib/gcc/arm-none-eabi/13.3.1/thumb/nofp/libgcc.a(_arm_muldf3.o)
__set_ctype                                       /home/name/test_kit/arm-gnu-toolchain-13.3.rel1-x86_64-arm-none-eabi/bin/../lib/gcc/arm-none-eabi/13.3.1/../../../../arm-none-eabi/lib/thumb/nofp/libc.a(libc_a-ctype_.o)