Archive member included to satisfy reference by file (symbol)

Libs/librtxc.PROD.a(rtxcinit.PROD.o)
                              Objs/main.PROD.o (rtxcinit)
Libs/librtxc.PROD.a(rtxcapi.PROD.o)
                              Objs/main.PROD.o (KS_defslice)
Libs/librtxc.PROD.a(rtxc.PROD.o)
                              Libs/librtxc.PROD.a(rtxcinit.PROD.o) (taskinit)
Libs/librtxc.PROD.a(lock.PROD.o)
                              Objs/main.PROD.o (_enable)
Libs/libdrv.PROD.a(cpart.PROD.o)
                              Libs/librtxc.PROD.a(rtxc.PROD.o) (pkkheader)
Libs/libdrv.PROD.a(cqueue.PROD.o)
                              Libs/librtxc.PROD.a(rtxc.PROD.o) (qkkheader)
Libs/libdrv.PROD.a(cres.PROD.o)
                              Libs/librtxc.PROD.a(rtxcapi.PROD.o) (rheader)
Libs/libdrv.PROD.a(csema.PROD.o)
                              Libs/librtxc.PROD.a(rtxcapi.PROD.o) (semat)
Libs/libdrv.PROD.a(extapi.PROD.o)
                              Objs/tasks.PROD.o (EKS_GetSetup)
Libs/libdrv.PROD.a(cvtdate.PROD.o)
                              Libs/libdrv.PROD.a(extapi.PROD.o) (systime2date)
Libs/libdrv.PROD.a(flashapi.PROD.o)
                              Libs/libdrv.PROD.a(extapi.PROD.o) (SPI_FlashErase)
Libs/libdrv.PROD.a(stdio_vsprintf.PROD.o)
                              Libs/libdrv.PROD.a(extapi.PROD.o) (sprintf)
Libs/libdrv.PROD.a(stdio_printf.PROD.o)
                              Objs/tasks.PROD.o (printf)
Libs/libdrv.PROD.a(stdio_puts.PROD.o)
                              Objs/tasks.PROD.o (puts)
Libs/libdrv.PROD.a(drv_clk.PROD.o)
                              Objs/main.PROD.o (LowLevelInit)
Libs/libdrv.PROD.a(drv_uart.PROD.o)
                              Libs/libdrv.PROD.a(drv_clk.PROD.o) (com3drvpit)
Libs/libdrv.PROD.a(drv_can.PROD.o)
                              Objs/main.PROD.o (canstart)
Libs/libdrv.PROD.a(drv_spi.PROD.o)
                              Objs/main.PROD.o (spistart)
Libs/libdrv.PROD.a(drv_twi.PROD.o)
                              Objs/main.PROD.o (twistart)
Libs/libdrv.PROD.a(drv_usb.PROD.o)
                              Objs/main.PROD.o (usbtask)
Libs/libdrv.PROD.a(drv_adc.PROD.o)
                              Objs/main.PROD.o (adcstart)
Libs/libdrv.PROD.a(drv_dio.PROD.o)
                              Objs/main.PROD.o (diostart)
Libs/libdrv.PROD.a(stdio_strtol.PROD.o)
                              Objs/tasks.PROD.o (simple_strtol)
/home/name/test_kit/arm-gnu-toolchain-13.3.rel1-x86_64-arm-none-eabi/bin/../lib/gcc/arm-none-eabi/13.3.1/thumb/nofp/libgcc.a(_arm_muldf3.o)
                              Objs/tasks.PROD.o (__aeabi_dmul)
/home/name/test_kit/arm-gnu-toolchain-13.3.rel1-x86_64-arm-none-eabi/bin/../lib/gcc/arm-none-eabi/13.3.1/thumb/nofp/libgcc.a(_udivsi3.o)
                              Libs/RTXCutil.PROD.o (__aeabi_uidiv)
/home/name/test_kit/arm-gnu-toolchain-13.3.rel1-x86_64-arm-none-eabi/bin/../lib/gcc/arm-none-eabi/13.3.1/thumb/nofp/libgcc.a(_divsi3.o)
                              Libs/RTXCutil.PROD.o (__aeabi_idiv)
/home/name/test_kit/arm-gnu-toolchain-13.3.rel1-x86_64-arm-none-eabi/bin/../lib/gcc/arm-none-eabi/13.3.1/thumb/nofp/libgcc.a(_dvmd_tls.o)
                              /home/name/test_kit/arm-gnu-toolchain-13.3.rel1-x86_64-arm-none-eabi/bin/../lib/gcc/arm-none-eabi/13.3.1/thumb/nofp/libgcc.a(_udivsi3.o) (__aeabi_idiv0)
/home/name/test_kit/arm-gnu-toolchain-13.3.rel1-x86_64-arm-none-eabi/bin/../lib/gcc/arm-none-eabi/13.3.1/thumb/nofp/libgcc.a(_arm_addsubdf3.o)
                              Objs/tasks.PROD.o (__aeabi_dadd)
/home/name/test_kit/arm-gnu-toolchain-13.3.rel1-x86_64-arm-none-eabi/bin/../lib/gcc/arm-none-eabi/13.3.1/thumb/nofp/libgcc.a(_arm_fixdfsi.o)
                              Objs/tasks.PROD.o (__aeabi_d2iz)
/home/name/test_kit/arm-gnu-toolchain-13.3.rel1-x86_64-arm-none-eabi/bin/../lib/gcc/arm-none-eabi/13.3.1/thumb/nofp/libgcc.a(_aeabi_uldivmod.o)
                              Libs/libdrv.PROD.a(stdio_vsprintf.PROD.o) (__aeabi_uldivmod)
/home/name/test_kit/arm-gnu-toolchain-13.3.rel1-x86_64-arm-none-eabi/bin/../lib/gcc/arm-none-eabi/13.3.1/thumb/nofp/libgcc.a(_udivmoddi4.o)
                              /home/name/test_kit/arm-gnu-toolchain-13.3.rel1-x86_64-arm-none-eabi/bin/../lib/gcc/arm-none-eabi/13.3.1/thumb/nofp/libgcc.a(_aeabi_uldivmod.o) (__udivmoddi4)
/home/name/test_kit/arm-gnu-toolchain-13.3.rel1-x86_64-arm-none-eabi/bin/../lib/gcc/arm-none-eabi/13.3.1/thumb/nofp/libgcc.a(_clzdi2.o)
                              /home/name/test_kit/arm-gnu-toolchain-13.3.rel1-x86_64-arm-none-eabi/bin/../lib/gcc/arm-none-eabi/13.3.1/thumb/nofp/libgcc.a(_udivmoddi4.o) (__clzdi2)
/home/name/test_kit/arm-gnu-toolchain-13.3.rel1-x86_64-arm-none-eabi/bin/../lib/gcc/arm-none-eabi/13.3.1/thumb/nofp/libgcc.a(_clzsi2.o)
                              /home/name/test_kit/arm-gnu-toolchain-13.3.rel1-x86_64-arm-none-eabi/bin/../lib/gcc/arm-none-eabi/13.3.1/thumb/nofp/libgcc.a(_clzdi2.o) (__clzsi2)
[...]
Memory Configuration

Name             Origin             Length             Attributes
CODE             0x00000000         0x00040000         xr
DATA             0x00200000         0x00008000         rw
STACK            0x00208000         0x00000000         rw
*default*        0x00000000         0xffffffff

Linker script and memory map

LOAD Libs/RTXCstartup.PROD.o
LOAD Libs/RTXCutil.PROD.o
LOAD Libs/RTXCsys32.PROD.o
LOAD Objs/main.PROD.o
LOAD Objs/tasks.PROD.o
LOAD Libs/librtxc.PROD.a
LOAD Libs/libdrv.PROD.a
LOAD /home/name/test_kit/arm-gnu-toolchain-13.3.rel1-x86_64-arm-none-eabi/bin/../lib/gcc/arm-none-eabi/13.3.1/../../../../arm-none-eabi/lib/thumb/nofp/libm.a
START GROUP
LOAD /home/name/test_kit/arm-gnu-toolchain-13.3.rel1-x86_64-arm-none-eabi/bin/../lib/gcc/arm-none-eabi/13.3.1/thumb/nofp/libgcc.a
LOAD /home/name/test_kit/arm-gnu-toolchain-13.3.rel1-x86_64-arm-none-eabi/bin/../lib/gcc/arm-none-eabi/13.3.1/../../../../arm-none-eabi/lib/thumb/nofp/libc.a
END GROUP

.text           0x00000000      0x29c
 *RTXCstartup*.o(.text)
 .text          0x00000000      0x29c Libs/RTXCstartup.PROD.o
                0x00000000                _startup
                0x00000044                Global_RAM_TOP
                0x00000048                Global_KERNEL_TOP
                0x0000004c                Global_IRQ_STACK_SIZE
                0x00000050                Global_SVC_STACK_SIZE
                0x00000054                Global_SYSKERNEL_STACK_SIZE
                0x00000058                Global_STACK_FILLER
                0x000000f0                exit
                0x000000f4                IRQ_Handler_Entry
                0x00000198                SWI_Handler_Entry
                0x0000021c                AT91F_Default_FIQ_handler
                0x00000220                AT91F_Default_IRQ_handler
                0x00000224                AT91F_Spurious_handler
                0x00000228                CodeUpgrade

.vfp11_veneer   0x0000029c        0x0
 .vfp11_veneer  0x0000029c        0x0 linker stubs

.v4_bx          0x0000029c        0x0
 .v4_bx         0x0000029c        0x0 linker stubs

.iplt           0x0000029c        0x0
 .iplt          0x0000029c        0x0 Libs/RTXCstartup.PROD.o

.text.__udivmoddi4
                0x000002a0      0x1a8
 .text.__udivmoddi4
                0x000002a0      0x19c /home/name/test_kit/arm-gnu-toolchain-13.3.rel1-x86_64-arm-none-eabi/bin/../lib/gcc/arm-none-eabi/13.3.1/thumb/nofp/libgcc.a(_udivmoddi4.o)
                0x000002a0                __udivmoddi4
 *fill*         0x0000043c        0x4 
 .text.__udivmoddi4.__stub
                0x00000440        0x8 linker stubs

.text.memcpy    0x00000448       0x90
 .text.memcpy   0x00000448       0x90 /home/name/test_kit/arm-gnu-toolchain-13.3.rel1-x86_64-arm-none-eabi/bin/../lib/gcc/arm-none-eabi/13.3.1/../../../../arm-none-eabi/lib/thumb/nofp/libc.a(libc_a-memcpy-stub.o)
                0x00000448                memcpy

.text.strlen    0x000004d8       0x60
 .text.strlen   0x000004d8       0x60 /home/name/test_kit/arm-gnu-toolchain-13.3.rel1-x86_64-arm-none-eabi/bin/../lib/gcc/arm-none-eabi/13.3.1/../../../../arm-none-eabi/lib/thumb/nofp/libc.a(libc_a-strlen-stub.o)
                0x000004d8                strlen

.text.strnlen   0x00000538       0x28
 .text.strnlen  0x00000538       0x28 /home/name/test_kit/arm-gnu-toolchain-13.3.rel1-x86_64-arm-none-eabi/bin/../lib/gcc/arm-none-eabi/13.3.1/../../../../arm-none-eabi/lib/thumb/nofp/libc.a(libc_a-strnlen.o)
                0x00000538                strnlen

.text.memcmp    0x00000560       0x4c
 .text.memcmp   0x00000560       0x4c /home/name/test_kit/arm-gnu-toolchain-13.3.rel1-x86_64-arm-none-eabi/bin/../lib/gcc/arm-none-eabi/13.3.1/../../../../arm-none-eabi/lib/thumb/nofp/libc.a(libc_a-memcmp.o)
                0x00000560                memcmp

.text.memset    0x000005ac       0xb0
 .text.memset   0x000005ac       0xb0 /home/name/test_kit/arm-gnu-toolchain-13.3.rel1-x86_64-arm-none-eabi/bin/../lib/gcc/arm-none-eabi/13.3.1/../../../../arm-none-eabi/lib/thumb/nofp/libc.a(libc_a-memset.o)
                0x000005ac                memset

.text.__set_ctype
                0x0000065c        0xc
 .text.__set_ctype
                0x0000065c        0xc /home/name/test_kit/arm-gnu-toolchain-13.3.rel1-x86_64-arm-none-eabi/bin/../lib/gcc/arm-none-eabi/13.3.1/../../../../arm-none-eabi/lib/thumb/nofp/libc.a(libc_a-ctype_.o)
                0x0000065c                __set_ctype

.text           0x00000668     0x9070
 *(.text)
 .text          0x00000668      0x3b0 Libs/RTXCutil.PROD.o
                0x00000668                AT91F_CLOCKinit
                0x000008d4                ProgramCopy
                0x00000a14                ProgramCopyEnd
 .text          0x00000a18       0x14 Libs/RTXCsys32.PROD.o
                0x00000a18                AT91F_WATCHDOGinit
 .text          0x00000a2c       0xf0 Objs/main.PROD.o
                0x00000a2c                maintask
                0x00000ae8                putchar
                0x00000b00                getchar
 .text          0x00000b1c     0x18c4 Objs/tasks.PROD.o
                0x00000b1c                GetHexValue
                0x00000b88                HandleSrecord
                0x00000d64                HandleCanRead
                0x00000dc0                ParseBuffer
                0x00002084                tk0extender
 .text          0x000023e0       0x20 Libs/librtxc.PROD.a(rtxcinit.PROD.o)
                0x000023e0                rtxcinit
 .text          0x00002400      0x6d8 Libs/librtxc.PROD.a(rtxcapi.PROD.o)
                0x00002400                KS_block
                0x00002414                KS_version
                0x0000241c                KS_nop
                0x0000242c                KS_alloc
                0x00002460                KS_defpriority
                0x00002474                KS_defslice
                0x0000249c                KS_delay
                0x000024b4                KS_dequeue
                0x000024d4                KS_enqueue
                0x000024f4                KS_execute
                0x00002508                KS_free
                0x0000251c                KS_lock
                0x00002588                KS_pend
                0x0000259c                KS_resume
                0x000025b0                KS_signal
                0x000025c8                KS_stop_timer
                0x000025e0                KS_start_timer
                0x00002600                KS_suspend
                0x00002614                KS_terminate
                0x00002628                KS_unblock
                0x0000263c                KS_unlock
                0x000026ac                KS_user
                0x000026c4                KS_wait
                0x000026e0                KS_yield
                0x000026f8                KS_allocw
                0x00002744                KS_inqres
                0x0000275c                KS_defres
                0x00002778                KS_defqsema
                0x00002794                KS_dequeuew
                0x000027b0                KS_elapse
                0x000027c4                KS_enqueuew
                0x000027e0                KS_inqmap
                0x000027f4                KS_lockw
                0x00002864                KS_purgequeue
                0x00002878                KS_waitm
                0x0000288c                KS_inqtimer
                0x000028a0                KS_alloct
                0x00002908                KS_defqueue
                0x00002930                KS_dequeuet
                0x0000295c                KS_enqueuet
                0x00002988                KS_inqpriority
                0x000029ac                KS_inqqueue
                0x000029bc                KS_inqsema
                0x000029c8                KS_inqtask
                0x000029d4                KS_lockt
                0x00002a4c                KS_pendm
                0x00002a60                KS_restart_timer
                0x00002a84                KS_signalm
                0x00002a98                KS_waitt
                0x00002ab8                KS_inqslice
 .text          0x00002ad8     0x18e8 Libs/librtxc.PROD.a(rtxc.PROD.o)
                0x00002cb0                taskinit
                0x00002d30                resinit
                0x00002d58                partinit
                0x00002db4                queueinit
                0x00002df4                semainit
                0x00002e2c                clockinit
                0x00002e30                KS_ISRalloc
                0x00002e64                KS_ISRsignal
                0x00002e90                postem
                0x000031c4                rtxc
                0x0000431c                KS_ISRexit
                0x00004368                KS_ISRtick
 .text          0x000043c0       0x40 Libs/librtxc.PROD.a(lock.PROD.o)
                0x000043c0                _enable
                0x000043d4                _disable
                0x000043e8                _pushccr
                0x000043f4                _popccr
 .text          0x00004400        0x0 Libs/libdrv.PROD.a(cpart.PROD.o)
 .text          0x00004400        0x0 Libs/libdrv.PROD.a(cqueue.PROD.o)
 .text          0x00004400        0x0 Libs/libdrv.PROD.a(cres.PROD.o)
 .text          0x00004400        0x0 Libs/libdrv.PROD.a(csema.PROD.o)
 .text          0x00004400     0x13d0 Libs/libdrv.PROD.a(extapi.PROD.o)
                0x00004400                EKS_GetSetup
                0x0000442c                EKS_ParSize
                0x00004434                CheckPointer
                0x00004488                EKS_PktBufRelease
                0x0000450c                EKS_PktBufCat
                0x000045c0                EKS_PktBufDuplicate
                0x000046f4                EKS_PktBufLength
                0x00004778                EKS_PktBufPullup
                0x00004864                EKS_PktBufCopy
                0x000048c4                EKS_PktBufComp
                0x00004944                EKS_Pkt2BufComp
                0x00004b0c                EKS_LCK_FlashRead
                0x00004b30                EKS_LCK_FlashWrite
                0x00004b68                EKS_LCK_FlashErase
                0x00004b88                EKS_FlashCheckSum
                0x00004ba0                EKS_PktBufMyTime
                0x00004cb4                EKS_PktBufFromTime
                0x00004cc4                EKS_PktBufComprexTime
                0x00004cd4                EKS_PktBufAccTime
                0x00004ce4                EKS_GetHHMM
                0x00004d1c                EKS_EnqShutdown
                0x00004d28                EKS_AskShutdown
                0x00004d70                EKS_AgreeShutdown
                0x00004e04                EKS_RamFill
                0x00004e28                EKS_RamWrite
                0x00004e9c                EKS_RamRead
                0x00004ed0                EKS_RamCheckSum
                0x00004f30                pdebugt
                0x00004f38                panic
                0x00004f58                EKS_NewSetup
                0x00004fb0                EKS_ParClear
                0x00004ff8                EKS_ParRead
                0x000050e0                EKS_ParReadShort
                0x00005174                EKS_ParReadLong
                0x00005210                EKS_ParWrite
                0x00005408                EKS_ParWriteShort
                0x00005444                EKS_ParWriteLong
                0x00005488                EKS_PktBufAdd
                0x00005520                EKS_PktBufAddString
                0x0000556c                EKS_VirtualRAM_Read
                0x00005684                EKS_VirtualRAM_Write
                0x000057b0                EKS_init
 .text          0x000057d0      0x28c Libs/libdrv.PROD.a(cvtdate.PROD.o)
                0x000057d0                date2systime
                0x0000585c                systime2date
                0x00005954                RTC_WriteTime_t
                0x000059f8                RTC_ReadTime_t
                0x00005a20                RTC_WriteAlarm_t
                0x00005a50                RTC_ReadStatus
 .text          0x00005a5c      0x430 Libs/libdrv.PROD.a(flashapi.PROD.o)
                0x00005a5c                SPI_FlashWaitForEnd
                0x00005acc                SPI_FlashQuery
                0x00005b2c                SPI_FlashErase
                0x00005c60                SPI_FlashRead
                0x00005d34                SPI_FlashWrite
 .text          0x00005e8c      0x870 Libs/libdrv.PROD.a(stdio_vsprintf.PROD.o)
                0x000060e0                vsnprintf
                0x00006100                skip_atoi
                0x00006138                local_vsnprintf
                0x00006674                vsnprintf_repeater
                0x00006684                snprintf
                0x000066ac                vsprintf
                0x000066d0                sprintf
 .text          0x000066fc       0x44 Libs/libdrv.PROD.a(stdio_printf.PROD.o)
                0x000066fc                printf
 .text          0x00006740       0x24 Libs/libdrv.PROD.a(stdio_puts.PROD.o)
                0x00006740                puts
 .text          0x00006764      0x2d0 Libs/libdrv.PROD.a(drv_clk.PROD.o)
                0x00006764                slowclkc
                0x00006774                clkc
                0x0000685c                AT91F_AIC_Configure
                0x0000688c                LowLevelInit
                0x000068d0                clkstart
                0x00006968                tickwait
                0x000069b0                clkstop
                0x000069d0                Set_LedBlinker
                0x00006a14                KS_inqtime
                0x00006a20                KS_deftime
 .text          0x00006a34      0x960 Libs/libdrv.PROD.a(drv_uart.PROD.o)
                0x00006a34                com0drv
                0x00006b0c                com1drv
                0x00006be4                com2drv
                0x00006cbc                com3drvpit
                0x00006d70                uartDMAstartTx
                0x00006d94                uartDMAstartRx
                0x00006dc4                uartstart
                0x00006f90                uartdrv
                0x00007328                uartstop
 .text          0x00007394      0x460 Libs/libdrv.PROD.a(drv_can.PROD.o)
                0x00007394                can0drv
                0x000073cc                can1drv
                0x00007404                canaddress
                0x00007418                canstart
                0x000074a4                CAN_speed
                0x0000760c                CAN_configure
                0x000076c0                CAN_read
                0x00007774                CAN_write
                0x000077bc                CAN_status
                0x000077cc                canstop
 .text          0x000077f4      0x1f4 Libs/libdrv.PROD.a(drv_spi.PROD.o)
                0x000077f4                spidrv
                0x00007828                spistart
                0x00007928                SPI_rtx2
                0x000079c4                spistop
 .text          0x000079e8      0x280 Libs/libdrv.PROD.a(drv_twi.PROD.o)
                0x000079e8                twidrv
                0x00007a7c                twistart
                0x00007af4                TWI_send
                0x00007b58                TWI_receive
                0x00007bc4                TWI_txrx
                0x00007c48                twistop
 .text          0x00007c68      0x894 Libs/libdrv.PROD.a(drv_usb.PROD.o)
                0x00007c68                usbdrv
                0x00007ccc                USB_SendNextData
                0x00007d18                USB_RxData
                0x00007d28                USB_SendData
                0x00007d68                USB_SendZlp
                0x00007d90                USB_SendStall
                0x00007dbc                USB_RxSetup
                0x00008314                USB_Receive
                0x00008378                USB_Transmit
                0x000083e0                usbtask
 .text          0x000084fc      0x190 Libs/libdrv.PROD.a(drv_adc.PROD.o)
                0x000084fc                adcstart
                0x000085f8                adcstop
                0x00008630                ADC_read
 .text          0x0000868c      0x4cc Libs/libdrv.PROD.a(drv_dio.PROD.o)
                0x0000868c                diostart
                0x00008718                diostop
                0x00008734                dioconfTW
                0x000088a0                dio_read
                0x00008940                dio_write
                0x00008b34                dio_mask
                0x00008b38                dio_counter
 .text          0x00008b58       0xdc Libs/libdrv.PROD.a(stdio_strtol.PROD.o)
                0x00008b58                simple_strtoul
                0x00008c18                simple_strtol
 .text          0x00008c34      0x290 /home/name/test_kit/arm-gnu-toolchain-13.3.rel1-x86_64-arm-none-eabi/bin/../lib/gcc/arm-none-eabi/13.3.1/thumb/nofp/libgcc.a(_arm_muldf3.o)
                0x00008c34                __aeabi_dmul
                0x00008c34                __muldf3
 .text          0x00008ec4      0x11c /home/name/test_kit/arm-gnu-toolchain-13.3.rel1-x86_64-arm-none-eabi/bin/../lib/gcc/arm-none-eabi/13.3.1/thumb/nofp/libgcc.a(_udivsi3.o)
                0x00008ec4                __udivsi3
                0x00008ec4                __aeabi_uidiv
                0x00008fc0                __aeabi_uidivmod
 .text          0x00008fe0      0x150 /home/name/test_kit/arm-gnu-toolchain-13.3.rel1-x86_64-arm-none-eabi/bin/../lib/gcc/arm-none-eabi/13.3.1/thumb/nofp/libgcc.a(_divsi3.o)
                0x00008fe0                __aeabi_idiv
                0x00008fe0                __divsi3
                0x00009110                __aeabi_idivmod
 .text          0x00009130        0x4 /home/name/test_kit/arm-gnu-toolchain-13.3.rel1-x86_64-arm-none-eabi/bin/../lib/gcc/arm-none-eabi/13.3.1/thumb/nofp/libgcc.a(_dvmd_tls.o)
                0x00009130                __aeabi_ldiv0
                0x00009130                __aeabi_idiv0
 .text          0x00009134      0x424 /home/name/test_kit/arm-gnu-toolchain-13.3.rel1-x86_64-arm-none-eabi/bin/../lib/gcc/arm-none-eabi/13.3.1/thumb/nofp/libgcc.a(_arm_addsubdf3.o)
                0x00009134                __aeabi_drsub
                0x0000913c                __aeabi_dsub
                0x0000913c                __subdf3
                0x00009140                __adddf3
                0x00009140                __aeabi_dadd
                0x00009450                __aeabi_ui2d
                0x00009450                __floatunsidf
                0x00009474                __floatsidf
                0x00009474                __aeabi_i2d
                0x0000949c                __extendsfdf2
                0x0000949c                __aeabi_f2d
                0x000094e4                __aeabi_ul2d
                0x000094e4                __floatundidf
                0x000094f8                __floatdidf
                0x000094f8                __aeabi_l2d
 .text          0x00009558       0x5c /home/name/test_kit/arm-gnu-toolchain-13.3.rel1-x86_64-arm-none-eabi/bin/../lib/gcc/arm-none-eabi/13.3.1/thumb/nofp/libgcc.a(_arm_fixdfsi.o)
                0x00009558                __fixdfsi
                0x00009558                __aeabi_d2iz
 .text          0x000095b4       0x3c /home/name/test_kit/arm-gnu-toolchain-13.3.rel1-x86_64-arm-none-eabi/bin/../lib/gcc/arm-none-eabi/13.3.1/thumb/nofp/libgcc.a(_aeabi_uldivmod.o)
                0x000095b4                __aeabi_uldivmod
 .text          0x000095f0        0x0 /home/name/test_kit/arm-gnu-toolchain-13.3.rel1-x86_64-arm-none-eabi/bin/../lib/gcc/arm-none-eabi/13.3.1/thumb/nofp/libgcc.a(_udivmoddi4.o)
 .text          0x000095f0       0x28 /home/name/test_kit/arm-gnu-toolchain-13.3.rel1-x86_64-arm-none-eabi/bin/../lib/gcc/arm-none-eabi/13.3.1/thumb/nofp/libgcc.a(_clzdi2.o)
                0x000095f0                __clzdi2
 .text          0x00009618       0x48 /home/name/test_kit/arm-gnu-toolchain-13.3.rel1-x86_64-arm-none-eabi/bin/../lib/gcc/arm-none-eabi/13.3.1/thumb/nofp/libgcc.a(_clzsi2.o)
                0x00009618                __clzsi2
 .text          0x00009660        0x0 /home/name/test_kit/arm-gnu-toolchain-13.3.rel1-x86_64-arm-none-eabi/bin/../lib/gcc/arm-none-eabi/13.3.1/../../../../arm-none-eabi/lib/thumb/nofp/libc.a(libc_a-memcpy-stub.o)
 .text          0x00009660        0x0 /home/name/test_kit/arm-gnu-toolchain-13.3.rel1-x86_64-arm-none-eabi/bin/../lib/gcc/arm-none-eabi/13.3.1/../../../../arm-none-eabi/lib/thumb/nofp/libc.a(libc_a-strlen-stub.o)
 .text          0x00009660        0x0 /home/name/test_kit/arm-gnu-toolchain-13.3.rel1-x86_64-arm-none-eabi/bin/../lib/gcc/arm-none-eabi/13.3.1/../../../../arm-none-eabi/lib/thumb/nofp/libc.a(libc_a-strnlen.o)
 .text          0x00009660        0x0 /home/name/test_kit/arm-gnu-toolchain-13.3.rel1-x86_64-arm-none-eabi/bin/../lib/gcc/arm-none-eabi/13.3.1/../../../../arm-none-eabi/lib/thumb/nofp/libc.a(libc_a-memcmp.o)
 .text          0x00009660        0x0 /home/name/test_kit/arm-gnu-toolchain-13.3.rel1-x86_64-arm-none-eabi/bin/../lib/gcc/arm-none-eabi/13.3.1/../../../../arm-none-eabi/lib/thumb/nofp/libc.a(libc_a-memset.o)
 .text          0x00009660        0x0 /home/name/test_kit/arm-gnu-toolchain-13.3.rel1-x86_64-arm-none-eabi/bin/../lib/gcc/arm-none-eabi/13.3.1/../../../../arm-none-eabi/lib/thumb/nofp/libc.a(libc_a-ctype_.o)
 .text.__stub   0x00009660       0x6c linker stubs
 *(.glue_7t)
 .glue_7t       0x000096d8        0x0 linker stubs
 *(.glue_7)
 .glue_7        0x000096d8        0x0 linker stubs
                0x000096d8                        . = ALIGN (0x4)

.rodata         0x000096d8     0x139d
 *(.rodata*)
 .rodata        0x000096d8       0x45 Objs/main.PROD.o
                0x000096dc                rtxkktcb
                0x0000971c                ntasks
 *fill*         0x0000971d        0x3 
 .rodata.str1.4
                0x00009720      0x6df Objs/tasks.PROD.o
                                0x648 (size before relaxing)
 *fill*         0x00009dff        0x1 
 .rodata        0x00009e00      0x1c6 Objs/tasks.PROD.o
 .rodata.str1.4
                0x00009fc6       0x1d Libs/librtxc.PROD.a(rtxcapi.PROD.o)
 *fill*         0x00009fc6        0x2 
 .rodata        0x00009fc8       0xc0 Libs/librtxc.PROD.a(rtxc.PROD.o)
 .rodata        0x0000a088       0x19 Libs/libdrv.PROD.a(cpart.PROD.o)
                0x0000a088                pkkheader
                0x0000a0a0                nparts
 *fill*         0x0000a0a1        0x3 
 .rodata        0x0000a0a4       0xc1 Libs/libdrv.PROD.a(cqueue.PROD.o)
                0x0000a0a4                qkkheader
                0x0000a164                nqueues
 .rodata        0x0000a165        0x1 Libs/libdrv.PROD.a(cres.PROD.o)
                0x0000a165                nres
 *fill*         0x0000a166        0x2 
 .rodata        0x0000a168        0x5 Libs/libdrv.PROD.a(csema.PROD.o)
                0x0000a168                siglistsize
                0x0000a16c                nsemas
 .rodata.str1.4
                0x0000a16d       0x79 Libs/libdrv.PROD.a(extapi.PROD.o)
 .rodata.str1.4
                0x0000a16d        0x7 Libs/libdrv.PROD.a(stdio_vsprintf.PROD.o)
 *fill*         0x0000a16d        0x3 
 .rodata        0x0000a170      0x721 Libs/libdrv.PROD.a(stdio_vsprintf.PROD.o)
 *fill*         0x0000a891        0x3 
 .rodata        0x0000a894       0x38 Libs/libdrv.PROD.a(drv_uart.PROD.o)
 .rodata        0x0000a8cc       0x5f Libs/libdrv.PROD.a(drv_usb.PROD.o)
                0x0000a8cc                devDescriptor
                0x0000a8e0                cfgDescriptor
                0x0000a924                line_pars
 *fill*         0x0000a92b        0x1 
 .rodata        0x0000a92c       0x48 Libs/libdrv.PROD.a(drv_dio.PROD.o)
 .rodata._ctype_
                0x0000a974      0x101 /home/name/test_kit/arm-gnu-toolchain-13.3.rel1-x86_64-arm-none-eabi/bin/../lib/gcc/arm-none-eabi/13.3.1/../../../../arm-none-eabi/lib/thumb/nofp/libc.a(libc_a-ctype_.o)
                0x0000a974                _ctype_

.ARM.extab.text.__udivmoddi4
                0x0000aa75        0x0
 .ARM.extab.text.__udivmoddi4
                0x0000aa75        0x0 /home/name/test_kit/arm-gnu-toolchain-13.3.rel1-x86_64-arm-none-eabi/bin/../lib/gcc/arm-none-eabi/13.3.1/thumb/nofp/libgcc.a(_udivmoddi4.o)

.ARM.exidx.text.__udivmoddi4
                0x0000aa78        0x8
 .ARM.exidx.text.__udivmoddi4
                0x0000aa78        0x8 /home/name/test_kit/arm-gnu-toolchain-13.3.rel1-x86_64-arm-none-eabi/bin/../lib/gcc/arm-none-eabi/13.3.1/thumb/nofp/libgcc.a(_udivmoddi4.o)

.rel.dyn        0x0000aa80        0x0
 .rel.iplt      0x0000aa80        0x0 Libs/RTXCstartup.PROD.o
                0x0000aa80                        . = ALIGN (0x4)
                0x0000aa80                        _etext = .
                [!provide]                        PROVIDE (etext = .)

.data           0x00200000        0x4 load address 0x0000aa80
                0x00200000                        _data = .
 *(.data)
 .data          0x00200000        0x0 Libs/RTXCstartup.PROD.o
 .data          0x00200000        0x0 Libs/RTXCutil.PROD.o
 .data          0x00200000        0x0 Libs/RTXCsys32.PROD.o
 .data          0x00200000        0x0 Objs/main.PROD.o
 .data          0x00200000        0x0 Objs/tasks.PROD.o
 .data          0x00200000        0x0 Libs/librtxc.PROD.a(rtxcinit.PROD.o)
 .data          0x00200000        0x0 Libs/librtxc.PROD.a(rtxcapi.PROD.o)
 .data          0x00200000        0x0 Libs/librtxc.PROD.a(rtxc.PROD.o)
 .data          0x00200000        0x0 Libs/librtxc.PROD.a(lock.PROD.o)
 .data          0x00200000        0x0 Libs/libdrv.PROD.a(cpart.PROD.o)
 .data          0x00200000        0x0 Libs/libdrv.PROD.a(cqueue.PROD.o)
 .data          0x00200000        0x0 Libs/libdrv.PROD.a(cres.PROD.o)
 .data          0x00200000        0x0 Libs/libdrv.PROD.a(csema.PROD.o)
 .data          0x00200000        0x0 Libs/libdrv.PROD.a(extapi.PROD.o)
 .data          0x00200000        0x0 Libs/libdrv.PROD.a(cvtdate.PROD.o)
 .data          0x00200000        0x0 Libs/libdrv.PROD.a(flashapi.PROD.o)
 .data          0x00200000        0x0 Libs/libdrv.PROD.a(stdio_vsprintf.PROD.o)
 .data          0x00200000        0x0 Libs/libdrv.PROD.a(stdio_printf.PROD.o)
 .data          0x00200000        0x0 Libs/libdrv.PROD.a(stdio_puts.PROD.o)
 .data          0x00200000        0x0 Libs/libdrv.PROD.a(drv_clk.PROD.o)
 .data          0x00200000        0x0 Libs/libdrv.PROD.a(drv_uart.PROD.o)
 .data          0x00200000        0x0 Libs/libdrv.PROD.a(drv_can.PROD.o)
 .data          0x00200000        0x0 Libs/libdrv.PROD.a(drv_spi.PROD.o)
 .data          0x00200000        0x0 Libs/libdrv.PROD.a(drv_twi.PROD.o)
 .data          0x00200000        0x0 Libs/libdrv.PROD.a(drv_usb.PROD.o)
 .data          0x00200000        0x4 Libs/libdrv.PROD.a(drv_adc.PROD.o)
                0x00200000                ADcoeff
 .data          0x00200004        0x0 Libs/libdrv.PROD.a(drv_dio.PROD.o)
 .data          0x00200004        0x0 Libs/libdrv.PROD.a(stdio_strtol.PROD.o)
 .data          0x00200004        0x0 /home/name/test_kit/arm-gnu-toolchain-13.3.rel1-x86_64-arm-none-eabi/bin/../lib/gcc/arm-none-eabi/13.3.1/thumb/nofp/libgcc.a(_arm_muldf3.o)
 .data          0x00200004        0x0 /home/name/test_kit/arm-gnu-toolchain-13.3.rel1-x86_64-arm-none-eabi/bin/../lib/gcc/arm-none-eabi/13.3.1/thumb/nofp/libgcc.a(_udivsi3.o)
 .data          0x00200004        0x0 /home/name/test_kit/arm-gnu-toolchain-13.3.rel1-x86_64-arm-none-eabi/bin/../lib/gcc/arm-none-eabi/13.3.1/thumb/nofp/libgcc.a(_divsi3.o)
 .data          0x00200004        0x0 /home/name/test_kit/arm-gnu-toolchain-13.3.rel1-x86_64-arm-none-eabi/bin/../lib/gcc/arm-none-eabi/13.3.1/thumb/nofp/libgcc.a(_dvmd_tls.o)
 .data          0x00200004        0x0 /home/name/test_kit/arm-gnu-toolchain-13.3.rel1-x86_64-arm-none-eabi/bin/../lib/gcc/arm-none-eabi/13.3.1/thumb/nofp/libgcc.a(_arm_addsubdf3.o)
 .data          0x00200004        0x0 /home/name/test_kit/arm-gnu-toolchain-13.3.rel1-x86_64-arm-none-eabi/bin/../lib/gcc/arm-none-eabi/13.3.1/thumb/nofp/libgcc.a(_arm_fixdfsi.o)
 .data          0x00200004        0x0 /home/name/test_kit/arm-gnu-toolchain-13.3.rel1-x86_64-arm-none-eabi/bin/../lib/gcc/arm-none-eabi/13.3.1/thumb/nofp/libgcc.a(_aeabi_uldivmod.o)
 .data          0x00200004        0x0 /home/name/test_kit/arm-gnu-toolchain-13.3.rel1-x86_64-arm-none-eabi/bin/../lib/gcc/arm-none-eabi/13.3.1/thumb/nofp/libgcc.a(_udivmoddi4.o)
 .data          0x00200004        0x0 /home/name/test_kit/arm-gnu-toolchain-13.3.rel1-x86_64-arm-none-eabi/bin/../lib/gcc/arm-none-eabi/13.3.1/thumb/nofp/libgcc.a(_clzdi2.o)
 .data          0x00200004        0x0 /home/name/test_kit/arm-gnu-toolchain-13.3.rel1-x86_64-arm-none-eabi/bin/../lib/gcc/arm-none-eabi/13.3.1/thumb/nofp/libgcc.a(_clzsi2.o)
 .data          0x00200004        0x0 /home/name/test_kit/arm-gnu-toolchain-13.3.rel1-x86_64-arm-none-eabi/bin/../lib/gcc/arm-none-eabi/13.3.1/../../../../arm-none-eabi/lib/thumb/nofp/libc.a(libc_a-memcpy-stub.o)
 .data          0x00200004        0x0 /home/name/test_kit/arm-gnu-toolchain-13.3.rel1-x86_64-arm-none-eabi/bin/../lib/gcc/arm-none-eabi/13.3.1/../../../../arm-none-eabi/lib/thumb/nofp/libc.a(libc_a-strlen-stub.o)
 .data          0x00200004        0x0 /home/name/test_kit/arm-gnu-toolchain-13.3.rel1-x86_64-arm-none-eabi/bin/../lib/gcc/arm-none-eabi/13.3.1/../../../../arm-none-eabi/lib/thumb/nofp/libc.a(libc_a-strnlen.o)
 .data          0x00200004        0x0 /home/name/test_kit/arm-gnu-toolchain-13.3.rel1-x86_64-arm-none-eabi/bin/../lib/gcc/arm-none-eabi/13.3.1/../../../../arm-none-eabi/lib/thumb/nofp/libc.a(libc_a-memcmp.o)
 .data          0x00200004        0x0 /home/name/test_kit/arm-gnu-toolchain-13.3.rel1-x86_64-arm-none-eabi/bin/../lib/gcc/arm-none-eabi/13.3.1/../../../../arm-none-eabi/lib/thumb/nofp/libc.a(libc_a-memset.o)
 .data          0x00200004        0x0 /home/name/test_kit/arm-gnu-toolchain-13.3.rel1-x86_64-arm-none-eabi/bin/../lib/gcc/arm-none-eabi/13.3.1/../../../../arm-none-eabi/lib/thumb/nofp/libc.a(libc_a-ctype_.o)

.igot.plt       0x00200004        0x0 load address 0x0000aa84
 .igot.plt      0x00200004        0x0 Libs/RTXCstartup.PROD.o
                0x00200004                        . = ALIGN (0x4)
                0x00200004                        _edata = .
                [!provide]                        PROVIDE (edata = .)

.bss            0x00200004     0x2de8 load address 0x0000aa84
                0x00200004                        __bss_start = .
                0x00200004                        __bss_start__ = .
 *(.bss)
 .bss           0x00200004        0x0 Libs/RTXCstartup.PROD.o
 .bss           0x00200004        0x0 Libs/RTXCutil.PROD.o
 .bss           0x00200004        0x0 Libs/RTXCsys32.PROD.o
 .bss           0x00200004       0x90 Objs/main.PROD.o
                0x00200004                rtxtcb
 .bss           0x00200094      0x31c Objs/tasks.PROD.o
                0x00200094                GlobTimer
                0x00200098                GlobCurrTimer
                0x00200130                CanMsg
                0x00200230                CanLenMsg
                0x002002b0                CanCurrTimer
                0x00200330                CanTimer
 .bss           0x002003b0        0x0 Libs/librtxc.PROD.a(rtxcinit.PROD.o)
 .bss           0x002003b0        0x0 Libs/librtxc.PROD.a(rtxcapi.PROD.o)
 .bss           0x002003b0       0x2c Libs/librtxc.PROD.a(rtxc.PROD.o)
                0x002003b0                clkqptr
                0x002003b4                rtctick
                0x002003b8                hipritsk
                0x002003bc                semaput
                0x002003c0                scheduler
                0x002003c4                nsrttcb
                0x002003c8                semaget
                0x002003cc                t_expired
                0x002003d0                sliceup
                0x002003d4                isrcnt
                0x002003d8                kernellastrunstack
 .bss           0x002003dc        0x0 Libs/librtxc.PROD.a(lock.PROD.o)
 .bss           0x002003dc     0x1828 Libs/libdrv.PROD.a(cpart.PROD.o)
                0x002003dc                pheader
 .bss           0x00201c04      0xa10 Libs/libdrv.PROD.a(cqueue.PROD.o)
                0x00201c04                qheader
 .bss           0x00202614       0x8c Libs/libdrv.PROD.a(cres.PROD.o)
                0x00202614                rheader
 .bss           0x002026a0       0x48 Libs/libdrv.PROD.a(csema.PROD.o)
                0x002026a0                semat
                0x002026c8                siglist
 .bss           0x002026e8      0x12c Libs/libdrv.PROD.a(extapi.PROD.o)
                0x00202714                extapibuf
 .bss           0x00202814        0x0 Libs/libdrv.PROD.a(cvtdate.PROD.o)
 .bss           0x00202814        0x1 Libs/libdrv.PROD.a(flashapi.PROD.o)
                0x00202814                flashcode
 .bss           0x00202815        0x0 Libs/libdrv.PROD.a(stdio_vsprintf.PROD.o)
 .bss           0x00202815        0x0 Libs/libdrv.PROD.a(stdio_printf.PROD.o)
 .bss           0x00202815        0x0 Libs/libdrv.PROD.a(stdio_puts.PROD.o)
 *fill*         0x00202815        0x3 
 .bss           0x00202818       0x24 Libs/libdrv.PROD.a(drv_clk.PROD.o)
                0x00202820                led_counter
                0x00202824                led_prescaler
                0x00202828                led_curmask
                0x00202830                led_bitnum
                0x00202834                led_mask
 .bss           0x0020283c       0xd8 Libs/libdrv.PROD.a(drv_uart.PROD.o)
                0x0020283c                rxbuffidx
                0x00202840                iptr
                0x00202844                nptr
                0x00202848                com0err
                0x0020284a                com1err
                0x0020284c                com2err
                0x0020284e                com3err
                0x00202850                cptr
                0x00202894                rxbuff
 .bss           0x00202914        0xa Libs/libdrv.PROD.a(drv_can.PROD.o)
                0x00202914                int_pend
                0x00202918                int_mask
                0x0020291c                CanStatus
 .bss           0x0020291e        0x2 Libs/libdrv.PROD.a(drv_spi.PROD.o)
                0x0020291e                spi0err
                0x0020291f                spi0start
 .bss           0x00202920        0xa Libs/libdrv.PROD.a(drv_twi.PROD.o)
                0x00202920                twibuflen
                0x00202924                twibufptr
                0x00202928                twi0err
 *fill*         0x0020292a        0x2 
 .bss           0x0020292c       0x12 Libs/libdrv.PROD.a(drv_usb.PROD.o)
                0x0020292c                currDataLen
                0x00202930                currDataPtr
                0x00202934                currConfiguration
                0x00202935                currConnection
                0x00202938                currRcvBank
                0x0020293c                usberr
 .bss           0x0020293e        0x0 Libs/libdrv.PROD.a(drv_adc.PROD.o)
 .bss           0x0020293e        0x0 Libs/libdrv.PROD.a(drv_dio.PROD.o)
 .bss           0x0020293e        0x0 Libs/libdrv.PROD.a(stdio_strtol.PROD.o)
 .bss           0x0020293e        0x0 /home/name/test_kit/arm-gnu-toolchain-13.3.rel1-x86_64-arm-none-eabi/bin/../lib/gcc/arm-none-eabi/13.3.1/thumb/nofp/libgcc.a(_arm_muldf3.o)
 .bss           0x0020293e        0x0 /home/name/test_kit/arm-gnu-toolchain-13.3.rel1-x86_64-arm-none-eabi/bin/../lib/gcc/arm-none-eabi/13.3.1/thumb/nofp/libgcc.a(_udivsi3.o)
 .bss           0x0020293e        0x0 /home/name/test_kit/arm-gnu-toolchain-13.3.rel1-x86_64-arm-none-eabi/bin/../lib/gcc/arm-none-eabi/13.3.1/thumb/nofp/libgcc.a(_divsi3.o)
 .bss           0x0020293e        0x0 /home/name/test_kit/arm-gnu-toolchain-13.3.rel1-x86_64-arm-none-eabi/bin/../lib/gcc/arm-none-eabi/13.3.1/thumb/nofp/libgcc.a(_dvmd_tls.o)
 .bss           0x0020293e        0x0 /home/name/test_kit/arm-gnu-toolchain-13.3.rel1-x86_64-arm-none-eabi/bin/../lib/gcc/arm-none-eabi/13.3.1/thumb/nofp/libgcc.a(_arm_addsubdf3.o)
 .bss           0x0020293e        0x0 /home/name/test_kit/arm-gnu-toolchain-13.3.rel1-x86_64-arm-none-eabi/bin/../lib/gcc/arm-none-eabi/13.3.1/thumb/nofp/libgcc.a(_arm_fixdfsi.o)
 .bss           0x0020293e        0x0 /home/name/test_kit/arm-gnu-toolchain-13.3.rel1-x86_64-arm-none-eabi/bin/../lib/gcc/arm-none-eabi/13.3.1/thumb/nofp/libgcc.a(_aeabi_uldivmod.o)
 .bss           0x0020293e        0x0 /home/name/test_kit/arm-gnu-toolchain-13.3.rel1-x86_64-arm-none-eabi/bin/../lib/gcc/arm-none-eabi/13.3.1/thumb/nofp/libgcc.a(_udivmoddi4.o)
 .bss           0x0020293e        0x0 /home/name/test_kit/arm-gnu-toolchain-13.3.rel1-x86_64-arm-none-eabi/bin/../lib/gcc/arm-none-eabi/13.3.1/thumb/nofp/libgcc.a(_clzdi2.o)
 .bss           0x0020293e        0x0 /home/name/test_kit/arm-gnu-toolchain-13.3.rel1-x86_64-arm-none-eabi/bin/../lib/gcc/arm-none-eabi/13.3.1/thumb/nofp/libgcc.a(_clzsi2.o)
 .bss           0x0020293e        0x0 /home/name/test_kit/arm-gnu-toolchain-13.3.rel1-x86_64-arm-none-eabi/bin/../lib/gcc/arm-none-eabi/13.3.1/../../../../arm-none-eabi/lib/thumb/nofp/libc.a(libc_a-memcpy-stub.o)
 .bss           0x0020293e        0x0 /home/name/test_kit/arm-gnu-toolchain-13.3.rel1-x86_64-arm-none-eabi/bin/../lib/gcc/arm-none-eabi/13.3.1/../../../../arm-none-eabi/lib/thumb/nofp/libc.a(libc_a-strlen-stub.o)
 .bss           0x0020293e        0x0 /home/name/test_kit/arm-gnu-toolchain-13.3.rel1-x86_64-arm-none-eabi/bin/../lib/gcc/arm-none-eabi/13.3.1/../../../../arm-none-eabi/lib/thumb/nofp/libc.a(libc_a-strnlen.o)
 .bss           0x0020293e        0x0 /home/name/test_kit/arm-gnu-toolchain-13.3.rel1-x86_64-arm-none-eabi/bin/../lib/gcc/arm-none-eabi/13.3.1/../../../../arm-none-eabi/lib/thumb/nofp/libc.a(libc_a-memcmp.o)
 .bss           0x0020293e        0x0 /home/name/test_kit/arm-gnu-toolchain-13.3.rel1-x86_64-arm-none-eabi/bin/../lib/gcc/arm-none-eabi/13.3.1/../../../../arm-none-eabi/lib/thumb/nofp/libc.a(libc_a-memset.o)
 .bss           0x0020293e        0x0 /home/name/test_kit/arm-gnu-toolchain-13.3.rel1-x86_64-arm-none-eabi/bin/../lib/gcc/arm-none-eabi/13.3.1/../../../../arm-none-eabi/lib/thumb/nofp/libc.a(libc_a-ctype_.o)
 *(COMMON)
                0x00202940                        . = ALIGN (0x4)
 *fill*         0x0020293e        0x2 
                0x00202940                        __bss_end = .
                0x00202940                        __bss_end__ = .
                0x00202940                        __noinit_start = .
 *(.noinit)
 .noinit        0x00202940        0x4 Libs/RTXCutil.PROD.o
                0x00202940                current_clock
 .noinit        0x00202944      0x4a8 Objs/main.PROD.o
                0x00202dec                        __noinit_end = .

.int_data       0x00208000        0x0
 *(.internal_ram_top)
 .internal_ram_top
                0x00208000        0x0 Libs/RTXCstartup.PROD.o
                0x00208000                        ram_end = ADDR (.int_data)
OUTPUT(Objs/main.PROD.elf elf32-littlearm)
LOAD linker stubs

.reset          0x00000000        0x0
 .reset         0x00000000        0x0 Libs/RTXCstartup.PROD.o

.ARM.attributes
                0x00000000       0x26
 .ARM.attributes
                0x00000000       0x1a Libs/RTXCstartup.PROD.o
 .ARM.attributes
                0x0000001a       0x2a Libs/RTXCutil.PROD.o
 .ARM.attributes
                0x00000044       0x2a Libs/RTXCsys32.PROD.o
 .ARM.attributes
                0x0000006e       0x2a Objs/main.PROD.o
 .ARM.attributes
                0x00000098       0x2a Objs/tasks.PROD.o
 .ARM.attributes
                0x000000c2       0x2a Libs/librtxc.PROD.a(rtxcinit.PROD.o)
 .ARM.attributes
                0x000000ec       0x2a Libs/librtxc.PROD.a(rtxcapi.PROD.o)
 .ARM.attributes
                0x00000116       0x2a Libs/librtxc.PROD.a(rtxc.PROD.o)
 .ARM.attributes
                0x00000140       0x1a Libs/librtxc.PROD.a(lock.PROD.o)
 .ARM.attributes
                0x0000015a       0x2a Libs/libdrv.PROD.a(cpart.PROD.o)
 .ARM.attributes
                0x00000184       0x2a Libs/libdrv.PROD.a(cqueue.PROD.o)
 .ARM.attributes
                0x000001ae       0x2a Libs/libdrv.PROD.a(cres.PROD.o)
 .ARM.attributes
                0x000001d8       0x2a Libs/libdrv.PROD.a(csema.PROD.o)
 .ARM.attributes
                0x00000202       0x2a Libs/libdrv.PROD.a(extapi.PROD.o)
 .ARM.attributes
                0x0000022c       0x2a Libs/libdrv.PROD.a(cvtdate.PROD.o)
 .ARM.attributes
                0x00000256       0x2a Libs/libdrv.PROD.a(flashapi.PROD.o)
 .ARM.attributes
                0x00000280       0x2a Libs/libdrv.PROD.a(stdio_vsprintf.PROD.o)
 .ARM.attributes
                0x000002aa       0x2a Libs/libdrv.PROD.a(stdio_printf.PROD.o)
 .ARM.attributes
                0x000002d4       0x2a Libs/libdrv.PROD.a(stdio_puts.PROD.o)
 .ARM.attributes
                0x000002fe       0x2a Libs/libdrv.PROD.a(drv_clk.PROD.o)
 .ARM.attributes
                0x00000328       0x2a Libs/libdrv.PROD.a(drv_uart.PROD.o)
 .ARM.attributes
                0x00000352       0x2a Libs/libdrv.PROD.a(drv_can.PROD.o)
 .ARM.attributes
                0x0000037c       0x2a Libs/libdrv.PROD.a(drv_spi.PROD.o)
 .ARM.attributes
                0x000003a6       0x2a Libs/libdrv.PROD.a(drv_twi.PROD.o)
 .ARM.attributes
                0x000003d0       0x2a Libs/libdrv.PROD.a(drv_usb.PROD.o)
 .ARM.attributes
                0x000003fa       0x2a Libs/libdrv.PROD.a(drv_adc.PROD.o)
 .ARM.attributes
                0x00000424       0x2a Libs/libdrv.PROD.a(drv_dio.PROD.o)
 .ARM.attributes
                0x0000044e       0x2a Libs/libdrv.PROD.a(stdio_strtol.PROD.o)
 .ARM.attributes
                0x00000478       0x1c /home/name/test_kit/arm-gnu-toolchain-13.3.rel1-x86_64-arm-none-eabi/bin/../lib/gcc/arm-none-eabi/13.3.1/thumb/nofp/libgcc.a(_arm_muldf3.o)
 .ARM.attributes
                0x00000494       0x1c /home/name/test_kit/arm-gnu-toolchain-13.3.rel1-x86_64-arm-none-eabi/bin/../lib/gcc/arm-none-eabi/13.3.1/thumb/nofp/libgcc.a(_udivsi3.o)
 .ARM.attributes
                0x000004b0       0x1c /home/name/test_kit/arm-gnu-toolchain-13.3.rel1-x86_64-arm-none-eabi/bin/../lib/gcc/arm-none-eabi/13.3.1/thumb/nofp/libgcc.a(_divsi3.o)
 .ARM.attributes
                0x000004cc       0x1c /home/name/test_kit/arm-gnu-toolchain-13.3.rel1-x86_64-arm-none-eabi/bin/../lib/gcc/arm-none-eabi/13.3.1/thumb/nofp/libgcc.a(_dvmd_tls.o)
 .ARM.attributes
                0x000004e8       0x1c /home/name/test_kit/arm-gnu-toolchain-13.3.rel1-x86_64-arm-none-eabi/bin/../lib/gcc/arm-none-eabi/13.3.1/thumb/nofp/libgcc.a(_arm_addsubdf3.o)
 .ARM.attributes
                0x00000504       0x1c /home/name/test_kit/arm-gnu-toolchain-13.3.rel1-x86_64-arm-none-eabi/bin/../lib/gcc/arm-none-eabi/13.3.1/thumb/nofp/libgcc.a(_arm_fixdfsi.o)
 .ARM.attributes
                0x00000520       0x1c /home/name/test_kit/arm-gnu-toolchain-13.3.rel1-x86_64-arm-none-eabi/bin/../lib/gcc/arm-none-eabi/13.3.1/thumb/nofp/libgcc.a(_aeabi_uldivmod.o)
 .ARM.attributes
                0x0000053c       0x2a /home/name/test_kit/arm-gnu-toolchain-13.3.rel1-x86_64-arm-none-eabi/bin/../lib/gcc/arm-none-eabi/13.3.1/thumb/nofp/libgcc.a(_udivmoddi4.o)
 .ARM.attributes
                0x00000566       0x1c /home/name/test_kit/arm-gnu-toolchain-13.3.rel1-x86_64-arm-none-eabi/bin/../lib/gcc/arm-none-eabi/13.3.1/thumb/nofp/libgcc.a(_clzdi2.o)
 .ARM.attributes
                0x00000582       0x1c /home/name/test_kit/arm-gnu-toolchain-13.3.rel1-x86_64-arm-none-eabi/bin/../lib/gcc/arm-none-eabi/13.3.1/thumb/nofp/libgcc.a(_clzsi2.o)
 .ARM.attributes
                0x0000059e       0x2a /home/name/test_kit/arm-gnu-toolchain-13.3.rel1-x86_64-arm-none-eabi/bin/../lib/gcc/arm-none-eabi/13.3.1/../../../../arm-none-eabi/lib/thumb/nofp/libc.a(libc_a-memcpy-stub.o)
 .ARM.attributes
                0x000005c8       0x2a /home/name/test_kit/arm-gnu-toolchain-13.3.rel1-x86_64-arm-none-eabi/bin/../lib/gcc/arm-none-eabi/13.3.1/../../../../arm-none-eabi/lib/thumb/nofp/libc.a(libc_a-strlen-stub.o)
 .ARM.attributes
                0x000005f2       0x2a /home/name/test_kit/arm-gnu-toolchain-13.3.rel1-x86_64-arm-none-eabi/bin/../lib/gcc/arm-none-eabi/13.3.1/../../../../arm-none-eabi/lib/thumb/nofp/libc.a(libc_a-strnlen.o)
 .ARM.attributes
                0x0000061c       0x2a /home/name/test_kit/arm-gnu-toolchain-13.3.rel1-x86_64-arm-none-eabi/bin/../lib/gcc/arm-none-eabi/13.3.1/../../../../arm-none-eabi/lib/thumb/nofp/libc.a(libc_a-memcmp.o)
 .ARM.attributes
                0x00000646       0x2a /home/name/test_kit/arm-gnu-toolchain-13.3.rel1-x86_64-arm-none-eabi/bin/../lib/gcc/arm-none-eabi/13.3.1/../../../../arm-none-eabi/lib/thumb/nofp/libc.a(libc_a-memset.o)
 .ARM.attributes
                0x00000670       0x2a /home/name/test_kit/arm-gnu-toolchain-13.3.rel1-x86_64-arm-none-eabi/bin/../lib/gcc/arm-none-eabi/13.3.1/../../../../arm-none-eabi/lib/thumb/nofp/libc.a(libc_a-ctype_.o)

.comment        0x00000000       0x45
 .comment       0x00000000       0x45 Libs/RTXCutil.PROD.o
                                 0x46 (size before relaxing)
 .comment       0x00000045       0x46 Libs/RTXCsys32.PROD.o
 .comment       0x00000045       0x46 Objs/main.PROD.o
 .comment       0x00000045       0x46 Objs/tasks.PROD.o
 .comment       0x00000045       0x46 Libs/librtxc.PROD.a(rtxcinit.PROD.o)
 .comment       0x00000045       0x46 Libs/librtxc.PROD.a(rtxcapi.PROD.o)
 .comment       0x00000045       0x46 Libs/librtxc.PROD.a(rtxc.PROD.o)
 .comment       0x00000045       0x46 Libs/libdrv.PROD.a(cpart.PROD.o)
 .comment       0x00000045       0x46 Libs/libdrv.PROD.a(cqueue.PROD.o)
 .comment       0x00000045       0x46 Libs/libdrv.PROD.a(cres.PROD.o)
 .comment       0x00000045       0x46 Libs/libdrv.PROD.a(csema.PROD.o)
 .comment       0x00000045       0x46 Libs/libdrv.PROD.a(extapi.PROD.o)
 .comment       0x00000045       0x46 Libs/libdrv.PROD.a(cvtdate.PROD.o)
 .comment       0x00000045       0x46 Libs/libdrv.PROD.a(flashapi.PROD.o)
 .comment       0x00000045       0x46 Libs/libdrv.PROD.a(stdio_vsprintf.PROD.o)
 .comment       0x00000045       0x46 Libs/libdrv.PROD.a(stdio_printf.PROD.o)
 .comment       0x00000045       0x46 Libs/libdrv.PROD.a(stdio_puts.PROD.o)
 .comment       0x00000045       0x46 Libs/libdrv.PROD.a(drv_clk.PROD.o)
 .comment       0x00000045       0x46 Libs/libdrv.PROD.a(drv_uart.PROD.o)
 .comment       0x00000045       0x46 Libs/libdrv.PROD.a(drv_can.PROD.o)
 .comment       0x00000045       0x46 Libs/libdrv.PROD.a(drv_spi.PROD.o)
 .comment       0x00000045       0x46 Libs/libdrv.PROD.a(drv_twi.PROD.o)
 .comment       0x00000045       0x46 Libs/libdrv.PROD.a(drv_usb.PROD.o)
 .comment       0x00000045       0x46 Libs/libdrv.PROD.a(drv_adc.PROD.o)
 .comment       0x00000045       0x46 Libs/libdrv.PROD.a(drv_dio.PROD.o)
 .comment       0x00000045       0x46 Libs/libdrv.PROD.a(stdio_strtol.PROD.o)

.debug_line     0x00000000     0xd0c7
 .debug_line    0x00000000      0x113 Libs/RTXCstartup.PROD.o
 .debug_line    0x00000113      0x6f2 Libs/RTXCutil.PROD.o
 .debug_line    0x00000805       0x7b Libs/RTXCsys32.PROD.o
 .debug_line    0x00000880      0x218 Objs/main.PROD.o
 .debug_line    0x00000a98     0x1fb7 Objs/tasks.PROD.o
 .debug_line    0x00002a4f       0x66 Libs/librtxc.PROD.a(rtxcinit.PROD.o)
 .debug_line    0x00002ab5      0xb6c Libs/librtxc.PROD.a(rtxcapi.PROD.o)
 .debug_line    0x00003621     0x2623 Libs/librtxc.PROD.a(rtxc.PROD.o)
 .debug_line    0x00005c44       0x62 Libs/librtxc.PROD.a(lock.PROD.o)
 .debug_line    0x00005ca6       0x62 Libs/libdrv.PROD.a(cpart.PROD.o)
 .debug_line    0x00005d08       0x64 Libs/libdrv.PROD.a(cqueue.PROD.o)
 .debug_line    0x00005d6c       0x60 Libs/libdrv.PROD.a(cres.PROD.o)
 .debug_line    0x00005dcc       0x54 Libs/libdrv.PROD.a(csema.PROD.o)
 .debug_line    0x00005e20     0x19c1 Libs/libdrv.PROD.a(extapi.PROD.o)
 .debug_line    0x000077e1      0x345 Libs/libdrv.PROD.a(cvtdate.PROD.o)
 .debug_line    0x00007b26      0x4ef Libs/libdrv.PROD.a(flashapi.PROD.o)
 .debug_line    0x00008015      0xe27 Libs/libdrv.PROD.a(stdio_vsprintf.PROD.o)
 .debug_line    0x00008e3c      0x157 Libs/libdrv.PROD.a(stdio_printf.PROD.o)
 .debug_line    0x00008f93       0x8b Libs/libdrv.PROD.a(stdio_puts.PROD.o)
 .debug_line    0x0000901e      0x519 Libs/libdrv.PROD.a(drv_clk.PROD.o)
 .debug_line    0x00009537      0xf0a Libs/libdrv.PROD.a(drv_uart.PROD.o)
 .debug_line    0x0000a441      0x822 Libs/libdrv.PROD.a(drv_can.PROD.o)
 .debug_line    0x0000ac63      0x355 Libs/libdrv.PROD.a(drv_spi.PROD.o)
 .debug_line    0x0000afb8      0x49c Libs/libdrv.PROD.a(drv_twi.PROD.o)
 .debug_line    0x0000b454     0x11ca Libs/libdrv.PROD.a(drv_usb.PROD.o)
 .debug_line    0x0000c61e      0x264 Libs/libdrv.PROD.a(drv_adc.PROD.o)
 .debug_line    0x0000c882      0x657 Libs/libdrv.PROD.a(drv_dio.PROD.o)
 .debug_line    0x0000ced9      0x1ee Libs/libdrv.PROD.a(stdio_strtol.PROD.o)

.debug_line_str
                0x00000000      0x139
 .debug_line_str
                0x00000000      0x139 Libs/RTXCstartup.PROD.o
                                 0x56 (size before relaxing)
 .debug_line_str
                0x00000139       0x42 Libs/librtxc.PROD.a(lock.PROD.o)
 .debug_line_str
                0x00000139       0xbe /home/name/test_kit/arm-gnu-toolchain-13.3.rel1-x86_64-arm-none-eabi/bin/../lib/gcc/arm-none-eabi/13.3.1/thumb/nofp/libgcc.a(_arm_muldf3.o)
 .debug_line_str
                0x00000139       0xbd /home/name/test_kit/arm-gnu-toolchain-13.3.rel1-x86_64-arm-none-eabi/bin/../lib/gcc/arm-none-eabi/13.3.1/thumb/nofp/libgcc.a(_udivsi3.o)
 .debug_line_str
                0x00000139       0xbd /home/name/test_kit/arm-gnu-toolchain-13.3.rel1-x86_64-arm-none-eabi/bin/../lib/gcc/arm-none-eabi/13.3.1/thumb/nofp/libgcc.a(_divsi3.o)
 .debug_line_str
                0x00000139       0xbd /home/name/test_kit/arm-gnu-toolchain-13.3.rel1-x86_64-arm-none-eabi/bin/../lib/gcc/arm-none-eabi/13.3.1/thumb/nofp/libgcc.a(_dvmd_tls.o)
 .debug_line_str
                0x00000139       0xbe /home/name/test_kit/arm-gnu-toolchain-13.3.rel1-x86_64-arm-none-eabi/bin/../lib/gcc/arm-none-eabi/13.3.1/thumb/nofp/libgcc.a(_arm_addsubdf3.o)
 .debug_line_str
                0x00000139       0xbe /home/name/test_kit/arm-gnu-toolchain-13.3.rel1-x86_64-arm-none-eabi/bin/../lib/gcc/arm-none-eabi/13.3.1/thumb/nofp/libgcc.a(_arm_fixdfsi.o)
 .debug_line_str
                0x00000139       0xb9 /home/name/test_kit/arm-gnu-toolchain-13.3.rel1-x86_64-arm-none-eabi/bin/../lib/gcc/arm-none-eabi/13.3.1/thumb/nofp/libgcc.a(_aeabi_uldivmod.o)
 .debug_line_str
                0x00000139       0xbd /home/name/test_kit/arm-gnu-toolchain-13.3.rel1-x86_64-arm-none-eabi/bin/../lib/gcc/arm-none-eabi/13.3.1/thumb/nofp/libgcc.a(_clzdi2.o)
 .debug_line_str
                0x00000139       0xbd /home/name/test_kit/arm-gnu-toolchain-13.3.rel1-x86_64-arm-none-eabi/bin/../lib/gcc/arm-none-eabi/13.3.1/thumb/nofp/libgcc.a(_clzsi2.o)

.debug_info     0x00000000    0x140d7
 .debug_info    0x00000000       0x25 Libs/RTXCstartup.PROD.o
 .debug_info    0x00000025      0x912 Libs/RTXCutil.PROD.o
 .debug_info    0x00000937       0xc8 Libs/RTXCsys32.PROD.o
 .debug_info    0x000009ff      0xa9d Objs/main.PROD.o
 .debug_info    0x0000149c     0x256d Objs/tasks.PROD.o
 .debug_info    0x00003a09       0x94 Libs/librtxc.PROD.a(rtxcinit.PROD.o)
 .debug_info    0x00003a9d     0x190f Libs/librtxc.PROD.a(rtxcapi.PROD.o)
 .debug_info    0x000053ac     0x1ff8 Libs/librtxc.PROD.a(rtxc.PROD.o)
 .debug_info    0x000073a4       0x24 Libs/librtxc.PROD.a(lock.PROD.o)
 .debug_info    0x000073c8      0x40e Libs/libdrv.PROD.a(cpart.PROD.o)
 .debug_info    0x000077d6      0x62f Libs/libdrv.PROD.a(cqueue.PROD.o)
 .debug_info    0x00007e05      0x3c6 Libs/libdrv.PROD.a(cres.PROD.o)
 .debug_info    0x000081cb      0x1fe Libs/libdrv.PROD.a(csema.PROD.o)
 .debug_info    0x000083c9     0x2a1b Libs/libdrv.PROD.a(extapi.PROD.o)
 .debug_info    0x0000ade4      0xd36 Libs/libdrv.PROD.a(cvtdate.PROD.o)
 .debug_info    0x0000bb1a      0x6c2 Libs/libdrv.PROD.a(flashapi.PROD.o)
 .debug_info    0x0000c1dc      0x82a Libs/libdrv.PROD.a(stdio_vsprintf.PROD.o)
 .debug_info    0x0000ca06      0x182 Libs/libdrv.PROD.a(stdio_printf.PROD.o)
 .debug_info    0x0000cb88       0x9b Libs/libdrv.PROD.a(stdio_puts.PROD.o)
 .debug_info    0x0000cc23     0x1447 Libs/libdrv.PROD.a(drv_clk.PROD.o)
 .debug_info    0x0000e06a     0x14d3 Libs/libdrv.PROD.a(drv_uart.PROD.o)
 .debug_info    0x0000f53d      0xf04 Libs/libdrv.PROD.a(drv_can.PROD.o)
 .debug_info    0x00010441      0xa58 Libs/libdrv.PROD.a(drv_spi.PROD.o)
 .debug_info    0x00010e99      0xa93 Libs/libdrv.PROD.a(drv_twi.PROD.o)
 .debug_info    0x0001192c      0xff8 Libs/libdrv.PROD.a(drv_usb.PROD.o)
 .debug_info    0x00012924      0x8a6 Libs/libdrv.PROD.a(drv_adc.PROD.o)
 .debug_info    0x000131ca      0xd3c Libs/libdrv.PROD.a(drv_dio.PROD.o)
 .debug_info    0x00013f06      0x1d1 Libs/libdrv.PROD.a(stdio_strtol.PROD.o)

.debug_abbrev   0x00000000     0x3cf3
 .debug_abbrev  0x00000000       0x14 Libs/RTXCstartup.PROD.o
 .debug_abbrev  0x00000014      0x1d1 Libs/RTXCutil.PROD.o
 .debug_abbrev  0x000001e5       0x95 Libs/RTXCsys32.PROD.o
 .debug_abbrev  0x0000027a      0x296 Objs/main.PROD.o
 .debug_abbrev  0x00000510      0x3f6 Objs/tasks.PROD.o
 .debug_abbrev  0x00000906       0x4b Libs/librtxc.PROD.a(rtxcinit.PROD.o)
 .debug_abbrev  0x00000951      0x338 Libs/librtxc.PROD.a(rtxcapi.PROD.o)
 .debug_abbrev  0x00000c89      0x452 Libs/librtxc.PROD.a(rtxc.PROD.o)
 .debug_abbrev  0x000010db       0x14 Libs/librtxc.PROD.a(lock.PROD.o)
 .debug_abbrev  0x000010ef      0x117 Libs/libdrv.PROD.a(cpart.PROD.o)
 .debug_abbrev  0x00001206      0x12e Libs/libdrv.PROD.a(cqueue.PROD.o)
 .debug_abbrev  0x00001334      0x116 Libs/libdrv.PROD.a(cres.PROD.o)
 .debug_abbrev  0x0000144a       0xa7 Libs/libdrv.PROD.a(csema.PROD.o)
 .debug_abbrev  0x000014f1      0x4fd Libs/libdrv.PROD.a(extapi.PROD.o)
 .debug_abbrev  0x000019ee      0x211 Libs/libdrv.PROD.a(cvtdate.PROD.o)
 .debug_abbrev  0x00001bff      0x1fc Libs/libdrv.PROD.a(flashapi.PROD.o)
 .debug_abbrev  0x00001dfb      0x37f Libs/libdrv.PROD.a(stdio_vsprintf.PROD.o)
 .debug_abbrev  0x0000217a      0x137 Libs/libdrv.PROD.a(stdio_printf.PROD.o)
 .debug_abbrev  0x000022b1       0xa4 Libs/libdrv.PROD.a(stdio_puts.PROD.o)
 .debug_abbrev  0x00002355      0x3ae Libs/libdrv.PROD.a(drv_clk.PROD.o)
 .debug_abbrev  0x00002703      0x446 Libs/libdrv.PROD.a(drv_uart.PROD.o)
 .debug_abbrev  0x00002b49      0x38f Libs/libdrv.PROD.a(drv_can.PROD.o)
 .debug_abbrev  0x00002ed8      0x2e8 Libs/libdrv.PROD.a(drv_spi.PROD.o)
 .debug_abbrev  0x000031c0      0x278 Libs/libdrv.PROD.a(drv_twi.PROD.o)
 .debug_abbrev  0x00003438      0x42a Libs/libdrv.PROD.a(drv_usb.PROD.o)
 .debug_abbrev  0x00003862      0x18d Libs/libdrv.PROD.a(drv_adc.PROD.o)
 .debug_abbrev  0x000039ef      0x1fd Libs/libdrv.PROD.a(drv_dio.PROD.o)
 .debug_abbrev  0x00003bec      0x107 Libs/libdrv.PROD.a(stdio_strtol.PROD.o)

.debug_aranges  0x00000000      0x360
 .debug_aranges
                0x00000000       0x20 Libs/RTXCstartup.PROD.o
 .debug_aranges
                0x00000020       0x20 Libs/RTXCutil.PROD.o
 .debug_aranges
                0x00000040       0x20 Libs/RTXCsys32.PROD.o
 .debug_aranges
                0x00000060       0x20 Objs/main.PROD.o
 .debug_aranges
                0x00000080       0x20 Objs/tasks.PROD.o
 .debug_aranges
                0x000000a0       0x20 Libs/librtxc.PROD.a(rtxcinit.PROD.o)
 .debug_aranges
                0x000000c0       0x20 Libs/librtxc.PROD.a(rtxcapi.PROD.o)
 .debug_aranges
                0x000000e0       0x20 Libs/librtxc.PROD.a(rtxc.PROD.o)
 .debug_aranges
                0x00000100       0x20 Libs/librtxc.PROD.a(lock.PROD.o)
 .debug_aranges
                0x00000120       0x18 Libs/libdrv.PROD.a(cpart.PROD.o)
 .debug_aranges
                0x00000138       0x18 Libs/libdrv.PROD.a(cqueue.PROD.o)
 .debug_aranges
                0x00000150       0x18 Libs/libdrv.PROD.a(cres.PROD.o)
 .debug_aranges
                0x00000168       0x18 Libs/libdrv.PROD.a(csema.PROD.o)
 .debug_aranges
                0x00000180       0x20 Libs/libdrv.PROD.a(extapi.PROD.o)
 .debug_aranges
                0x000001a0       0x20 Libs/libdrv.PROD.a(cvtdate.PROD.o)
 .debug_aranges
                0x000001c0       0x20 Libs/libdrv.PROD.a(flashapi.PROD.o)
 .debug_aranges
                0x000001e0       0x20 Libs/libdrv.PROD.a(stdio_vsprintf.PROD.o)
 .debug_aranges
                0x00000200       0x20 Libs/libdrv.PROD.a(stdio_printf.PROD.o)
 .debug_aranges
                0x00000220       0x20 Libs/libdrv.PROD.a(stdio_puts.PROD.o)
 .debug_aranges
                0x00000240       0x20 Libs/libdrv.PROD.a(drv_clk.PROD.o)
 .debug_aranges
                0x00000260       0x20 Libs/libdrv.PROD.a(drv_uart.PROD.o)
 .debug_aranges
                0x00000280       0x20 Libs/libdrv.PROD.a(drv_can.PROD.o)
 .debug_aranges
                0x000002a0       0x20 Libs/libdrv.PROD.a(drv_spi.PROD.o)
 .debug_aranges
                0x000002c0       0x20 Libs/libdrv.PROD.a(drv_twi.PROD.o)
 .debug_aranges
                0x000002e0       0x20 Libs/libdrv.PROD.a(drv_usb.PROD.o)
 .debug_aranges
                0x00000300       0x20 Libs/libdrv.PROD.a(drv_adc.PROD.o)
 .debug_aranges
                0x00000320       0x20 Libs/libdrv.PROD.a(drv_dio.PROD.o)
 .debug_aranges
                0x00000340       0x20 Libs/libdrv.PROD.a(stdio_strtol.PROD.o)

.debug_str      0x00000000     0x2d88
 .debug_str     0x00000000     0x2d88 Libs/RTXCstartup.PROD.o
                                 0x64 (size before relaxing)
 .debug_str     0x00002d88      0x6e3 Libs/RTXCutil.PROD.o
 .debug_str     0x00002d88      0x17c Libs/RTXCsys32.PROD.o
 .debug_str     0x00002d88      0x682 Objs/main.PROD.o
 .debug_str     0x00002d88      0x84c Objs/tasks.PROD.o
 .debug_str     0x00002d88      0x105 Libs/librtxc.PROD.a(rtxcinit.PROD.o)
 .debug_str     0x00002d88      0x936 Libs/librtxc.PROD.a(rtxcapi.PROD.o)
 .debug_str     0x00002d88      0x99e Libs/librtxc.PROD.a(rtxc.PROD.o)
 .debug_str     0x00002d88       0x50 Libs/librtxc.PROD.a(lock.PROD.o)
 .debug_str     0x00002d88      0x270 Libs/libdrv.PROD.a(cpart.PROD.o)
 .debug_str     0x00002d88      0x3ae Libs/libdrv.PROD.a(cqueue.PROD.o)
 .debug_str     0x00002d88      0x2dd Libs/libdrv.PROD.a(cres.PROD.o)
 .debug_str     0x00002d88      0x29a Libs/libdrv.PROD.a(csema.PROD.o)
 .debug_str     0x00002d88      0xb23 Libs/libdrv.PROD.a(extapi.PROD.o)
 .debug_str     0x00002d88      0x932 Libs/libdrv.PROD.a(cvtdate.PROD.o)
 .debug_str     0x00002d88      0x3a1 Libs/libdrv.PROD.a(flashapi.PROD.o)
 .debug_str     0x00002d88      0x29d Libs/libdrv.PROD.a(stdio_vsprintf.PROD.o)
 .debug_str     0x00002d88      0x1a9 Libs/libdrv.PROD.a(stdio_printf.PROD.o)
 .debug_str     0x00002d88       0xd9 Libs/libdrv.PROD.a(stdio_puts.PROD.o)
 .debug_str     0x00002d88      0xc97 Libs/libdrv.PROD.a(drv_clk.PROD.o)
 .debug_str     0x00002d88      0x96d Libs/libdrv.PROD.a(drv_uart.PROD.o)
 .debug_str     0x00002d88      0x7c5 Libs/libdrv.PROD.a(drv_can.PROD.o)
 .debug_str     0x00002d88      0x751 Libs/libdrv.PROD.a(drv_spi.PROD.o)
 .debug_str     0x00002d88      0x702 Libs/libdrv.PROD.a(drv_twi.PROD.o)
 .debug_str     0x00002d88      0x79b Libs/libdrv.PROD.a(drv_usb.PROD.o)
 .debug_str     0x00002d88      0x6df Libs/libdrv.PROD.a(drv_adc.PROD.o)
 .debug_str     0x00002d88      0x572 Libs/libdrv.PROD.a(drv_dio.PROD.o)
 .debug_str     0x00002d88      0x199 Libs/libdrv.PROD.a(stdio_strtol.PROD.o)

.debug_loclists
                0x00000000     0x88e5
 .debug_loclists
                0x00000000      0x1bf Libs/RTXCutil.PROD.o
 .debug_loclists
                0x000001bf       0x5f Objs/main.PROD.o
 .debug_loclists
                0x0000021e     0x1999 Objs/tasks.PROD.o
 .debug_loclists
                0x00001bb7      0x49f Libs/librtxc.PROD.a(rtxcapi.PROD.o)
 .debug_loclists
                0x00002056     0x168a Libs/librtxc.PROD.a(rtxc.PROD.o)
 .debug_loclists
                0x000036e0     0x18c1 Libs/libdrv.PROD.a(extapi.PROD.o)
 .debug_loclists
                0x00004fa1      0x1b2 Libs/libdrv.PROD.a(cvtdate.PROD.o)
 .debug_loclists
                0x00005153      0x2ab Libs/libdrv.PROD.a(flashapi.PROD.o)
 .debug_loclists
                0x000053fe     0x10ad Libs/libdrv.PROD.a(stdio_vsprintf.PROD.o)
 .debug_loclists
                0x000064ab       0x24 Libs/libdrv.PROD.a(stdio_printf.PROD.o)
 .debug_loclists
                0x000064cf       0x2b Libs/libdrv.PROD.a(stdio_puts.PROD.o)
 .debug_loclists
                0x000064fa      0x280 Libs/libdrv.PROD.a(drv_clk.PROD.o)
 .debug_loclists
                0x0000677a      0xa1f Libs/libdrv.PROD.a(drv_uart.PROD.o)
 .debug_loclists
                0x00007199      0x7ee Libs/libdrv.PROD.a(drv_can.PROD.o)
 .debug_loclists
                0x00007987      0x12b Libs/libdrv.PROD.a(drv_spi.PROD.o)
 .debug_loclists
                0x00007ab2      0x2b7 Libs/libdrv.PROD.a(drv_twi.PROD.o)
 .debug_loclists
                0x00007d69      0x6e7 Libs/libdrv.PROD.a(drv_usb.PROD.o)
 .debug_loclists
                0x00008450       0xa2 Libs/libdrv.PROD.a(drv_adc.PROD.o)
 .debug_loclists
                0x000084f2      0x21e Libs/libdrv.PROD.a(drv_dio.PROD.o)
 .debug_loclists
                0x00008710      0x1d5 Libs/libdrv.PROD.a(stdio_strtol.PROD.o)

.debug_frame    0x00000000     0x1978
 .debug_frame   0x00000000       0x6c Libs/RTXCutil.PROD.o
 .debug_frame   0x0000006c       0x20 Libs/RTXCsys32.PROD.o
 .debug_frame   0x0000008c       0x60 Objs/main.PROD.o
 .debug_frame   0x000000ec       0xd8 Objs/tasks.PROD.o
 .debug_frame   0x000001c4       0x28 Libs/librtxc.PROD.a(rtxcinit.PROD.o)
 .debug_frame   0x000001ec      0x450 Libs/librtxc.PROD.a(rtxcapi.PROD.o)
 .debug_frame   0x0000063c      0x1e4 Libs/librtxc.PROD.a(rtxc.PROD.o)
 .debug_frame   0x00000820      0x524 Libs/libdrv.PROD.a(extapi.PROD.o)
 .debug_frame   0x00000d44       0xac Libs/libdrv.PROD.a(cvtdate.PROD.o)
 .debug_frame   0x00000df0       0xd4 Libs/libdrv.PROD.a(flashapi.PROD.o)
 .debug_frame   0x00000ec4      0x104 Libs/libdrv.PROD.a(stdio_vsprintf.PROD.o)
 .debug_frame   0x00000fc8       0x30 Libs/libdrv.PROD.a(stdio_printf.PROD.o)
 .debug_frame   0x00000ff8       0x28 Libs/libdrv.PROD.a(stdio_puts.PROD.o)
 .debug_frame   0x00001020      0x104 Libs/libdrv.PROD.a(drv_clk.PROD.o)
 .debug_frame   0x00001124      0x118 Libs/libdrv.PROD.a(drv_uart.PROD.o)
 .debug_frame   0x0000123c      0x110 Libs/libdrv.PROD.a(drv_can.PROD.o)
 .debug_frame   0x0000134c       0x80 Libs/libdrv.PROD.a(drv_spi.PROD.o)
 .debug_frame   0x000013cc       0xa0 Libs/libdrv.PROD.a(drv_twi.PROD.o)
 .debug_frame   0x0000146c      0x110 Libs/libdrv.PROD.a(drv_usb.PROD.o)
 .debug_frame   0x0000157c       0x5c Libs/libdrv.PROD.a(drv_adc.PROD.o)
 .debug_frame   0x000015d8       0xb0 Libs/libdrv.PROD.a(drv_dio.PROD.o)
 .debug_frame   0x00001688       0x4c Libs/libdrv.PROD.a(stdio_strtol.PROD.o)
 .debug_frame   0x000016d4       0x30 /home/name/test_kit/arm-gnu-toolchain-13.3.rel1-x86_64-arm-none-eabi/bin/../lib/gcc/arm-none-eabi/13.3.1/thumb/nofp/libgcc.a(_arm_muldf3.o)
 .debug_frame   0x00001704       0x20 /home/name/test_kit/arm-gnu-toolchain-13.3.rel1-x86_64-arm-none-eabi/bin/../lib/gcc/arm-none-eabi/13.3.1/thumb/nofp/libgcc.a(_udivsi3.o)
 .debug_frame   0x00001724       0x20 /home/name/test_kit/arm-gnu-toolchain-13.3.rel1-x86_64-arm-none-eabi/bin/../lib/gcc/arm-none-eabi/13.3.1/thumb/nofp/libgcc.a(_divsi3.o)
 .debug_frame   0x00001744       0xac /home/name/test_kit/arm-gnu-toolchain-13.3.rel1-x86_64-arm-none-eabi/bin/../lib/gcc/arm-none-eabi/13.3.1/thumb/nofp/libgcc.a(_arm_addsubdf3.o)
 .debug_frame   0x000017f0       0x24 /home/name/test_kit/arm-gnu-toolchain-13.3.rel1-x86_64-arm-none-eabi/bin/../lib/gcc/arm-none-eabi/13.3.1/thumb/nofp/libgcc.a(_arm_fixdfsi.o)
 .debug_frame   0x00001814       0x2c /home/name/test_kit/arm-gnu-toolchain-13.3.rel1-x86_64-arm-none-eabi/bin/../lib/gcc/arm-none-eabi/13.3.1/thumb/nofp/libgcc.a(_aeabi_uldivmod.o)
 .debug_frame   0x00001840       0x3c /home/name/test_kit/arm-gnu-toolchain-13.3.rel1-x86_64-arm-none-eabi/bin/../lib/gcc/arm-none-eabi/13.3.1/thumb/nofp/libgcc.a(_udivmoddi4.o)
 .debug_frame   0x0000187c       0x30 /home/name/test_kit/arm-gnu-toolchain-13.3.rel1-x86_64-arm-none-eabi/bin/../lib/gcc/arm-none-eabi/13.3.1/../../../../arm-none-eabi/lib/thumb/nofp/libc.a(libc_a-memcpy-stub.o)
 .debug_frame   0x000018ac       0x28 /home/name/test_kit/arm-gnu-toolchain-13.3.rel1-x86_64-arm-none-eabi/bin/../lib/gcc/arm-none-eabi/13.3.1/../../../../arm-none-eabi/lib/thumb/nofp/libc.a(libc_a-strlen-stub.o)
 .debug_frame   0x000018d4       0x28 /home/name/test_kit/arm-gnu-toolchain-13.3.rel1-x86_64-arm-none-eabi/bin/../lib/gcc/arm-none-eabi/13.3.1/../../../../arm-none-eabi/lib/thumb/nofp/libc.a(libc_a-strnlen.o)
 .debug_frame   0x000018fc       0x2c /home/name/test_kit/arm-gnu-toolchain-13.3.rel1-x86_64-arm-none-eabi/bin/../lib/gcc/arm-none-eabi/13.3.1/../../../../arm-none-eabi/lib/thumb/nofp/libc.a(libc_a-memcmp.o)
 .debug_frame   0x00001928       0x30 /home/name/test_kit/arm-gnu-toolchain-13.3.rel1-x86_64-arm-none-eabi/bin/../lib/gcc/arm-none-eabi/13.3.1/../../../../arm-none-eabi/lib/thumb/nofp/libc.a(libc_a-memset.o)
 .debug_frame   0x00001958       0x20 /home/name/test_kit/arm-gnu-toolchain-13.3.rel1-x86_64-arm-none-eabi/bin/../lib/gcc/arm-none-eabi/13.3.1/../../../../arm-none-eabi/lib/thumb/nofp/libc.a(libc_a-ctype_.o)

.debug_rnglists
                0x00000000      0x59e
 .debug_rnglists
                0x00000000       0x16 Objs/main.PROD.o
 .debug_rnglists
                0x00000016      0x220 Objs/tasks.PROD.o
 .debug_rnglists
                0x00000236       0xe0 Libs/librtxc.PROD.a(rtxc.PROD.o)
 .debug_rnglists
                0x00000316      0x11c Libs/libdrv.PROD.a(extapi.PROD.o)
 .debug_rnglists
                0x00000432       0x56 Libs/libdrv.PROD.a(stdio_vsprintf.PROD.o)
 .debug_rnglists
                0x00000488       0x36 Libs/libdrv.PROD.a(drv_clk.PROD.o)
 .debug_rnglists
                0x000004be       0x61 Libs/libdrv.PROD.a(drv_can.PROD.o)
 .debug_rnglists
                0x0000051f       0x69 Libs/libdrv.PROD.a(drv_usb.PROD.o)
 .debug_rnglists
                0x00000588       0x16 Libs/libdrv.PROD.a(stdio_strtol.PROD.o)

Cross Reference Table

Symbol                                            File
ADC_read                                          Libs/libdrv.PROD.a(drv_adc.PROD.o)
                                                  Objs/tasks.PROD.o
ADcoeff                                           Libs/libdrv.PROD.a(drv_adc.PROD.o)
AT91F_AIC_Configure                               Libs/libdrv.PROD.a(drv_clk.PROD.o)
                                                  Libs/libdrv.PROD.a(drv_usb.PROD.o)
                                                  Libs/libdrv.PROD.a(drv_twi.PROD.o)
                                                  Libs/libdrv.PROD.a(drv_spi.PROD.o)
                                                  Libs/libdrv.PROD.a(drv_can.PROD.o)
                                                  Libs/libdrv.PROD.a(drv_uart.PROD.o)
AT91F_CLOCKinit                                   Libs/RTXCutil.PROD.o
                                                  Objs/main.PROD.o
                                                  Libs/RTXCstartup.PROD.o
AT91F_Default_FIQ_handler                         Libs/RTXCstartup.PROD.o
                                                  Libs/libdrv.PROD.a(drv_clk.PROD.o)
AT91F_Default_IRQ_handler                         Libs/RTXCstartup.PROD.o
                                                  Libs/libdrv.PROD.a(drv_clk.PROD.o)
AT91F_Spurious_handler                            Libs/RTXCstartup.PROD.o
                                                  Libs/libdrv.PROD.a(drv_clk.PROD.o)
AT91F_WATCHDOGinit                                Libs/RTXCsys32.PROD.o
                                                  Libs/RTXCstartup.PROD.o
CAN_configure                                     Libs/libdrv.PROD.a(drv_can.PROD.o)
                                                  Objs/tasks.PROD.o
CAN_read                                          Libs/libdrv.PROD.a(drv_can.PROD.o)
                                                  Objs/tasks.PROD.o
CAN_speed                                         Libs/libdrv.PROD.a(drv_can.PROD.o)
                                                  Objs/tasks.PROD.o
CAN_status                                        Libs/libdrv.PROD.a(drv_can.PROD.o)
                                                  Objs/tasks.PROD.o
CAN_write                                         Libs/libdrv.PROD.a(drv_can.PROD.o)
                                                  Objs/tasks.PROD.o
CanCurrTimer                                      Objs/tasks.PROD.o
CanLenMsg                                         Objs/tasks.PROD.o
CanMsg                                            Objs/tasks.PROD.o
CanStatus                                         Libs/libdrv.PROD.a(drv_can.PROD.o)
                                                  Objs/tasks.PROD.o
CanTimer                                          Objs/tasks.PROD.o
CheckPointer                                      Libs/libdrv.PROD.a(extapi.PROD.o)
CodeUpgrade                                       Libs/RTXCstartup.PROD.o
                                                  Libs/libdrv.PROD.a(extapi.PROD.o)
EKS_AgreeShutdown                                 Libs/libdrv.PROD.a(extapi.PROD.o)
                                                  Objs/tasks.PROD.o
EKS_AskShutdown                                   Libs/libdrv.PROD.a(extapi.PROD.o)
                                                  Objs/tasks.PROD.o
EKS_EnqShutdown                                   Libs/libdrv.PROD.a(extapi.PROD.o)
EKS_FlashCheckSum                                 Libs/libdrv.PROD.a(extapi.PROD.o)
EKS_GetHHMM                                       Libs/libdrv.PROD.a(extapi.PROD.o)
EKS_GetSetup                                      Libs/libdrv.PROD.a(extapi.PROD.o)
                                                  Objs/tasks.PROD.o
EKS_LCK_FlashErase                                Libs/libdrv.PROD.a(extapi.PROD.o)
EKS_LCK_FlashRead                                 Libs/libdrv.PROD.a(extapi.PROD.o)
EKS_LCK_FlashWrite                                Libs/libdrv.PROD.a(extapi.PROD.o)
EKS_NewSetup                                      Libs/libdrv.PROD.a(extapi.PROD.o)
EKS_ParClear                                      Libs/libdrv.PROD.a(extapi.PROD.o)
EKS_ParRead                                       Libs/libdrv.PROD.a(extapi.PROD.o)
EKS_ParReadLong                                   Libs/libdrv.PROD.a(extapi.PROD.o)
EKS_ParReadShort                                  Libs/libdrv.PROD.a(extapi.PROD.o)
EKS_ParSize                                       Libs/libdrv.PROD.a(extapi.PROD.o)
EKS_ParWrite                                      Libs/libdrv.PROD.a(extapi.PROD.o)
EKS_ParWriteLong                                  Libs/libdrv.PROD.a(extapi.PROD.o)
EKS_ParWriteShort                                 Libs/libdrv.PROD.a(extapi.PROD.o)
EKS_Pkt2BufComp                                   Libs/libdrv.PROD.a(extapi.PROD.o)
EKS_PktBufAccTime                                 Libs/libdrv.PROD.a(extapi.PROD.o)
EKS_PktBufAdd                                     Libs/libdrv.PROD.a(extapi.PROD.o)
EKS_PktBufAddString                               Libs/libdrv.PROD.a(extapi.PROD.o)
EKS_PktBufCat                                     Libs/libdrv.PROD.a(extapi.PROD.o)
EKS_PktBufComp                                    Libs/libdrv.PROD.a(extapi.PROD.o)
EKS_PktBufComprexTime                             Libs/libdrv.PROD.a(extapi.PROD.o)
EKS_PktBufCopy                                    Libs/libdrv.PROD.a(extapi.PROD.o)
EKS_PktBufDuplicate                               Libs/libdrv.PROD.a(extapi.PROD.o)
EKS_PktBufFromTime                                Libs/libdrv.PROD.a(extapi.PROD.o)
EKS_PktBufLength                                  Libs/libdrv.PROD.a(extapi.PROD.o)
EKS_PktBufMyTime                                  Libs/libdrv.PROD.a(extapi.PROD.o)
EKS_PktBufPullup                                  Libs/libdrv.PROD.a(extapi.PROD.o)
EKS_PktBufRelease                                 Libs/libdrv.PROD.a(extapi.PROD.o)
EKS_RamCheckSum                                   Libs/libdrv.PROD.a(extapi.PROD.o)
EKS_RamFill                                       Libs/libdrv.PROD.a(extapi.PROD.o)
                                                  Objs/tasks.PROD.o
EKS_RamRead                                       Libs/libdrv.PROD.a(extapi.PROD.o)
EKS_RamWrite                                      Libs/libdrv.PROD.a(extapi.PROD.o)
                                                  Objs/tasks.PROD.o
EKS_VirtualRAM_Read                               Libs/libdrv.PROD.a(extapi.PROD.o)
EKS_VirtualRAM_Write                              Libs/libdrv.PROD.a(extapi.PROD.o)
EKS_init                                          Libs/libdrv.PROD.a(extapi.PROD.o)
                                                  Objs/main.PROD.o
GetHexValue                                       Objs/tasks.PROD.o
GlobCurrTimer                                     Objs/tasks.PROD.o
GlobTimer                                         Objs/tasks.PROD.o
Global_IRQ_STACK_SIZE                             Libs/RTXCstartup.PROD.o
Global_KERNEL_TOP                                 Libs/RTXCstartup.PROD.o
Global_RAM_TOP                                    Libs/RTXCstartup.PROD.o
Global_STACK_FILLER                               Libs/RTXCstartup.PROD.o
                                                  Libs/librtxc.PROD.a(rtxc.PROD.o)
Global_SVC_STACK_SIZE                             Libs/RTXCstartup.PROD.o
Global_SYSKERNEL_STACK_SIZE                       Libs/RTXCstartup.PROD.o
HandleCanRead                                     Objs/tasks.PROD.o
HandleSrecord                                     Objs/tasks.PROD.o
IRQ_Handler_Entry                                 Libs/RTXCstartup.PROD.o
KS_ISRalloc                                       Libs/librtxc.PROD.a(rtxc.PROD.o)
KS_ISRexit                                        Libs/librtxc.PROD.a(rtxc.PROD.o)
                                                  Libs/libdrv.PROD.a(drv_usb.PROD.o)
                                                  Libs/libdrv.PROD.a(drv_twi.PROD.o)
                                                  Libs/libdrv.PROD.a(drv_spi.PROD.o)
                                                  Libs/libdrv.PROD.a(drv_can.PROD.o)
                                                  Libs/libdrv.PROD.a(drv_uart.PROD.o)
                                                  Libs/libdrv.PROD.a(drv_clk.PROD.o)
KS_ISRsignal                                      Libs/librtxc.PROD.a(rtxc.PROD.o)
                                                  Libs/libdrv.PROD.a(drv_uart.PROD.o)
KS_ISRtick                                        Libs/librtxc.PROD.a(rtxc.PROD.o)
                                                  Libs/libdrv.PROD.a(drv_clk.PROD.o)
KS_alloc                                          Libs/librtxc.PROD.a(rtxcapi.PROD.o)
                                                  Libs/libdrv.PROD.a(extapi.PROD.o)
KS_alloct                                         Libs/librtxc.PROD.a(rtxcapi.PROD.o)
KS_allocw                                         Libs/librtxc.PROD.a(rtxcapi.PROD.o)
KS_block                                          Libs/librtxc.PROD.a(rtxcapi.PROD.o)
KS_defpriority                                    Libs/librtxc.PROD.a(rtxcapi.PROD.o)
KS_defqsema                                       Libs/librtxc.PROD.a(rtxcapi.PROD.o)
                                                  Libs/libdrv.PROD.a(drv_usb.PROD.o)
                                                  Libs/libdrv.PROD.a(drv_uart.PROD.o)
                                                  Objs/tasks.PROD.o
KS_defqueue                                       Libs/librtxc.PROD.a(rtxcapi.PROD.o)
KS_defres                                         Libs/librtxc.PROD.a(rtxcapi.PROD.o)
KS_defslice                                       Libs/librtxc.PROD.a(rtxcapi.PROD.o)
                                                  Objs/main.PROD.o
KS_deftime                                        Libs/libdrv.PROD.a(drv_clk.PROD.o)
KS_delay                                          Libs/librtxc.PROD.a(rtxcapi.PROD.o)
                                                  Libs/libdrv.PROD.a(drv_usb.PROD.o)
                                                  Libs/libdrv.PROD.a(extapi.PROD.o)
                                                  Objs/tasks.PROD.o
KS_dequeue                                        Libs/librtxc.PROD.a(rtxcapi.PROD.o)
                                                  Libs/libdrv.PROD.a(drv_usb.PROD.o)
                                                  Libs/libdrv.PROD.a(drv_uart.PROD.o)
                                                  Objs/tasks.PROD.o
KS_dequeuet                                       Libs/librtxc.PROD.a(rtxcapi.PROD.o)
KS_dequeuew                                       Libs/librtxc.PROD.a(rtxcapi.PROD.o)
                                                  Objs/main.PROD.o
KS_elapse                                         Libs/librtxc.PROD.a(rtxcapi.PROD.o)
KS_enqueue                                        Libs/librtxc.PROD.a(rtxcapi.PROD.o)
                                                  Libs/libdrv.PROD.a(drv_uart.PROD.o)
KS_enqueuet                                       Libs/librtxc.PROD.a(rtxcapi.PROD.o)
                                                  Libs/libdrv.PROD.a(drv_usb.PROD.o)
KS_enqueuew                                       Libs/librtxc.PROD.a(rtxcapi.PROD.o)
                                                  Libs/libdrv.PROD.a(extapi.PROD.o)
                                                  Objs/tasks.PROD.o
                                                  Objs/main.PROD.o
KS_execute                                        Libs/librtxc.PROD.a(rtxcapi.PROD.o)
                                                  Objs/main.PROD.o
KS_free                                           Libs/librtxc.PROD.a(rtxcapi.PROD.o)
                                                  Libs/libdrv.PROD.a(extapi.PROD.o)
KS_inqmap                                         Libs/librtxc.PROD.a(rtxcapi.PROD.o)
                                                  Libs/libdrv.PROD.a(extapi.PROD.o)
KS_inqpriority                                    Libs/librtxc.PROD.a(rtxcapi.PROD.o)
KS_inqqueue                                       Libs/librtxc.PROD.a(rtxcapi.PROD.o)
KS_inqres                                         Libs/librtxc.PROD.a(rtxcapi.PROD.o)
KS_inqsema                                        Libs/librtxc.PROD.a(rtxcapi.PROD.o)
KS_inqslice                                       Libs/librtxc.PROD.a(rtxcapi.PROD.o)
KS_inqtask                                        Libs/librtxc.PROD.a(rtxcapi.PROD.o)
KS_inqtime                                        Libs/libdrv.PROD.a(drv_clk.PROD.o)
                                                  Libs/libdrv.PROD.a(extapi.PROD.o)
KS_inqtimer                                       Libs/librtxc.PROD.a(rtxcapi.PROD.o)
KS_lock                                           Libs/librtxc.PROD.a(rtxcapi.PROD.o)
KS_lockt                                          Libs/librtxc.PROD.a(rtxcapi.PROD.o)
KS_lockw                                          Libs/librtxc.PROD.a(rtxcapi.PROD.o)
                                                  Libs/libdrv.PROD.a(drv_dio.PROD.o)
                                                  Libs/libdrv.PROD.a(extapi.PROD.o)
KS_nop                                            Libs/librtxc.PROD.a(rtxcapi.PROD.o)
KS_pend                                           Libs/librtxc.PROD.a(rtxcapi.PROD.o)
KS_pendm                                          Libs/librtxc.PROD.a(rtxcapi.PROD.o)
KS_purgequeue                                     Libs/librtxc.PROD.a(rtxcapi.PROD.o)
KS_restart_timer                                  Libs/librtxc.PROD.a(rtxcapi.PROD.o)
KS_resume                                         Libs/librtxc.PROD.a(rtxcapi.PROD.o)
KS_signal                                         Libs/librtxc.PROD.a(rtxcapi.PROD.o)
                                                  Objs/tasks.PROD.o
KS_signalm                                        Libs/librtxc.PROD.a(rtxcapi.PROD.o)
KS_start_timer                                    Libs/librtxc.PROD.a(rtxcapi.PROD.o)
                                                  Objs/tasks.PROD.o
KS_stop_timer                                     Libs/librtxc.PROD.a(rtxcapi.PROD.o)
KS_suspend                                        Libs/librtxc.PROD.a(rtxcapi.PROD.o)
KS_terminate                                      Libs/librtxc.PROD.a(rtxcapi.PROD.o)
                                                  Objs/tasks.PROD.o
KS_unblock                                        Libs/librtxc.PROD.a(rtxcapi.PROD.o)
                                                  Objs/main.PROD.o
KS_unlock                                         Libs/librtxc.PROD.a(rtxcapi.PROD.o)
                                                  Libs/libdrv.PROD.a(drv_dio.PROD.o)
                                                  Libs/libdrv.PROD.a(extapi.PROD.o)
KS_user                                           Libs/librtxc.PROD.a(rtxcapi.PROD.o)
                                                  Libs/libdrv.PROD.a(stdio_vsprintf.PROD.o)
KS_version                                        Libs/librtxc.PROD.a(rtxcapi.PROD.o)
KS_wait                                           Libs/librtxc.PROD.a(rtxcapi.PROD.o)
KS_waitm                                          Libs/librtxc.PROD.a(rtxcapi.PROD.o)
                                                  Libs/libdrv.PROD.a(drv_usb.PROD.o)
                                                  Libs/libdrv.PROD.a(drv_uart.PROD.o)
                                                  Objs/tasks.PROD.o
KS_waitt                                          Libs/librtxc.PROD.a(rtxcapi.PROD.o)
                                                  Libs/libdrv.PROD.a(drv_twi.PROD.o)
                                                  Libs/libdrv.PROD.a(drv_spi.PROD.o)
KS_yield                                          Libs/librtxc.PROD.a(rtxcapi.PROD.o)
LowLevelInit                                      Libs/libdrv.PROD.a(drv_clk.PROD.o)
                                                  Objs/main.PROD.o
ParseBuffer                                       Objs/tasks.PROD.o
ProgramCopy                                       Libs/RTXCutil.PROD.o
                                                  Libs/RTXCstartup.PROD.o
ProgramCopyEnd                                    Libs/RTXCutil.PROD.o
                                                  Libs/RTXCstartup.PROD.o
RTC_ReadStatus                                    Libs/libdrv.PROD.a(cvtdate.PROD.o)
RTC_ReadTime_t                                    Libs/libdrv.PROD.a(cvtdate.PROD.o)
RTC_WriteAlarm_t                                  Libs/libdrv.PROD.a(cvtdate.PROD.o)
RTC_WriteTime_t                                   Libs/libdrv.PROD.a(cvtdate.PROD.o)
                                                  Libs/libdrv.PROD.a(drv_clk.PROD.o)
SPI_FlashErase                                    Libs/libdrv.PROD.a(flashapi.PROD.o)
                                                  Libs/libdrv.PROD.a(extapi.PROD.o)
SPI_FlashQuery                                    Libs/libdrv.PROD.a(flashapi.PROD.o)
SPI_FlashRead                                     Libs/libdrv.PROD.a(flashapi.PROD.o)
                                                  Libs/libdrv.PROD.a(extapi.PROD.o)
SPI_FlashWaitForEnd                               Libs/libdrv.PROD.a(flashapi.PROD.o)
SPI_FlashWrite                                    Libs/libdrv.PROD.a(flashapi.PROD.o)
                                                  Libs/libdrv.PROD.a(extapi.PROD.o)
SPI_rtx2                                          Libs/libdrv.PROD.a(drv_spi.PROD.o)
                                                  Libs/libdrv.PROD.a(flashapi.PROD.o)
SWI_Handler_Entry                                 Libs/RTXCstartup.PROD.o
Set_LedBlinker                                    Libs/libdrv.PROD.a(drv_clk.PROD.o)
                                                  Objs/tasks.PROD.o
TWI_receive                                       Libs/libdrv.PROD.a(drv_twi.PROD.o)
TWI_send                                          Libs/libdrv.PROD.a(drv_twi.PROD.o)
                                                  Libs/libdrv.PROD.a(drv_dio.PROD.o)
TWI_txrx                                          Libs/libdrv.PROD.a(drv_twi.PROD.o)
                                                  Libs/libdrv.PROD.a(drv_dio.PROD.o)
Top_Stack                                         Libs/RTXCstartup.PROD.o
USB_Receive                                       Libs/libdrv.PROD.a(drv_usb.PROD.o)
USB_RxData                                        Libs/libdrv.PROD.a(drv_usb.PROD.o)
USB_RxSetup                                       Libs/libdrv.PROD.a(drv_usb.PROD.o)
USB_SendData                                      Libs/libdrv.PROD.a(drv_usb.PROD.o)
USB_SendNextData                                  Libs/libdrv.PROD.a(drv_usb.PROD.o)
USB_SendStall                                     Libs/libdrv.PROD.a(drv_usb.PROD.o)
USB_SendZlp                                       Libs/libdrv.PROD.a(drv_usb.PROD.o)
USB_Transmit                                      Libs/libdrv.PROD.a(drv_usb.PROD.o)
__adddf3                                          /home/name/test_kit/arm-gnu-toolchain-13.3.rel1-x86_64-arm-none-eabi/bin/../lib/gcc/arm-none-eabi/13.3.1/thumb/nofp/libgcc.a(_arm_addsubdf3.o)
__aeabi_d2iz                                      /home/name/test_kit/arm-gnu-toolchain-13.3.rel1-x86_64-arm-none-eabi/bin/../lib/gcc/arm-none-eabi/13.3.1/thumb/nofp/libgcc.a(_arm_fixdfsi.o)
                                                  Objs/tasks.PROD.o
__aeabi_dadd                                      /home/name/test_kit/arm-gnu-toolchain-13.3.rel1-x86_64-arm-none-eabi/bin/../lib/gcc/arm-none-eabi/13.3.1/thumb/nofp/libgcc.a(_arm_addsubdf3.o)
                                                  Objs/tasks.PROD.o
__aeabi_dmul                                      /home/name/test_kit/arm-gnu-toolchain-13.3.rel1-x86_64-arm-none-eabi/bin/../lib/gcc/arm-none-eabi/13.3.1/thumb/nofp/libgcc.a(_arm_muldf3.o)
                                                  Objs/tasks.PROD.o
__aeabi_drsub                                     /home/name/test_kit/arm-gnu-toolchain-13.3.rel1-x86_64-arm-none-eabi/bin/../lib/gcc/arm-none-eabi/13.3.1/thumb/nofp/libgcc.a(_arm_addsubdf3.o)
__aeabi_dsub                                      /home/name/test_kit/arm-gnu-toolchain-13.3.rel1-x86_64-arm-none-eabi/bin/../lib/gcc/arm-none-eabi/13.3.1/thumb/nofp/libgcc.a(_arm_addsubdf3.o)
__aeabi_f2d                                       /home/name/test_kit/arm-gnu-toolchain-13.3.rel1-x86_64-arm-none-eabi/bin/../lib/gcc/arm-none-eabi/13.3.1/thumb/nofp/libgcc.a(_arm_addsubdf3.o)
__aeabi_i2d                                       /home/name/test_kit/arm-gnu-toolchain-13.3.rel1-x86_64-arm-none-eabi/bin/../lib/gcc/arm-none-eabi/13.3.1/thumb/nofp/libgcc.a(_arm_addsubdf3.o)
                                                  Objs/tasks.PROD.o
__aeabi_idiv                                      /home/name/test_kit/arm-gnu-toolchain-13.3.rel1-x86_64-arm-none-eabi/bin/../lib/gcc/arm-none-eabi/13.3.1/thumb/nofp/libgcc.a(_divsi3.o)
                                                  Libs/libdrv.PROD.a(drv_spi.PROD.o)
                                                  Libs/libdrv.PROD.a(drv_uart.PROD.o)
                                                  Libs/libdrv.PROD.a(drv_clk.PROD.o)
                                                  Libs/libdrv.PROD.a(cvtdate.PROD.o)
                                                  Libs/RTXCutil.PROD.o
__aeabi_idiv0                                     /home/name/test_kit/arm-gnu-toolchain-13.3.rel1-x86_64-arm-none-eabi/bin/../lib/gcc/arm-none-eabi/13.3.1/thumb/nofp/libgcc.a(_dvmd_tls.o)
                                                  /home/name/test_kit/arm-gnu-toolchain-13.3.rel1-x86_64-arm-none-eabi/bin/../lib/gcc/arm-none-eabi/13.3.1/thumb/nofp/libgcc.a(_divsi3.o)
                                                  /home/name/test_kit/arm-gnu-toolchain-13.3.rel1-x86_64-arm-none-eabi/bin/../lib/gcc/arm-none-eabi/13.3.1/thumb/nofp/libgcc.a(_udivsi3.o)
__aeabi_idivmod                                   /home/name/test_kit/arm-gnu-toolchain-13.3.rel1-x86_64-arm-none-eabi/bin/../lib/gcc/arm-none-eabi/13.3.1/thumb/nofp/libgcc.a(_divsi3.o)
                                                  Libs/libdrv.PROD.a(drv_uart.PROD.o)
                                                  Libs/libdrv.PROD.a(cvtdate.PROD.o)
__aeabi_l2d                                       /home/name/test_kit/arm-gnu-toolchain-13.3.rel1-x86_64-arm-none-eabi/bin/../lib/gcc/arm-none-eabi/13.3.1/thumb/nofp/libgcc.a(_arm_addsubdf3.o)
__aeabi_ldiv0                                     /home/name/test_kit/arm-gnu-toolchain-13.3.rel1-x86_64-arm-none-eabi/bin/../lib/gcc/arm-none-eabi/13.3.1/thumb/nofp/libgcc.a(_dvmd_tls.o)
                                                  /home/name/test_kit/arm-gnu-toolchain-13.3.rel1-x86_64-arm-none-eabi/bin/../lib/gcc/arm-none-eabi/13.3.1/thumb/nofp/libgcc.a(_aeabi_uldivmod.o)
__aeabi_ui2d                                      /home/name/test_kit/arm-gnu-toolchain-13.3.rel1-x86_64-arm-none-eabi/bin/../lib/gcc/arm-none-eabi/13.3.1/thumb/nofp/libgcc.a(_arm_addsubdf3.o)
__aeabi_uidiv                                     /home/name/test_kit/arm-gnu-toolchain-13.3.rel1-x86_64-arm-none-eabi/bin/../lib/gcc/arm-none-eabi/13.3.1/thumb/nofp/libgcc.a(_udivsi3.o)
                                                  Libs/libdrv.PROD.a(drv_adc.PROD.o)
                                                  Libs/libdrv.PROD.a(drv_twi.PROD.o)
                                                  Libs/libdrv.PROD.a(drv_spi.PROD.o)
                                                  Libs/libdrv.PROD.a(drv_can.PROD.o)
                                                  Libs/libdrv.PROD.a(drv_uart.PROD.o)
                                                  Libs/libdrv.PROD.a(drv_clk.PROD.o)
                                                  Libs/libdrv.PROD.a(cvtdate.PROD.o)
                                                  Libs/RTXCutil.PROD.o
__aeabi_uidivmod                                  /home/name/test_kit/arm-gnu-toolchain-13.3.rel1-x86_64-arm-none-eabi/bin/../lib/gcc/arm-none-eabi/13.3.1/thumb/nofp/libgcc.a(_udivsi3.o)
                                                  Libs/libdrv.PROD.a(drv_can.PROD.o)
                                                  Libs/libdrv.PROD.a(drv_uart.PROD.o)
                                                  Libs/libdrv.PROD.a(cvtdate.PROD.o)
__aeabi_ul2d                                      /home/name/test_kit/arm-gnu-toolchain-13.3.rel1-x86_64-arm-none-eabi/bin/../lib/gcc/arm-none-eabi/13.3.1/thumb/nofp/libgcc.a(_arm_addsubdf3.o)
__aeabi_uldivmod                                  /home/name/test_kit/arm-gnu-toolchain-13.3.rel1-x86_64-arm-none-eabi/bin/../lib/gcc/arm-none-eabi/13.3.1/thumb/nofp/libgcc.a(_aeabi_uldivmod.o)
                                                  Libs/libdrv.PROD.a(stdio_vsprintf.PROD.o)
__bss_end                                         Libs/RTXCstartup.PROD.o
__bss_start                                       Libs/RTXCstartup.PROD.o
__clzdi2                                          /home/name/test_kit/arm-gnu-toolchain-13.3.rel1-x86_64-arm-none-eabi/bin/../lib/gcc/arm-none-eabi/13.3.1/thumb/nofp/libgcc.a(_clzdi2.o)
                                                  /home/name/test_kit/arm-gnu-toolchain-13.3.rel1-x86_64-arm-none-eabi/bin/../lib/gcc/arm-none-eabi/13.3.1/thumb/nofp/libgcc.a(_udivmoddi4.o)
__clzsi2                                          /home/name/test_kit/arm-gnu-toolchain-13.3.rel1-x86_64-arm-none-eabi/bin/../lib/gcc/arm-none-eabi/13.3.1/thumb/nofp/libgcc.a(_clzsi2.o)
                                                  /home/name/test_kit/arm-gnu-toolchain-13.3.rel1-x86_64-arm-none-eabi/bin/../lib/gcc/arm-none-eabi/13.3.1/thumb/nofp/libgcc.a(_clzdi2.o)
__divsi3                                          /home/name/test_kit/arm-gnu-toolchain-13.3.rel1-x86_64-arm-none-eabi/bin/../lib/gcc/arm-none-eabi/13.3.1/thumb/nofp/libgcc.a(_divsi3.o)
__extendsfdf2                                     /home/name/test_kit/arm-gnu-toolchain-13.3.rel1-x86_64-arm-none-eabi/bin/../lib/gcc/arm-none-eabi/13.3.1/thumb/nofp/libgcc.a(_arm_addsubdf3.o)
__fixdfsi                                         /home/name/test_kit/arm-gnu-toolchain-13.3.rel1-x86_64-arm-none-eabi/bin/../lib/gcc/arm-none-eabi/13.3.1/thumb/nofp/libgcc.a(_arm_fixdfsi.o)
__floatdidf                                       /home/name/test_kit/arm-gnu-toolchain-13.3.rel1-x86_64-arm-none-eabi/bin/../lib/gcc/arm-none-eabi/13.3.1/thumb/nofp/libgcc.a(_arm_addsubdf3.o)
__floatsidf                                       /home/name/test_kit/arm-gnu-toolchain-13.3.rel1-x86_64-arm-none-eabi/bin/../lib/gcc/arm-none-eabi/13.3.1/thumb/nofp/libgcc.a(_arm_addsubdf3.o)
__floatundidf                                     /home/name/test_kit/arm-gnu-toolchain-13.3.rel1-x86_64-arm-none-eabi/bin/../lib/gcc/arm-none-eabi/13.3.1/thumb/nofp/libgcc.a(_arm_addsubdf3.o)
__floatunsidf                                     /home/name/test_kit/arm-gnu-toolchain-13.3.rel1-x86_64-arm-none-eabi/bin/../lib/gcc/arm-none-eabi/13.3.1/thumb/nofp/libgcc.a(_arm_addsubdf3.o)
__muldf3                                          /home/name/test_kit/arm-gnu-toolchain-13.3.rel1-x86_64-arm-none-eabi/bin/../lib/gcc/arm-none-eabi/13.3.1/thumb/nofp/libgcc.a(_arm_muldf3.o)
__set_ctype                                       /home/name/test_kit/arm-gnu-toolchain-13.3.rel1-x86_64-arm-none-eabi/bin/../lib/gcc/arm-none-eabi/13.3.1/../../../../arm-none-eabi/lib/thumb/nofp/libc.a(libc_a-ctype_.o)