Archive member included to satisfy reference by file (symbol)

Libs/librtxc.PROD.a(rtxcinit.PROD.o)
                              Objs/main.PROD.o (rtxcinit)
Libs/librtxc.PROD.a(rtxcapi.PROD.o)
                              Objs/main.PROD.o (KS_defslice)
Libs/librtxc.PROD.a(rtxc.PROD.o)
                              Libs/librtxc.PROD.a(rtxcinit.PROD.o) (taskinit)
Libs/librtxc.PROD.a(lock.PROD.o)
                              Objs/main.PROD.o (_enable)
Libs/libdrv.PROD.a(cpart.PROD.o)
                              Libs/librtxc.PROD.a(rtxc.PROD.o) (pkkheader)
Libs/libdrv.PROD.a(cqueue.PROD.o)
                              Libs/librtxc.PROD.a(rtxc.PROD.o) (qkkheader)
Libs/libdrv.PROD.a(cres.PROD.o)
                              Libs/librtxc.PROD.a(rtxcapi.PROD.o) (rheader)
Libs/libdrv.PROD.a(csema.PROD.o)
                              Libs/librtxc.PROD.a(rtxcapi.PROD.o) (semat)
Libs/libdrv.PROD.a(extapi.PROD.o)
                              Objs/tasks.PROD.o (EKS_GetSetup)
Libs/libdrv.PROD.a(cvtdate.PROD.o)
                              Libs/libdrv.PROD.a(extapi.PROD.o) (systime2date)
Libs/libdrv.PROD.a(flashapi.PROD.o)
                              Libs/libdrv.PROD.a(extapi.PROD.o) (SPI_FlashErase)
Libs/libdrv.PROD.a(stdio_vsprintf.PROD.o)
                              Libs/libdrv.PROD.a(extapi.PROD.o) (sprintf)
Libs/libdrv.PROD.a(stdio_printf.PROD.o)
                              Objs/tasks.PROD.o (printf)
Libs/libdrv.PROD.a(stdio_puts.PROD.o)
                              Objs/tasks.PROD.o (puts)
Libs/libdrv.PROD.a(drv_clk.PROD.o)
                              Objs/main.PROD.o (LowLevelInit)
Libs/libdrv.PROD.a(drv_uart.PROD.o)
                              Libs/libdrv.PROD.a(drv_clk.PROD.o) (com3drvpit)
Libs/libdrv.PROD.a(drv_can.PROD.o)
                              Objs/main.PROD.o (canstart)
Libs/libdrv.PROD.a(drv_spi.PROD.o)
                              Objs/main.PROD.o (spistart)
Libs/libdrv.PROD.a(drv_twi.PROD.o)
                              Objs/main.PROD.o (twistart)
Libs/libdrv.PROD.a(drv_usb.PROD.o)
                              Objs/main.PROD.o (usbtask)
Libs/libdrv.PROD.a(drv_adc.PROD.o)
                              Objs/main.PROD.o (adcstart)
Libs/libdrv.PROD.a(drv_dio.PROD.o)
                              Objs/main.PROD.o (diostart)
Libs/libdrv.PROD.a(stdio_strtol.PROD.o)
                              Objs/tasks.PROD.o (simple_strtol)
/home/name/test_kit/arm-gnu-toolchain-13.3.rel1-x86_64-arm-none-eabi/bin/../lib/gcc/arm-none-eabi/13.3.1/thumb/nofp/libgcc.a(_udivsi3.o)
                              Libs/RTXCutil.PROD.o (__aeabi_uidiv)
/home/name/test_kit/arm-gnu-toolchain-13.3.rel1-x86_64-arm-none-eabi/bin/../lib/gcc/arm-none-eabi/13.3.1/thumb/nofp/libgcc.a(_divsi3.o)
                              Libs/RTXCutil.PROD.o (__aeabi_idiv)
/home/name/test_kit/arm-gnu-toolchain-13.3.rel1-x86_64-arm-none-eabi/bin/../lib/gcc/arm-none-eabi/13.3.1/thumb/nofp/libgcc.a(_dvmd_tls.o)
                              /home/name/test_kit/arm-gnu-toolchain-13.3.rel1-x86_64-arm-none-eabi/bin/../lib/gcc/arm-none-eabi/13.3.1/thumb/nofp/libgcc.a(_udivsi3.o) (__aeabi_idiv0)
/home/name/test_kit/arm-gnu-toolchain-13.3.rel1-x86_64-arm-none-eabi/bin/../lib/gcc/arm-none-eabi/13.3.1/thumb/nofp/libgcc.a(_aeabi_uldivmod.o)
                              Libs/libdrv.PROD.a(stdio_vsprintf.PROD.o) (__aeabi_uldivmod)
/home/name/test_kit/arm-gnu-toolchain-13.3.rel1-x86_64-arm-none-eabi/bin/../lib/gcc/arm-none-eabi/13.3.1/thumb/nofp/libgcc.a(_udivmoddi4.o)
                              /home/name/test_kit/arm-gnu-toolchain-13.3.rel1-x86_64-arm-none-eabi/bin/../lib/gcc/arm-none-eabi/13.3.1/thumb/nofp/libgcc.a(_aeabi_uldivmod.o) (__udivmoddi4)
/home/name/test_kit/arm-gnu-toolchain-13.3.rel1-x86_64-arm-none-eabi/bin/../lib/gcc/arm-none-eabi/13.3.1/thumb/nofp/libgcc.a(_clzdi2.o)
                              /home/name/test_kit/arm-gnu-toolchain-13.3.rel1-x86_64-arm-none-eabi/bin/../lib/gcc/arm-none-eabi/13.3.1/thumb/nofp/libgcc.a(_udivmoddi4.o) (__clzdi2)
/home/name/test_kit/arm-gnu-toolchain-13.3.rel1-x86_64-arm-none-eabi/bin/../lib/gcc/arm-none-eabi/13.3.1/thumb/nofp/libgcc.a(_clzsi2.o)
                              /home/name/test_kit/arm-gnu-toolchain-13.3.rel1-x86_64-arm-none-eabi/bin/../lib/gcc/arm-none-eabi/13.3.1/thumb/nofp/libgcc.a(_clzdi2.o) (__clzsi2)
/home/name/test_kit/arm-gnu-toolchain-13.3.rel1-x86_64-arm-none-eabi/bin/../lib/gcc/arm-none-eabi/13.3.1/../../../../arm-none-eabi/lib/thumb/nofp/libc.a(libc_a-memcpy-stub.o)
                              Objs/tasks.PROD.o (memcpy)
/home/name/test_kit/arm-gnu-toolchain-13.3.rel1-x86_64-arm-none-eabi/bin/../lib/gcc/arm-none-eabi/13.3.1/../../../../arm-none-eabi/lib/thumb/nofp/libc.a(libc_a-strlen-stub.o)
                              Libs/libdrv.PROD.a(extapi.PROD.o) (strlen)
/home/name/test_kit/arm-gnu-toolchain-13.3.rel1-x86_64-arm-none-eabi/bin/../lib/gcc/arm-none-eabi/13.3.1/../../../../arm-none-eabi/lib/thumb/nofp/libc.a(libc_a-strnlen.o)
[...]
Memory Configuration

Name             Origin             Length             Attributes
CODE             0x00000000         0x00040000         xr
DATA             0x00200000         0x00008000         rw
STACK            0x00208000         0x00000000         rw
*default*        0x00000000         0xffffffff

Linker script and memory map

LOAD Libs/RTXCstartup.PROD.o
LOAD Libs/RTXCutil.PROD.o
LOAD Libs/RTXCsys32.PROD.o
LOAD Objs/main.PROD.o
LOAD Objs/tasks.PROD.o
LOAD Libs/librtxc.PROD.a
LOAD Libs/libdrv.PROD.a
LOAD /home/name/test_kit/arm-gnu-toolchain-13.3.rel1-x86_64-arm-none-eabi/bin/../lib/gcc/arm-none-eabi/13.3.1/../../../../arm-none-eabi/lib/thumb/nofp/libm.a
START GROUP
LOAD /home/name/test_kit/arm-gnu-toolchain-13.3.rel1-x86_64-arm-none-eabi/bin/../lib/gcc/arm-none-eabi/13.3.1/thumb/nofp/libgcc.a
LOAD /home/name/test_kit/arm-gnu-toolchain-13.3.rel1-x86_64-arm-none-eabi/bin/../lib/gcc/arm-none-eabi/13.3.1/../../../../arm-none-eabi/lib/thumb/nofp/libc.a
END GROUP

.text           0x00000000      0x29c
 *RTXCstartup*.o(.text)
 .text          0x00000000      0x29c Libs/RTXCstartup.PROD.o
                0x00000000                _startup
                0x00000044                Global_RAM_TOP
                0x00000048                Global_KERNEL_TOP
                0x0000004c                Global_IRQ_STACK_SIZE
                0x00000050                Global_SVC_STACK_SIZE
                0x00000054                Global_SYSKERNEL_STACK_SIZE
                0x00000058                Global_STACK_FILLER
                0x000000f0                exit
                0x000000f4                IRQ_Handler_Entry
                0x00000198                SWI_Handler_Entry
                0x0000021c                AT91F_Default_FIQ_handler
                0x00000220                AT91F_Default_IRQ_handler
                0x00000224                AT91F_Spurious_handler
                0x00000228                CodeUpgrade

.vfp11_veneer   0x0000029c        0x0
 .vfp11_veneer  0x0000029c        0x0 linker stubs

.v4_bx          0x0000029c        0x0
 .v4_bx         0x0000029c        0x0 linker stubs

.iplt           0x0000029c        0x0
 .iplt          0x0000029c        0x0 Libs/RTXCstartup.PROD.o

.text.__udivmoddi4
                0x000002a0      0x1a8
 .text.__udivmoddi4
                0x000002a0      0x19c /home/name/test_kit/arm-gnu-toolchain-13.3.rel1-x86_64-arm-none-eabi/bin/../lib/gcc/arm-none-eabi/13.3.1/thumb/nofp/libgcc.a(_udivmoddi4.o)
                0x000002a0                __udivmoddi4
 *fill*         0x0000043c        0x4 
 .text.__udivmoddi4.__stub
                0x00000440        0x8 linker stubs

.text.memcpy    0x00000448       0x90
 .text.memcpy   0x00000448       0x90 /home/name/test_kit/arm-gnu-toolchain-13.3.rel1-x86_64-arm-none-eabi/bin/../lib/gcc/arm-none-eabi/13.3.1/../../../../arm-none-eabi/lib/thumb/nofp/libc.a(libc_a-memcpy-stub.o)
                0x00000448                memcpy

.text.strlen    0x000004d8       0x60
 .text.strlen   0x000004d8       0x60 /home/name/test_kit/arm-gnu-toolchain-13.3.rel1-x86_64-arm-none-eabi/bin/../lib/gcc/arm-none-eabi/13.3.1/../../../../arm-none-eabi/lib/thumb/nofp/libc.a(libc_a-strlen-stub.o)
                0x000004d8                strlen

.text.strnlen   0x00000538       0x28
 .text.strnlen  0x00000538       0x28 /home/name/test_kit/arm-gnu-toolchain-13.3.rel1-x86_64-arm-none-eabi/bin/../lib/gcc/arm-none-eabi/13.3.1/../../../../arm-none-eabi/lib/thumb/nofp/libc.a(libc_a-strnlen.o)
                0x00000538                strnlen

.text.memcmp    0x00000560       0x4c
 .text.memcmp   0x00000560       0x4c /home/name/test_kit/arm-gnu-toolchain-13.3.rel1-x86_64-arm-none-eabi/bin/../lib/gcc/arm-none-eabi/13.3.1/../../../../arm-none-eabi/lib/thumb/nofp/libc.a(libc_a-memcmp.o)
                0x00000560                memcmp

.text.memset    0x000005ac       0xb0
 .text.memset   0x000005ac       0xb0 /home/name/test_kit/arm-gnu-toolchain-13.3.rel1-x86_64-arm-none-eabi/bin/../lib/gcc/arm-none-eabi/13.3.1/../../../../arm-none-eabi/lib/thumb/nofp/libc.a(libc_a-memset.o)
                0x000005ac                memset

.text.__set_ctype
                0x0000065c        0xc
 .text.__set_ctype
                0x0000065c        0xc /home/name/test_kit/arm-gnu-toolchain-13.3.rel1-x86_64-arm-none-eabi/bin/../lib/gcc/arm-none-eabi/13.3.1/../../../../arm-none-eabi/lib/thumb/nofp/libc.a(libc_a-ctype_.o)
                0x0000065c                __set_ctype

.text           0x00000668     0x8c30
 *(.text)
 .text          0x00000668      0x3b0 Libs/RTXCutil.PROD.o
                0x00000668                AT91F_CLOCKinit
                0x000008d4                ProgramCopy
                0x00000a14                ProgramCopyEnd
 .text          0x00000a18       0x14 Libs/RTXCsys32.PROD.o
                0x00000a18                AT91F_WATCHDOGinit
 .text          0x00000a2c       0xe8 Objs/main.PROD.o
                0x00000a2c                maintask
                0x00000ae0                putchar
                0x00000af8                getchar
 .text          0x00000b14     0x1560 Objs/tasks.PROD.o
                0x00000b14                GetHexValue
                0x00000b80                HandleSrecord
                0x00000d5c                HandleCanRead
                0x00000db8                ParseBuffer
                0x00001d24                tk0extender
 .text          0x00002074       0x20 Libs/librtxc.PROD.a(rtxcinit.PROD.o)
                0x00002074                rtxcinit
 .text          0x00002094      0x6d8 Libs/librtxc.PROD.a(rtxcapi.PROD.o)
                0x00002094                KS_block
                0x000020a8                KS_version
                0x000020b0                KS_nop
                0x000020c0                KS_alloc
                0x000020f4                KS_defpriority
                0x00002108                KS_defslice
                0x00002130                KS_delay
                0x00002148                KS_dequeue
                0x00002168                KS_enqueue
                0x00002188                KS_execute
                0x0000219c                KS_free
                0x000021b0                KS_lock
                0x0000221c                KS_pend
                0x00002230                KS_resume
                0x00002244                KS_signal
                0x0000225c                KS_stop_timer
                0x00002274                KS_start_timer
                0x00002294                KS_suspend
                0x000022a8                KS_terminate
                0x000022bc                KS_unblock
                0x000022d0                KS_unlock
                0x00002340                KS_user
                0x00002358                KS_wait
                0x00002374                KS_yield
                0x0000238c                KS_allocw
                0x000023d8                KS_inqres
                0x000023f0                KS_defres
                0x0000240c                KS_defqsema
                0x00002428                KS_dequeuew
                0x00002444                KS_elapse
                0x00002458                KS_enqueuew
                0x00002474                KS_inqmap
                0x00002488                KS_lockw
                0x000024f8                KS_purgequeue
                0x0000250c                KS_waitm
                0x00002520                KS_inqtimer
                0x00002534                KS_alloct
                0x0000259c                KS_defqueue
                0x000025c4                KS_dequeuet
                0x000025f0                KS_enqueuet
                0x0000261c                KS_inqpriority
                0x00002640                KS_inqqueue
                0x00002650                KS_inqsema
                0x0000265c                KS_inqtask
                0x00002668                KS_lockt
                0x000026e0                KS_pendm
                0x000026f4                KS_restart_timer
                0x00002718                KS_signalm
                0x0000272c                KS_waitt
                0x0000274c                KS_inqslice
 .text          0x0000276c     0x18e8 Libs/librtxc.PROD.a(rtxc.PROD.o)
                0x00002944                taskinit
                0x000029c4                resinit
                0x000029ec                partinit
                0x00002a48                queueinit
                0x00002a88                semainit
                0x00002ac0                clockinit
                0x00002ac4                KS_ISRalloc
                0x00002af8                KS_ISRsignal
                0x00002b24                postem
                0x00002e58                rtxc
                0x00003fb0                KS_ISRexit
                0x00003ffc                KS_ISRtick
 .text          0x00004054       0x40 Libs/librtxc.PROD.a(lock.PROD.o)
                0x00004054                _enable
                0x00004068                _disable
                0x0000407c                _pushccr
                0x00004088                _popccr
 .text          0x00004094        0x0 Libs/libdrv.PROD.a(cpart.PROD.o)
 .text          0x00004094        0x0 Libs/libdrv.PROD.a(cqueue.PROD.o)
 .text          0x00004094        0x0 Libs/libdrv.PROD.a(cres.PROD.o)
 .text          0x00004094        0x0 Libs/libdrv.PROD.a(csema.PROD.o)
 .text          0x00004094     0x1ab4 Libs/libdrv.PROD.a(extapi.PROD.o)
                0x00004094                EKS_GetSetup
                0x000040c0                EKS_ParSize
                0x000040c8                CheckPointer
                0x0000411c                EKS_PktBufRelease
                0x000041a0                EKS_PktBufCat
                0x00004254                EKS_PktBufDuplicate
                0x00004388                EKS_PktBufLength
                0x0000440c                EKS_PktBufPullup
                0x000044f8                EKS_PktBufCopy
                0x00004558                EKS_PktBufComp
                0x000045d8                EKS_Pkt2BufComp
                0x000047a0                EKS_LCK_FlashRead
                0x000047c4                EKS_LCK_FlashWrite
                0x000047fc                EKS_LCK_FlashErase
                0x0000481c                EKS_FlashClear
                0x00004848                EKS_PktBufStore
                0x00004bc8                EKS_PktBufCheck
                0x00004c68                EKS_FlashTotal
                0x00004c70                EKS_FlashFree
                0x00004cd0                EKS_FlashCheckSum
                0x00004ce8                EKS_PktBufMyTime
                0x00004dfc                EKS_PktBufFromTime
                0x00004e0c                EKS_PktBufComprexTime
                0x00004e1c                EKS_PktBufAccTime
                0x00004e2c                EKS_GetHHMM
                0x00004e64                EKS_EnqShutdown
                0x00004e70                EKS_AskShutdown
                0x00004eb8                EKS_AgreeShutdown
                0x00004f4c                EKS_RamFill
                0x00004f70                EKS_RamWrite
                0x00004fe4                EKS_RamRead
                0x00005018                EKS_RamCheckSum
                0x00005078                pdebugt
                0x00005080                panic
                0x000050a0                EKS_NewSetup
                0x000050f8                EKS_ParClear
                0x00005140                EKS_ParRead
                0x00005228                EKS_ParReadShort
                0x000052bc                EKS_ParReadLong
                0x00005358                EKS_PktBufCheckStore
                0x000055f8                EKS_ParWrite
                0x000057f0                EKS_ParWriteShort
                0x0000582c                EKS_ParWriteLong
                0x00005870                EKS_PktBufAdd
                0x00005908                EKS_PktBufAddString
                0x00005954                EKS_PktBufRetrive
                0x00005b2c                EKS_init
 .text          0x00005b48      0x28c Libs/libdrv.PROD.a(cvtdate.PROD.o)
                0x00005b48                date2systime
                0x00005bd4                systime2date
                0x00005ccc                RTC_WriteTime_t
                0x00005d70                RTC_ReadTime_t
                0x00005d98                RTC_WriteAlarm_t
                0x00005dc8                RTC_ReadStatus
 .text          0x00005dd4      0x430 Libs/libdrv.PROD.a(flashapi.PROD.o)
                0x00005dd4                SPI_FlashWaitForEnd
                0x00005e44                SPI_FlashQuery
                0x00005ea4                SPI_FlashErase
                0x00005fd8                SPI_FlashRead
                0x000060ac                SPI_FlashWrite
 .text          0x00006204      0x870 Libs/libdrv.PROD.a(stdio_vsprintf.PROD.o)
                0x00006458                vsnprintf
                0x00006478                skip_atoi
                0x000064b0                local_vsnprintf
                0x000069ec                vsnprintf_repeater
                0x000069fc                snprintf
                0x00006a24                vsprintf
                0x00006a48                sprintf
 .text          0x00006a74       0x44 Libs/libdrv.PROD.a(stdio_printf.PROD.o)
                0x00006a74                printf
 .text          0x00006ab8       0x24 Libs/libdrv.PROD.a(stdio_puts.PROD.o)
                0x00006ab8                puts
 .text          0x00006adc      0x2d0 Libs/libdrv.PROD.a(drv_clk.PROD.o)
                0x00006adc                slowclkc
                0x00006aec                clkc
                0x00006bd4                AT91F_AIC_Configure
                0x00006c04                LowLevelInit
                0x00006c48                clkstart
                0x00006ce0                tickwait
                0x00006d28                clkstop
                0x00006d48                Set_LedBlinker
                0x00006d8c                KS_inqtime
                0x00006d98                KS_deftime
 .text          0x00006dac      0x960 Libs/libdrv.PROD.a(drv_uart.PROD.o)
                0x00006dac                com0drv
                0x00006e84                com1drv
                0x00006f5c                com2drv
                0x00007034                com3drvpit
                0x000070e8                uartDMAstartTx
                0x0000710c                uartDMAstartRx
                0x0000713c                uartstart
                0x00007308                uartdrv
                0x000076a0                uartstop
 .text          0x0000770c      0x460 Libs/libdrv.PROD.a(drv_can.PROD.o)
                0x0000770c                can0drv
                0x00007744                can1drv
                0x0000777c                canaddress
                0x00007790                canstart
                0x0000781c                CAN_speed
                0x00007984                CAN_configure
                0x00007a38                CAN_read
                0x00007aec                CAN_write
                0x00007b34                CAN_status
                0x00007b44                canstop
 .text          0x00007b6c      0x1f4 Libs/libdrv.PROD.a(drv_spi.PROD.o)
                0x00007b6c                spidrv
                0x00007ba0                spistart
                0x00007ca0                SPI_rtx2
                0x00007d3c                spistop
 .text          0x00007d60      0x280 Libs/libdrv.PROD.a(drv_twi.PROD.o)
                0x00007d60                twidrv
                0x00007df4                twistart
                0x00007e6c                TWI_send
                0x00007ed0                TWI_receive
                0x00007f3c                TWI_txrx
                0x00007fc0                twistop
 .text          0x00007fe0      0x894 Libs/libdrv.PROD.a(drv_usb.PROD.o)
                0x00007fe0                usbdrv
                0x00008044                USB_SendNextData
                0x00008090                USB_RxData
                0x000080a0                USB_SendData
                0x000080e0                USB_SendZlp
                0x00008108                USB_SendStall
                0x00008134                USB_RxSetup
                0x0000868c                USB_Receive
                0x000086f0                USB_Transmit
                0x00008758                usbtask
 .text          0x00008874      0x1fc Libs/libdrv.PROD.a(drv_adc.PROD.o)
                0x00008874                tc0drv
                0x000088c0                adcstart
                0x000089dc                adcstop
                0x00008a18                ADC_read
 .text          0x00008a70      0x3d8 Libs/libdrv.PROD.a(drv_dio.PROD.o)
                0x00008a70                diostart
                0x00008afc                diostop
                0x00008b18                dioconfTW
                0x00008bf0                dio_read
                0x00008c8c                dio_write
                0x00008e24                dio_mask
                0x00008e28                dio_counter
 .text          0x00008e48       0xdc Libs/libdrv.PROD.a(stdio_strtol.PROD.o)
                0x00008e48                simple_strtoul
                0x00008f08                simple_strtol
 .text          0x00008f24      0x11c /home/name/test_kit/arm-gnu-toolchain-13.3.rel1-x86_64-arm-none-eabi/bin/../lib/gcc/arm-none-eabi/13.3.1/thumb/nofp/libgcc.a(_udivsi3.o)
                0x00008f24                __udivsi3
                0x00008f24                __aeabi_uidiv
                0x00009020                __aeabi_uidivmod
 .text          0x00009040      0x150 /home/name/test_kit/arm-gnu-toolchain-13.3.rel1-x86_64-arm-none-eabi/bin/../lib/gcc/arm-none-eabi/13.3.1/thumb/nofp/libgcc.a(_divsi3.o)
                0x00009040                __aeabi_idiv
                0x00009040                __divsi3
                0x00009170                __aeabi_idivmod
 .text          0x00009190        0x4 /home/name/test_kit/arm-gnu-toolchain-13.3.rel1-x86_64-arm-none-eabi/bin/../lib/gcc/arm-none-eabi/13.3.1/thumb/nofp/libgcc.a(_dvmd_tls.o)
                0x00009190                __aeabi_ldiv0
                0x00009190                __aeabi_idiv0
 .text          0x00009194       0x3c /home/name/test_kit/arm-gnu-toolchain-13.3.rel1-x86_64-arm-none-eabi/bin/../lib/gcc/arm-none-eabi/13.3.1/thumb/nofp/libgcc.a(_aeabi_uldivmod.o)
                0x00009194                __aeabi_uldivmod
 .text          0x000091d0        0x0 /home/name/test_kit/arm-gnu-toolchain-13.3.rel1-x86_64-arm-none-eabi/bin/../lib/gcc/arm-none-eabi/13.3.1/thumb/nofp/libgcc.a(_udivmoddi4.o)
 .text          0x000091d0       0x28 /home/name/test_kit/arm-gnu-toolchain-13.3.rel1-x86_64-arm-none-eabi/bin/../lib/gcc/arm-none-eabi/13.3.1/thumb/nofp/libgcc.a(_clzdi2.o)
                0x000091d0                __clzdi2
 .text          0x000091f8       0x48 /home/name/test_kit/arm-gnu-toolchain-13.3.rel1-x86_64-arm-none-eabi/bin/../lib/gcc/arm-none-eabi/13.3.1/thumb/nofp/libgcc.a(_clzsi2.o)
                0x000091f8                __clzsi2
 .text          0x00009240        0x0 /home/name/test_kit/arm-gnu-toolchain-13.3.rel1-x86_64-arm-none-eabi/bin/../lib/gcc/arm-none-eabi/13.3.1/../../../../arm-none-eabi/lib/thumb/nofp/libc.a(libc_a-memcpy-stub.o)
 .text          0x00009240        0x0 /home/name/test_kit/arm-gnu-toolchain-13.3.rel1-x86_64-arm-none-eabi/bin/../lib/gcc/arm-none-eabi/13.3.1/../../../../arm-none-eabi/lib/thumb/nofp/libc.a(libc_a-strlen-stub.o)
 .text          0x00009240        0x0 /home/name/test_kit/arm-gnu-toolchain-13.3.rel1-x86_64-arm-none-eabi/bin/../lib/gcc/arm-none-eabi/13.3.1/../../../../arm-none-eabi/lib/thumb/nofp/libc.a(libc_a-strnlen.o)
 .text          0x00009240        0x0 /home/name/test_kit/arm-gnu-toolchain-13.3.rel1-x86_64-arm-none-eabi/bin/../lib/gcc/arm-none-eabi/13.3.1/../../../../arm-none-eabi/lib/thumb/nofp/libc.a(libc_a-memcmp.o)
 .text          0x00009240        0x0 /home/name/test_kit/arm-gnu-toolchain-13.3.rel1-x86_64-arm-none-eabi/bin/../lib/gcc/arm-none-eabi/13.3.1/../../../../arm-none-eabi/lib/thumb/nofp/libc.a(libc_a-memset.o)
 .text          0x00009240        0x0 /home/name/test_kit/arm-gnu-toolchain-13.3.rel1-x86_64-arm-none-eabi/bin/../lib/gcc/arm-none-eabi/13.3.1/../../../../arm-none-eabi/lib/thumb/nofp/libc.a(libc_a-ctype_.o)
 .text.__stub   0x00009240       0x4c linker stubs
 *(.glue_7t)
 .glue_7t       0x00009298        0x0 linker stubs
 *(.glue_7)
 .glue_7        0x00009298        0x0 linker stubs
                0x00009298                        . = ALIGN (0x4)

.rodata         0x00009298     0x13cd
 *(.rodata*)
 .rodata        0x00009298       0x45 Objs/main.PROD.o
                0x0000929c                rtxkktcb
                0x000092dc                ntasks
 *fill*         0x000092dd        0x3 
 .rodata.str1.4
                0x000092e0      0x783 Objs/tasks.PROD.o
                                0x6ec (size before relaxing)
 *fill*         0x00009a63        0x1 
 .rodata        0x00009a64      0x152 Objs/tasks.PROD.o
 .rodata.str1.4
                0x00009bb6       0x1d Libs/librtxc.PROD.a(rtxcapi.PROD.o)
 *fill*         0x00009bb6        0x2 
 .rodata        0x00009bb8       0xc0 Libs/librtxc.PROD.a(rtxc.PROD.o)
 .rodata        0x00009c78       0x19 Libs/libdrv.PROD.a(cpart.PROD.o)
                0x00009c78                pkkheader
                0x00009c90                nparts
 *fill*         0x00009c91        0x3 
 .rodata        0x00009c94       0xc1 Libs/libdrv.PROD.a(cqueue.PROD.o)
                0x00009c94                qkkheader
                0x00009d54                nqueues
 .rodata        0x00009d55        0x1 Libs/libdrv.PROD.a(cres.PROD.o)
                0x00009d55                nres
 *fill*         0x00009d56        0x2 
 .rodata        0x00009d58        0x5 Libs/libdrv.PROD.a(csema.PROD.o)
                0x00009d58                siglistsize
                0x00009d5c                nsemas
 .rodata.str1.4
                0x00009d5d       0x79 Libs/libdrv.PROD.a(extapi.PROD.o)
 .rodata.str1.4
                0x00009d5d        0x7 Libs/libdrv.PROD.a(stdio_vsprintf.PROD.o)
 *fill*         0x00009d5d        0x3 
 .rodata        0x00009d60      0x721 Libs/libdrv.PROD.a(stdio_vsprintf.PROD.o)
 *fill*         0x0000a481        0x3 
 .rodata        0x0000a484       0x38 Libs/libdrv.PROD.a(drv_uart.PROD.o)
 .rodata        0x0000a4bc       0x5f Libs/libdrv.PROD.a(drv_usb.PROD.o)
                0x0000a4bc                devDescriptor
                0x0000a4d0                cfgDescriptor
                0x0000a514                line_pars
 *fill*         0x0000a51b        0x1 
 .rodata        0x0000a51c       0x48 Libs/libdrv.PROD.a(drv_dio.PROD.o)
 .rodata._ctype_
                0x0000a564      0x101 /home/name/test_kit/arm-gnu-toolchain-13.3.rel1-x86_64-arm-none-eabi/bin/../lib/gcc/arm-none-eabi/13.3.1/../../../../arm-none-eabi/lib/thumb/nofp/libc.a(libc_a-ctype_.o)
                0x0000a564                _ctype_

.ARM.extab.text.__udivmoddi4
                0x0000a665        0x0
 .ARM.extab.text.__udivmoddi4
                0x0000a665        0x0 /home/name/test_kit/arm-gnu-toolchain-13.3.rel1-x86_64-arm-none-eabi/bin/../lib/gcc/arm-none-eabi/13.3.1/thumb/nofp/libgcc.a(_udivmoddi4.o)

.ARM.exidx.text.__udivmoddi4
                0x0000a668        0x8
 .ARM.exidx.text.__udivmoddi4
                0x0000a668        0x8 /home/name/test_kit/arm-gnu-toolchain-13.3.rel1-x86_64-arm-none-eabi/bin/../lib/gcc/arm-none-eabi/13.3.1/thumb/nofp/libgcc.a(_udivmoddi4.o)

.rel.dyn        0x0000a670        0x0
 .rel.iplt      0x0000a670        0x0 Libs/RTXCstartup.PROD.o
                0x0000a670                        . = ALIGN (0x4)
                0x0000a670                        _etext = .
                [!provide]                        PROVIDE (etext = .)

.data           0x00200000        0x4 load address 0x0000a670
                0x00200000                        _data = .
 *(.data)
 .data          0x00200000        0x0 Libs/RTXCstartup.PROD.o
 .data          0x00200000        0x0 Libs/RTXCutil.PROD.o
 .data          0x00200000        0x0 Libs/RTXCsys32.PROD.o
 .data          0x00200000        0x0 Objs/main.PROD.o
 .data          0x00200000        0x0 Objs/tasks.PROD.o
 .data          0x00200000        0x0 Libs/librtxc.PROD.a(rtxcinit.PROD.o)
 .data          0x00200000        0x0 Libs/librtxc.PROD.a(rtxcapi.PROD.o)
 .data          0x00200000        0x0 Libs/librtxc.PROD.a(rtxc.PROD.o)
 .data          0x00200000        0x0 Libs/librtxc.PROD.a(lock.PROD.o)
 .data          0x00200000        0x0 Libs/libdrv.PROD.a(cpart.PROD.o)
 .data          0x00200000        0x0 Libs/libdrv.PROD.a(cqueue.PROD.o)
 .data          0x00200000        0x0 Libs/libdrv.PROD.a(cres.PROD.o)
 .data          0x00200000        0x0 Libs/libdrv.PROD.a(csema.PROD.o)
 .data          0x00200000        0x0 Libs/libdrv.PROD.a(extapi.PROD.o)
 .data          0x00200000        0x0 Libs/libdrv.PROD.a(cvtdate.PROD.o)
 .data          0x00200000        0x0 Libs/libdrv.PROD.a(flashapi.PROD.o)
 .data          0x00200000        0x0 Libs/libdrv.PROD.a(stdio_vsprintf.PROD.o)
 .data          0x00200000        0x0 Libs/libdrv.PROD.a(stdio_printf.PROD.o)
 .data          0x00200000        0x0 Libs/libdrv.PROD.a(stdio_puts.PROD.o)
 .data          0x00200000        0x0 Libs/libdrv.PROD.a(drv_clk.PROD.o)
 .data          0x00200000        0x0 Libs/libdrv.PROD.a(drv_uart.PROD.o)
 .data          0x00200000        0x0 Libs/libdrv.PROD.a(drv_can.PROD.o)
 .data          0x00200000        0x0 Libs/libdrv.PROD.a(drv_spi.PROD.o)
 .data          0x00200000        0x0 Libs/libdrv.PROD.a(drv_twi.PROD.o)
 .data          0x00200000        0x0 Libs/libdrv.PROD.a(drv_usb.PROD.o)
 .data          0x00200000        0x4 Libs/libdrv.PROD.a(drv_adc.PROD.o)
                0x00200000                ADcoeff
 .data          0x00200004        0x0 Libs/libdrv.PROD.a(drv_dio.PROD.o)
 .data          0x00200004        0x0 Libs/libdrv.PROD.a(stdio_strtol.PROD.o)
 .data          0x00200004        0x0 /home/name/test_kit/arm-gnu-toolchain-13.3.rel1-x86_64-arm-none-eabi/bin/../lib/gcc/arm-none-eabi/13.3.1/thumb/nofp/libgcc.a(_udivsi3.o)
 .data          0x00200004        0x0 /home/name/test_kit/arm-gnu-toolchain-13.3.rel1-x86_64-arm-none-eabi/bin/../lib/gcc/arm-none-eabi/13.3.1/thumb/nofp/libgcc.a(_divsi3.o)
 .data          0x00200004        0x0 /home/name/test_kit/arm-gnu-toolchain-13.3.rel1-x86_64-arm-none-eabi/bin/../lib/gcc/arm-none-eabi/13.3.1/thumb/nofp/libgcc.a(_dvmd_tls.o)
 .data          0x00200004        0x0 /home/name/test_kit/arm-gnu-toolchain-13.3.rel1-x86_64-arm-none-eabi/bin/../lib/gcc/arm-none-eabi/13.3.1/thumb/nofp/libgcc.a(_aeabi_uldivmod.o)
 .data          0x00200004        0x0 /home/name/test_kit/arm-gnu-toolchain-13.3.rel1-x86_64-arm-none-eabi/bin/../lib/gcc/arm-none-eabi/13.3.1/thumb/nofp/libgcc.a(_udivmoddi4.o)
 .data          0x00200004        0x0 /home/name/test_kit/arm-gnu-toolchain-13.3.rel1-x86_64-arm-none-eabi/bin/../lib/gcc/arm-none-eabi/13.3.1/thumb/nofp/libgcc.a(_clzdi2.o)
 .data          0x00200004        0x0 /home/name/test_kit/arm-gnu-toolchain-13.3.rel1-x86_64-arm-none-eabi/bin/../lib/gcc/arm-none-eabi/13.3.1/thumb/nofp/libgcc.a(_clzsi2.o)
 .data          0x00200004        0x0 /home/name/test_kit/arm-gnu-toolchain-13.3.rel1-x86_64-arm-none-eabi/bin/../lib/gcc/arm-none-eabi/13.3.1/../../../../arm-none-eabi/lib/thumb/nofp/libc.a(libc_a-memcpy-stub.o)
 .data          0x00200004        0x0 /home/name/test_kit/arm-gnu-toolchain-13.3.rel1-x86_64-arm-none-eabi/bin/../lib/gcc/arm-none-eabi/13.3.1/../../../../arm-none-eabi/lib/thumb/nofp/libc.a(libc_a-strlen-stub.o)
 .data          0x00200004        0x0 /home/name/test_kit/arm-gnu-toolchain-13.3.rel1-x86_64-arm-none-eabi/bin/../lib/gcc/arm-none-eabi/13.3.1/../../../../arm-none-eabi/lib/thumb/nofp/libc.a(libc_a-strnlen.o)
 .data          0x00200004        0x0 /home/name/test_kit/arm-gnu-toolchain-13.3.rel1-x86_64-arm-none-eabi/bin/../lib/gcc/arm-none-eabi/13.3.1/../../../../arm-none-eabi/lib/thumb/nofp/libc.a(libc_a-memcmp.o)
 .data          0x00200004        0x0 /home/name/test_kit/arm-gnu-toolchain-13.3.rel1-x86_64-arm-none-eabi/bin/../lib/gcc/arm-none-eabi/13.3.1/../../../../arm-none-eabi/lib/thumb/nofp/libc.a(libc_a-memset.o)
 .data          0x00200004        0x0 /home/name/test_kit/arm-gnu-toolchain-13.3.rel1-x86_64-arm-none-eabi/bin/../lib/gcc/arm-none-eabi/13.3.1/../../../../arm-none-eabi/lib/thumb/nofp/libc.a(libc_a-ctype_.o)

.igot.plt       0x00200004        0x0 load address 0x0000a674
 .igot.plt      0x00200004        0x0 Libs/RTXCstartup.PROD.o
                0x00200004                        . = ALIGN (0x4)
                0x00200004                        _edata = .
                [!provide]                        PROVIDE (edata = .)

.bss            0x00200004     0x2d38 load address 0x0000a674
                0x00200004                        __bss_start = .
                0x00200004                        __bss_start__ = .
 *(.bss)
 .bss           0x00200004        0x0 Libs/RTXCstartup.PROD.o
 .bss           0x00200004        0x0 Libs/RTXCutil.PROD.o
 .bss           0x00200004        0x0 Libs/RTXCsys32.PROD.o
 .bss           0x00200004       0x90 Objs/main.PROD.o
                0x00200004                rtxtcb
 .bss           0x00200094      0x31c Objs/tasks.PROD.o
                0x00200094                GlobTimer
                0x00200098                GlobCurrTimer
                0x00200130                CanMsg
                0x00200230                CanLenMsg
                0x002002b0                CanCurrTimer
                0x00200330                CanTimer
 .bss           0x002003b0        0x0 Libs/librtxc.PROD.a(rtxcinit.PROD.o)
 .bss           0x002003b0        0x0 Libs/librtxc.PROD.a(rtxcapi.PROD.o)
 .bss           0x002003b0       0x2c Libs/librtxc.PROD.a(rtxc.PROD.o)
                0x002003b0                clkqptr
                0x002003b4                rtctick
                0x002003b8                hipritsk
                0x002003bc                semaput
                0x002003c0                scheduler
                0x002003c4                nsrttcb
                0x002003c8                semaget
                0x002003cc                t_expired
                0x002003d0                sliceup
                0x002003d4                isrcnt
                0x002003d8                kernellastrunstack
 .bss           0x002003dc        0x0 Libs/librtxc.PROD.a(lock.PROD.o)
 .bss           0x002003dc     0x1828 Libs/libdrv.PROD.a(cpart.PROD.o)
                0x002003dc                pheader
 .bss           0x00201c04      0x950 Libs/libdrv.PROD.a(cqueue.PROD.o)
                0x00201c04                qheader
 .bss           0x00202554       0x8c Libs/libdrv.PROD.a(cres.PROD.o)
                0x00202554                rheader
 .bss           0x002025e0       0x48 Libs/libdrv.PROD.a(csema.PROD.o)
                0x002025e0                semat
                0x00202608                siglist
 .bss           0x00202628      0x12a Libs/libdrv.PROD.a(extapi.PROD.o)
                0x0020262c                trans_addr
                0x00202652                extapibuf
 .bss           0x00202752        0x0 Libs/libdrv.PROD.a(cvtdate.PROD.o)
 .bss           0x00202752        0x1 Libs/libdrv.PROD.a(flashapi.PROD.o)
                0x00202752                flashcode
 .bss           0x00202753        0x0 Libs/libdrv.PROD.a(stdio_vsprintf.PROD.o)
 .bss           0x00202753        0x0 Libs/libdrv.PROD.a(stdio_printf.PROD.o)
 .bss           0x00202753        0x0 Libs/libdrv.PROD.a(stdio_puts.PROD.o)
 *fill*         0x00202753        0x1 
 .bss           0x00202754       0x24 Libs/libdrv.PROD.a(drv_clk.PROD.o)
                0x0020275c                led_counter
                0x00202760                led_prescaler
                0x00202764                led_curmask
                0x0020276c                led_bitnum
                0x00202770                led_mask
 .bss           0x00202778       0xd8 Libs/libdrv.PROD.a(drv_uart.PROD.o)
                0x00202778                rxbuffidx
                0x0020277c                iptr
                0x00202780                nptr
                0x00202784                com0err
                0x00202786                com1err
                0x00202788                com2err
                0x0020278a                com3err
                0x0020278c                cptr
                0x002027d0                rxbuff
 .bss           0x00202850        0xa Libs/libdrv.PROD.a(drv_can.PROD.o)
                0x00202850                int_pend
                0x00202854                int_mask
                0x00202858                CanStatus
 .bss           0x0020285a        0x2 Libs/libdrv.PROD.a(drv_spi.PROD.o)
                0x0020285a                spi0err
                0x0020285b                spi0start
 .bss           0x0020285c        0xa Libs/libdrv.PROD.a(drv_twi.PROD.o)
                0x0020285c                twibuflen
                0x00202860                twibufptr
                0x00202864                twi0err
 *fill*         0x00202866        0x2 
 .bss           0x00202868       0x12 Libs/libdrv.PROD.a(drv_usb.PROD.o)
                0x00202868                currDataLen
                0x0020286c                currDataPtr
                0x00202870                currConfiguration
                0x00202871                currConnection
                0x00202874                currRcvBank
                0x00202878                usberr
 *fill*         0x0020287a        0x2 
 .bss           0x0020287c       0x14 Libs/libdrv.PROD.a(drv_adc.PROD.o)
                0x0020287c                muxnum
                0x00202880                adcmuxval
 .bss           0x00202890        0x0 Libs/libdrv.PROD.a(drv_dio.PROD.o)
 .bss           0x00202890        0x0 Libs/libdrv.PROD.a(stdio_strtol.PROD.o)
 .bss           0x00202890        0x0 /home/name/test_kit/arm-gnu-toolchain-13.3.rel1-x86_64-arm-none-eabi/bin/../lib/gcc/arm-none-eabi/13.3.1/thumb/nofp/libgcc.a(_udivsi3.o)
 .bss           0x00202890        0x0 /home/name/test_kit/arm-gnu-toolchain-13.3.rel1-x86_64-arm-none-eabi/bin/../lib/gcc/arm-none-eabi/13.3.1/thumb/nofp/libgcc.a(_divsi3.o)
 .bss           0x00202890        0x0 /home/name/test_kit/arm-gnu-toolchain-13.3.rel1-x86_64-arm-none-eabi/bin/../lib/gcc/arm-none-eabi/13.3.1/thumb/nofp/libgcc.a(_dvmd_tls.o)
 .bss           0x00202890        0x0 /home/name/test_kit/arm-gnu-toolchain-13.3.rel1-x86_64-arm-none-eabi/bin/../lib/gcc/arm-none-eabi/13.3.1/thumb/nofp/libgcc.a(_aeabi_uldivmod.o)
 .bss           0x00202890        0x0 /home/name/test_kit/arm-gnu-toolchain-13.3.rel1-x86_64-arm-none-eabi/bin/../lib/gcc/arm-none-eabi/13.3.1/thumb/nofp/libgcc.a(_udivmoddi4.o)
 .bss           0x00202890        0x0 /home/name/test_kit/arm-gnu-toolchain-13.3.rel1-x86_64-arm-none-eabi/bin/../lib/gcc/arm-none-eabi/13.3.1/thumb/nofp/libgcc.a(_clzdi2.o)
 .bss           0x00202890        0x0 /home/name/test_kit/arm-gnu-toolchain-13.3.rel1-x86_64-arm-none-eabi/bin/../lib/gcc/arm-none-eabi/13.3.1/thumb/nofp/libgcc.a(_clzsi2.o)
 .bss           0x00202890        0x0 /home/name/test_kit/arm-gnu-toolchain-13.3.rel1-x86_64-arm-none-eabi/bin/../lib/gcc/arm-none-eabi/13.3.1/../../../../arm-none-eabi/lib/thumb/nofp/libc.a(libc_a-memcpy-stub.o)
 .bss           0x00202890        0x0 /home/name/test_kit/arm-gnu-toolchain-13.3.rel1-x86_64-arm-none-eabi/bin/../lib/gcc/arm-none-eabi/13.3.1/../../../../arm-none-eabi/lib/thumb/nofp/libc.a(libc_a-strlen-stub.o)
 .bss           0x00202890        0x0 /home/name/test_kit/arm-gnu-toolchain-13.3.rel1-x86_64-arm-none-eabi/bin/../lib/gcc/arm-none-eabi/13.3.1/../../../../arm-none-eabi/lib/thumb/nofp/libc.a(libc_a-strnlen.o)
 .bss           0x00202890        0x0 /home/name/test_kit/arm-gnu-toolchain-13.3.rel1-x86_64-arm-none-eabi/bin/../lib/gcc/arm-none-eabi/13.3.1/../../../../arm-none-eabi/lib/thumb/nofp/libc.a(libc_a-memcmp.o)
 .bss           0x00202890        0x0 /home/name/test_kit/arm-gnu-toolchain-13.3.rel1-x86_64-arm-none-eabi/bin/../lib/gcc/arm-none-eabi/13.3.1/../../../../arm-none-eabi/lib/thumb/nofp/libc.a(libc_a-memset.o)
 .bss           0x00202890        0x0 /home/name/test_kit/arm-gnu-toolchain-13.3.rel1-x86_64-arm-none-eabi/bin/../lib/gcc/arm-none-eabi/13.3.1/../../../../arm-none-eabi/lib/thumb/nofp/libc.a(libc_a-ctype_.o)
 *(COMMON)
                0x00202890                        . = ALIGN (0x4)
                0x00202890                        __bss_end = .
                0x00202890                        __bss_end__ = .
                0x00202890                        __noinit_start = .
 *(.noinit)
 .noinit        0x00202890        0x4 Libs/RTXCutil.PROD.o
                0x00202890                current_clock
 .noinit        0x00202894      0x4a8 Objs/main.PROD.o
                0x00202d3c                        __noinit_end = .

.int_data       0x00208000        0x0
 *(.internal_ram_top)
 .internal_ram_top
                0x00208000        0x0 Libs/RTXCstartup.PROD.o
                0x00208000                        ram_end = ADDR (.int_data)
OUTPUT(Objs/main.PROD.elf elf32-littlearm)
LOAD linker stubs

.reset          0x00000000        0x0
 .reset         0x00000000        0x0 Libs/RTXCstartup.PROD.o

.ARM.attributes
                0x00000000       0x26
 .ARM.attributes
                0x00000000       0x1a Libs/RTXCstartup.PROD.o
 .ARM.attributes
                0x0000001a       0x2a Libs/RTXCutil.PROD.o
 .ARM.attributes
                0x00000044       0x2a Libs/RTXCsys32.PROD.o
 .ARM.attributes
                0x0000006e       0x2a Objs/main.PROD.o
 .ARM.attributes
                0x00000098       0x2a Objs/tasks.PROD.o
 .ARM.attributes
                0x000000c2       0x2a Libs/librtxc.PROD.a(rtxcinit.PROD.o)
 .ARM.attributes
                0x000000ec       0x2a Libs/librtxc.PROD.a(rtxcapi.PROD.o)
 .ARM.attributes
                0x00000116       0x2a Libs/librtxc.PROD.a(rtxc.PROD.o)
 .ARM.attributes
                0x00000140       0x1a Libs/librtxc.PROD.a(lock.PROD.o)
 .ARM.attributes
                0x0000015a       0x2a Libs/libdrv.PROD.a(cpart.PROD.o)
 .ARM.attributes
                0x00000184       0x2a Libs/libdrv.PROD.a(cqueue.PROD.o)
 .ARM.attributes
                0x000001ae       0x2a Libs/libdrv.PROD.a(cres.PROD.o)
 .ARM.attributes
                0x000001d8       0x2a Libs/libdrv.PROD.a(csema.PROD.o)
 .ARM.attributes
                0x00000202       0x2a Libs/libdrv.PROD.a(extapi.PROD.o)
 .ARM.attributes
                0x0000022c       0x2a Libs/libdrv.PROD.a(cvtdate.PROD.o)
 .ARM.attributes
                0x00000256       0x2a Libs/libdrv.PROD.a(flashapi.PROD.o)
 .ARM.attributes
                0x00000280       0x2a Libs/libdrv.PROD.a(stdio_vsprintf.PROD.o)
 .ARM.attributes
                0x000002aa       0x2a Libs/libdrv.PROD.a(stdio_printf.PROD.o)
 .ARM.attributes
                0x000002d4       0x2a Libs/libdrv.PROD.a(stdio_puts.PROD.o)
 .ARM.attributes
                0x000002fe       0x2a Libs/libdrv.PROD.a(drv_clk.PROD.o)
 .ARM.attributes
                0x00000328       0x2a Libs/libdrv.PROD.a(drv_uart.PROD.o)
 .ARM.attributes
                0x00000352       0x2a Libs/libdrv.PROD.a(drv_can.PROD.o)
 .ARM.attributes
                0x0000037c       0x2a Libs/libdrv.PROD.a(drv_spi.PROD.o)
 .ARM.attributes
                0x000003a6       0x2a Libs/libdrv.PROD.a(drv_twi.PROD.o)
 .ARM.attributes
                0x000003d0       0x2a Libs/libdrv.PROD.a(drv_usb.PROD.o)
 .ARM.attributes
                0x000003fa       0x2a Libs/libdrv.PROD.a(drv_adc.PROD.o)
 .ARM.attributes
                0x00000424       0x2a Libs/libdrv.PROD.a(drv_dio.PROD.o)
 .ARM.attributes
                0x0000044e       0x2a Libs/libdrv.PROD.a(stdio_strtol.PROD.o)
 .ARM.attributes
                0x00000478       0x1c /home/name/test_kit/arm-gnu-toolchain-13.3.rel1-x86_64-arm-none-eabi/bin/../lib/gcc/arm-none-eabi/13.3.1/thumb/nofp/libgcc.a(_udivsi3.o)
 .ARM.attributes
                0x00000494       0x1c /home/name/test_kit/arm-gnu-toolchain-13.3.rel1-x86_64-arm-none-eabi/bin/../lib/gcc/arm-none-eabi/13.3.1/thumb/nofp/libgcc.a(_divsi3.o)
 .ARM.attributes
                0x000004b0       0x1c /home/name/test_kit/arm-gnu-toolchain-13.3.rel1-x86_64-arm-none-eabi/bin/../lib/gcc/arm-none-eabi/13.3.1/thumb/nofp/libgcc.a(_dvmd_tls.o)
 .ARM.attributes
                0x000004cc       0x1c /home/name/test_kit/arm-gnu-toolchain-13.3.rel1-x86_64-arm-none-eabi/bin/../lib/gcc/arm-none-eabi/13.3.1/thumb/nofp/libgcc.a(_aeabi_uldivmod.o)
 .ARM.attributes
                0x000004e8       0x2a /home/name/test_kit/arm-gnu-toolchain-13.3.rel1-x86_64-arm-none-eabi/bin/../lib/gcc/arm-none-eabi/13.3.1/thumb/nofp/libgcc.a(_udivmoddi4.o)
 .ARM.attributes
                0x00000512       0x1c /home/name/test_kit/arm-gnu-toolchain-13.3.rel1-x86_64-arm-none-eabi/bin/../lib/gcc/arm-none-eabi/13.3.1/thumb/nofp/libgcc.a(_clzdi2.o)
 .ARM.attributes
                0x0000052e       0x1c /home/name/test_kit/arm-gnu-toolchain-13.3.rel1-x86_64-arm-none-eabi/bin/../lib/gcc/arm-none-eabi/13.3.1/thumb/nofp/libgcc.a(_clzsi2.o)
 .ARM.attributes
                0x0000054a       0x2a /home/name/test_kit/arm-gnu-toolchain-13.3.rel1-x86_64-arm-none-eabi/bin/../lib/gcc/arm-none-eabi/13.3.1/../../../../arm-none-eabi/lib/thumb/nofp/libc.a(libc_a-memcpy-stub.o)
 .ARM.attributes
                0x00000574       0x2a /home/name/test_kit/arm-gnu-toolchain-13.3.rel1-x86_64-arm-none-eabi/bin/../lib/gcc/arm-none-eabi/13.3.1/../../../../arm-none-eabi/lib/thumb/nofp/libc.a(libc_a-strlen-stub.o)
 .ARM.attributes
                0x0000059e       0x2a /home/name/test_kit/arm-gnu-toolchain-13.3.rel1-x86_64-arm-none-eabi/bin/../lib/gcc/arm-none-eabi/13.3.1/../../../../arm-none-eabi/lib/thumb/nofp/libc.a(libc_a-strnlen.o)
 .ARM.attributes
                0x000005c8       0x2a /home/name/test_kit/arm-gnu-toolchain-13.3.rel1-x86_64-arm-none-eabi/bin/../lib/gcc/arm-none-eabi/13.3.1/../../../../arm-none-eabi/lib/thumb/nofp/libc.a(libc_a-memcmp.o)
 .ARM.attributes
                0x000005f2       0x2a /home/name/test_kit/arm-gnu-toolchain-13.3.rel1-x86_64-arm-none-eabi/bin/../lib/gcc/arm-none-eabi/13.3.1/../../../../arm-none-eabi/lib/thumb/nofp/libc.a(libc_a-memset.o)
 .ARM.attributes
                0x0000061c       0x2a /home/name/test_kit/arm-gnu-toolchain-13.3.rel1-x86_64-arm-none-eabi/bin/../lib/gcc/arm-none-eabi/13.3.1/../../../../arm-none-eabi/lib/thumb/nofp/libc.a(libc_a-ctype_.o)

.comment        0x00000000       0x45
 .comment       0x00000000       0x45 Libs/RTXCutil.PROD.o
                                 0x46 (size before relaxing)
 .comment       0x00000045       0x46 Libs/RTXCsys32.PROD.o
 .comment       0x00000045       0x46 Objs/main.PROD.o
 .comment       0x00000045       0x46 Objs/tasks.PROD.o
 .comment       0x00000045       0x46 Libs/librtxc.PROD.a(rtxcinit.PROD.o)
 .comment       0x00000045       0x46 Libs/librtxc.PROD.a(rtxcapi.PROD.o)
 .comment       0x00000045       0x46 Libs/librtxc.PROD.a(rtxc.PROD.o)
 .comment       0x00000045       0x46 Libs/libdrv.PROD.a(cpart.PROD.o)
 .comment       0x00000045       0x46 Libs/libdrv.PROD.a(cqueue.PROD.o)
 .comment       0x00000045       0x46 Libs/libdrv.PROD.a(cres.PROD.o)
 .comment       0x00000045       0x46 Libs/libdrv.PROD.a(csema.PROD.o)
 .comment       0x00000045       0x46 Libs/libdrv.PROD.a(extapi.PROD.o)
 .comment       0x00000045       0x46 Libs/libdrv.PROD.a(cvtdate.PROD.o)
 .comment       0x00000045       0x46 Libs/libdrv.PROD.a(flashapi.PROD.o)
 .comment       0x00000045       0x46 Libs/libdrv.PROD.a(stdio_vsprintf.PROD.o)
 .comment       0x00000045       0x46 Libs/libdrv.PROD.a(stdio_printf.PROD.o)
 .comment       0x00000045       0x46 Libs/libdrv.PROD.a(stdio_puts.PROD.o)
 .comment       0x00000045       0x46 Libs/libdrv.PROD.a(drv_clk.PROD.o)
 .comment       0x00000045       0x46 Libs/libdrv.PROD.a(drv_uart.PROD.o)
 .comment       0x00000045       0x46 Libs/libdrv.PROD.a(drv_can.PROD.o)
 .comment       0x00000045       0x46 Libs/libdrv.PROD.a(drv_spi.PROD.o)
 .comment       0x00000045       0x46 Libs/libdrv.PROD.a(drv_twi.PROD.o)
 .comment       0x00000045       0x46 Libs/libdrv.PROD.a(drv_usb.PROD.o)
 .comment       0x00000045       0x46 Libs/libdrv.PROD.a(drv_adc.PROD.o)
 .comment       0x00000045       0x46 Libs/libdrv.PROD.a(drv_dio.PROD.o)
 .comment       0x00000045       0x46 Libs/libdrv.PROD.a(stdio_strtol.PROD.o)

.debug_line     0x00000000     0xd7f1
 .debug_line    0x00000000      0x113 Libs/RTXCstartup.PROD.o
 .debug_line    0x00000113      0x6fe Libs/RTXCutil.PROD.o
 .debug_line    0x00000811       0x7b Libs/RTXCsys32.PROD.o
 .debug_line    0x0000088c      0x220 Objs/main.PROD.o
 .debug_line    0x00000aac     0x1dbc Objs/tasks.PROD.o
 .debug_line    0x00002868       0x66 Libs/librtxc.PROD.a(rtxcinit.PROD.o)
 .debug_line    0x000028ce      0xb6c Libs/librtxc.PROD.a(rtxcapi.PROD.o)
 .debug_line    0x0000343a     0x2623 Libs/librtxc.PROD.a(rtxc.PROD.o)
 .debug_line    0x00005a5d       0x62 Libs/librtxc.PROD.a(lock.PROD.o)
 .debug_line    0x00005abf       0x62 Libs/libdrv.PROD.a(cpart.PROD.o)
 .debug_line    0x00005b21       0x64 Libs/libdrv.PROD.a(cqueue.PROD.o)
 .debug_line    0x00005b85       0x60 Libs/libdrv.PROD.a(cres.PROD.o)
 .debug_line    0x00005be5       0x54 Libs/libdrv.PROD.a(csema.PROD.o)
 .debug_line    0x00005c39     0x22f4 Libs/libdrv.PROD.a(extapi.PROD.o)
 .debug_line    0x00007f2d      0x345 Libs/libdrv.PROD.a(cvtdate.PROD.o)
 .debug_line    0x00008272      0x4ef Libs/libdrv.PROD.a(flashapi.PROD.o)
 .debug_line    0x00008761      0xe27 Libs/libdrv.PROD.a(stdio_vsprintf.PROD.o)
 .debug_line    0x00009588      0x157 Libs/libdrv.PROD.a(stdio_printf.PROD.o)
 .debug_line    0x000096df       0x8b Libs/libdrv.PROD.a(stdio_puts.PROD.o)
 .debug_line    0x0000976a      0x51d Libs/libdrv.PROD.a(drv_clk.PROD.o)
 .debug_line    0x00009c87      0xf0e Libs/libdrv.PROD.a(drv_uart.PROD.o)
 .debug_line    0x0000ab95      0x822 Libs/libdrv.PROD.a(drv_can.PROD.o)
 .debug_line    0x0000b3b7      0x35e Libs/libdrv.PROD.a(drv_spi.PROD.o)
 .debug_line    0x0000b715      0x49e Libs/libdrv.PROD.a(drv_twi.PROD.o)
 .debug_line    0x0000bbb3     0x11cb Libs/libdrv.PROD.a(drv_usb.PROD.o)
 .debug_line    0x0000cd7e      0x34d Libs/libdrv.PROD.a(drv_adc.PROD.o)
 .debug_line    0x0000d0cb      0x538 Libs/libdrv.PROD.a(drv_dio.PROD.o)
 .debug_line    0x0000d603      0x1ee Libs/libdrv.PROD.a(stdio_strtol.PROD.o)

.debug_line_str
                0x00000000      0x12b
 .debug_line_str
                0x00000000      0x12b Libs/RTXCstartup.PROD.o
                                 0x55 (size before relaxing)
 .debug_line_str
                0x0000012b       0x41 Libs/librtxc.PROD.a(lock.PROD.o)
 .debug_line_str
                0x0000012b       0xbd /home/name/test_kit/arm-gnu-toolchain-13.3.rel1-x86_64-arm-none-eabi/bin/../lib/gcc/arm-none-eabi/13.3.1/thumb/nofp/libgcc.a(_udivsi3.o)
 .debug_line_str
                0x0000012b       0xbd /home/name/test_kit/arm-gnu-toolchain-13.3.rel1-x86_64-arm-none-eabi/bin/../lib/gcc/arm-none-eabi/13.3.1/thumb/nofp/libgcc.a(_divsi3.o)
 .debug_line_str
                0x0000012b       0xbd /home/name/test_kit/arm-gnu-toolchain-13.3.rel1-x86_64-arm-none-eabi/bin/../lib/gcc/arm-none-eabi/13.3.1/thumb/nofp/libgcc.a(_dvmd_tls.o)
 .debug_line_str
                0x0000012b       0xb9 /home/name/test_kit/arm-gnu-toolchain-13.3.rel1-x86_64-arm-none-eabi/bin/../lib/gcc/arm-none-eabi/13.3.1/thumb/nofp/libgcc.a(_aeabi_uldivmod.o)
 .debug_line_str
                0x0000012b       0xbd /home/name/test_kit/arm-gnu-toolchain-13.3.rel1-x86_64-arm-none-eabi/bin/../lib/gcc/arm-none-eabi/13.3.1/thumb/nofp/libgcc.a(_clzdi2.o)
 .debug_line_str
                0x0000012b       0xbd /home/name/test_kit/arm-gnu-toolchain-13.3.rel1-x86_64-arm-none-eabi/bin/../lib/gcc/arm-none-eabi/13.3.1/thumb/nofp/libgcc.a(_clzsi2.o)

.debug_info     0x00000000    0x145ba
 .debug_info    0x00000000       0x25 Libs/RTXCstartup.PROD.o
 .debug_info    0x00000025      0x8ee Libs/RTXCutil.PROD.o
 .debug_info    0x00000913       0xc8 Libs/RTXCsys32.PROD.o
 .debug_info    0x000009db      0xaab Objs/main.PROD.o
 .debug_info    0x00001486     0x200e Objs/tasks.PROD.o
 .debug_info    0x00003494       0x94 Libs/librtxc.PROD.a(rtxcinit.PROD.o)
 .debug_info    0x00003528     0x190f Libs/librtxc.PROD.a(rtxcapi.PROD.o)
 .debug_info    0x00004e37     0x1ff8 Libs/librtxc.PROD.a(rtxc.PROD.o)
 .debug_info    0x00006e2f       0x24 Libs/librtxc.PROD.a(lock.PROD.o)
 .debug_info    0x00006e53      0x40e Libs/libdrv.PROD.a(cpart.PROD.o)
 .debug_info    0x00007261      0x5f9 Libs/libdrv.PROD.a(cqueue.PROD.o)
 .debug_info    0x0000785a      0x3bf Libs/libdrv.PROD.a(cres.PROD.o)
 .debug_info    0x00007c19      0x1fe Libs/libdrv.PROD.a(csema.PROD.o)
 .debug_info    0x00007e17     0x33b4 Libs/libdrv.PROD.a(extapi.PROD.o)
 .debug_info    0x0000b1cb      0xd36 Libs/libdrv.PROD.a(cvtdate.PROD.o)
 .debug_info    0x0000bf01      0x6c9 Libs/libdrv.PROD.a(flashapi.PROD.o)
 .debug_info    0x0000c5ca      0x82f Libs/libdrv.PROD.a(stdio_vsprintf.PROD.o)
 .debug_info    0x0000cdf9      0x18c Libs/libdrv.PROD.a(stdio_printf.PROD.o)
 .debug_info    0x0000cf85       0x9b Libs/libdrv.PROD.a(stdio_puts.PROD.o)
 .debug_info    0x0000d020     0x144e Libs/libdrv.PROD.a(drv_clk.PROD.o)
 .debug_info    0x0000e46e     0x14da Libs/libdrv.PROD.a(drv_uart.PROD.o)
 .debug_info    0x0000f948      0xf0b Libs/libdrv.PROD.a(drv_can.PROD.o)
 .debug_info    0x00010853      0xa5f Libs/libdrv.PROD.a(drv_spi.PROD.o)
 .debug_info    0x000112b2      0xa9a Libs/libdrv.PROD.a(drv_twi.PROD.o)
 .debug_info    0x00011d4c      0xfff Libs/libdrv.PROD.a(drv_usb.PROD.o)
 .debug_info    0x00012d4b      0xac0 Libs/libdrv.PROD.a(drv_adc.PROD.o)
 .debug_info    0x0001380b      0xbde Libs/libdrv.PROD.a(drv_dio.PROD.o)
 .debug_info    0x000143e9      0x1d1 Libs/libdrv.PROD.a(stdio_strtol.PROD.o)

.debug_abbrev   0x00000000     0x3e39
 .debug_abbrev  0x00000000       0x14 Libs/RTXCstartup.PROD.o
 .debug_abbrev  0x00000014      0x1d1 Libs/RTXCutil.PROD.o
 .debug_abbrev  0x000001e5       0x95 Libs/RTXCsys32.PROD.o
 .debug_abbrev  0x0000027a      0x2c7 Objs/main.PROD.o
 .debug_abbrev  0x00000541      0x3e8 Objs/tasks.PROD.o
 .debug_abbrev  0x00000929       0x4b Libs/librtxc.PROD.a(rtxcinit.PROD.o)
 .debug_abbrev  0x00000974      0x338 Libs/librtxc.PROD.a(rtxcapi.PROD.o)
 .debug_abbrev  0x00000cac      0x452 Libs/librtxc.PROD.a(rtxc.PROD.o)
 .debug_abbrev  0x000010fe       0x14 Libs/librtxc.PROD.a(lock.PROD.o)
 .debug_abbrev  0x00001112      0x117 Libs/libdrv.PROD.a(cpart.PROD.o)
 .debug_abbrev  0x00001229      0x12e Libs/libdrv.PROD.a(cqueue.PROD.o)
 .debug_abbrev  0x00001357      0x116 Libs/libdrv.PROD.a(cres.PROD.o)
 .debug_abbrev  0x0000146d       0xa7 Libs/libdrv.PROD.a(csema.PROD.o)
 .debug_abbrev  0x00001514      0x557 Libs/libdrv.PROD.a(extapi.PROD.o)
 .debug_abbrev  0x00001a6b      0x211 Libs/libdrv.PROD.a(cvtdate.PROD.o)
 .debug_abbrev  0x00001c7c      0x1fc Libs/libdrv.PROD.a(flashapi.PROD.o)
 .debug_abbrev  0x00001e78      0x37f Libs/libdrv.PROD.a(stdio_vsprintf.PROD.o)
 .debug_abbrev  0x000021f7      0x114 Libs/libdrv.PROD.a(stdio_printf.PROD.o)
 .debug_abbrev  0x0000230b       0xa4 Libs/libdrv.PROD.a(stdio_puts.PROD.o)
 .debug_abbrev  0x000023af      0x3ae Libs/libdrv.PROD.a(drv_clk.PROD.o)
 .debug_abbrev  0x0000275d      0x446 Libs/libdrv.PROD.a(drv_uart.PROD.o)
 .debug_abbrev  0x00002ba3      0x38f Libs/libdrv.PROD.a(drv_can.PROD.o)
 .debug_abbrev  0x00002f32      0x2e8 Libs/libdrv.PROD.a(drv_spi.PROD.o)
 .debug_abbrev  0x0000321a      0x278 Libs/libdrv.PROD.a(drv_twi.PROD.o)
 .debug_abbrev  0x00003492      0x42a Libs/libdrv.PROD.a(drv_usb.PROD.o)
 .debug_abbrev  0x000038bc      0x279 Libs/libdrv.PROD.a(drv_adc.PROD.o)
 .debug_abbrev  0x00003b35      0x1fd Libs/libdrv.PROD.a(drv_dio.PROD.o)
 .debug_abbrev  0x00003d32      0x107 Libs/libdrv.PROD.a(stdio_strtol.PROD.o)

.debug_aranges  0x00000000      0x360
 .debug_aranges
                0x00000000       0x20 Libs/RTXCstartup.PROD.o
 .debug_aranges
                0x00000020       0x20 Libs/RTXCutil.PROD.o
 .debug_aranges
                0x00000040       0x20 Libs/RTXCsys32.PROD.o
 .debug_aranges
                0x00000060       0x20 Objs/main.PROD.o
 .debug_aranges
                0x00000080       0x20 Objs/tasks.PROD.o
 .debug_aranges
                0x000000a0       0x20 Libs/librtxc.PROD.a(rtxcinit.PROD.o)
 .debug_aranges
                0x000000c0       0x20 Libs/librtxc.PROD.a(rtxcapi.PROD.o)
 .debug_aranges
                0x000000e0       0x20 Libs/librtxc.PROD.a(rtxc.PROD.o)
 .debug_aranges
                0x00000100       0x20 Libs/librtxc.PROD.a(lock.PROD.o)
 .debug_aranges
                0x00000120       0x18 Libs/libdrv.PROD.a(cpart.PROD.o)
 .debug_aranges
                0x00000138       0x18 Libs/libdrv.PROD.a(cqueue.PROD.o)
 .debug_aranges
                0x00000150       0x18 Libs/libdrv.PROD.a(cres.PROD.o)
 .debug_aranges
                0x00000168       0x18 Libs/libdrv.PROD.a(csema.PROD.o)
 .debug_aranges
                0x00000180       0x20 Libs/libdrv.PROD.a(extapi.PROD.o)
 .debug_aranges
                0x000001a0       0x20 Libs/libdrv.PROD.a(cvtdate.PROD.o)
 .debug_aranges
                0x000001c0       0x20 Libs/libdrv.PROD.a(flashapi.PROD.o)
 .debug_aranges
                0x000001e0       0x20 Libs/libdrv.PROD.a(stdio_vsprintf.PROD.o)
 .debug_aranges
                0x00000200       0x20 Libs/libdrv.PROD.a(stdio_printf.PROD.o)
 .debug_aranges
                0x00000220       0x20 Libs/libdrv.PROD.a(stdio_puts.PROD.o)
 .debug_aranges
                0x00000240       0x20 Libs/libdrv.PROD.a(drv_clk.PROD.o)
 .debug_aranges
                0x00000260       0x20 Libs/libdrv.PROD.a(drv_uart.PROD.o)
 .debug_aranges
                0x00000280       0x20 Libs/libdrv.PROD.a(drv_can.PROD.o)
 .debug_aranges
                0x000002a0       0x20 Libs/libdrv.PROD.a(drv_spi.PROD.o)
 .debug_aranges
                0x000002c0       0x20 Libs/libdrv.PROD.a(drv_twi.PROD.o)
 .debug_aranges
                0x000002e0       0x20 Libs/libdrv.PROD.a(drv_usb.PROD.o)
 .debug_aranges
                0x00000300       0x20 Libs/libdrv.PROD.a(drv_adc.PROD.o)
 .debug_aranges
                0x00000320       0x20 Libs/libdrv.PROD.a(drv_dio.PROD.o)
 .debug_aranges
                0x00000340       0x20 Libs/libdrv.PROD.a(stdio_strtol.PROD.o)

.debug_str      0x00000000     0x2d89
 .debug_str     0x00000000     0x2d89 Libs/RTXCstartup.PROD.o
                                 0x63 (size before relaxing)
 .debug_str     0x00002d89      0x6b4 Libs/RTXCutil.PROD.o
 .debug_str     0x00002d89      0x17c Libs/RTXCsys32.PROD.o
 .debug_str     0x00002d89      0x68c Objs/main.PROD.o
 .debug_str     0x00002d89      0x808 Objs/tasks.PROD.o
 .debug_str     0x00002d89      0x104 Libs/librtxc.PROD.a(rtxcinit.PROD.o)
 .debug_str     0x00002d89      0x935 Libs/librtxc.PROD.a(rtxcapi.PROD.o)
 .debug_str     0x00002d89      0x99d Libs/librtxc.PROD.a(rtxc.PROD.o)
 .debug_str     0x00002d89       0x4f Libs/librtxc.PROD.a(lock.PROD.o)
 .debug_str     0x00002d89      0x26f Libs/libdrv.PROD.a(cpart.PROD.o)
 .debug_str     0x00002d89      0x393 Libs/libdrv.PROD.a(cqueue.PROD.o)
 .debug_str     0x00002d89      0x2c9 Libs/libdrv.PROD.a(cres.PROD.o)
 .debug_str     0x00002d89      0x291 Libs/libdrv.PROD.a(csema.PROD.o)
 .debug_str     0x00002d89      0xb64 Libs/libdrv.PROD.a(extapi.PROD.o)
 .debug_str     0x00002d89      0x931 Libs/libdrv.PROD.a(cvtdate.PROD.o)
 .debug_str     0x00002d89      0x3ab Libs/libdrv.PROD.a(flashapi.PROD.o)
 .debug_str     0x00002d89      0x29c Libs/libdrv.PROD.a(stdio_vsprintf.PROD.o)
 .debug_str     0x00002d89      0x1a8 Libs/libdrv.PROD.a(stdio_printf.PROD.o)
 .debug_str     0x00002d89       0xd8 Libs/libdrv.PROD.a(stdio_puts.PROD.o)
 .debug_str     0x00002d89      0xca1 Libs/libdrv.PROD.a(drv_clk.PROD.o)
 .debug_str     0x00002d89      0x976 Libs/libdrv.PROD.a(drv_uart.PROD.o)
 .debug_str     0x00002d89      0x7cf Libs/libdrv.PROD.a(drv_can.PROD.o)
 .debug_str     0x00002d89      0x75b Libs/libdrv.PROD.a(drv_spi.PROD.o)
 .debug_str     0x00002d89      0x70c Libs/libdrv.PROD.a(drv_twi.PROD.o)
 .debug_str     0x00002d89      0x7a5 Libs/libdrv.PROD.a(drv_usb.PROD.o)
 .debug_str     0x00002d89      0x766 Libs/libdrv.PROD.a(drv_adc.PROD.o)
 .debug_str     0x00002d89      0x572 Libs/libdrv.PROD.a(drv_dio.PROD.o)
 .debug_str     0x00002d89      0x199 Libs/libdrv.PROD.a(stdio_strtol.PROD.o)

.debug_loclists
                0x00000000     0x915d
 .debug_loclists
                0x00000000      0x1bf Libs/RTXCutil.PROD.o
 .debug_loclists
                0x000001bf       0x5e Objs/main.PROD.o
 .debug_loclists
                0x0000021d     0x17d9 Objs/tasks.PROD.o
 .debug_loclists
                0x000019f6      0x49f Libs/librtxc.PROD.a(rtxcapi.PROD.o)
 .debug_loclists
                0x00001e95     0x168a Libs/librtxc.PROD.a(rtxc.PROD.o)
 .debug_loclists
                0x0000351f     0x233b Libs/libdrv.PROD.a(extapi.PROD.o)
 .debug_loclists
                0x0000585a      0x1b2 Libs/libdrv.PROD.a(cvtdate.PROD.o)
 .debug_loclists
                0x00005a0c      0x2ab Libs/libdrv.PROD.a(flashapi.PROD.o)
 .debug_loclists
                0x00005cb7     0x10ad Libs/libdrv.PROD.a(stdio_vsprintf.PROD.o)
 .debug_loclists
                0x00006d64       0x24 Libs/libdrv.PROD.a(stdio_printf.PROD.o)
 .debug_loclists
                0x00006d88       0x2b Libs/libdrv.PROD.a(stdio_puts.PROD.o)
 .debug_loclists
                0x00006db3      0x280 Libs/libdrv.PROD.a(drv_clk.PROD.o)
 .debug_loclists
                0x00007033      0xa1f Libs/libdrv.PROD.a(drv_uart.PROD.o)
 .debug_loclists
                0x00007a52      0x7ee Libs/libdrv.PROD.a(drv_can.PROD.o)
 .debug_loclists
                0x00008240      0x12b Libs/libdrv.PROD.a(drv_spi.PROD.o)
 .debug_loclists
                0x0000836b      0x2b7 Libs/libdrv.PROD.a(drv_twi.PROD.o)
 .debug_loclists
                0x00008622      0x6e7 Libs/libdrv.PROD.a(drv_usb.PROD.o)
 .debug_loclists
                0x00008d09       0xba Libs/libdrv.PROD.a(drv_adc.PROD.o)
 .debug_loclists
                0x00008dc3      0x1c5 Libs/libdrv.PROD.a(drv_dio.PROD.o)
 .debug_loclists
                0x00008f88      0x1d5 Libs/libdrv.PROD.a(stdio_strtol.PROD.o)

.debug_frame    0x00000000     0x1930
 .debug_frame   0x00000000       0x6c Libs/RTXCutil.PROD.o
 .debug_frame   0x0000006c       0x20 Libs/RTXCsys32.PROD.o
 .debug_frame   0x0000008c       0x60 Objs/main.PROD.o
 .debug_frame   0x000000ec       0xd8 Objs/tasks.PROD.o
 .debug_frame   0x000001c4       0x28 Libs/librtxc.PROD.a(rtxcinit.PROD.o)
 .debug_frame   0x000001ec      0x450 Libs/librtxc.PROD.a(rtxcapi.PROD.o)
 .debug_frame   0x0000063c      0x1e4 Libs/librtxc.PROD.a(rtxc.PROD.o)
 .debug_frame   0x00000820      0x5c0 Libs/libdrv.PROD.a(extapi.PROD.o)
 .debug_frame   0x00000de0       0xac Libs/libdrv.PROD.a(cvtdate.PROD.o)
 .debug_frame   0x00000e8c       0xd4 Libs/libdrv.PROD.a(flashapi.PROD.o)
 .debug_frame   0x00000f60      0x104 Libs/libdrv.PROD.a(stdio_vsprintf.PROD.o)
 .debug_frame   0x00001064       0x30 Libs/libdrv.PROD.a(stdio_printf.PROD.o)
 .debug_frame   0x00001094       0x28 Libs/libdrv.PROD.a(stdio_puts.PROD.o)
 .debug_frame   0x000010bc      0x104 Libs/libdrv.PROD.a(drv_clk.PROD.o)
 .debug_frame   0x000011c0      0x118 Libs/libdrv.PROD.a(drv_uart.PROD.o)
 .debug_frame   0x000012d8      0x110 Libs/libdrv.PROD.a(drv_can.PROD.o)
 .debug_frame   0x000013e8       0x80 Libs/libdrv.PROD.a(drv_spi.PROD.o)
 .debug_frame   0x00001468       0xa0 Libs/libdrv.PROD.a(drv_twi.PROD.o)
 .debug_frame   0x00001508      0x110 Libs/libdrv.PROD.a(drv_usb.PROD.o)
 .debug_frame   0x00001618       0x74 Libs/libdrv.PROD.a(drv_adc.PROD.o)
 .debug_frame   0x0000168c       0xb4 Libs/libdrv.PROD.a(drv_dio.PROD.o)
 .debug_frame   0x00001740       0x4c Libs/libdrv.PROD.a(stdio_strtol.PROD.o)
 .debug_frame   0x0000178c       0x20 /home/name/test_kit/arm-gnu-toolchain-13.3.rel1-x86_64-arm-none-eabi/bin/../lib/gcc/arm-none-eabi/13.3.1/thumb/nofp/libgcc.a(_udivsi3.o)
 .debug_frame   0x000017ac       0x20 /home/name/test_kit/arm-gnu-toolchain-13.3.rel1-x86_64-arm-none-eabi/bin/../lib/gcc/arm-none-eabi/13.3.1/thumb/nofp/libgcc.a(_divsi3.o)
 .debug_frame   0x000017cc       0x2c /home/name/test_kit/arm-gnu-toolchain-13.3.rel1-x86_64-arm-none-eabi/bin/../lib/gcc/arm-none-eabi/13.3.1/thumb/nofp/libgcc.a(_aeabi_uldivmod.o)
 .debug_frame   0x000017f8       0x3c /home/name/test_kit/arm-gnu-toolchain-13.3.rel1-x86_64-arm-none-eabi/bin/../lib/gcc/arm-none-eabi/13.3.1/thumb/nofp/libgcc.a(_udivmoddi4.o)
 .debug_frame   0x00001834       0x30 /home/name/test_kit/arm-gnu-toolchain-13.3.rel1-x86_64-arm-none-eabi/bin/../lib/gcc/arm-none-eabi/13.3.1/../../../../arm-none-eabi/lib/thumb/nofp/libc.a(libc_a-memcpy-stub.o)
 .debug_frame   0x00001864       0x28 /home/name/test_kit/arm-gnu-toolchain-13.3.rel1-x86_64-arm-none-eabi/bin/../lib/gcc/arm-none-eabi/13.3.1/../../../../arm-none-eabi/lib/thumb/nofp/libc.a(libc_a-strlen-stub.o)
 .debug_frame   0x0000188c       0x28 /home/name/test_kit/arm-gnu-toolchain-13.3.rel1-x86_64-arm-none-eabi/bin/../lib/gcc/arm-none-eabi/13.3.1/../../../../arm-none-eabi/lib/thumb/nofp/libc.a(libc_a-strnlen.o)
 .debug_frame   0x000018b4       0x2c /home/name/test_kit/arm-gnu-toolchain-13.3.rel1-x86_64-arm-none-eabi/bin/../lib/gcc/arm-none-eabi/13.3.1/../../../../arm-none-eabi/lib/thumb/nofp/libc.a(libc_a-memcmp.o)
 .debug_frame   0x000018e0       0x30 /home/name/test_kit/arm-gnu-toolchain-13.3.rel1-x86_64-arm-none-eabi/bin/../lib/gcc/arm-none-eabi/13.3.1/../../../../arm-none-eabi/lib/thumb/nofp/libc.a(libc_a-memset.o)
 .debug_frame   0x00001910       0x20 /home/name/test_kit/arm-gnu-toolchain-13.3.rel1-x86_64-arm-none-eabi/bin/../lib/gcc/arm-none-eabi/13.3.1/../../../../arm-none-eabi/lib/thumb/nofp/libc.a(libc_a-ctype_.o)

.debug_rnglists
                0x00000000      0x65d
 .debug_rnglists
                0x00000000       0x16 Objs/main.PROD.o
 .debug_rnglists
                0x00000016      0x220 Objs/tasks.PROD.o
 .debug_rnglists
                0x00000236       0xe0 Libs/librtxc.PROD.a(rtxc.PROD.o)
 .debug_rnglists
                0x00000316      0x1db Libs/libdrv.PROD.a(extapi.PROD.o)
 .debug_rnglists
                0x000004f1       0x56 Libs/libdrv.PROD.a(stdio_vsprintf.PROD.o)
 .debug_rnglists
                0x00000547       0x36 Libs/libdrv.PROD.a(drv_clk.PROD.o)
 .debug_rnglists
                0x0000057d       0x61 Libs/libdrv.PROD.a(drv_can.PROD.o)
 .debug_rnglists
                0x000005de       0x69 Libs/libdrv.PROD.a(drv_usb.PROD.o)
 .debug_rnglists
                0x00000647       0x16 Libs/libdrv.PROD.a(stdio_strtol.PROD.o)

Cross Reference Table

Symbol                                            File
ADC_read                                          Libs/libdrv.PROD.a(drv_adc.PROD.o)
                                                  Objs/tasks.PROD.o
ADcoeff                                           Libs/libdrv.PROD.a(drv_adc.PROD.o)
AT91F_AIC_Configure                               Libs/libdrv.PROD.a(drv_clk.PROD.o)
                                                  Libs/libdrv.PROD.a(drv_adc.PROD.o)
                                                  Libs/libdrv.PROD.a(drv_usb.PROD.o)
                                                  Libs/libdrv.PROD.a(drv_twi.PROD.o)
                                                  Libs/libdrv.PROD.a(drv_spi.PROD.o)
                                                  Libs/libdrv.PROD.a(drv_can.PROD.o)
                                                  Libs/libdrv.PROD.a(drv_uart.PROD.o)
AT91F_CLOCKinit                                   Libs/RTXCutil.PROD.o
                                                  Objs/main.PROD.o
                                                  Libs/RTXCstartup.PROD.o
AT91F_Default_FIQ_handler                         Libs/RTXCstartup.PROD.o
                                                  Libs/libdrv.PROD.a(drv_clk.PROD.o)
AT91F_Default_IRQ_handler                         Libs/RTXCstartup.PROD.o
                                                  Libs/libdrv.PROD.a(drv_clk.PROD.o)
AT91F_Spurious_handler                            Libs/RTXCstartup.PROD.o
                                                  Libs/libdrv.PROD.a(drv_clk.PROD.o)
AT91F_WATCHDOGinit                                Libs/RTXCsys32.PROD.o
                                                  Libs/RTXCstartup.PROD.o
CAN_configure                                     Libs/libdrv.PROD.a(drv_can.PROD.o)
                                                  Objs/tasks.PROD.o
CAN_read                                          Libs/libdrv.PROD.a(drv_can.PROD.o)
                                                  Objs/tasks.PROD.o
CAN_speed                                         Libs/libdrv.PROD.a(drv_can.PROD.o)
                                                  Objs/tasks.PROD.o
CAN_status                                        Libs/libdrv.PROD.a(drv_can.PROD.o)
                                                  Objs/tasks.PROD.o
CAN_write                                         Libs/libdrv.PROD.a(drv_can.PROD.o)
                                                  Objs/tasks.PROD.o
CanCurrTimer                                      Objs/tasks.PROD.o
CanLenMsg                                         Objs/tasks.PROD.o
CanMsg                                            Objs/tasks.PROD.o
CanStatus                                         Libs/libdrv.PROD.a(drv_can.PROD.o)
                                                  Objs/tasks.PROD.o
CanTimer                                          Objs/tasks.PROD.o
CheckPointer                                      Libs/libdrv.PROD.a(extapi.PROD.o)
CodeUpgrade                                       Libs/RTXCstartup.PROD.o
                                                  Libs/libdrv.PROD.a(extapi.PROD.o)
EKS_AgreeShutdown                                 Libs/libdrv.PROD.a(extapi.PROD.o)
                                                  Objs/tasks.PROD.o
EKS_AskShutdown                                   Libs/libdrv.PROD.a(extapi.PROD.o)
                                                  Objs/tasks.PROD.o
EKS_EnqShutdown                                   Libs/libdrv.PROD.a(extapi.PROD.o)
EKS_FlashCheckSum                                 Libs/libdrv.PROD.a(extapi.PROD.o)
EKS_FlashClear                                    Libs/libdrv.PROD.a(extapi.PROD.o)
EKS_FlashFree                                     Libs/libdrv.PROD.a(extapi.PROD.o)
EKS_FlashTotal                                    Libs/libdrv.PROD.a(extapi.PROD.o)
EKS_GetHHMM                                       Libs/libdrv.PROD.a(extapi.PROD.o)
EKS_GetSetup                                      Libs/libdrv.PROD.a(extapi.PROD.o)
                                                  Objs/tasks.PROD.o
EKS_LCK_FlashErase                                Libs/libdrv.PROD.a(extapi.PROD.o)
EKS_LCK_FlashRead                                 Libs/libdrv.PROD.a(extapi.PROD.o)
EKS_LCK_FlashWrite                                Libs/libdrv.PROD.a(extapi.PROD.o)
EKS_NewSetup                                      Libs/libdrv.PROD.a(extapi.PROD.o)
EKS_ParClear                                      Libs/libdrv.PROD.a(extapi.PROD.o)
EKS_ParRead                                       Libs/libdrv.PROD.a(extapi.PROD.o)
EKS_ParReadLong                                   Libs/libdrv.PROD.a(extapi.PROD.o)
EKS_ParReadShort                                  Libs/libdrv.PROD.a(extapi.PROD.o)
EKS_ParSize                                       Libs/libdrv.PROD.a(extapi.PROD.o)
EKS_ParWrite                                      Libs/libdrv.PROD.a(extapi.PROD.o)
EKS_ParWriteLong                                  Libs/libdrv.PROD.a(extapi.PROD.o)
EKS_ParWriteShort                                 Libs/libdrv.PROD.a(extapi.PROD.o)
EKS_Pkt2BufComp                                   Libs/libdrv.PROD.a(extapi.PROD.o)
EKS_PktBufAccTime                                 Libs/libdrv.PROD.a(extapi.PROD.o)
EKS_PktBufAdd                                     Libs/libdrv.PROD.a(extapi.PROD.o)
EKS_PktBufAddString                               Libs/libdrv.PROD.a(extapi.PROD.o)
EKS_PktBufCat                                     Libs/libdrv.PROD.a(extapi.PROD.o)
EKS_PktBufCheck                                   Libs/libdrv.PROD.a(extapi.PROD.o)
EKS_PktBufCheckStore                              Libs/libdrv.PROD.a(extapi.PROD.o)
EKS_PktBufComp                                    Libs/libdrv.PROD.a(extapi.PROD.o)
EKS_PktBufComprexTime                             Libs/libdrv.PROD.a(extapi.PROD.o)
EKS_PktBufCopy                                    Libs/libdrv.PROD.a(extapi.PROD.o)
EKS_PktBufDuplicate                               Libs/libdrv.PROD.a(extapi.PROD.o)
EKS_PktBufFromTime                                Libs/libdrv.PROD.a(extapi.PROD.o)
EKS_PktBufLength                                  Libs/libdrv.PROD.a(extapi.PROD.o)
EKS_PktBufMyTime                                  Libs/libdrv.PROD.a(extapi.PROD.o)
EKS_PktBufPullup                                  Libs/libdrv.PROD.a(extapi.PROD.o)
EKS_PktBufRelease                                 Libs/libdrv.PROD.a(extapi.PROD.o)
EKS_PktBufRetrive                                 Libs/libdrv.PROD.a(extapi.PROD.o)
EKS_PktBufStore                                   Libs/libdrv.PROD.a(extapi.PROD.o)
EKS_RamCheckSum                                   Libs/libdrv.PROD.a(extapi.PROD.o)
EKS_RamFill                                       Libs/libdrv.PROD.a(extapi.PROD.o)
                                                  Objs/tasks.PROD.o
EKS_RamRead                                       Libs/libdrv.PROD.a(extapi.PROD.o)
EKS_RamWrite                                      Libs/libdrv.PROD.a(extapi.PROD.o)
                                                  Objs/tasks.PROD.o
EKS_init                                          Libs/libdrv.PROD.a(extapi.PROD.o)
                                                  Objs/main.PROD.o
GetHexValue                                       Objs/tasks.PROD.o
GlobCurrTimer                                     Objs/tasks.PROD.o
GlobTimer                                         Objs/tasks.PROD.o
Global_IRQ_STACK_SIZE                             Libs/RTXCstartup.PROD.o
Global_KERNEL_TOP                                 Libs/RTXCstartup.PROD.o
Global_RAM_TOP                                    Libs/RTXCstartup.PROD.o
Global_STACK_FILLER                               Libs/RTXCstartup.PROD.o
                                                  Libs/librtxc.PROD.a(rtxc.PROD.o)
Global_SVC_STACK_SIZE                             Libs/RTXCstartup.PROD.o
Global_SYSKERNEL_STACK_SIZE                       Libs/RTXCstartup.PROD.o
HandleCanRead                                     Objs/tasks.PROD.o
HandleSrecord                                     Objs/tasks.PROD.o
IRQ_Handler_Entry                                 Libs/RTXCstartup.PROD.o
KS_ISRalloc                                       Libs/librtxc.PROD.a(rtxc.PROD.o)
KS_ISRexit                                        Libs/librtxc.PROD.a(rtxc.PROD.o)
                                                  Libs/libdrv.PROD.a(drv_adc.PROD.o)
                                                  Libs/libdrv.PROD.a(drv_usb.PROD.o)
                                                  Libs/libdrv.PROD.a(drv_twi.PROD.o)
                                                  Libs/libdrv.PROD.a(drv_spi.PROD.o)
                                                  Libs/libdrv.PROD.a(drv_can.PROD.o)
                                                  Libs/libdrv.PROD.a(drv_uart.PROD.o)
                                                  Libs/libdrv.PROD.a(drv_clk.PROD.o)
KS_ISRsignal                                      Libs/librtxc.PROD.a(rtxc.PROD.o)
                                                  Libs/libdrv.PROD.a(drv_uart.PROD.o)
KS_ISRtick                                        Libs/librtxc.PROD.a(rtxc.PROD.o)
                                                  Libs/libdrv.PROD.a(drv_clk.PROD.o)
KS_alloc                                          Libs/librtxc.PROD.a(rtxcapi.PROD.o)
                                                  Libs/libdrv.PROD.a(extapi.PROD.o)
KS_alloct                                         Libs/librtxc.PROD.a(rtxcapi.PROD.o)
KS_allocw                                         Libs/librtxc.PROD.a(rtxcapi.PROD.o)
KS_block                                          Libs/librtxc.PROD.a(rtxcapi.PROD.o)
KS_defpriority                                    Libs/librtxc.PROD.a(rtxcapi.PROD.o)
KS_defqsema                                       Libs/librtxc.PROD.a(rtxcapi.PROD.o)
                                                  Libs/libdrv.PROD.a(drv_usb.PROD.o)
                                                  Libs/libdrv.PROD.a(drv_uart.PROD.o)
                                                  Objs/tasks.PROD.o
KS_defqueue                                       Libs/librtxc.PROD.a(rtxcapi.PROD.o)
KS_defres                                         Libs/librtxc.PROD.a(rtxcapi.PROD.o)
KS_defslice                                       Libs/librtxc.PROD.a(rtxcapi.PROD.o)
                                                  Objs/main.PROD.o
KS_deftime                                        Libs/libdrv.PROD.a(drv_clk.PROD.o)
KS_delay                                          Libs/librtxc.PROD.a(rtxcapi.PROD.o)
                                                  Libs/libdrv.PROD.a(drv_usb.PROD.o)
                                                  Libs/libdrv.PROD.a(extapi.PROD.o)
                                                  Objs/tasks.PROD.o
KS_dequeue                                        Libs/librtxc.PROD.a(rtxcapi.PROD.o)
                                                  Libs/libdrv.PROD.a(drv_usb.PROD.o)
                                                  Libs/libdrv.PROD.a(drv_uart.PROD.o)
                                                  Objs/tasks.PROD.o
KS_dequeuet                                       Libs/librtxc.PROD.a(rtxcapi.PROD.o)
KS_dequeuew                                       Libs/librtxc.PROD.a(rtxcapi.PROD.o)
                                                  Objs/main.PROD.o
KS_elapse                                         Libs/librtxc.PROD.a(rtxcapi.PROD.o)
KS_enqueue                                        Libs/librtxc.PROD.a(rtxcapi.PROD.o)
                                                  Libs/libdrv.PROD.a(drv_uart.PROD.o)
KS_enqueuet                                       Libs/librtxc.PROD.a(rtxcapi.PROD.o)
                                                  Libs/libdrv.PROD.a(drv_usb.PROD.o)
KS_enqueuew                                       Libs/librtxc.PROD.a(rtxcapi.PROD.o)
                                                  Libs/libdrv.PROD.a(extapi.PROD.o)
                                                  Objs/tasks.PROD.o
                                                  Objs/main.PROD.o
KS_execute                                        Libs/librtxc.PROD.a(rtxcapi.PROD.o)
                                                  Objs/main.PROD.o
KS_free                                           Libs/librtxc.PROD.a(rtxcapi.PROD.o)
                                                  Libs/libdrv.PROD.a(extapi.PROD.o)
KS_inqmap                                         Libs/librtxc.PROD.a(rtxcapi.PROD.o)
                                                  Libs/libdrv.PROD.a(extapi.PROD.o)
KS_inqpriority                                    Libs/librtxc.PROD.a(rtxcapi.PROD.o)
KS_inqqueue                                       Libs/librtxc.PROD.a(rtxcapi.PROD.o)
KS_inqres                                         Libs/librtxc.PROD.a(rtxcapi.PROD.o)
KS_inqsema                                        Libs/librtxc.PROD.a(rtxcapi.PROD.o)
KS_inqslice                                       Libs/librtxc.PROD.a(rtxcapi.PROD.o)
KS_inqtask                                        Libs/librtxc.PROD.a(rtxcapi.PROD.o)
KS_inqtime                                        Libs/libdrv.PROD.a(drv_clk.PROD.o)
                                                  Libs/libdrv.PROD.a(extapi.PROD.o)
KS_inqtimer                                       Libs/librtxc.PROD.a(rtxcapi.PROD.o)
KS_lock                                           Libs/librtxc.PROD.a(rtxcapi.PROD.o)
KS_lockt                                          Libs/librtxc.PROD.a(rtxcapi.PROD.o)
KS_lockw                                          Libs/librtxc.PROD.a(rtxcapi.PROD.o)
                                                  Libs/libdrv.PROD.a(drv_dio.PROD.o)
                                                  Libs/libdrv.PROD.a(extapi.PROD.o)
KS_nop                                            Libs/librtxc.PROD.a(rtxcapi.PROD.o)
KS_pend                                           Libs/librtxc.PROD.a(rtxcapi.PROD.o)
KS_pendm                                          Libs/librtxc.PROD.a(rtxcapi.PROD.o)
KS_purgequeue                                     Libs/librtxc.PROD.a(rtxcapi.PROD.o)
KS_restart_timer                                  Libs/librtxc.PROD.a(rtxcapi.PROD.o)
KS_resume                                         Libs/librtxc.PROD.a(rtxcapi.PROD.o)
KS_signal                                         Libs/librtxc.PROD.a(rtxcapi.PROD.o)
                                                  Objs/tasks.PROD.o
KS_signalm                                        Libs/librtxc.PROD.a(rtxcapi.PROD.o)
KS_start_timer                                    Libs/librtxc.PROD.a(rtxcapi.PROD.o)
                                                  Objs/tasks.PROD.o
KS_stop_timer                                     Libs/librtxc.PROD.a(rtxcapi.PROD.o)
KS_suspend                                        Libs/librtxc.PROD.a(rtxcapi.PROD.o)
KS_terminate                                      Libs/librtxc.PROD.a(rtxcapi.PROD.o)
                                                  Objs/tasks.PROD.o
KS_unblock                                        Libs/librtxc.PROD.a(rtxcapi.PROD.o)
                                                  Objs/main.PROD.o
KS_unlock                                         Libs/librtxc.PROD.a(rtxcapi.PROD.o)
                                                  Libs/libdrv.PROD.a(drv_dio.PROD.o)
                                                  Libs/libdrv.PROD.a(extapi.PROD.o)
KS_user                                           Libs/librtxc.PROD.a(rtxcapi.PROD.o)
                                                  Libs/libdrv.PROD.a(stdio_vsprintf.PROD.o)
KS_version                                        Libs/librtxc.PROD.a(rtxcapi.PROD.o)
KS_wait                                           Libs/librtxc.PROD.a(rtxcapi.PROD.o)
KS_waitm                                          Libs/librtxc.PROD.a(rtxcapi.PROD.o)
                                                  Libs/libdrv.PROD.a(drv_usb.PROD.o)
                                                  Libs/libdrv.PROD.a(drv_uart.PROD.o)
                                                  Objs/tasks.PROD.o
KS_waitt                                          Libs/librtxc.PROD.a(rtxcapi.PROD.o)
                                                  Libs/libdrv.PROD.a(drv_twi.PROD.o)
                                                  Libs/libdrv.PROD.a(drv_spi.PROD.o)
KS_yield                                          Libs/librtxc.PROD.a(rtxcapi.PROD.o)
LowLevelInit                                      Libs/libdrv.PROD.a(drv_clk.PROD.o)
                                                  Objs/main.PROD.o
ParseBuffer                                       Objs/tasks.PROD.o
ProgramCopy                                       Libs/RTXCutil.PROD.o
                                                  Libs/RTXCstartup.PROD.o
ProgramCopyEnd                                    Libs/RTXCutil.PROD.o
                                                  Libs/RTXCstartup.PROD.o
RTC_ReadStatus                                    Libs/libdrv.PROD.a(cvtdate.PROD.o)
RTC_ReadTime_t                                    Libs/libdrv.PROD.a(cvtdate.PROD.o)
RTC_WriteAlarm_t                                  Libs/libdrv.PROD.a(cvtdate.PROD.o)
RTC_WriteTime_t                                   Libs/libdrv.PROD.a(cvtdate.PROD.o)
                                                  Libs/libdrv.PROD.a(drv_clk.PROD.o)
SPI_FlashErase                                    Libs/libdrv.PROD.a(flashapi.PROD.o)
                                                  Libs/libdrv.PROD.a(extapi.PROD.o)
SPI_FlashQuery                                    Libs/libdrv.PROD.a(flashapi.PROD.o)
SPI_FlashRead                                     Libs/libdrv.PROD.a(flashapi.PROD.o)
                                                  Libs/libdrv.PROD.a(extapi.PROD.o)
SPI_FlashWaitForEnd                               Libs/libdrv.PROD.a(flashapi.PROD.o)
SPI_FlashWrite                                    Libs/libdrv.PROD.a(flashapi.PROD.o)
                                                  Libs/libdrv.PROD.a(extapi.PROD.o)
SPI_rtx2                                          Libs/libdrv.PROD.a(drv_spi.PROD.o)
                                                  Libs/libdrv.PROD.a(flashapi.PROD.o)
SWI_Handler_Entry                                 Libs/RTXCstartup.PROD.o
Set_LedBlinker                                    Libs/libdrv.PROD.a(drv_clk.PROD.o)
                                                  Objs/tasks.PROD.o
TWI_receive                                       Libs/libdrv.PROD.a(drv_twi.PROD.o)
TWI_send                                          Libs/libdrv.PROD.a(drv_twi.PROD.o)
                                                  Libs/libdrv.PROD.a(drv_dio.PROD.o)
TWI_txrx                                          Libs/libdrv.PROD.a(drv_twi.PROD.o)
                                                  Libs/libdrv.PROD.a(drv_dio.PROD.o)
Top_Stack                                         Libs/RTXCstartup.PROD.o
USB_Receive                                       Libs/libdrv.PROD.a(drv_usb.PROD.o)
USB_RxData                                        Libs/libdrv.PROD.a(drv_usb.PROD.o)
USB_RxSetup                                       Libs/libdrv.PROD.a(drv_usb.PROD.o)
USB_SendData                                      Libs/libdrv.PROD.a(drv_usb.PROD.o)
USB_SendNextData                                  Libs/libdrv.PROD.a(drv_usb.PROD.o)
USB_SendStall                                     Libs/libdrv.PROD.a(drv_usb.PROD.o)
USB_SendZlp                                       Libs/libdrv.PROD.a(drv_usb.PROD.o)
USB_Transmit                                      Libs/libdrv.PROD.a(drv_usb.PROD.o)
__aeabi_idiv                                      /home/name/test_kit/arm-gnu-toolchain-13.3.rel1-x86_64-arm-none-eabi/bin/../lib/gcc/arm-none-eabi/13.3.1/thumb/nofp/libgcc.a(_divsi3.o)
                                                  Libs/libdrv.PROD.a(drv_spi.PROD.o)
                                                  Libs/libdrv.PROD.a(drv_uart.PROD.o)
                                                  Libs/libdrv.PROD.a(drv_clk.PROD.o)
                                                  Libs/libdrv.PROD.a(cvtdate.PROD.o)
                                                  Libs/RTXCutil.PROD.o
__aeabi_idiv0                                     /home/name/test_kit/arm-gnu-toolchain-13.3.rel1-x86_64-arm-none-eabi/bin/../lib/gcc/arm-none-eabi/13.3.1/thumb/nofp/libgcc.a(_dvmd_tls.o)
                                                  /home/name/test_kit/arm-gnu-toolchain-13.3.rel1-x86_64-arm-none-eabi/bin/../lib/gcc/arm-none-eabi/13.3.1/thumb/nofp/libgcc.a(_divsi3.o)
                                                  /home/name/test_kit/arm-gnu-toolchain-13.3.rel1-x86_64-arm-none-eabi/bin/../lib/gcc/arm-none-eabi/13.3.1/thumb/nofp/libgcc.a(_udivsi3.o)
__aeabi_idivmod                                   /home/name/test_kit/arm-gnu-toolchain-13.3.rel1-x86_64-arm-none-eabi/bin/../lib/gcc/arm-none-eabi/13.3.1/thumb/nofp/libgcc.a(_divsi3.o)
                                                  Libs/libdrv.PROD.a(drv_uart.PROD.o)
                                                  Libs/libdrv.PROD.a(cvtdate.PROD.o)
__aeabi_ldiv0                                     /home/name/test_kit/arm-gnu-toolchain-13.3.rel1-x86_64-arm-none-eabi/bin/../lib/gcc/arm-none-eabi/13.3.1/thumb/nofp/libgcc.a(_dvmd_tls.o)
                                                  /home/name/test_kit/arm-gnu-toolchain-13.3.rel1-x86_64-arm-none-eabi/bin/../lib/gcc/arm-none-eabi/13.3.1/thumb/nofp/libgcc.a(_aeabi_uldivmod.o)
__aeabi_uidiv                                     /home/name/test_kit/arm-gnu-toolchain-13.3.rel1-x86_64-arm-none-eabi/bin/../lib/gcc/arm-none-eabi/13.3.1/thumb/nofp/libgcc.a(_udivsi3.o)
                                                  Libs/libdrv.PROD.a(drv_adc.PROD.o)
                                                  Libs/libdrv.PROD.a(drv_twi.PROD.o)
                                                  Libs/libdrv.PROD.a(drv_spi.PROD.o)
                                                  Libs/libdrv.PROD.a(drv_can.PROD.o)
                                                  Libs/libdrv.PROD.a(drv_uart.PROD.o)
                                                  Libs/libdrv.PROD.a(drv_clk.PROD.o)
                                                  Libs/libdrv.PROD.a(cvtdate.PROD.o)
                                                  Libs/RTXCutil.PROD.o
__aeabi_uidivmod                                  /home/name/test_kit/arm-gnu-toolchain-13.3.rel1-x86_64-arm-none-eabi/bin/../lib/gcc/arm-none-eabi/13.3.1/thumb/nofp/libgcc.a(_udivsi3.o)
                                                  Libs/libdrv.PROD.a(drv_can.PROD.o)
                                                  Libs/libdrv.PROD.a(drv_uart.PROD.o)
                                                  Libs/libdrv.PROD.a(cvtdate.PROD.o)
__aeabi_uldivmod                                  /home/name/test_kit/arm-gnu-toolchain-13.3.rel1-x86_64-arm-none-eabi/bin/../lib/gcc/arm-none-eabi/13.3.1/thumb/nofp/libgcc.a(_aeabi_uldivmod.o)
                                                  Libs/libdrv.PROD.a(stdio_vsprintf.PROD.o)
__bss_end                                         Libs/RTXCstartup.PROD.o
__bss_start                                       Libs/RTXCstartup.PROD.o
__clzdi2                                          /home/name/test_kit/arm-gnu-toolchain-13.3.rel1-x86_64-arm-none-eabi/bin/../lib/gcc/arm-none-eabi/13.3.1/thumb/nofp/libgcc.a(_clzdi2.o)
                                                  /home/name/test_kit/arm-gnu-toolchain-13.3.rel1-x86_64-arm-none-eabi/bin/../lib/gcc/arm-none-eabi/13.3.1/thumb/nofp/libgcc.a(_udivmoddi4.o)
__clzsi2                                          /home/name/test_kit/arm-gnu-toolchain-13.3.rel1-x86_64-arm-none-eabi/bin/../lib/gcc/arm-none-eabi/13.3.1/thumb/nofp/libgcc.a(_clzsi2.o)
                                                  /home/name/test_kit/arm-gnu-toolchain-13.3.rel1-x86_64-arm-none-eabi/bin/../lib/gcc/arm-none-eabi/13.3.1/thumb/nofp/libgcc.a(_clzdi2.o)
__divsi3                                          /home/name/test_kit/arm-gnu-toolchain-13.3.rel1-x86_64-arm-none-eabi/bin/../lib/gcc/arm-none-eabi/13.3.1/thumb/nofp/libgcc.a(_divsi3.o)
__set_ctype                                       /home/name/test_kit/arm-gnu-toolchain-13.3.rel1-x86_64-arm-none-eabi/bin/../lib/gcc/arm-none-eabi/13.3.1/../../../../arm-none-eabi/lib/thumb/nofp/libc.a(libc_a-ctype_.o)
__udivmoddi4                                      /home/name/test_kit/arm-gnu-toolchain-13.3.rel1-x86_64-arm-none-eabi/bin/../lib/gcc/arm-none-eabi/13.3.1/thumb/nofp/libgcc.a(_udivmoddi4.o)
                                                  /home/name/test_kit/arm-gnu-toolchain-13.3.rel1-x86_64-arm-none-eabi/bin/../lib/gcc/arm-none-eabi/13.3.1/thumb/nofp/libgcc.a(_aeabi_uldivmod.o)
__udivsi3                                         /home/name/test_kit/arm-gnu-toolchain-13.3.rel1-x86_64-arm-none-eabi/bin/../lib/gcc/arm-none-eabi/13.3.1/thumb/nofp/libgcc.a(_udivsi3.o)
_ctype_                                           /home/name/test_kit/arm-gnu-toolchain-13.3.rel1-x86_64-arm-none-eabi/bin/../lib/gcc/arm-none-eabi/13.3.1/../../../../arm-none-eabi/lib/thumb/nofp/libc.a(libc_a-ctype_.o)
                                                  Libs/libdrv.PROD.a(stdio_strtol.PROD.o)
                                                  Libs/libdrv.PROD.a(stdio_vsprintf.PROD.o)
                                                  Objs/tasks.PROD.o
_data                                             Libs/libdrv.PROD.a(flashapi.PROD.o)
                                                  Libs/RTXCstartup.PROD.o
_disable                                          Libs/librtxc.PROD.a(lock.PROD.o)
                                                  Libs/libdrv.PROD.a(drv_uart.PROD.o)
                                                  Libs/libdrv.PROD.a(drv_clk.PROD.o)
                                                  Libs/libdrv.PROD.a(cvtdate.PROD.o)
                                                  Libs/libdrv.PROD.a(extapi.PROD.o)
                                                  Libs/librtxc.PROD.a(rtxc.PROD.o)
                                                  Libs/librtxc.PROD.a(rtxcapi.PROD.o)
_edata                                            Libs/RTXCstartup.PROD.o
_enable                                           Libs/librtxc.PROD.a(lock.PROD.o)
                                                  Libs/libdrv.PROD.a(drv_uart.PROD.o)
                                                  Libs/libdrv.PROD.a(drv_clk.PROD.o)
                                                  Libs/libdrv.PROD.a(cvtdate.PROD.o)
                                                  Libs/librtxc.PROD.a(rtxc.PROD.o)
                                                  Libs/librtxc.PROD.a(rtxcapi.PROD.o)
                                                  Objs/main.PROD.o
_etext                                            Libs/RTXCstartup.PROD.o
_popccr                                           Libs/librtxc.PROD.a(lock.PROD.o)
                                                  Libs/librtxc.PROD.a(rtxc.PROD.o)
_pushccr                                          Libs/librtxc.PROD.a(lock.PROD.o)
                                                  Libs/librtxc.PROD.a(rtxc.PROD.o)
_startup                                          Libs/RTXCstartup.PROD.o
adcmuxval                                         Libs/libdrv.PROD.a(drv_adc.PROD.o)
adcstart                                          Libs/libdrv.PROD.a(drv_adc.PROD.o)
                                                  Objs/main.PROD.o
adcstop                                           Libs/libdrv.PROD.a(drv_adc.PROD.o)
                                                  Libs/libdrv.PROD.a(extapi.PROD.o)
can0drv                                           Libs/libdrv.PROD.a(drv_can.PROD.o)
can1drv                                           Libs/libdrv.PROD.a(drv_can.PROD.o)
canaddress                                        Libs/libdrv.PROD.a(drv_can.PROD.o)
canstart                                          Libs/libdrv.PROD.a(drv_can.PROD.o)
                                                  Objs/main.PROD.o
canstop                                           Libs/libdrv.PROD.a(drv_can.PROD.o)
cfgDescriptor                                     Libs/libdrv.PROD.a(drv_usb.PROD.o)
clkc                                              Libs/libdrv.PROD.a(drv_clk.PROD.o)
clkqptr                                           Libs/librtxc.PROD.a(rtxc.PROD.o)
clkstart                                          Libs/libdrv.PROD.a(drv_clk.PROD.o)
                                                  Objs/main.PROD.o
clkstop                                           Libs/libdrv.PROD.a(drv_clk.PROD.o)
clockinit                                         Libs/librtxc.PROD.a(rtxc.PROD.o)
                                                  Libs/librtxc.PROD.a(rtxcinit.PROD.o)
com0drv                                           Libs/libdrv.PROD.a(drv_uart.PROD.o)
com0err                                           Libs/libdrv.PROD.a(drv_uart.PROD.o)
com1drv                                           Libs/libdrv.PROD.a(drv_uart.PROD.o)
com1err                                           Libs/libdrv.PROD.a(drv_uart.PROD.o)
com2drv                                           Libs/libdrv.PROD.a(drv_uart.PROD.o)
com2err                                           Libs/libdrv.PROD.a(drv_uart.PROD.o)
com3drvpit                                        Libs/libdrv.PROD.a(drv_uart.PROD.o)
                                                  Libs/libdrv.PROD.a(drv_clk.PROD.o)
com3err                                           Libs/libdrv.PROD.a(drv_uart.PROD.o)
cptr                                              Libs/libdrv.PROD.a(drv_uart.PROD.o)
currConfiguration                                 Libs/libdrv.PROD.a(drv_usb.PROD.o)
currConnection                                    Libs/libdrv.PROD.a(drv_usb.PROD.o)
currDataLen                                       Libs/libdrv.PROD.a(drv_usb.PROD.o)
currDataPtr                                       Libs/libdrv.PROD.a(drv_usb.PROD.o)
currRcvBank                                       Libs/libdrv.PROD.a(drv_usb.PROD.o)
current_clock                                     Libs/RTXCutil.PROD.o
                                                  Libs/libdrv.PROD.a(drv_adc.PROD.o)
                                                  Libs/libdrv.PROD.a(drv_usb.PROD.o)
                                                  Libs/libdrv.PROD.a(drv_twi.PROD.o)
                                                  Libs/libdrv.PROD.a(drv_spi.PROD.o)
                                                  Libs/libdrv.PROD.a(drv_can.PROD.o)
                                                  Libs/libdrv.PROD.a(drv_uart.PROD.o)
                                                  Libs/libdrv.PROD.a(drv_clk.PROD.o)
date2systime                                      Libs/libdrv.PROD.a(cvtdate.PROD.o)
devDescriptor                                     Libs/libdrv.PROD.a(drv_usb.PROD.o)
dio_counter                                       Libs/libdrv.PROD.a(drv_dio.PROD.o)
                                                  Objs/tasks.PROD.o
dio_mask                                          Libs/libdrv.PROD.a(drv_dio.PROD.o)
dio_read                                          Libs/libdrv.PROD.a(drv_dio.PROD.o)
                                                  Objs/tasks.PROD.o
dio_write                                         Libs/libdrv.PROD.a(drv_dio.PROD.o)